2021-06-11 17:16:07.820 [DEBUG][org.jetbrains.research.kex.Kex] - Running with class path:
/home/artyom/IdeaProjects/kex/jcc-test.jar
2021-06-11 17:16:07.821 [DEBUG][org.jetbrains.research.kex.Kex] - Target: package jcc1/*
2021-06-11 17:16:08.068 [ERROR][org.jetbrains.research.kfg.analysis.LoopSimplifier] - Can't simplify loop with multiple entries
2021-06-11 17:16:08.794 [ERROR][org.jetbrains.research.kfg.analysis.LoopSimplifier] - Can't simplify loop with multiple entries
2021-06-11 17:16:08.857 [ERROR][org.jetbrains.research.kfg.analysis.LoopSimplifier] - Can't simplify loop with multiple entries
2021-06-11 17:16:08.863 [ERROR][org.jetbrains.research.kfg.analysis.LoopSimplifier] - Can't simplify loop with multiple entries
2021-06-11 17:16:08.877 [ERROR][org.jetbrains.research.kfg.analysis.LoopSimplifier] - Can't simplify loop with multiple entries
2021-06-11 17:16:08.995 [ERROR][org.jetbrains.research.kfg.analysis.LoopSimplifier] - Can't simplify loop with multiple entries
2021-06-11 17:16:08.995 [ERROR][org.jetbrains.research.kfg.analysis.LoopSimplifier] - Can't simplify loop with multiple entries
2021-06-11 17:16:08.995 [ERROR][org.jetbrains.research.kfg.analysis.LoopSimplifier] - Can't simplify loop with multiple entries
2021-06-11 17:16:09.099 [ERROR][org.jetbrains.research.kfg.analysis.LoopSimplifier] - Can't simplify loop with multiple entries
2021-06-11 17:16:09.115 [ERROR][org.jetbrains.research.kfg.analysis.LoopSimplifier] - Can't simplify loop with multiple entries
2021-06-11 17:16:09.220 [ERROR][org.jetbrains.research.kfg.analysis.LoopSimplifier] - Can't simplify loop with multiple entries
2021-06-11 17:16:09.236 [ERROR][org.jetbrains.research.kfg.analysis.LoopSimplifier] - Can't simplify loop with multiple entries
2021-06-11 17:16:09.262 [ERROR][org.jetbrains.research.kfg.analysis.LoopSimplifier] - Can't simplify loop with multiple entries
2021-06-11 17:16:09.268 [ERROR][org.jetbrains.research.kfg.analysis.LoopSimplifier] - Can't simplify loop with multiple entries
2021-06-11 17:16:09.277 [ERROR][org.jetbrains.research.kfg.analysis.LoopSimplifier] - Can't simplify loop with multiple entries
2021-06-11 17:16:09.283 [ERROR][org.jetbrains.research.kfg.analysis.LoopSimplifier] - Can't simplify loop with multiple entries
2021-06-11 17:16:09.289 [ERROR][org.jetbrains.research.kfg.analysis.LoopSimplifier] - Can't simplify loop with multiple entries
2021-06-11 17:16:09.300 [ERROR][org.jetbrains.research.kfg.analysis.LoopSimplifier] - Can't simplify loop with multiple entries
2021-06-11 17:16:09.378 [ERROR][org.jetbrains.research.kfg.analysis.LoopSimplifier] - Can't simplify loop with multiple entries
2021-06-11 17:16:09.433 [ERROR][org.jetbrains.research.kfg.analysis.LoopSimplifier] - Can't simplify loop with multiple entries
2021-06-11 17:16:12.946 [ERROR][org.jetbrains.research.kfg.analysis.LoopSimplifier] - Can't simplify loop with multiple entries
2021-06-11 17:16:13.025 [ERROR][org.jetbrains.research.kfg.analysis.LoopSimplifier] - Can't simplify loop with multiple entries
2021-06-11 17:16:13.025 [ERROR][org.jetbrains.research.kfg.analysis.LoopSimplifier] - Can't simplify loop with multiple entries
2021-06-11 17:16:13.223 [ERROR][org.jetbrains.research.kfg.analysis.LoopSimplifier] - Can't simplify loop with multiple entries
2021-06-11 17:16:13.281 [ERROR][org.jetbrains.research.kfg.analysis.LoopSimplifier] - Can't simplify loop with multiple entries
2021-06-11 17:16:13.286 [ERROR][org.jetbrains.research.kfg.analysis.LoopSimplifier] - Can't simplify loop with multiple entries
2021-06-11 17:16:13.319 [ERROR][org.jetbrains.research.kfg.analysis.LoopSimplifier] - Can't simplify loop with multiple entries
2021-06-11 17:16:13.321 [ERROR][org.jetbrains.research.kfg.analysis.LoopSimplifier] - Can't simplify loop with multiple entries
2021-06-11 17:16:13.433 [ERROR][org.jetbrains.research.kfg.analysis.LoopSimplifier] - Can't simplify loop with multiple entries
2021-06-11 17:16:13.441 [ERROR][org.jetbrains.research.kfg.analysis.LoopSimplifier] - Can't simplify loop with multiple entries
2021-06-11 17:16:13.442 [ERROR][org.jetbrains.research.kfg.analysis.LoopSimplifier] - Can't simplify loop with multiple entries
2021-06-11 17:16:13.874 [ERROR][org.jetbrains.research.kfg.analysis.LoopSimplifier] - Can't simplify loop with multiple entries
2021-06-11 17:16:13.875 [ERROR][org.jetbrains.research.kfg.analysis.LoopSimplifier] - Can't simplify loop with multiple entries
2021-06-11 17:16:13.876 [ERROR][org.jetbrains.research.kfg.analysis.LoopSimplifier] - Can't simplify loop with multiple entries
2021-06-11 17:16:13.876 [ERROR][org.jetbrains.research.kfg.analysis.LoopSimplifier] - Can't simplify loop with multiple entries
2021-06-11 17:16:13.878 [ERROR][org.jetbrains.research.kfg.analysis.LoopSimplifier] - Can't simplify loop with multiple entries
2021-06-11 17:16:13.943 [DEBUG][org.jetbrains.research.kex.asm.transform.LoopDeroller] - Method java/util/concurrent/LinkedBlockingDeque$LBDSpliterator::trySplit(): java/util/Spliterator, unrolling loop org.jetbrains.research.kfg.analysis.Loop@20967fdc to 1 iterations
2021-06-11 17:16:13.946 [DEBUG][org.jetbrains.research.kex.asm.transform.LoopDeroller] - Method java/util/concurrent/LinkedBlockingDeque$LBDSpliterator::forEachRemaining(java/util/function/Consumer): void, unrolling loop org.jetbrains.research.kfg.analysis.Loop@e547c2e to 1 iterations
2021-06-11 17:16:13.949 [DEBUG][org.jetbrains.research.kex.asm.transform.LoopDeroller] - Method java/util/concurrent/LinkedBlockingDeque$LBDSpliterator::forEachRemaining(java/util/function/Consumer): void, unrolling loop org.jetbrains.research.kfg.analysis.Loop@63d83e63 to 1 iterations
2021-06-11 17:16:13.962 [DEBUG][org.jetbrains.research.kex.asm.transform.LoopDeroller] - Method java/util/concurrent/LinkedBlockingDeque$LBDSpliterator::tryAdvance(java/util/function/Consumer): bool, unrolling loop org.jetbrains.research.kfg.analysis.Loop@5969c60 to 1 iterations
2021-06-11 17:16:13.967 [DEBUG][org.jetbrains.research.kex.asm.transform.LoopDeroller] - Method java/lang/Thread::join(long): void, unrolling loop org.jetbrains.research.kfg.analysis.Loop@1333d9a8 to 1 iterations
2021-06-11 17:16:13.967 [DEBUG][org.jetbrains.research.kex.asm.transform.LoopDeroller] - Method java/lang/Thread::join(long): void, unrolling loop org.jetbrains.research.kfg.analysis.Loop@6de1fbff to 1 iterations
2021-06-11 17:16:13.975 [DEBUG][org.jetbrains.research.kex.asm.transform.LoopDeroller] - Method java/lang/Thread::getAllStackTraces(): java/util/Map, unrolling loop org.jetbrains.research.kfg.analysis.Loop@5a3fdd1c to 1 iterations
2021-06-11 17:16:13.977 [DEBUG][org.jetbrains.research.kex.asm.transform.LoopDeroller] - Method java/lang/Thread::processQueue(java/lang/ref/ReferenceQueue, java/util/concurrent/ConcurrentMap): void, unrolling loop org.jetbrains.research.kfg.analysis.Loop@5e1e1c01 to 1 iterations
2021-06-11 17:16:13.979 [DEBUG][org.jetbrains.research.kex.asm.transform.LoopDeroller] - Method java/util/concurrent/ConcurrentHashMap$ForwardingNode::find(int, java/lang/Object): java/util/concurrent/ConcurrentHashMap$Node, unrolling loop org.jetbrains.research.kfg.analysis.Loop@5f66599c to 1 iterations
2021-06-11 17:16:13.983 [DEBUG][org.jetbrains.research.kex.asm.transform.LoopDeroller] - Method java/util/concurrent/ConcurrentHashMap$ForwardingNode::find(int, java/lang/Object): java/util/concurrent/ConcurrentHashMap$Node, unrolling loop org.jetbrains.research.kfg.analysis.Loop@2dd8149f to 1 iterations
2021-06-11 17:16:13.985 [DEBUG][org.jetbrains.research.kex.asm.transform.LoopDeroller] - Method java/util/stream/Node$OfInt::copyInto(java/lang/Integer[], int): void, unrolling loop org.jetbrains.research.kfg.analysis.Loop@489e0ecc to 1 iterations
2021-06-11 17:16:13.986 [DEBUG][org.jetbrains.research.kex.asm.transform.LoopDeroller] - Method java/lang/Integer$IntegerCache::<clinit>(): void, unrolling loop org.jetbrains.research.kfg.analysis.Loop@18edec0f to 1 iterations
2021-06-11 17:16:13.994 [DEBUG][org.jetbrains.research.kex.asm.transform.LoopDeroller] - Method java/util/Timer::purge(): int, unrolling loop org.jetbrains.research.kfg.analysis.Loop@77bc60be to 1 iterations
2021-06-11 17:16:14.002 [DEBUG][org.jetbrains.research.kex.asm.transform.LoopDeroller] - Method java/io/ObjectOutputStream$HandleTable::lookup(java/lang/Object): int, unrolling loop org.jetbrains.research.kfg.analysis.Loop@3a9c2101 to 1 iterations
2021-06-11 17:16:14.004 [DEBUG][org.jetbrains.research.kex.asm.transform.LoopDeroller] - Method java/io/ObjectOutputStream$HandleTable::growSpine(): void, unrolling loop org.jetbrains.research.kfg.analysis.Loop@194875a1 to 1 iterations
2021-06-11 17:16:14.020 [DEBUG][org.jetbrains.research.kex.asm.transform.LoopDeroller] - Method java/lang/Character$UnicodeBlock::<init>(java/lang/String, java/lang/String[]): void, unrolling loop org.jetbrains.research.kfg.analysis.Loop@47448080 to 1 iterations
2021-06-11 17:16:14.022 [DEBUG][org.jetbrains.research.kex.asm.transform.LoopDeroller] - Method java/lang/Character$UnicodeBlock::of(int): java/lang/Character$UnicodeBlock, unrolling loop org.jetbrains.research.kfg.analysis.Loop@9f51ca3 to 1 iterations
2021-06-11 17:16:14.116 [DEBUG][org.jetbrains.research.kex.asm.transform.LoopDeroller] - Method java/util/Spliterator::forEachRemaining(java/util/function/Consumer): void, unrolling loop org.jetbrains.research.kfg.analysis.Loop@71e021f2 to 1 iterations
2021-06-11 17:16:14.119 [DEBUG][org.jetbrains.research.kex.asm.transform.LoopDeroller] - Method java/lang/invoke/DirectMethodHandle$Lazy::<clinit>(): void, unrolling loop org.jetbrains.research.kfg.analysis.Loop@42ab41bd to 1 iterations
2021-06-11 17:16:14.121 [DEBUG][org.jetbrains.research.kex.asm.transform.LoopDeroller] - Method java/util/Base64$DecInputStream::read(byte[], int, int): int, unrolling loop org.jetbrains.research.kfg.analysis.Loop@5bf284c4 to 1 iterations
2021-06-11 17:16:14.122 [DEBUG][org.jetbrains.research.kex.asm.transform.LoopDeroller] - Method java/util/Base64$DecInputStream::read(byte[], int, int): int, unrolling loop org.jetbrains.research.kfg.analysis.Loop@1b02fe16 to 1 iterations
2021-06-11 17:16:14.130 [DEBUG][org.jetbrains.research.kex.asm.transform.LoopDeroller] - Method java/util/Base64$DecInputStream::read(byte[], int, int): int, unrolling loop org.jetbrains.research.kfg.analysis.Loop@6815563e to 1 iterations
2021-06-11 17:16:14.131 [DEBUG][org.jetbrains.research.kex.asm.transform.LoopDeroller] - Method java/util/Base64$Encoder::encode0(byte[], int, int, byte[]): int, unrolling loop org.jetbrains.research.kfg.analysis.Loop@3d3d919a to 1 iterations
2021-06-11 17:16:14.135 [DEBUG][org.jetbrains.research.kex.asm.transform.LoopDeroller] - Method java/util/Base64$Encoder::encode0(byte[], int, int, byte[]): int, unrolling loop org.jetbrains.research.kfg.analysis.Loop@6ad5922 to 1 iterations
2021-06-11 17:16:14.144 [DEBUG][org.jetbrains.research.kex.asm.transform.LoopDeroller] - Method java/util/Base64$Encoder::encode0(byte[], int, int, byte[]): int, unrolling loop org.jetbrains.research.kfg.analysis.Loop@39b8b532 to 1 iterations
2021-06-11 17:16:14.150 [DEBUG][org.jetbrains.research.kex.asm.transform.LoopDeroller] - Method java/util/prefs/AbstractPreferences::clear(): void, unrolling loop org.jetbrains.research.kfg.analysis.Loop@51f4a3d5 to 1 iterations
2021-06-11 17:16:14.151 [DEBUG][org.jetbrains.research.kex.asm.transform.LoopDeroller] - Method java/util/prefs/AbstractPreferences::childrenNames(): java/lang/String[], unrolling loop org.jetbrains.research.kfg.analysis.Loop@11e2e894 to 1 iterations
2021-06-11 17:16:14.152 [DEBUG][org.jetbrains.research.kex.asm.transform.LoopDeroller] - Method java/util/prefs/AbstractPreferences::removeNode2(): void, unrolling loop org.jetbrains.research.kfg.analysis.Loop@62f8f0d5 to 1 iterations
2021-06-11 17:16:14.153 [DEBUG][org.jetbrains.research.kex.asm.transform.LoopDeroller] - Method java/util/prefs/AbstractPreferences::removeNode2(): void, unrolling loop org.jetbrains.research.kfg.analysis.Loop@331db370 to 1 iterations
2021-06-11 17:16:14.154 [DEBUG][org.jetbrains.research.kex.asm.transform.LoopDeroller] - Method java/util/prefs/AbstractPreferences::removePreferenceChangeListener(java/util/prefs/PreferenceChangeListener): void, unrolling loop org.jetbrains.research.kfg.analysis.Loop@c78e12f to 1 iterations
2021-06-11 17:16:14.154 [DEBUG][org.jetbrains.research.kex.asm.transform.LoopDeroller] - Method java/util/prefs/AbstractPreferences::removePreferenceChangeListener(java/util/prefs/PreferenceChangeListener): void, unrolling loop org.jetbrains.research.kfg.analysis.Loop@29a3c19d to 1 iterations
2021-06-11 17:16:14.162 [DEBUG][org.jetbrains.research.kex.asm.transform.LoopDeroller] - Method java/util/prefs/AbstractPreferences::removeNodeChangeListener(java/util/prefs/NodeChangeListener): void, unrolling loop org.jetbrains.research.kfg.analysis.Loop@89274ee to 1 iterations
2021-06-11 17:16:14.167 [DEBUG][org.jetbrains.research.kex.asm.transform.LoopDeroller] - Method java/util/prefs/AbstractPreferences::getChild(java/lang/String): java/util/prefs/AbstractPreferences, unrolling loop org.jetbrains.research.kfg.analysis.Loop@1c4707ba to 1 iterations
2021-06-11 17:16:14.168 [DEBUG][org.jetbrains.research.kex.asm.transform.LoopDeroller] - Method java/util/prefs/AbstractPreferences::sync2(): void, unrolling loop org.jetbrains.research.kfg.analysis.Loop@6667d8df to 1 iterations
2021-06-11 17:16:14.168 [DEBUG][org.jetbrains.research.kex.asm.transform.LoopDeroller] - Method java/util/prefs/AbstractPreferences::flush2(): void, unrolling loop org.jetbrains.research.kfg.analysis.Loop@12df1245 to 1 iterations
2021-06-11 17:16:14.170 [DEBUG][org.jetbrains.research.kex.asm.transform.LoopDeroller] - Method java/util/IdentityHashMap$ValueSpliterator::forEachRemaining(java/util/function/Consumer): void, unrolling loop org.jetbrains.research.kfg.analysis.Loop@51c82362 to 1 iterations
2021-06-11 17:16:14.172 [DEBUG][org.jetbrains.research.kex.asm.transform.LoopDeroller] - Method java/util/IdentityHashMap$ValueSpliterator::tryAdvance(java/util/function/Consumer): bool, unrolling loop org.jetbrains.research.kfg.analysis.Loop@7b60efbc to 1 iterations
2021-06-11 17:16:14.174 [DEBUG][org.jetbrains.research.kex.asm.transform.LoopDeroller] - Method java/util/zip/DeflaterInputStream::read(byte[], int, int): int, unrolling loop org.jetbrains.research.kfg.analysis.Loop@6c2db86 to 1 iterations
2021-06-11 17:16:14.175 [DEBUG][org.jetbrains.research.kex.asm.transform.LoopDeroller] - Method java/util/zip/DeflaterInputStream::skip(long): long, unrolling loop org.jetbrains.research.kfg.analysis.Loop@7ab76324 to 1 iterations
2021-06-11 17:16:14.187 [DEBUG][org.jetbrains.research.kex.asm.transform.LoopDeroller] - Method java/util/WeakHashMap$KeySpliterator::forEachRemaining(java/util/function/Consumer): void, unrolling loop org.jetbrains.research.kfg.analysis.Loop@3d9457a9 to 1 iterations
2021-06-11 17:16:14.193 [DEBUG][org.jetbrains.research.kex.asm.transform.LoopDeroller] - Method java/util/WeakHashMap$KeySpliterator::tryAdvance(java/util/function/Consumer): bool, unrolling loop org.jetbrains.research.kfg.analysis.Loop@375fa5c8 to 1 iterations
2021-06-11 17:16:14.194 [DEBUG][org.jetbrains.research.kex.asm.transform.LoopDeroller] - Method java/util/ResourceBundle::getDefaultControl(java/lang/String): java/util/ResourceBundle$Control, unrolling loop org.jetbrains.research.kfg.analysis.Loop@2d7f1ebe to 1 iterations
2021-06-11 17:16:14.195 [DEBUG][org.jetbrains.research.kex.asm.transform.LoopDeroller] - Method java/util/ResourceBundle::getBundleImpl(java/lang/String, java/util/Locale, java/lang/ClassLoader, java/util/ResourceBundle$Control): java/util/ResourceBundle, unrolling loop org.jetbrains.research.kfg.analysis.Loop@46a8111f to 1 iterations
2021-06-11 17:16:14.210 [DEBUG][org.jetbrains.research.kex.asm.transform.LoopDeroller] - Method java/util/ResourceBundle::checkList(java/util/List): bool, unrolling loop org.jetbrains.research.kfg.analysis.Loop@9c4fc7 to 1 iterations
2021-06-11 17:16:14.211 [DEBUG][org.jetbrains.research.kex.asm.transform.LoopDeroller] - Method java/util/ResourceBundle::findBundle(java/util/ResourceBundle$CacheKey, java/util/List, java/util/List, int, java/util/ResourceBundle$Control, java/util/ResourceBundle): java/util/ResourceBundle, unrolling loop org.jetbrains.research.kfg.analysis.Loop@2c501e9b to 1 iterations
2021-06-11 17:16:14.212 [DEBUG][org.jetbrains.research.kex.asm.transform.LoopDeroller] - Method java/util/ResourceBundle::loadBundle(java/util/ResourceBundle$CacheKey, java/util/List, java/util/ResourceBundle$Control, bool): java/util/ResourceBundle, unrolling loop org.jetbrains.research.kfg.analysis.Loop@219df402 to 1 iterations
2021-06-11 17:16:14.216 [DEBUG][org.jetbrains.research.kex.asm.transform.LoopDeroller] - Method java/util/ResourceBundle::hasValidParentChain(java/util/ResourceBundle): bool, unrolling loop org.jetbrains.research.kfg.analysis.Loop@1b5a41df to 1 iterations
2021-06-11 17:16:14.218 [DEBUG][org.jetbrains.research.kex.asm.transform.LoopDeroller] - Method java/util/ResourceBundle::clearCache(java/lang/ClassLoader): void, unrolling loop org.jetbrains.research.kfg.analysis.Loop@550cfa25 to 1 iterations
2021-06-11 17:16:14.225 [DEBUG][org.jetbrains.research.kex.asm.transform.LoopDeroller] - Method java/util/ResourceBundle::containsKey(java/lang/String): bool, unrolling loop org.jetbrains.research.kfg.analysis.Loop@48e79301 to 1 iterations
2021-06-11 17:16:14.225 [DEBUG][org.jetbrains.research.kex.asm.transform.LoopDeroller] - Method java/util/ResourceBundle::keySet(): java/util/Set, unrolling loop org.jetbrains.research.kfg.analysis.Loop@7b0b83c6 to 1 iterations
2021-06-11 17:16:14.227 [DEBUG][org.jetbrains.research.kex.asm.transform.LoopDeroller] - Method java/util/ResourceBundle::handleKeySet(): java/util/Set, unrolling loop org.jetbrains.research.kfg.analysis.Loop@ec6e579 to 1 iterations
2021-06-11 17:16:14.227 [DEBUG][org.jetbrains.research.kex.asm.transform.LoopDeroller] - Method java/util/ResourceBundle::<clinit>(): void, unrolling loop org.jetbrains.research.kfg.analysis.Loop@2884075a to 1 iterations
2021-06-11 17:16:14.228 [DEBUG][org.jetbrains.research.kex.asm.transform.LoopDeroller] - Method java/io/FileDescriptor::closeAll(java/io/Closeable): void, unrolling loop org.jetbrains.research.kfg.analysis.Loop@21e7973a to 1 iterations
2021-06-11 17:16:14.230 [DEBUG][org.jetbrains.research.kex.asm.transform.LoopDeroller] - Method java/lang/ref/Finalizer::<clinit>(): void, unrolling loop org.jetbrains.research.kfg.analysis.Loop@6fdd5b6 to 1 iterations
2021-06-11 17:16:14.231 [DEBUG][org.jetbrains.research.kex.asm.transform.LoopDeroller] - Method java/util/concurrent/SynchronousQueue$TransferStack::transfer(java/lang/Object, bool, long): java/lang/Object, unrolling loop org.jetbrains.research.kfg.analysis.Loop@3be1203 to 1 iterations
2021-06-11 17:16:14.232 [DEBUG][org.jetbrains.research.kex.asm.transform.LoopDeroller] - Method java/util/concurrent/SynchronousQueue$TransferStack::transfer(java/lang/Object, bool, long): java/lang/Object, unrolling loop org.jetbrains.research.kfg.analysis.Loop@2460299b to 1 iterations
2021-06-11 17:16:14.235 [DEBUG][org.jetbrains.research.kex.asm.transform.LoopDeroller] - Method java/util/concurrent/SynchronousQueue$TransferStack::awaitFulfill(java/util/concurrent/SynchronousQueue$TransferStack$SNode, bool, long): java/util/concurrent/SynchronousQueue$TransferStack$SNode, unrolling loop org.jetbrains.research.kfg.analysis.Loop@69dc3c5f to 1 iterations
2021-06-11 17:16:14.237 [DEBUG][org.jetbrains.research.kex.asm.transform.LoopDeroller] - Method java/util/concurrent/SynchronousQueue$TransferStack::clean(java/util/concurrent/SynchronousQueue$TransferStack$SNode): void, unrolling loop org.jetbrains.research.kfg.analysis.Loop@4241d3a3 to 1 iterations
2021-06-11 17:16:14.246 [DEBUG][org.jetbrains.research.kex.asm.transform.LoopDeroller] - Method java/util/concurrent/SynchronousQueue$TransferStack::clean(java/util/concurrent/SynchronousQueue$TransferStack$SNode): void, unrolling loop org.jetbrains.research.kfg.analysis.Loop@31bf70e5 to 1 iterations
2021-06-11 17:16:14.248 [DEBUG][org.jetbrains.research.kex.asm.transform.LoopDeroller] - Method java/util/stream/StreamSpliterators$ArrayBuffer$OfInt::forEach(java/util/function/IntConsumer, long): void, unrolling loop org.jetbrains.research.kfg.analysis.Loop@3bfdf8b3 to 1 iterations
2021-06-11 17:16:14.250 [DEBUG][org.jetbrains.research.kex.asm.transform.LoopDeroller] - Method java/util/Collections$CheckedMap::putAll(java/util/Map): void, unrolling loop org.jetbrains.research.kfg.analysis.Loop@3e032db3 to 1 iterations
2021-06-11 17:16:14.252 [DEBUG][org.jetbrains.research.kex.asm.transform.LoopDeroller] - Method java/util/Collections$CheckedMap::putAll(java/util/Map): void, unrolling loop org.jetbrains.research.kfg.analysis.Loop@e075884 to 1 iterations
2021-06-11 17:16:14.254 [DEBUG][org.jetbrains.research.kex.asm.transform.LoopDeroller] - Method java/util/HashSet::writeObject(java/io/ObjectOutputStream): void, unrolling loop org.jetbrains.research.kfg.analysis.Loop@641b2e41 to 1 iterations
2021-06-11 17:16:14.255 [DEBUG][org.jetbrains.research.kex.asm.transform.LoopDeroller] - Method java/util/HashSet::readObject(java/io/ObjectInputStream): void, unrolling loop org.jetbrains.research.kfg.analysis.Loop@40da3228 to 1 iterations
2021-06-11 17:16:14.258 [DEBUG][org.jetbrains.research.kex.asm.transform.LoopDeroller] - Method java/util/Random$RandomLongsSpliterator::forEachRemaining(java/util/function/LongConsumer): void, unrolling loop org.jetbrains.research.kfg.analysis.Loop@189ea22c to 1 iterations
2021-06-11 17:16:14.259 [DEBUG][org.jetbrains.research.kex.asm.transform.LoopDeroller] - Method jcc1/Adder::sum(int[]): int, unrolling loop org.jetbrains.research.kfg.analysis.Loop@762e3263 to 1 iterations
2021-06-11 17:16:14.259 [DEBUG][org.jetbrains.research.kex.asm.transform.LoopDeroller] - Method jcc1/Adder::addConst(int, int[]): void, unrolling loop org.jetbrains.research.kfg.analysis.Loop@19ec8107 to 1 iterations
2021-06-11 17:16:14.267 [DEBUG][org.jetbrains.research.kex.asm.transform.LoopDeroller] - Method java/util/stream/Nodes$DoubleArrayNode::forEach(java/util/function/DoubleConsumer): void, unrolling loop org.jetbrains.research.kfg.analysis.Loop@2247e363 to 1 iterations
2021-06-11 17:16:14.268 [DEBUG][org.jetbrains.research.kex.asm.transform.LoopDeroller] - Method java/io/ObjectInputStream$GetFieldImpl::readFields(): void, unrolling loop org.jetbrains.research.kfg.analysis.Loop@5a4583d8 to 1 iterations
2021-06-11 17:16:14.272 [DEBUG][org.jetbrains.research.kex.asm.transform.LoopDeroller] - Method java/lang/management/ManagementFactory::getPlatformMBeanServer(): javax/management/MBeanServer, unrolling loop org.jetbrains.research.kfg.analysis.Loop@534f6b98 to 1 iterations
2021-06-11 17:16:14.273 [DEBUG][org.jetbrains.research.kex.asm.transform.LoopDeroller] - Method java/lang/management/ManagementFactory::getPlatformMBeanServer(): javax/management/MBeanServer, unrolling loop org.jetbrains.research.kfg.analysis.Loop@1d864b04 to 1 iterations
2021-06-11 17:16:14.274 [DEBUG][org.jetbrains.research.kex.asm.transform.LoopDeroller] - Method java/lang/management/ManagementFactory::getPlatformMBeanServer(): javax/management/MBeanServer, unrolling loop org.jetbrains.research.kfg.analysis.Loop@418a2c22 to 1 iterations
2021-06-11 17:16:14.275 [DEBUG][org.jetbrains.research.kex.asm.transform.LoopDeroller] - Method java/lang/management/ManagementFactory::getPlatformMBeanServer(): javax/management/MBeanServer, unrolling loop org.jetbrains.research.kfg.analysis.Loop@5e3b0d63 to 1 iterations
2021-06-11 17:16:14.276 [DEBUG][org.jetbrains.research.kex.asm.transform.LoopDeroller] - Method java/lang/management/ManagementFactory::getPlatformManagementInterfaces(): java/util/Set, unrolling loop org.jetbrains.research.kfg.analysis.Loop@404004f4 to 1 iterations
2021-06-11 17:16:14.277 [DEBUG][org.jetbrains.research.kex.asm.transform.LoopDeroller] - Method java/io/PrintStream::write(char[]): void, unrolling loop org.jetbrains.research.kfg.analysis.Loop@56bc79a8 to 1 iterations
2021-06-11 17:16:14.278 [DEBUG][org.jetbrains.research.kex.asm.transform.LoopDeroller] - Method java/util/stream/StreamSpliterators$UnorderedSliceSpliterator$OfPrimitive::tryAdvance(java/lang/Object): bool, unrolling loop org.jetbrains.research.kfg.analysis.Loop@76d7b5a1 to 1 iterations
2021-06-11 17:16:14.280 [DEBUG][org.jetbrains.research.kex.asm.transform.LoopDeroller] - Method java/util/stream/StreamSpliterators$UnorderedSliceSpliterator$OfPrimitive::forEachRemaining(java/lang/Object): void, unrolling loop org.jetbrains.research.kfg.analysis.Loop@58a60873 to 1 iterations
2021-06-11 17:16:14.287 [DEBUG][org.jetbrains.research.kex.asm.transform.LoopDeroller] - Method java/util/stream/StreamSpliterators$UnorderedSliceSpliterator$OfPrimitive::forEachRemaining(java/lang/Object): void, unrolling loop org.jetbrains.research.kfg.analysis.Loop@63b3d52d to 1 iterations
2021-06-11 17:16:14.291 [DEBUG][org.jetbrains.research.kex.asm.transform.LoopDeroller] - Method java/util/HashMap$ValueSpliterator::forEachRemaining(java/util/function/Consumer): void, unrolling loop org.jetbrains.research.kfg.analysis.Loop@7fa33a89 to 1 iterations
2021-06-11 17:16:14.292 [DEBUG][org.jetbrains.research.kex.asm.transform.LoopDeroller] - Method java/util/HashMap$ValueSpliterator::tryAdvance(java/util/function/Consumer): bool, unrolling loop org.jetbrains.research.kfg.analysis.Loop@164d335e to 1 iterations
2021-06-11 17:16:14.293 [DEBUG][org.jetbrains.research.kex.asm.transform.LoopDeroller] - Method java/util/ComparableTimSort::sort(java/lang/Object[], int, int, java/lang/Object[], int, int): void, unrolling loop org.jetbrains.research.kfg.analysis.Loop@2cf86bff to 1 iterations
2021-06-11 17:16:14.294 [DEBUG][org.jetbrains.research.kex.asm.transform.LoopDeroller] - Method java/util/ComparableTimSort::binarySort(java/lang/Object[], int, int, int): void, unrolling loop org.jetbrains.research.kfg.analysis.Loop@668287b8 to 1 iterations
2021-06-11 17:16:14.295 [DEBUG][org.jetbrains.research.kex.asm.transform.LoopDeroller] - Method java/util/ComparableTimSort::binarySort(java/lang/Object[], int, int, int): void, unrolling loop org.jetbrains.research.kfg.analysis.Loop@f39fb4c to 1 iterations
2021-06-11 17:16:14.298 [DEBUG][org.jetbrains.research.kex.asm.transform.LoopDeroller] - Method java/util/ComparableTimSort::countRunAndMakeAscending(java/lang/Object[], int, int): int, unrolling loop org.jetbrains.research.kfg.analysis.Loop@78a6b54c to 1 iterations
2021-06-11 17:16:14.300 [DEBUG][org.jetbrains.research.kex.asm.transform.LoopDeroller] - Method java/util/ComparableTimSort::countRunAndMakeAscending(java/lang/Object[], int, int): int, unrolling loop org.jetbrains.research.kfg.analysis.Loop@4dae74f1 to 1 iterations
2021-06-11 17:16:14.305 [DEBUG][org.jetbrains.research.kex.asm.transform.LoopDeroller] - Method java/util/ComparableTimSort::reverseRange(java/lang/Object[], int, int): void, unrolling loop org.jetbrains.research.kfg.analysis.Loop@67f25c7d to 1 iterations
2021-06-11 17:16:14.308 [DEBUG][org.jetbrains.research.kex.asm.transform.LoopDeroller] - Method java/util/ComparableTimSort::minRunLength(int): int, unrolling loop org.jetbrains.research.kfg.analysis.Loop@4e19ce17 to 1 iterations
2021-06-11 17:16:14.309 [DEBUG][org.jetbrains.research.kex.asm.transform.LoopDeroller] - Method java/util/ComparableTimSort::mergeCollapse(): void, unrolling loop org.jetbrains.research.kfg.analysis.Loop@533953ba to 1 iterations
2021-06-11 17:16:14.312 [DEBUG][org.jetbrains.research.kex.asm.transform.LoopDeroller] - Method java/util/ComparableTimSort::mergeForceCollapse(): void, unrolling loop org.jetbrains.research.kfg.analysis.Loop@43151699 to 1 iterations
2021-06-11 17:16:14.316 [DEBUG][org.jetbrains.research.kex.asm.transform.LoopDeroller] - Method java/util/ComparableTimSort::gallopLeft(java/lang/Comparable, java/lang/Object[], int, int, int): int, unrolling loop org.jetbrains.research.kfg.analysis.Loop@1d01b20a to 1 iterations
2021-06-11 17:16:14.326 [DEBUG][org.jetbrains.research.kex.asm.transform.LoopDeroller] - Method java/util/ComparableTimSort::gallopLeft(java/lang/Comparable, java/lang/Object[], int, int, int): int, unrolling loop org.jetbrains.research.kfg.analysis.Loop@41df38c4 to 1 iterations
2021-06-11 17:16:14.327 [DEBUG][org.jetbrains.research.kex.asm.transform.LoopDeroller] - Method java/util/ComparableTimSort::gallopLeft(java/lang/Comparable, java/lang/Object[], int, int, int): int, unrolling loop org.jetbrains.research.kfg.analysis.Loop@be2db0e to 1 iterations
2021-06-11 17:16:14.328 [DEBUG][org.jetbrains.research.kex.asm.transform.LoopDeroller] - Method java/util/ComparableTimSort::gallopRight(java/lang/Comparable, java/lang/Object[], int, int, int): int, unrolling loop org.jetbrains.research.kfg.analysis.Loop@30a194d8 to 1 iterations
2021-06-11 17:16:14.329 [DEBUG][org.jetbrains.research.kex.asm.transform.LoopDeroller] - Method java/util/ComparableTimSort::gallopRight(java/lang/Comparable, java/lang/Object[], int, int, int): int, unrolling loop org.jetbrains.research.kfg.analysis.Loop@6606f69d to 1 iterations
2021-06-11 17:16:14.330 [DEBUG][org.jetbrains.research.kex.asm.transform.LoopDeroller] - Method java/util/ComparableTimSort::gallopRight(java/lang/Comparable, java/lang/Object[], int, int, int): int, unrolling loop org.jetbrains.research.kfg.analysis.Loop@742568ee to 1 iterations
2021-06-11 17:16:14.333 [DEBUG][org.jetbrains.research.kex.asm.transform.LoopDeroller] - Method java/util/ComparableTimSort::mergeLo(int, int, int, int): void, unrolling loop org.jetbrains.research.kfg.analysis.Loop@5b6adb4e to 1 iterations
2021-06-11 17:16:14.335 [DEBUG][org.jetbrains.research.kex.asm.transform.LoopDeroller] - Method java/util/ComparableTimSort::mergeLo(int, int, int, int): void, unrolling loop org.jetbrains.research.kfg.analysis.Loop@786cb5a4 to 1 iterations
2021-06-11 17:16:14.340 [DEBUG][org.jetbrains.research.kex.asm.transform.LoopDeroller] - Method java/util/ComparableTimSort::mergeLo(int, int, int, int): void, unrolling loop org.jetbrains.research.kfg.analysis.Loop@2535e57c to 1 iterations
2021-06-11 17:16:14.367 [DEBUG][org.jetbrains.research.kex.asm.transform.LoopDeroller] - Method java/util/ComparableTimSort::mergeHi(int, int, int, int): void, unrolling loop org.jetbrains.research.kfg.analysis.Loop@eb464e0 to 1 iterations
2021-06-11 17:16:14.372 [DEBUG][org.jetbrains.research.kex.asm.transform.LoopDeroller] - Method java/util/ComparableTimSort::mergeHi(int, int, int, int): void, unrolling loop org.jetbrains.research.kfg.analysis.Loop@612edbb5 to 1 iterations
2021-06-11 17:16:14.390 [DEBUG][org.jetbrains.research.kex.asm.transform.LoopDeroller] - Method java/util/ComparableTimSort::mergeHi(int, int, int, int): void, unrolling loop org.jetbrains.research.kfg.analysis.Loop@36a2d767 to 1 iterations
2021-06-11 17:16:14.423 [DEBUG][org.jetbrains.research.kex.asm.transform.LoopDeroller] - Method java/util/concurrent/ConcurrentLinkedQueue::<init>(java/util/Collection): void, unrolling loop org.jetbrains.research.kfg.analysis.Loop@711009a2 to 1 iterations
2021-06-11 17:16:14.425 [DEBUG][org.jetbrains.research.kex.asm.transform.LoopDeroller] - Method java/util/concurrent/ConcurrentLinkedQueue::offer(java/lang/Object): bool, unrolling loop org.jetbrains.research.kfg.analysis.Loop@724dfdc6 to 1 iterations
2021-06-11 17:16:14.426 [DEBUG][org.jetbrains.research.kex.asm.transform.LoopDeroller] - Method java/util/concurrent/ConcurrentLinkedQueue::poll(): java/lang/Object, unrolling loop org.jetbrains.research.kfg.analysis.Loop@70e8848a to 1 iterations
2021-06-11 17:16:14.427 [DEBUG][org.jetbrains.research.kex.asm.transform.LoopDeroller] - Method java/util/concurrent/ConcurrentLinkedQueue::poll(): java/lang/Object, unrolling loop org.jetbrains.research.kfg.analysis.Loop@4f50b0f5 to 1 iterations
2021-06-11 17:16:14.427 [DEBUG][org.jetbrains.research.kex.asm.transform.LoopDeroller] - Method java/util/concurrent/ConcurrentLinkedQueue::peek(): java/lang/Object, unrolling loop org.jetbrains.research.kfg.analysis.Loop@4a787afb to 1 iterations
2021-06-11 17:16:14.427 [DEBUG][org.jetbrains.research.kex.asm.transform.LoopDeroller] - Method java/util/concurrent/ConcurrentLinkedQueue::peek(): java/lang/Object, unrolling loop org.jetbrains.research.kfg.analysis.Loop@1f767763 to 1 iterations
2021-06-11 17:16:14.428 [DEBUG][org.jetbrains.research.kex.asm.transform.LoopDeroller] - Method java/util/concurrent/ConcurrentLinkedQueue::first(): java/util/concurrent/ConcurrentLinkedQueue$Node, unrolling loop org.jetbrains.research.kfg.analysis.Loop@59c02258 to 1 iterations
2021-06-11 17:16:14.428 [DEBUG][org.jetbrains.research.kex.asm.transform.LoopDeroller] - Method java/util/concurrent/ConcurrentLinkedQueue::first(): java/util/concurrent/ConcurrentLinkedQueue$Node, unrolling loop org.jetbrains.research.kfg.analysis.Loop@3922d7b7 to 1 iterations
2021-06-11 17:16:14.429 [DEBUG][org.jetbrains.research.kex.asm.transform.LoopDeroller] - Method java/util/concurrent/ConcurrentLinkedQueue::size(): int, unrolling loop org.jetbrains.research.kfg.analysis.Loop@65af42b2 to 1 iterations
2021-06-11 17:16:14.429 [DEBUG][org.jetbrains.research.kex.asm.transform.LoopDeroller] - Method java/util/concurrent/ConcurrentLinkedQueue::contains(java/lang/Object): bool, unrolling loop org.jetbrains.research.kfg.analysis.Loop@4872f42d to 1 iterations
2021-06-11 17:16:14.430 [DEBUG][org.jetbrains.research.kex.asm.transform.LoopDeroller] - Method java/util/concurrent/ConcurrentLinkedQueue::remove(java/lang/Object): bool, unrolling loop org.jetbrains.research.kfg.analysis.Loop@109380d6 to 1 iterations
2021-06-11 17:16:14.431 [DEBUG][org.jetbrains.research.kex.asm.transform.LoopDeroller] - Method java/util/concurrent/ConcurrentLinkedQueue::addAll(java/util/Collection): bool, unrolling loop org.jetbrains.research.kfg.analysis.Loop@309f1cbf to 1 iterations
2021-06-11 17:16:14.431 [DEBUG][org.jetbrains.research.kex.asm.transform.LoopDeroller] - Method java/util/concurrent/ConcurrentLinkedQueue::addAll(java/util/Collection): bool, unrolling loop org.jetbrains.research.kfg.analysis.Loop@70841e3 to 1 iterations
2021-06-11 17:16:14.432 [DEBUG][org.jetbrains.research.kex.asm.transform.LoopDeroller] - Method java/util/concurrent/ConcurrentLinkedQueue::toArray(): java/lang/Object[], unrolling loop org.jetbrains.research.kfg.analysis.Loop@3942e088 to 1 iterations
2021-06-11 17:16:14.432 [DEBUG][org.jetbrains.research.kex.asm.transform.LoopDeroller] - Method java/util/concurrent/ConcurrentLinkedQueue::toArray(java/lang/Object[]): java/lang/Object[], unrolling loop org.jetbrains.research.kfg.analysis.Loop@56fefcff to 1 iterations
2021-06-11 17:16:14.433 [DEBUG][org.jetbrains.research.kex.asm.transform.LoopDeroller] - Method java/util/concurrent/ConcurrentLinkedQueue::toArray(java/lang/Object[]): java/lang/Object[], unrolling loop org.jetbrains.research.kfg.analysis.Loop@54d9b9ce to 1 iterations
2021-06-11 17:16:14.433 [DEBUG][org.jetbrains.research.kex.asm.transform.LoopDeroller] - Method java/util/concurrent/ConcurrentLinkedQueue::writeObject(java/io/ObjectOutputStream): void, unrolling loop org.jetbrains.research.kfg.analysis.Loop@2699aaaf to 1 iterations
2021-06-11 17:16:14.433 [DEBUG][org.jetbrains.research.kex.asm.transform.LoopDeroller] - Method java/util/concurrent/ConcurrentLinkedQueue::readObject(java/io/ObjectInputStream): void, unrolling loop org.jetbrains.research.kfg.analysis.Loop@6d30b410 to 1 iterations
2021-06-11 17:16:14.434 [DEBUG][org.jetbrains.research.kex.asm.transform.LoopDeroller] - Method java/util/stream/StreamSpliterators$SliceSpliterator$OfPrimitive::tryAdvance(java/lang/Object): bool, unrolling loop org.jetbrains.research.kfg.analysis.Loop@24fbfbe5 to 1 iterations
2021-06-11 17:16:14.435 [DEBUG][org.jetbrains.research.kex.asm.transform.LoopDeroller] - Method java/util/stream/StreamSpliterators$SliceSpliterator$OfPrimitive::forEachRemaining(java/lang/Object): void, unrolling loop org.jetbrains.research.kfg.analysis.Loop@1b627cd4 to 1 iterations
2021-06-11 17:16:14.437 [DEBUG][org.jetbrains.research.kex.asm.transform.LoopDeroller] - Method java/util/stream/StreamSpliterators$SliceSpliterator$OfPrimitive::forEachRemaining(java/lang/Object): void, unrolling loop org.jetbrains.research.kfg.analysis.Loop@d4a3025 to 1 iterations
2021-06-11 17:16:14.438 [DEBUG][org.jetbrains.research.kex.asm.transform.LoopDeroller] - Method java/util/Spliterators$DoubleIteratorSpliterator::trySplit(): java/util/Spliterator$OfDouble, unrolling loop org.jetbrains.research.kfg.analysis.Loop@4aafb9d4 to 1 iterations
2021-06-11 17:16:14.438 [DEBUG][org.jetbrains.research.kex.asm.transform.LoopDeroller] - Method java/lang/Byte$ByteCache::<clinit>(): void, unrolling loop org.jetbrains.research.kfg.analysis.Loop@3302ec59 to 1 iterations
2021-06-11 17:16:14.439 [DEBUG][org.jetbrains.research.kex.asm.transform.LoopDeroller] - Method java/lang/reflect/AccessibleObject::setAccessible(java/lang/reflect/AccessibleObject[], bool): void, unrolling loop org.jetbrains.research.kfg.analysis.Loop@463169a3 to 1 iterations
2021-06-11 17:16:14.440 [DEBUG][org.jetbrains.research.kex.asm.transform.LoopDeroller] - Method java/lang/reflect/WeakCache::get(java/lang/Object, java/lang/Object): java/lang/Object, unrolling loop org.jetbrains.research.kfg.analysis.Loop@472ce07d to 1 iterations
2021-06-11 17:16:14.453 [DEBUG][org.jetbrains.research.kex.asm.transform.LoopDeroller] - Method java/lang/reflect/WeakCache::expungeStaleEntries(): void, unrolling loop org.jetbrains.research.kfg.analysis.Loop@62ae363f to 1 iterations
2021-06-11 17:16:14.454 [DEBUG][org.jetbrains.research.kex.asm.transform.LoopDeroller] - Method java/util/concurrent/ConcurrentHashMap$BulkTask::advance(): java/util/concurrent/ConcurrentHashMap$Node, unrolling loop org.jetbrains.research.kfg.analysis.Loop@37903980 to 1 iterations
2021-06-11 17:16:14.459 [DEBUG][org.jetbrains.research.kex.asm.transform.LoopDeroller] - Method java/util/concurrent/ConcurrentHashMap$BulkTask::recoverState(int): void, unrolling loop org.jetbrains.research.kfg.analysis.Loop@38bb354d to 1 iterations
2021-06-11 17:16:14.460 [DEBUG][org.jetbrains.research.kex.asm.transform.LoopDeroller] - Method java/util/regex/Pattern$GroupCurly::match(java/util/regex/Matcher, int, java/lang/CharSequence): bool, unrolling loop org.jetbrains.research.kfg.analysis.Loop@52c92df to 1 iterations
2021-06-11 17:16:14.460 [DEBUG][org.jetbrains.research.kex.asm.transform.LoopDeroller] - Method java/util/regex/Pattern$GroupCurly::match0(java/util/regex/Matcher, int, int, java/lang/CharSequence): bool, unrolling loop org.jetbrains.research.kfg.analysis.Loop@6d07ea74 to 1 iterations
2021-06-11 17:16:14.461 [DEBUG][org.jetbrains.research.kex.asm.transform.LoopDeroller] - Method java/util/regex/Pattern$GroupCurly::match0(java/util/regex/Matcher, int, int, java/lang/CharSequence): bool, unrolling loop org.jetbrains.research.kfg.analysis.Loop@19e693e1 to 1 iterations
2021-06-11 17:16:14.473 [DEBUG][org.jetbrains.research.kex.asm.transform.LoopDeroller] - Method java/util/regex/Pattern$GroupCurly::match1(java/util/regex/Matcher, int, int, java/lang/CharSequence): bool, unrolling loop org.jetbrains.research.kfg.analysis.Loop@d35466f to 1 iterations
2021-06-11 17:16:14.474 [DEBUG][org.jetbrains.research.kex.asm.transform.LoopDeroller] - Method java/util/regex/Pattern$GroupCurly::match2(java/util/regex/Matcher, int, int, java/lang/CharSequence): bool, unrolling loop org.jetbrains.research.kfg.analysis.Loop@36e72e49 to 1 iterations
2021-06-11 17:16:14.477 [DEBUG][org.jetbrains.research.kex.asm.transform.LoopDeroller] - Method java/util/logging/LogManager$LogNode::walkAndSetParent(java/util/logging/Logger): void, unrolling loop org.jetbrains.research.kfg.analysis.Loop@83cef9 to 1 iterations
2021-06-11 17:16:14.478 [DEBUG][org.jetbrains.research.kex.asm.transform.LoopDeroller] - Method java/util/AbstractSequentialList::addAll(int, java/util/Collection): bool, unrolling loop org.jetbrains.research.kfg.analysis.Loop@4024a711 to 1 iterations
2021-06-11 17:16:14.483 [DEBUG][org.jetbrains.research.kex.asm.transform.LoopDeroller] - Method java/util/concurrent/atomic/AtomicLongArray::getAndUpdate(int, java/util/function/LongUnaryOperator): long, unrolling loop org.jetbrains.research.kfg.analysis.Loop@148f8381 to 1 iterations
2021-06-11 17:16:14.484 [DEBUG][org.jetbrains.research.kex.asm.transform.LoopDeroller] - Method java/util/concurrent/atomic/AtomicLongArray::updateAndGet(int, java/util/function/LongUnaryOperator): long, unrolling loop org.jetbrains.research.kfg.analysis.Loop@2bfde67a to 1 iterations
2021-06-11 17:16:14.484 [DEBUG][org.jetbrains.research.kex.asm.transform.LoopDeroller] - Method java/util/concurrent/atomic/AtomicLongArray::getAndAccumulate(int, long, java/util/function/LongBinaryOperator): long, unrolling loop org.jetbrains.research.kfg.analysis.Loop@464de5e8 to 1 iterations
2021-06-11 17:16:14.485 [DEBUG][org.jetbrains.research.kex.asm.transform.LoopDeroller] - Method java/util/concurrent/atomic/AtomicLongArray::accumulateAndGet(int, long, java/util/function/LongBinaryOperator): long, unrolling loop org.jetbrains.research.kfg.analysis.Loop@33797919 to 1 iterations
2021-06-11 17:16:14.485 [DEBUG][org.jetbrains.research.kex.asm.transform.LoopDeroller] - Method java/util/concurrent/atomic/AtomicLongArray::toString(): java/lang/String, unrolling loop org.jetbrains.research.kfg.analysis.Loop@4da79e6c to 1 iterations
2021-06-11 17:16:14.492 [DEBUG][org.jetbrains.research.kex.asm.transform.LoopDeroller] - Method java/util/AbstractQueue::clear(): void, unrolling loop org.jetbrains.research.kfg.analysis.Loop@5cb53681 to 1 iterations
2021-06-11 17:16:14.492 [DEBUG][org.jetbrains.research.kex.asm.transform.LoopDeroller] - Method java/util/AbstractQueue::addAll(java/util/Collection): bool, unrolling loop org.jetbrains.research.kfg.analysis.Loop@1b36ab53 to 1 iterations
2021-06-11 17:16:14.497 [DEBUG][org.jetbrains.research.kex.asm.transform.LoopDeroller] - Method java/util/stream/FindOps$FindTask::onCompletion(java/util/concurrent/CountedCompleter): void, unrolling loop org.jetbrains.research.kfg.analysis.Loop@288a77bc to 1 iterations
2021-06-11 17:16:14.498 [DEBUG][org.jetbrains.research.kex.asm.transform.LoopDeroller] - Method java/lang/invoke/MethodType$ConcurrentWeakInternSet::add(java/lang/Object): java/lang/Object, unrolling loop org.jetbrains.research.kfg.analysis.Loop@142d86f7 to 1 iterations
2021-06-11 17:16:14.499 [DEBUG][org.jetbrains.research.kex.asm.transform.LoopDeroller] - Method java/lang/invoke/MethodType$ConcurrentWeakInternSet::expungeStaleElements(): void, unrolling loop org.jetbrains.research.kfg.analysis.Loop@495bdade to 1 iterations
2021-06-11 17:16:14.503 [DEBUG][org.jetbrains.research.kex.asm.transform.LoopDeroller] - Method java/util/concurrent/CopyOnWriteArrayList$COWSubList::forEach(java/util/function/Consumer): void, unrolling loop org.jetbrains.research.kfg.analysis.Loop@73dbbdd9 to 1 iterations
2021-06-11 17:16:14.504 [DEBUG][org.jetbrains.research.kex.asm.transform.LoopDeroller] - Method java/util/concurrent/CopyOnWriteArrayList$COWSubList::replaceAll(java/util/function/UnaryOperator): void, unrolling loop org.jetbrains.research.kfg.analysis.Loop@240e774f to 1 iterations
2021-06-11 17:16:14.508 [DEBUG][org.jetbrains.research.kex.asm.transform.LoopDeroller] - Method java/util/concurrent/CopyOnWriteArrayList$COWSubList::removeAll(java/util/Collection): bool, unrolling loop org.jetbrains.research.kfg.analysis.Loop@2c197d1b to 1 iterations
2021-06-11 17:16:14.513 [DEBUG][org.jetbrains.research.kex.asm.transform.LoopDeroller] - Method java/util/concurrent/CopyOnWriteArrayList$COWSubList::retainAll(java/util/Collection): bool, unrolling loop org.jetbrains.research.kfg.analysis.Loop@13f93af6 to 1 iterations
2021-06-11 17:16:14.517 [DEBUG][org.jetbrains.research.kex.asm.transform.LoopDeroller] - Method java/util/concurrent/CopyOnWriteArrayList$COWSubList::removeIf(java/util/function/Predicate): bool, unrolling loop org.jetbrains.research.kfg.analysis.Loop@729d0750 to 1 iterations
2021-06-11 17:16:14.521 [DEBUG][org.jetbrains.research.kex.asm.transform.LoopDeroller] - Method java/util/TreeMap$ValueSpliterator::forEachRemaining(java/util/function/Consumer): void, unrolling loop org.jetbrains.research.kfg.analysis.Loop@34c73bd0 to 1 iterations
2021-06-11 17:16:14.521 [DEBUG][org.jetbrains.research.kex.asm.transform.LoopDeroller] - Method java/util/TreeMap$ValueSpliterator::forEachRemaining(java/util/function/Consumer): void, unrolling loop org.jetbrains.research.kfg.analysis.Loop@5a5df6e6 to 1 iterations
2021-06-11 17:16:14.521 [DEBUG][org.jetbrains.research.kex.asm.transform.LoopDeroller] - Method java/util/TreeMap$ValueSpliterator::forEachRemaining(java/util/function/Consumer): void, unrolling loop org.jetbrains.research.kfg.analysis.Loop@6ce86052 to 1 iterations
2021-06-11 17:16:14.522 [DEBUG][org.jetbrains.research.kex.asm.transform.LoopDeroller] - Method java/util/concurrent/CopyOnWriteArrayList::indexOf(java/lang/Object, java/lang/Object[], int, int): int, unrolling loop org.jetbrains.research.kfg.analysis.Loop@6c6d5a45 to 1 iterations
2021-06-11 17:16:14.523 [DEBUG][org.jetbrains.research.kex.asm.transform.LoopDeroller] - Method java/util/concurrent/CopyOnWriteArrayList::indexOf(java/lang/Object, java/lang/Object[], int, int): int, unrolling loop org.jetbrains.research.kfg.analysis.Loop@7a626d4a to 1 iterations
2021-06-11 17:16:14.523 [DEBUG][org.jetbrains.research.kex.asm.transform.LoopDeroller] - Method java/util/concurrent/CopyOnWriteArrayList::lastIndexOf(java/lang/Object, java/lang/Object[], int): int, unrolling loop org.jetbrains.research.kfg.analysis.Loop@3fac4609 to 1 iterations
2021-06-11 17:16:14.523 [DEBUG][org.jetbrains.research.kex.asm.transform.LoopDeroller] - Method java/util/concurrent/CopyOnWriteArrayList::lastIndexOf(java/lang/Object, java/lang/Object[], int): int, unrolling loop org.jetbrains.research.kfg.analysis.Loop@6ba8b86e to 1 iterations
2021-06-11 17:16:14.524 [DEBUG][org.jetbrains.research.kex.asm.transform.LoopDeroller] - Method java/util/concurrent/CopyOnWriteArrayList::remove(java/lang/Object, java/lang/Object[], int): bool, unrolling loop org.jetbrains.research.kfg.analysis.Loop@1ba2421c to 1 iterations
2021-06-11 17:16:14.525 [DEBUG][org.jetbrains.research.kex.asm.transform.LoopDeroller] - Method java/util/concurrent/CopyOnWriteArrayList::addIfAbsent(java/lang/Object, java/lang/Object[]): bool, unrolling loop org.jetbrains.research.kfg.analysis.Loop@499ae41d to 1 iterations
2021-06-11 17:16:14.525 [DEBUG][org.jetbrains.research.kex.asm.transform.LoopDeroller] - Method java/util/concurrent/CopyOnWriteArrayList::containsAll(java/util/Collection): bool, unrolling loop org.jetbrains.research.kfg.analysis.Loop@2761590f to 1 iterations
2021-06-11 17:16:14.525 [DEBUG][org.jetbrains.research.kex.asm.transform.LoopDeroller] - Method java/util/concurrent/CopyOnWriteArrayList::removeAll(java/util/Collection): bool, unrolling loop org.jetbrains.research.kfg.analysis.Loop@2c03902d to 1 iterations
2021-06-11 17:16:14.526 [DEBUG][org.jetbrains.research.kex.asm.transform.LoopDeroller] - Method java/util/concurrent/CopyOnWriteArrayList::retainAll(java/util/Collection): bool, unrolling loop org.jetbrains.research.kfg.analysis.Loop@42da3411 to 1 iterations
2021-06-11 17:16:14.526 [DEBUG][org.jetbrains.research.kex.asm.transform.LoopDeroller] - Method java/util/concurrent/CopyOnWriteArrayList::addAllAbsent(java/util/Collection): int, unrolling loop org.jetbrains.research.kfg.analysis.Loop@3512e7a5 to 1 iterations
2021-06-11 17:16:14.527 [DEBUG][org.jetbrains.research.kex.asm.transform.LoopDeroller] - Method java/util/concurrent/CopyOnWriteArrayList::forEach(java/util/function/Consumer): void, unrolling loop org.jetbrains.research.kfg.analysis.Loop@7ee1b609 to 1 iterations
2021-06-11 17:16:14.527 [DEBUG][org.jetbrains.research.kex.asm.transform.LoopDeroller] - Method java/util/concurrent/CopyOnWriteArrayList::removeIf(java/util/function/Predicate): bool, unrolling loop org.jetbrains.research.kfg.analysis.Loop@496653f0 to 1 iterations
2021-06-11 17:16:14.527 [DEBUG][org.jetbrains.research.kex.asm.transform.LoopDeroller] - Method java/util/concurrent/CopyOnWriteArrayList::replaceAll(java/util/function/UnaryOperator): void, unrolling loop org.jetbrains.research.kfg.analysis.Loop@1216984 to 1 iterations
2021-06-11 17:16:14.528 [DEBUG][org.jetbrains.research.kex.asm.transform.LoopDeroller] - Method java/util/concurrent/CopyOnWriteArrayList::writeObject(java/io/ObjectOutputStream): void, unrolling loop org.jetbrains.research.kfg.analysis.Loop@ff4df57 to 1 iterations
2021-06-11 17:16:14.528 [DEBUG][org.jetbrains.research.kex.asm.transform.LoopDeroller] - Method java/util/concurrent/CopyOnWriteArrayList::readObject(java/io/ObjectInputStream): void, unrolling loop org.jetbrains.research.kfg.analysis.Loop@7f66372e to 1 iterations
2021-06-11 17:16:14.534 [DEBUG][org.jetbrains.research.kex.asm.transform.LoopDeroller] - Method java/util/concurrent/CopyOnWriteArrayList::equals(java/lang/Object): bool, unrolling loop org.jetbrains.research.kfg.analysis.Loop@561425a1 to 1 iterations
2021-06-11 17:16:14.535 [DEBUG][org.jetbrains.research.kex.asm.transform.LoopDeroller] - Method java/util/concurrent/CopyOnWriteArrayList::hashCode(): int, unrolling loop org.jetbrains.research.kfg.analysis.Loop@4bc4a284 to 1 iterations
2021-06-11 17:16:14.537 [DEBUG][org.jetbrains.research.kex.asm.transform.LoopDeroller] - Method java/util/concurrent/ConcurrentHashMap$ReduceEntriesTask::compute(): void, unrolling loop org.jetbrains.research.kfg.analysis.Loop@3abe7a28 to 1 iterations
2021-06-11 17:16:14.541 [DEBUG][org.jetbrains.research.kex.asm.transform.LoopDeroller] - Method java/util/concurrent/ConcurrentHashMap$ReduceEntriesTask::compute(): void, unrolling loop org.jetbrains.research.kfg.analysis.Loop@fde2fe5 to 1 iterations
2021-06-11 17:16:14.542 [DEBUG][org.jetbrains.research.kex.asm.transform.LoopDeroller] - Method java/util/concurrent/ConcurrentHashMap$ReduceEntriesTask::compute(): void, unrolling loop org.jetbrains.research.kfg.analysis.Loop@2f2ae0c3 to 1 iterations
2021-06-11 17:16:14.543 [DEBUG][org.jetbrains.research.kex.asm.transform.LoopDeroller] - Method java/util/concurrent/ConcurrentHashMap$ReduceEntriesTask::compute(): void, unrolling loop org.jetbrains.research.kfg.analysis.Loop@6b1f2811 to 1 iterations
2021-06-11 17:16:14.544 [DEBUG][org.jetbrains.research.kex.asm.transform.LoopDeroller] - Method java/util/Locale$LanguageRange::<init>(java/lang/String, double): void, unrolling loop org.jetbrains.research.kfg.analysis.Loop@25e19bcf to 1 iterations
2021-06-11 17:16:14.544 [DEBUG][org.jetbrains.research.kex.asm.transform.LoopDeroller] - Method java/util/Locale$LanguageRange::isSubtagIllFormed(java/lang/String, bool): bool, unrolling loop org.jetbrains.research.kfg.analysis.Loop@eae6b0d to 1 iterations
2021-06-11 17:16:14.545 [DEBUG][org.jetbrains.research.kex.asm.transform.LoopDeroller] - Method java/util/Locale$LanguageRange::isSubtagIllFormed(java/lang/String, bool): bool, unrolling loop org.jetbrains.research.kfg.analysis.Loop@1a209c8b to 1 iterations
2021-06-11 17:16:14.546 [DEBUG][org.jetbrains.research.kex.asm.transform.LoopDeroller] - Method java/util/concurrent/ConcurrentLinkedQueue$Itr::advance(): java/lang/Object, unrolling loop org.jetbrains.research.kfg.analysis.Loop@47044c60 to 1 iterations
2021-06-11 17:16:14.547 [DEBUG][org.jetbrains.research.kex.asm.transform.LoopDeroller] - Method java/util/stream/StreamSpliterators$ArrayBuffer$OfRef::forEach(java/util/function/Consumer, long): void, unrolling loop org.jetbrains.research.kfg.analysis.Loop@11d7504b to 1 iterations
2021-06-11 17:16:14.548 [DEBUG][org.jetbrains.research.kex.asm.transform.LoopDeroller] - Method java/util/UUID::<init>(byte[]): void, unrolling loop org.jetbrains.research.kfg.analysis.Loop@71458de5 to 1 iterations
2021-06-11 17:16:14.548 [DEBUG][org.jetbrains.research.kex.asm.transform.LoopDeroller] - Method java/util/UUID::<init>(byte[]): void, unrolling loop org.jetbrains.research.kfg.analysis.Loop@63104b70 to 1 iterations
2021-06-11 17:16:14.549 [DEBUG][org.jetbrains.research.kex.asm.transform.LoopDeroller] - Method java/util/UUID::fromString(java/lang/String): java/util/UUID, unrolling loop org.jetbrains.research.kfg.analysis.Loop@75a88b31 to 1 iterations
2021-06-11 17:16:14.556 [DEBUG][org.jetbrains.research.kex.asm.transform.LoopDeroller] - Method java/util/concurrent/ConcurrentHashMap$MapReduceValuesToLongTask::compute(): void, unrolling loop org.jetbrains.research.kfg.analysis.Loop@727fee5f to 1 iterations
2021-06-11 17:16:14.557 [DEBUG][org.jetbrains.research.kex.asm.transform.LoopDeroller] - Method java/util/concurrent/ConcurrentHashMap$MapReduceValuesToLongTask::compute(): void, unrolling loop org.jetbrains.research.kfg.analysis.Loop@5e95c955 to 1 iterations
2021-06-11 17:16:14.557 [DEBUG][org.jetbrains.research.kex.asm.transform.LoopDeroller] - Method java/util/concurrent/ConcurrentHashMap$MapReduceValuesToLongTask::compute(): void, unrolling loop org.jetbrains.research.kfg.analysis.Loop@772389c6 to 1 iterations
2021-06-11 17:16:14.557 [DEBUG][org.jetbrains.research.kex.asm.transform.LoopDeroller] - Method java/util/concurrent/ConcurrentHashMap$MapReduceValuesToLongTask::compute(): void, unrolling loop org.jetbrains.research.kfg.analysis.Loop@762a145d to 1 iterations
2021-06-11 17:16:14.559 [DEBUG][org.jetbrains.research.kex.asm.transform.LoopDeroller] - Method java/util/ArrayPrefixHelpers$IntCumulateTask::compute(): void, unrolling loop org.jetbrains.research.kfg.analysis.Loop@71041b0 to 1 iterations
2021-06-11 17:16:14.560 [DEBUG][org.jetbrains.research.kex.asm.transform.LoopDeroller] - Method java/util/ArrayPrefixHelpers$IntCumulateTask::compute(): void, unrolling loop org.jetbrains.research.kfg.analysis.Loop@1a3e135e to 1 iterations
2021-06-11 17:16:14.560 [DEBUG][org.jetbrains.research.kex.asm.transform.LoopDeroller] - Method java/util/ArrayPrefixHelpers$IntCumulateTask::compute(): void, unrolling loop org.jetbrains.research.kfg.analysis.Loop@65ffaf3b to 1 iterations
2021-06-11 17:16:14.561 [DEBUG][org.jetbrains.research.kex.asm.transform.LoopDeroller] - Method java/util/ArrayPrefixHelpers$IntCumulateTask::compute(): void, unrolling loop org.jetbrains.research.kfg.analysis.Loop@7f33a7cb to 1 iterations
2021-06-11 17:16:14.561 [DEBUG][org.jetbrains.research.kex.asm.transform.LoopDeroller] - Method java/util/ArrayPrefixHelpers$IntCumulateTask::compute(): void, unrolling loop org.jetbrains.research.kfg.analysis.Loop@79fc89ed to 1 iterations
2021-06-11 17:16:14.566 [DEBUG][org.jetbrains.research.kex.asm.transform.LoopDeroller] - Method java/util/ArrayPrefixHelpers$IntCumulateTask::compute(): void, unrolling loop org.jetbrains.research.kfg.analysis.Loop@5fb2b3c7 to 1 iterations
2021-06-11 17:16:14.567 [DEBUG][org.jetbrains.research.kex.asm.transform.LoopDeroller] - Method java/util/ArrayPrefixHelpers$IntCumulateTask::compute(): void, unrolling loop org.jetbrains.research.kfg.analysis.Loop@5058a755 to 1 iterations
2021-06-11 17:16:14.581 [DEBUG][org.jetbrains.research.kex.asm.transform.LoopDeroller] - Method java/lang/invoke/BoundMethodHandle::internalValues(): java/lang/Object, unrolling loop org.jetbrains.research.kfg.analysis.Loop@765c928a to 1 iterations
2021-06-11 17:16:14.582 [DEBUG][org.jetbrains.research.kex.asm.transform.LoopDeroller] - Method java/util/logging/FileHandler::openFiles(): void, unrolling loop org.jetbrains.research.kfg.analysis.Loop@4ad98439 to 1 iterations
2021-06-11 17:16:14.583 [DEBUG][org.jetbrains.research.kex.asm.transform.LoopDeroller] - Method java/util/logging/FileHandler::openFiles(): void, unrolling loop org.jetbrains.research.kfg.analysis.Loop@4776babb to 1 iterations
2021-06-11 17:16:14.585 [ERROR][org.jetbrains.research.kex.asm.transform.LoopDeroller] - Can't perform topological sorting of loops of method java/util/logging/FileHandler::openFiles(): void
2021-06-11 17:16:14.585 [DEBUG][org.jetbrains.research.kex.asm.transform.LoopDeroller] - Method java/util/logging/FileHandler::generate(java/lang/String, int, int): java/io/File, unrolling loop org.jetbrains.research.kfg.analysis.Loop@5425f22b to 1 iterations
2021-06-11 17:16:14.591 [DEBUG][org.jetbrains.research.kex.asm.transform.LoopDeroller] - Method java/util/logging/FileHandler::rotate(): void, unrolling loop org.jetbrains.research.kfg.analysis.Loop@49c657e4 to 1 iterations
2021-06-11 17:16:14.599 [DEBUG][org.jetbrains.research.kex.asm.transform.LoopDeroller] - Method java/util/stream/StreamSpliterators$UnorderedSliceSpliterator::acquirePermits(long): long, unrolling loop org.jetbrains.research.kfg.analysis.Loop@50b3bab8 to 1 iterations
2021-06-11 17:16:14.599 [DEBUG][org.jetbrains.research.kex.asm.transform.LoopDeroller] - Method java/io/PipedReader::receive(int): void, unrolling loop org.jetbrains.research.kfg.analysis.Loop@7ea89117 to 1 iterations
2021-06-11 17:16:14.601 [DEBUG][org.jetbrains.research.kex.asm.transform.LoopDeroller] - Method java/io/PipedReader::receive(char[], int, int): void, unrolling loop org.jetbrains.research.kfg.analysis.Loop@41b27db2 to 1 iterations
2021-06-11 17:16:14.601 [DEBUG][org.jetbrains.research.kex.asm.transform.LoopDeroller] - Method java/io/PipedReader::read(): int, unrolling loop org.jetbrains.research.kfg.analysis.Loop@1c7a2e1c to 1 iterations
2021-06-11 17:16:14.603 [DEBUG][org.jetbrains.research.kex.asm.transform.LoopDeroller] - Method java/io/PipedReader::read(char[], int, int): int, unrolling loop org.jetbrains.research.kfg.analysis.Loop@434ed3c2 to 1 iterations
2021-06-11 17:16:14.604 [DEBUG][org.jetbrains.research.kex.asm.transform.LoopDeroller] - Method java/util/stream/SpinedBuffer$OfPrimitive$BaseSpliterator::forEachRemaining(java/lang/Object): void, unrolling loop org.jetbrains.research.kfg.analysis.Loop@373408e0 to 1 iterations
2021-06-11 17:16:14.606 [DEBUG][org.jetbrains.research.kex.asm.transform.LoopDeroller] - Method java/util/stream/AbstractPipeline::sourceSpliterator(int): java/util/Spliterator, unrolling loop org.jetbrains.research.kfg.analysis.Loop@745ea2a3 to 1 iterations
2021-06-11 17:16:14.607 [DEBUG][org.jetbrains.research.kex.asm.transform.LoopDeroller] - Method java/util/stream/AbstractPipeline::getSourceShape(): java/util/stream/StreamShape, unrolling loop org.jetbrains.research.kfg.analysis.Loop@4fbf6c80 to 1 iterations
2021-06-11 17:16:14.607 [DEBUG][org.jetbrains.research.kex.asm.transform.LoopDeroller] - Method java/util/stream/AbstractPipeline::copyIntoWithCancel(java/util/stream/Sink, java/util/Spliterator): void, unrolling loop org.jetbrains.research.kfg.analysis.Loop@1c48990a to 1 iterations
2021-06-11 17:16:14.607 [DEBUG][org.jetbrains.research.kex.asm.transform.LoopDeroller] - Method java/util/stream/AbstractPipeline::wrapSink(java/util/stream/Sink): java/util/stream/Sink, unrolling loop org.jetbrains.research.kfg.analysis.Loop@7db9be72 to 1 iterations
2021-06-11 17:16:14.608 [DEBUG][org.jetbrains.research.kex.asm.transform.LoopDeroller] - Method java/lang/reflect/Executable::equalParamTypes(java/lang/Class[], java/lang/Class[]): bool, unrolling loop org.jetbrains.research.kfg.analysis.Loop@70b48b3e to 1 iterations
2021-06-11 17:16:14.608 [DEBUG][org.jetbrains.research.kex.asm.transform.LoopDeroller] - Method java/lang/reflect/Executable::separateWithCommas(java/lang/Class[], java/lang/StringBuilder): void, unrolling loop org.jetbrains.research.kfg.analysis.Loop@10463f24 to 1 iterations
2021-06-11 17:16:14.616 [DEBUG][org.jetbrains.research.kex.asm.transform.LoopDeroller] - Method java/lang/reflect/Executable::sharedToGenericString(int, bool): java/lang/String, unrolling loop org.jetbrains.research.kfg.analysis.Loop@578ba70f to 1 iterations
2021-06-11 17:16:14.618 [DEBUG][org.jetbrains.research.kex.asm.transform.LoopDeroller] - Method java/lang/reflect/Executable::sharedToGenericString(int, bool): java/lang/String, unrolling loop org.jetbrains.research.kfg.analysis.Loop@205cb951 to 1 iterations
2021-06-11 17:16:14.621 [DEBUG][org.jetbrains.research.kex.asm.transform.LoopDeroller] - Method java/lang/reflect/Executable::sharedToGenericString(int, bool): java/lang/String, unrolling loop org.jetbrains.research.kfg.analysis.Loop@d3699b8 to 1 iterations
2021-06-11 17:16:14.623 [DEBUG][org.jetbrains.research.kex.asm.transform.LoopDeroller] - Method java/lang/reflect/Executable::getAllGenericParameterTypes(): java/lang/reflect/Type[], unrolling loop org.jetbrains.research.kfg.analysis.Loop@bb41b96 to 1 iterations
2021-06-11 17:16:14.623 [DEBUG][org.jetbrains.research.kex.asm.transform.LoopDeroller] - Method java/lang/reflect/Executable::synthesizeAllParams(): java/lang/reflect/Parameter[], unrolling loop org.jetbrains.research.kfg.analysis.Loop@502d9313 to 1 iterations
2021-06-11 17:16:14.624 [DEBUG][org.jetbrains.research.kex.asm.transform.LoopDeroller] - Method java/lang/reflect/Executable::verifyParameters(java/lang/reflect/Parameter[]): void, unrolling loop org.jetbrains.research.kfg.analysis.Loop@2386c4e9 to 1 iterations
2021-06-11 17:16:14.625 [ERROR][org.jetbrains.research.kex.asm.transform.LoopDeroller] - Can't deroll loops of method java/lang/Shutdown::runHooks(): void
2021-06-11 17:16:14.626 [DEBUG][org.jetbrains.research.kex.asm.transform.LoopDeroller] - Method java/lang/reflect/Parameter::declaredAnnotations(): java/util/Map, unrolling loop org.jetbrains.research.kfg.analysis.Loop@486720ee to 1 iterations
2021-06-11 17:16:14.626 [DEBUG][org.jetbrains.research.kex.asm.transform.LoopDeroller] - Method java/util/TreeMap$NavigableSubMap$EntrySetView::size(): int, unrolling loop org.jetbrains.research.kfg.analysis.Loop@2e3527b5 to 1 iterations
2021-06-11 17:16:14.627 [DEBUG][org.jetbrains.research.kex.asm.transform.LoopDeroller] - Method java/util/concurrent/atomic/LongAdder::sum(): long, unrolling loop org.jetbrains.research.kfg.analysis.Loop@6ec9bead to 1 iterations
2021-06-11 17:16:14.627 [DEBUG][org.jetbrains.research.kex.asm.transform.LoopDeroller] - Method java/util/concurrent/atomic/LongAdder::reset(): void, unrolling loop org.jetbrains.research.kfg.analysis.Loop@e1aee47 to 1 iterations
2021-06-11 17:16:14.627 [DEBUG][org.jetbrains.research.kex.asm.transform.LoopDeroller] - Method java/util/concurrent/atomic/LongAdder::sumThenReset(): long, unrolling loop org.jetbrains.research.kfg.analysis.Loop@42efcaa8 to 1 iterations
2021-06-11 17:16:14.628 [DEBUG][org.jetbrains.research.kex.asm.transform.LoopDeroller] - Method java/util/concurrent/ConcurrentHashMap$MapReduceKeysToDoubleTask::compute(): void, unrolling loop org.jetbrains.research.kfg.analysis.Loop@346bef28 to 1 iterations
2021-06-11 17:16:14.628 [DEBUG][org.jetbrains.research.kex.asm.transform.LoopDeroller] - Method java/util/concurrent/ConcurrentHashMap$MapReduceKeysToDoubleTask::compute(): void, unrolling loop org.jetbrains.research.kfg.analysis.Loop@752b8bf1 to 1 iterations
2021-06-11 17:16:14.629 [DEBUG][org.jetbrains.research.kex.asm.transform.LoopDeroller] - Method java/util/concurrent/ConcurrentHashMap$MapReduceKeysToDoubleTask::compute(): void, unrolling loop org.jetbrains.research.kfg.analysis.Loop@52f6afb6 to 1 iterations
2021-06-11 17:16:14.629 [DEBUG][org.jetbrains.research.kex.asm.transform.LoopDeroller] - Method java/util/concurrent/ConcurrentHashMap$MapReduceKeysToDoubleTask::compute(): void, unrolling loop org.jetbrains.research.kfg.analysis.Loop@24566e5a to 1 iterations
2021-06-11 17:16:14.630 [DEBUG][org.jetbrains.research.kex.asm.transform.LoopDeroller] - Method java/util/concurrent/CopyOnWriteArraySet::equals(java/lang/Object): bool, unrolling loop org.jetbrains.research.kfg.analysis.Loop@325f09b6 to 1 iterations
2021-06-11 17:16:14.631 [DEBUG][org.jetbrains.research.kex.asm.transform.LoopDeroller] - Method java/util/concurrent/CopyOnWriteArraySet::equals(java/lang/Object): bool, unrolling loop org.jetbrains.research.kfg.analysis.Loop@6eb7f32 to 1 iterations
2021-06-11 17:16:14.634 [DEBUG][org.jetbrains.research.kex.asm.transform.LoopDeroller] - Method java/lang/ConditionalSpecialCasing::lookUpTable(java/lang/String, int, java/util/Locale, bool): char[], unrolling loop org.jetbrains.research.kfg.analysis.Loop@21f86b9e to 1 iterations
2021-06-11 17:16:14.643 [DEBUG][org.jetbrains.research.kex.asm.transform.LoopDeroller] - Method java/lang/ConditionalSpecialCasing::isFinalCased(java/lang/String, int, java/util/Locale): bool, unrolling loop org.jetbrains.research.kfg.analysis.Loop@34fa4fcf to 1 iterations
2021-06-11 17:16:14.644 [DEBUG][org.jetbrains.research.kex.asm.transform.LoopDeroller] - Method java/lang/ConditionalSpecialCasing::isFinalCased(java/lang/String, int, java/util/Locale): bool, unrolling loop org.jetbrains.research.kfg.analysis.Loop@591a90e0 to 1 iterations
2021-06-11 17:16:14.644 [DEBUG][org.jetbrains.research.kex.asm.transform.LoopDeroller] - Method java/lang/ConditionalSpecialCasing::isAfterI(java/lang/String, int): bool, unrolling loop org.jetbrains.research.kfg.analysis.Loop@50cec469 to 1 iterations
2021-06-11 17:16:14.644 [DEBUG][org.jetbrains.research.kex.asm.transform.LoopDeroller] - Method java/lang/ConditionalSpecialCasing::isAfterSoftDotted(java/lang/String, int): bool, unrolling loop org.jetbrains.research.kfg.analysis.Loop@24f74b12 to 1 iterations
2021-06-11 17:16:14.645 [DEBUG][org.jetbrains.research.kex.asm.transform.LoopDeroller] - Method java/lang/ConditionalSpecialCasing::isMoreAbove(java/lang/String, int): bool, unrolling loop org.jetbrains.research.kfg.analysis.Loop@39afa5e7 to 1 iterations
2021-06-11 17:16:14.645 [DEBUG][org.jetbrains.research.kex.asm.transform.LoopDeroller] - Method java/lang/ConditionalSpecialCasing::isBeforeDot(java/lang/String, int): bool, unrolling loop org.jetbrains.research.kfg.analysis.Loop@65351161 to 1 iterations
2021-06-11 17:16:14.647 [DEBUG][org.jetbrains.research.kex.asm.transform.LoopDeroller] - Method java/lang/ConditionalSpecialCasing::<clinit>(): void, unrolling loop org.jetbrains.research.kfg.analysis.Loop@38f490f2 to 1 iterations
2021-06-11 17:16:14.648 [DEBUG][org.jetbrains.research.kex.asm.transform.LoopDeroller] - Method java/util/concurrent/ConcurrentMap::forEach(java/util/function/BiConsumer): void, unrolling loop org.jetbrains.research.kfg.analysis.Loop@61151319 to 1 iterations
2021-06-11 17:16:14.648 [DEBUG][org.jetbrains.research.kex.asm.transform.LoopDeroller] - Method java/util/concurrent/ConcurrentMap::computeIfPresent(java/lang/Object, java/util/function/BiFunction): java/lang/Object, unrolling loop org.jetbrains.research.kfg.analysis.Loop@8f710d0 to 1 iterations
2021-06-11 17:16:14.648 [DEBUG][org.jetbrains.research.kex.asm.transform.LoopDeroller] - Method java/util/concurrent/ConcurrentMap::compute(java/lang/Object, java/util/function/BiFunction): java/lang/Object, unrolling loop org.jetbrains.research.kfg.analysis.Loop@26e9d365 to 1 iterations
2021-06-11 17:16:14.649 [DEBUG][org.jetbrains.research.kex.asm.transform.LoopDeroller] - Method java/util/concurrent/ConcurrentMap::merge(java/lang/Object, java/lang/Object, java/util/function/BiFunction): java/lang/Object, unrolling loop org.jetbrains.research.kfg.analysis.Loop@1892752a to 1 iterations
2021-06-11 17:16:14.649 [DEBUG][org.jetbrains.research.kex.asm.transform.LoopDeroller] - Method java/util/concurrent/ConcurrentMap::lambda$replaceAll$0(java/util/function/BiFunction, java/lang/Object, java/lang/Object): void, unrolling loop org.jetbrains.research.kfg.analysis.Loop@4c48c68e to 1 iterations
2021-06-11 17:16:14.650 [DEBUG][org.jetbrains.research.kex.asm.transform.LoopDeroller] - Method java/util/spi/CurrencyNameProvider::getDisplayName(java/lang/String, java/util/Locale): java/lang/String, unrolling loop org.jetbrains.research.kfg.analysis.Loop@7f3ef64a to 1 iterations
2021-06-11 17:16:14.650 [DEBUG][org.jetbrains.research.kex.asm.transform.LoopDeroller] - Method java/util/spi/CurrencyNameProvider::getDisplayName(java/lang/String, java/util/Locale): java/lang/String, unrolling loop org.jetbrains.research.kfg.analysis.Loop@5f15c0d to 1 iterations
2021-06-11 17:16:14.651 [DEBUG][org.jetbrains.research.kex.asm.transform.LoopDeroller] - Method java/util/stream/SortedOps$SizedIntSortingSink::end(): void, unrolling loop org.jetbrains.research.kfg.analysis.Loop@78b7c207 to 1 iterations
2021-06-11 17:16:14.652 [DEBUG][org.jetbrains.research.kex.asm.transform.LoopDeroller] - Method java/util/stream/SortedOps$SizedIntSortingSink::end(): void, unrolling loop org.jetbrains.research.kfg.analysis.Loop@541c75d to 1 iterations
2021-06-11 17:16:14.652 [DEBUG][org.jetbrains.research.kex.asm.transform.LoopDeroller] - Method java/util/Calendar$Builder::setFields(int[]): java/util/Calendar$Builder, unrolling loop org.jetbrains.research.kfg.analysis.Loop@6bb19fa to 1 iterations
2021-06-11 17:16:14.658 [DEBUG][org.jetbrains.research.kex.asm.transform.LoopDeroller] - Method java/util/Calendar$Builder::build(): java/util/Calendar, unrolling loop org.jetbrains.research.kfg.analysis.Loop@37f3f64f to 1 iterations
2021-06-11 17:16:14.658 [DEBUG][org.jetbrains.research.kex.asm.transform.LoopDeroller] - Method java/util/Calendar$Builder::build(): java/util/Calendar, unrolling loop org.jetbrains.research.kfg.analysis.Loop@45a59aa3 to 1 iterations
2021-06-11 17:16:14.661 [DEBUG][org.jetbrains.research.kex.asm.transform.LoopDeroller] - Method java/util/zip/InflaterInputStream::read(byte[], int, int): int, unrolling loop org.jetbrains.research.kfg.analysis.Loop@2d767637 to 1 iterations
2021-06-11 17:16:14.661 [DEBUG][org.jetbrains.research.kex.asm.transform.LoopDeroller] - Method java/util/zip/InflaterInputStream::skip(long): long, unrolling loop org.jetbrains.research.kfg.analysis.Loop@2270eb6 to 1 iterations
2021-06-11 17:16:14.663 [DEBUG][org.jetbrains.research.kex.asm.transform.LoopDeroller] - Method java/util/stream/Nodes$InternalNodeSpliterator$OfPrimitive::forEachRemaining(java/lang/Object): void, unrolling loop org.jetbrains.research.kfg.analysis.Loop@310cb859 to 1 iterations
2021-06-11 17:16:14.664 [DEBUG][org.jetbrains.research.kex.asm.transform.LoopDeroller] - Method java/util/stream/Nodes$InternalNodeSpliterator$OfPrimitive::forEachRemaining(java/lang/Object): void, unrolling loop org.jetbrains.research.kfg.analysis.Loop@7324cfc8 to 1 iterations
2021-06-11 17:16:14.665 [DEBUG][org.jetbrains.research.kex.asm.transform.LoopDeroller] - Method java/util/ArraysParallelSortHelpers$FJLong$Merger::compute(): void, unrolling loop org.jetbrains.research.kfg.analysis.Loop@522b97c8 to 1 iterations
2021-06-11 17:16:14.666 [DEBUG][org.jetbrains.research.kex.asm.transform.LoopDeroller] - Method java/util/ArraysParallelSortHelpers$FJLong$Merger::compute(): void, unrolling loop org.jetbrains.research.kfg.analysis.Loop@6f7964a5 to 1 iterations
2021-06-11 17:16:14.667 [DEBUG][org.jetbrains.research.kex.asm.transform.LoopDeroller] - Method java/util/ArraysParallelSortHelpers$FJLong$Merger::compute(): void, unrolling loop org.jetbrains.research.kfg.analysis.Loop@50d47499 to 1 iterations
2021-06-11 17:16:14.668 [DEBUG][org.jetbrains.research.kex.asm.transform.LoopDeroller] - Method java/util/ArraysParallelSortHelpers$FJLong$Merger::compute(): void, unrolling loop org.jetbrains.research.kfg.analysis.Loop@573629be to 1 iterations
2021-06-11 17:16:14.672 [DEBUG][org.jetbrains.research.kex.asm.transform.LoopDeroller] - Method java/io/ObjectInputStream$ValidationList::register(java/io/ObjectInputValidation, int): void, unrolling loop org.jetbrains.research.kfg.analysis.Loop@99bd0a4 to 1 iterations
2021-06-11 17:16:14.673 [DEBUG][org.jetbrains.research.kex.asm.transform.LoopDeroller] - Method java/io/ObjectInputStream$ValidationList::doCallbacks(): void, unrolling loop org.jetbrains.research.kfg.analysis.Loop@6f89e87 to 1 iterations
2021-06-11 17:16:14.681 [DEBUG][org.jetbrains.research.kex.asm.transform.LoopDeroller] - Method java/util/concurrent/atomic/AtomicReference::getAndUpdate(java/util/function/UnaryOperator): java/lang/Object, unrolling loop org.jetbrains.research.kfg.analysis.Loop@2a78d52a to 1 iterations
2021-06-11 17:16:14.681 [DEBUG][org.jetbrains.research.kex.asm.transform.LoopDeroller] - Method java/util/concurrent/atomic/AtomicReference::updateAndGet(java/util/function/UnaryOperator): java/lang/Object, unrolling loop org.jetbrains.research.kfg.analysis.Loop@6fde91b0 to 1 iterations
2021-06-11 17:16:14.682 [DEBUG][org.jetbrains.research.kex.asm.transform.LoopDeroller] - Method java/util/concurrent/atomic/AtomicReference::getAndAccumulate(java/lang/Object, java/util/function/BinaryOperator): java/lang/Object, unrolling loop org.jetbrains.research.kfg.analysis.Loop@37d2f64d to 1 iterations
2021-06-11 17:16:14.682 [DEBUG][org.jetbrains.research.kex.asm.transform.LoopDeroller] - Method java/util/concurrent/atomic/AtomicReference::accumulateAndGet(java/lang/Object, java/util/function/BinaryOperator): java/lang/Object, unrolling loop org.jetbrains.research.kfg.analysis.Loop@7cbfdb9c to 1 iterations
2021-06-11 17:16:14.682 [DEBUG][org.jetbrains.research.kex.asm.transform.LoopDeroller] - Method java/util/jar/JarOutputStream::hasMagic(byte[]): bool, unrolling loop org.jetbrains.research.kfg.analysis.Loop@5d70e047 to 1 iterations
2021-06-11 17:16:14.684 [DEBUG][org.jetbrains.research.kex.asm.transform.LoopDeroller] - Method java/io/LineNumberInputStream::read(byte[], int, int): int, unrolling loop org.jetbrains.research.kfg.analysis.Loop@66bbc190 to 1 iterations
2021-06-11 17:16:14.685 [DEBUG][org.jetbrains.research.kex.asm.transform.LoopDeroller] - Method java/io/LineNumberInputStream::skip(long): long, unrolling loop org.jetbrains.research.kfg.analysis.Loop@50fa384e to 1 iterations
2021-06-11 17:16:14.687 [DEBUG][org.jetbrains.research.kex.asm.transform.LoopDeroller] - Method java/util/concurrent/CompletableFuture::pushStack(java/util/concurrent/CompletableFuture$Completion): void, unrolling loop org.jetbrains.research.kfg.analysis.Loop@5ef8c56c to 1 iterations
2021-06-11 17:16:14.688 [DEBUG][org.jetbrains.research.kex.asm.transform.LoopDeroller] - Method java/util/concurrent/CompletableFuture::postComplete(): void, unrolling loop org.jetbrains.research.kfg.analysis.Loop@3acf02cd to 1 iterations
2021-06-11 17:16:14.689 [DEBUG][org.jetbrains.research.kex.asm.transform.LoopDeroller] - Method java/util/concurrent/CompletableFuture::cleanStack(): void, unrolling loop org.jetbrains.research.kfg.analysis.Loop@383a94bc to 1 iterations
2021-06-11 17:16:14.689 [DEBUG][org.jetbrains.research.kex.asm.transform.LoopDeroller] - Method java/util/concurrent/CompletableFuture::push(java/util/concurrent/CompletableFuture$UniCompletion): void, unrolling loop org.jetbrains.research.kfg.analysis.Loop@6ab45b97 to 1 iterations
2021-06-11 17:16:14.691 [DEBUG][org.jetbrains.research.kex.asm.transform.LoopDeroller] - Method java/util/concurrent/CompletableFuture::bipush(java/util/concurrent/CompletableFuture, java/util/concurrent/CompletableFuture$BiCompletion): void, unrolling loop org.jetbrains.research.kfg.analysis.Loop@25ef4e8b to 1 iterations
2021-06-11 17:16:14.691 [DEBUG][org.jetbrains.research.kex.asm.transform.LoopDeroller] - Method java/util/concurrent/CompletableFuture::bipush(java/util/concurrent/CompletableFuture, java/util/concurrent/CompletableFuture$BiCompletion): void, unrolling loop org.jetbrains.research.kfg.analysis.Loop@10b622e8 to 1 iterations
2021-06-11 17:16:14.693 [DEBUG][org.jetbrains.research.kex.asm.transform.LoopDeroller] - Method java/util/concurrent/CompletableFuture::orpush(java/util/concurrent/CompletableFuture, java/util/concurrent/CompletableFuture$BiCompletion): void, unrolling loop org.jetbrains.research.kfg.analysis.Loop@16fabb0b to 1 iterations
2021-06-11 17:16:14.693 [DEBUG][org.jetbrains.research.kex.asm.transform.LoopDeroller] - Method java/util/concurrent/CompletableFuture::orpush(java/util/concurrent/CompletableFuture, java/util/concurrent/CompletableFuture$BiCompletion): void, unrolling loop org.jetbrains.research.kfg.analysis.Loop@4a96956b to 1 iterations
2021-06-11 17:16:14.704 [DEBUG][org.jetbrains.research.kex.asm.transform.LoopDeroller] - Method java/util/concurrent/CompletableFuture::waitingGet(bool): java/lang/Object, unrolling loop org.jetbrains.research.kfg.analysis.Loop@47e7ffcd to 1 iterations
2021-06-11 17:16:14.709 [DEBUG][org.jetbrains.research.kex.asm.transform.LoopDeroller] - Method java/util/concurrent/CompletableFuture::timedGet(long): java/lang/Object, unrolling loop org.jetbrains.research.kfg.analysis.Loop@30525378 to 1 iterations
2021-06-11 17:16:14.710 [DEBUG][org.jetbrains.research.kex.asm.transform.LoopDeroller] - Method java/util/concurrent/CompletableFuture::getNumberOfDependents(): int, unrolling loop org.jetbrains.research.kfg.analysis.Loop@594ab36a to 1 iterations
2021-06-11 17:16:14.719 [DEBUG][org.jetbrains.research.kex.asm.transform.LoopDeroller] - Method java/util/concurrent/LinkedBlockingQueue$Itr::nextNode(java/util/concurrent/LinkedBlockingQueue$Node): java/util/concurrent/LinkedBlockingQueue$Node, unrolling loop org.jetbrains.research.kfg.analysis.Loop@4a49b26a to 1 iterations
2021-06-11 17:16:14.719 [DEBUG][org.jetbrains.research.kex.asm.transform.LoopDeroller] - Method java/util/concurrent/LinkedBlockingQueue$Itr::remove(): void, unrolling loop org.jetbrains.research.kfg.analysis.Loop@320b7f10 to 1 iterations
2021-06-11 17:16:14.724 [DEBUG][org.jetbrains.research.kex.asm.transform.LoopDeroller] - Method java/util/concurrent/ConcurrentHashMap$SearchEntriesTask::compute(): void, unrolling loop org.jetbrains.research.kfg.analysis.Loop@253ac808 to 1 iterations
2021-06-11 17:16:14.725 [DEBUG][org.jetbrains.research.kex.asm.transform.LoopDeroller] - Method java/util/concurrent/ConcurrentHashMap$SearchEntriesTask::compute(): void, unrolling loop org.jetbrains.research.kfg.analysis.Loop@752c8b3b to 1 iterations
2021-06-11 17:16:14.727 [DEBUG][org.jetbrains.research.kex.asm.transform.LoopDeroller] - Method java/lang/invoke/MethodHandleImpl::countNonNull(java/lang/Object[]): int, unrolling loop org.jetbrains.research.kfg.analysis.Loop@515adde1 to 1 iterations
2021-06-11 17:16:14.728 [DEBUG][org.jetbrains.research.kex.asm.transform.LoopDeroller] - Method java/lang/invoke/MethodHandleImpl::makePairwiseConvertByEditor(java/lang/invoke/MethodHandle, java/lang/invoke/MethodType, bool, bool): java/lang/invoke/MethodHandle, unrolling loop org.jetbrains.research.kfg.analysis.Loop@36713c9c to 1 iterations
2021-06-11 17:16:14.734 [DEBUG][org.jetbrains.research.kex.asm.transform.LoopDeroller] - Method java/lang/invoke/MethodHandleImpl::makePairwiseConvertIndirect(java/lang/invoke/MethodHandle, java/lang/invoke/MethodType, bool, bool): java/lang/invoke/MethodHandle, unrolling loop org.jetbrains.research.kfg.analysis.Loop@9e8d195 to 1 iterations
2021-06-11 17:16:14.743 [DEBUG][org.jetbrains.research.kex.asm.transform.LoopDeroller] - Method java/lang/invoke/MethodHandleImpl::computeValueConversions(java/lang/invoke/MethodType, java/lang/invoke/MethodType, bool, bool): java/lang/Object[], unrolling loop org.jetbrains.research.kfg.analysis.Loop@15b39d59 to 1 iterations
2021-06-11 17:16:14.746 [DEBUG][org.jetbrains.research.kex.asm.transform.LoopDeroller] - Method java/lang/invoke/MethodHandleImpl::makeSpreadArguments(java/lang/invoke/MethodHandle, java/lang/Class, int, int): java/lang/invoke/MethodHandle, unrolling loop org.jetbrains.research.kfg.analysis.Loop@3c95743b to 1 iterations
2021-06-11 17:16:14.747 [DEBUG][org.jetbrains.research.kex.asm.transform.LoopDeroller] - Method java/lang/invoke/MethodHandleImpl::makeSpreadArguments(java/lang/invoke/MethodHandle, java/lang/Class, int, int): java/lang/invoke/MethodHandle, unrolling loop org.jetbrains.research.kfg.analysis.Loop@7af7aee4 to 1 iterations
2021-06-11 17:16:14.749 [DEBUG][org.jetbrains.research.kex.asm.transform.LoopDeroller] - Method java/lang/invoke/MethodHandleImpl::makeSpreadArguments(java/lang/invoke/MethodHandle, java/lang/Class, int, int): java/lang/invoke/MethodHandle, unrolling loop org.jetbrains.research.kfg.analysis.Loop@2849e120 to 1 iterations
2021-06-11 17:16:14.749 [DEBUG][org.jetbrains.research.kex.asm.transform.LoopDeroller] - Method java/lang/invoke/MethodHandleImpl::makeSpreadArguments(java/lang/invoke/MethodHandle, java/lang/Class, int, int): java/lang/invoke/MethodHandle, unrolling loop org.jetbrains.research.kfg.analysis.Loop@1ea7e8d8 to 1 iterations
2021-06-11 17:16:14.752 [DEBUG][org.jetbrains.research.kex.asm.transform.LoopDeroller] - Method java/lang/invoke/MethodHandleImpl::makeArrays(): java/lang/invoke/MethodHandle[], unrolling loop org.jetbrains.research.kfg.analysis.Loop@7aed202d to 1 iterations
2021-06-11 17:16:14.752 [DEBUG][org.jetbrains.research.kex.asm.transform.LoopDeroller] - Method java/lang/invoke/MethodHandleImpl::makeFillArrays(): java/lang/invoke/MethodHandle[], unrolling loop org.jetbrains.research.kfg.analysis.Loop@5b896fb1 to 1 iterations
2021-06-11 17:16:14.753 [DEBUG][org.jetbrains.research.kex.asm.transform.LoopDeroller] - Method java/lang/invoke/MethodHandleImpl::buildFiller(int): java/lang/invoke/MethodHandle, unrolling loop org.jetbrains.research.kfg.analysis.Loop@1f455ce8 to 1 iterations
2021-06-11 17:16:14.755 [DEBUG][org.jetbrains.research.kex.asm.transform.LoopDeroller] - Method java/lang/Throwable::printStackTrace(java/lang/Throwable$PrintStreamOrWriter): void, unrolling loop org.jetbrains.research.kfg.analysis.Loop@4d19300e to 1 iterations
2021-06-11 17:16:14.755 [DEBUG][org.jetbrains.research.kex.asm.transform.LoopDeroller] - Method java/lang/Throwable::printStackTrace(java/lang/Throwable$PrintStreamOrWriter): void, unrolling loop org.jetbrains.research.kfg.analysis.Loop@10ddcd97 to 1 iterations
2021-06-11 17:16:14.756 [DEBUG][org.jetbrains.research.kex.asm.transform.LoopDeroller] - Method java/lang/Throwable::printEnclosedStackTrace(java/lang/Throwable$PrintStreamOrWriter, java/lang/StackTraceElement[], java/lang/String, java/lang/String, java/util/Set): void, unrolling loop org.jetbrains.research.kfg.analysis.Loop@a26a0ac to 1 iterations
2021-06-11 17:16:14.761 [DEBUG][org.jetbrains.research.kex.asm.transform.LoopDeroller] - Method java/lang/Throwable::printEnclosedStackTrace(java/lang/Throwable$PrintStreamOrWriter, java/lang/StackTraceElement[], java/lang/String, java/lang/String, java/util/Set): void, unrolling loop org.jetbrains.research.kfg.analysis.Loop@4ec7c07c to 1 iterations
2021-06-11 17:16:14.761 [DEBUG][org.jetbrains.research.kex.asm.transform.LoopDeroller] - Method java/lang/Throwable::printEnclosedStackTrace(java/lang/Throwable$PrintStreamOrWriter, java/lang/StackTraceElement[], java/lang/String, java/lang/String, java/util/Set): void, unrolling loop org.jetbrains.research.kfg.analysis.Loop@2d44d49a to 1 iterations
2021-06-11 17:16:14.762 [DEBUG][org.jetbrains.research.kex.asm.transform.LoopDeroller] - Method java/lang/Throwable::getOurStackTrace(): java/lang/StackTraceElement[], unrolling loop org.jetbrains.research.kfg.analysis.Loop@7e181add to 1 iterations
2021-06-11 17:16:14.762 [DEBUG][org.jetbrains.research.kex.asm.transform.LoopDeroller] - Method java/lang/Throwable::setStackTrace(java/lang/StackTraceElement[]): void, unrolling loop org.jetbrains.research.kfg.analysis.Loop@3858108d to 1 iterations
2021-06-11 17:16:14.765 [DEBUG][org.jetbrains.research.kex.asm.transform.LoopDeroller] - Method java/lang/Throwable::readObject(java/io/ObjectInputStream): void, unrolling loop org.jetbrains.research.kfg.analysis.Loop@61a01f50 to 1 iterations
2021-06-11 17:16:14.766 [DEBUG][org.jetbrains.research.kex.asm.transform.LoopDeroller] - Method java/lang/Throwable::readObject(java/io/ObjectInputStream): void, unrolling loop org.jetbrains.research.kfg.analysis.Loop@21902fd4 to 1 iterations
2021-06-11 17:16:14.767 [DEBUG][org.jetbrains.research.kex.asm.transform.LoopDeroller] - Method java/util/TaskQueue::clear(): void, unrolling loop org.jetbrains.research.kfg.analysis.Loop@58290ec1 to 1 iterations
2021-06-11 17:16:14.767 [DEBUG][org.jetbrains.research.kex.asm.transform.LoopDeroller] - Method java/util/TaskQueue::fixUp(int): void, unrolling loop org.jetbrains.research.kfg.analysis.Loop@54ef40b to 1 iterations
2021-06-11 17:16:14.768 [DEBUG][org.jetbrains.research.kex.asm.transform.LoopDeroller] - Method java/util/TaskQueue::fixDown(int): void, unrolling loop org.jetbrains.research.kfg.analysis.Loop@41781355 to 1 iterations
2021-06-11 17:16:14.771 [DEBUG][org.jetbrains.research.kex.asm.transform.LoopDeroller] - Method java/util/TaskQueue::heapify(): void, unrolling loop org.jetbrains.research.kfg.analysis.Loop@60e4e8c to 1 iterations
2021-06-11 17:16:14.772 [DEBUG][org.jetbrains.research.kex.asm.transform.LoopDeroller] - Method java/util/AbstractCollection::contains(java/lang/Object): bool, unrolling loop org.jetbrains.research.kfg.analysis.Loop@2ac59cf2 to 1 iterations
2021-06-11 17:16:14.772 [DEBUG][org.jetbrains.research.kex.asm.transform.LoopDeroller] - Method java/util/AbstractCollection::contains(java/lang/Object): bool, unrolling loop org.jetbrains.research.kfg.analysis.Loop@635fba63 to 1 iterations
2021-06-11 17:16:14.772 [DEBUG][org.jetbrains.research.kex.asm.transform.LoopDeroller] - Method java/util/AbstractCollection::toArray(): java/lang/Object[], unrolling loop org.jetbrains.research.kfg.analysis.Loop@71ec6cdc to 1 iterations
2021-06-11 17:16:14.773 [DEBUG][org.jetbrains.research.kex.asm.transform.LoopDeroller] - Method java/util/AbstractCollection::toArray(java/lang/Object[]): java/lang/Object[], unrolling loop org.jetbrains.research.kfg.analysis.Loop@2c502fcc to 1 iterations
2021-06-11 17:16:14.773 [DEBUG][org.jetbrains.research.kex.asm.transform.LoopDeroller] - Method java/util/AbstractCollection::finishToArray(java/lang/Object[], java/util/Iterator): java/lang/Object[], unrolling loop org.jetbrains.research.kfg.analysis.Loop@1e9160a7 to 1 iterations
2021-06-11 17:16:14.774 [DEBUG][org.jetbrains.research.kex.asm.transform.LoopDeroller] - Method java/util/AbstractCollection::remove(java/lang/Object): bool, unrolling loop org.jetbrains.research.kfg.analysis.Loop@2c5de214 to 1 iterations
2021-06-11 17:16:14.774 [DEBUG][org.jetbrains.research.kex.asm.transform.LoopDeroller] - Method java/util/AbstractCollection::remove(java/lang/Object): bool, unrolling loop org.jetbrains.research.kfg.analysis.Loop@5484aa5 to 1 iterations
2021-06-11 17:16:14.774 [DEBUG][org.jetbrains.research.kex.asm.transform.LoopDeroller] - Method java/util/AbstractCollection::containsAll(java/util/Collection): bool, unrolling loop org.jetbrains.research.kfg.analysis.Loop@40a288a3 to 1 iterations
2021-06-11 17:16:14.775 [DEBUG][org.jetbrains.research.kex.asm.transform.LoopDeroller] - Method java/util/AbstractCollection::addAll(java/util/Collection): bool, unrolling loop org.jetbrains.research.kfg.analysis.Loop@76c96f55 to 1 iterations
2021-06-11 17:16:14.775 [DEBUG][org.jetbrains.research.kex.asm.transform.LoopDeroller] - Method java/util/AbstractCollection::removeAll(java/util/Collection): bool, unrolling loop org.jetbrains.research.kfg.analysis.Loop@a76f58c to 1 iterations
2021-06-11 17:16:14.775 [DEBUG][org.jetbrains.research.kex.asm.transform.LoopDeroller] - Method java/util/AbstractCollection::retainAll(java/util/Collection): bool, unrolling loop org.jetbrains.research.kfg.analysis.Loop@57bdfb0 to 1 iterations
2021-06-11 17:16:14.776 [DEBUG][org.jetbrains.research.kex.asm.transform.LoopDeroller] - Method java/util/AbstractCollection::clear(): void, unrolling loop org.jetbrains.research.kfg.analysis.Loop@6d2f66a3 to 1 iterations
2021-06-11 17:16:14.776 [DEBUG][org.jetbrains.research.kex.asm.transform.LoopDeroller] - Method java/util/AbstractCollection::toString(): java/lang/String, unrolling loop org.jetbrains.research.kfg.analysis.Loop@14003897 to 1 iterations
2021-06-11 17:16:14.786 [DEBUG][org.jetbrains.research.kex.asm.transform.LoopDeroller] - Method java/util/concurrent/ConcurrentHashMap$MapReduceValuesToIntTask::compute(): void, unrolling loop org.jetbrains.research.kfg.analysis.Loop@2d723570 to 1 iterations
2021-06-11 17:16:14.789 [DEBUG][org.jetbrains.research.kex.asm.transform.LoopDeroller] - Method java/util/concurrent/ConcurrentHashMap$MapReduceValuesToIntTask::compute(): void, unrolling loop org.jetbrains.research.kfg.analysis.Loop@286fee8f to 1 iterations
2021-06-11 17:16:14.789 [DEBUG][org.jetbrains.research.kex.asm.transform.LoopDeroller] - Method java/util/concurrent/ConcurrentHashMap$MapReduceValuesToIntTask::compute(): void, unrolling loop org.jetbrains.research.kfg.analysis.Loop@3c6946c3 to 1 iterations
2021-06-11 17:16:14.789 [DEBUG][org.jetbrains.research.kex.asm.transform.LoopDeroller] - Method java/util/concurrent/ConcurrentHashMap$MapReduceValuesToIntTask::compute(): void, unrolling loop org.jetbrains.research.kfg.analysis.Loop@1de4e518 to 1 iterations
2021-06-11 17:16:14.790 [DEBUG][org.jetbrains.research.kex.asm.transform.LoopDeroller] - Method java/util/WeakHashMap$HashIterator::hasNext(): bool, unrolling loop org.jetbrains.research.kfg.analysis.Loop@42347251 to 1 iterations
2021-06-11 17:16:14.791 [DEBUG][org.jetbrains.research.kex.asm.transform.LoopDeroller] - Method java/util/WeakHashMap$HashIterator::hasNext(): bool, unrolling loop org.jetbrains.research.kfg.analysis.Loop@65c42fcc to 1 iterations
2021-06-11 17:16:14.792 [DEBUG][org.jetbrains.research.kex.asm.transform.LoopDeroller] - Method java/util/concurrent/locks/ReentrantReadWriteLock$Sync::tryReleaseShared(int): bool, unrolling loop org.jetbrains.research.kfg.analysis.Loop@66f0e42e to 1 iterations
2021-06-11 17:16:14.792 [DEBUG][org.jetbrains.research.kex.asm.transform.LoopDeroller] - Method java/util/concurrent/locks/ReentrantReadWriteLock$Sync::fullTryAcquireShared(java/lang/Thread): int, unrolling loop org.jetbrains.research.kfg.analysis.Loop@27534fd2 to 1 iterations
2021-06-11 17:16:14.794 [DEBUG][org.jetbrains.research.kex.asm.transform.LoopDeroller] - Method java/util/concurrent/locks/ReentrantReadWriteLock$Sync::tryReadLock(): bool, unrolling loop org.jetbrains.research.kfg.analysis.Loop@5ba21df1 to 1 iterations
2021-06-11 17:16:14.795 [DEBUG][org.jetbrains.research.kex.asm.transform.LoopDeroller] - Method java/util/concurrent/ThreadLocalRandom$RandomDoublesSpliterator::forEachRemaining(java/util/function/DoubleConsumer): void, unrolling loop org.jetbrains.research.kfg.analysis.Loop@430f80b4 to 1 iterations
2021-06-11 17:16:14.795 [DEBUG][org.jetbrains.research.kex.asm.transform.LoopDeroller] - Method java/util/jar/JarVerifier$4::hasMoreElements(): bool, unrolling loop org.jetbrains.research.kfg.analysis.Loop@20f83d2f to 1 iterations
2021-06-11 17:16:14.797 [DEBUG][org.jetbrains.research.kex.asm.transform.LoopDeroller] - Method java/util/jar/JarVerifier$1::hasMoreElements(): bool, unrolling loop org.jetbrains.research.kfg.analysis.Loop@5850758b to 1 iterations
2021-06-11 17:16:14.805 [DEBUG][org.jetbrains.research.kex.asm.transform.LoopDeroller] - Method java/util/jar/JarVerifier$2::hasMoreElements(): bool, unrolling loop org.jetbrains.research.kfg.analysis.Loop@12003e2b to 1 iterations
2021-06-11 17:16:14.805 [DEBUG][org.jetbrains.research.kex.asm.transform.LoopDeroller] - Method java/util/regex/Pattern$NotBehindS::match(java/util/regex/Matcher, int, java/lang/CharSequence): bool, unrolling loop org.jetbrains.research.kfg.analysis.Loop@2f81ebb8 to 1 iterations
2021-06-11 17:16:14.806 [DEBUG][org.jetbrains.research.kex.asm.transform.LoopDeroller] - Method java/util/concurrent/ConcurrentHashMap$MapReduceMappingsToIntTask::compute(): void, unrolling loop org.jetbrains.research.kfg.analysis.Loop@600d0dc8 to 1 iterations
2021-06-11 17:16:14.807 [DEBUG][org.jetbrains.research.kex.asm.transform.LoopDeroller] - Method java/util/concurrent/ConcurrentHashMap$MapReduceMappingsToIntTask::compute(): void, unrolling loop org.jetbrains.research.kfg.analysis.Loop@4386c791 to 1 iterations
2021-06-11 17:16:14.810 [DEBUG][org.jetbrains.research.kex.asm.transform.LoopDeroller] - Method java/util/concurrent/ConcurrentHashMap$MapReduceMappingsToIntTask::compute(): void, unrolling loop org.jetbrains.research.kfg.analysis.Loop@5e892279 to 1 iterations
2021-06-11 17:16:14.810 [DEBUG][org.jetbrains.research.kex.asm.transform.LoopDeroller] - Method java/util/concurrent/ConcurrentHashMap$MapReduceMappingsToIntTask::compute(): void, unrolling loop org.jetbrains.research.kfg.analysis.Loop@2c6b30ac to 1 iterations
2021-06-11 17:16:14.811 [DEBUG][org.jetbrains.research.kex.asm.transform.LoopDeroller] - Method java/util/concurrent/CountDownLatch$Sync::tryReleaseShared(int): bool, unrolling loop org.jetbrains.research.kfg.analysis.Loop@3a5074fa to 1 iterations
2021-06-11 17:16:14.811 [DEBUG][org.jetbrains.research.kex.asm.transform.LoopDeroller] - Method java/util/concurrent/LinkedBlockingDeque$AbstractItr::succ(java/util/concurrent/LinkedBlockingDeque$Node): java/util/concurrent/LinkedBlockingDeque$Node, unrolling loop org.jetbrains.research.kfg.analysis.Loop@3d78ba12 to 1 iterations
2021-06-11 17:16:14.812 [DEBUG][org.jetbrains.research.kex.asm.transform.LoopDeroller] - Method java/io/PipedInputStream::receive(byte[], int, int): void, unrolling loop org.jetbrains.research.kfg.analysis.Loop@5b9fa08 to 1 iterations
2021-06-11 17:16:14.816 [DEBUG][org.jetbrains.research.kex.asm.transform.LoopDeroller] - Method java/io/PipedInputStream::awaitSpace(): void, unrolling loop org.jetbrains.research.kfg.analysis.Loop@2257dce7 to 1 iterations
2021-06-11 17:16:14.817 [DEBUG][org.jetbrains.research.kex.asm.transform.LoopDeroller] - Method java/io/PipedInputStream::read(): int, unrolling loop org.jetbrains.research.kfg.analysis.Loop@439a7981 to 1 iterations
2021-06-11 17:16:14.826 [DEBUG][org.jetbrains.research.kex.asm.transform.LoopDeroller] - Method java/io/PipedInputStream::read(byte[], int, int): int, unrolling loop org.jetbrains.research.kfg.analysis.Loop@4c3de038 to 1 iterations
2021-06-11 17:16:14.832 [DEBUG][org.jetbrains.research.kex.asm.transform.LoopDeroller] - Method java/util/concurrent/ConcurrentHashMap$Node::find(int, java/lang/Object): java/util/concurrent/ConcurrentHashMap$Node, unrolling loop org.jetbrains.research.kfg.analysis.Loop@2be4db1f to 1 iterations
2021-06-11 17:16:14.834 [DEBUG][org.jetbrains.research.kex.asm.transform.LoopDeroller] - Method java/util/Base64::getMimeEncoder(int, byte[]): java/util/Base64$Encoder, unrolling loop org.jetbrains.research.kfg.analysis.Loop@70dde6fb to 1 iterations
2021-06-11 17:16:14.836 [DEBUG][org.jetbrains.research.kex.asm.transform.LoopDeroller] - Method java/lang/Class::toGenericString(): java/lang/String, unrolling loop org.jetbrains.research.kfg.analysis.Loop@3cf5150f to 1 iterations
2021-06-11 17:16:14.843 [DEBUG][org.jetbrains.research.kex.asm.transform.LoopDeroller] - Method java/lang/Class::getEnclosingMethod(): java/lang/reflect/Method, unrolling loop org.jetbrains.research.kfg.analysis.Loop@2b4b754f to 1 iterations
2021-06-11 17:16:14.843 [DEBUG][org.jetbrains.research.kex.asm.transform.LoopDeroller] - Method java/lang/Class::getEnclosingMethod(): java/lang/reflect/Method, unrolling loop org.jetbrains.research.kfg.analysis.Loop@52eb838c to 1 iterations
2021-06-11 17:16:14.847 [DEBUG][org.jetbrains.research.kex.asm.transform.LoopDeroller] - Method java/lang/Class::getEnclosingMethod(): java/lang/reflect/Method, unrolling loop org.jetbrains.research.kfg.analysis.Loop@54370f83 to 1 iterations
2021-06-11 17:16:14.850 [DEBUG][org.jetbrains.research.kex.asm.transform.LoopDeroller] - Method java/lang/Class::getEnclosingConstructor(): java/lang/reflect/Constructor, unrolling loop org.jetbrains.research.kfg.analysis.Loop@300a83b1 to 1 iterations
2021-06-11 17:16:14.851 [DEBUG][org.jetbrains.research.kex.asm.transform.LoopDeroller] - Method java/lang/Class::getEnclosingConstructor(): java/lang/reflect/Constructor, unrolling loop org.jetbrains.research.kfg.analysis.Loop@79c89dc4 to 1 iterations
2021-06-11 17:16:14.855 [DEBUG][org.jetbrains.research.kex.asm.transform.LoopDeroller] - Method java/lang/Class::getEnclosingConstructor(): java/lang/reflect/Constructor, unrolling loop org.jetbrains.research.kfg.analysis.Loop@3525391e to 1 iterations
2021-06-11 17:16:14.857 [DEBUG][org.jetbrains.research.kex.asm.transform.LoopDeroller] - Method java/lang/Class::getSimpleName(): java/lang/String, unrolling loop org.jetbrains.research.kfg.analysis.Loop@13a25bba to 1 iterations
2021-06-11 17:16:14.857 [DEBUG][org.jetbrains.research.kex.asm.transform.LoopDeroller] - Method java/lang/Class::getTypeName(): java/lang/String, unrolling loop org.jetbrains.research.kfg.analysis.Loop@678a7b6c to 1 iterations
2021-06-11 17:16:14.857 [DEBUG][org.jetbrains.research.kex.asm.transform.LoopDeroller] - Method java/lang/Class::getTypeName(): java/lang/String, unrolling loop org.jetbrains.research.kfg.analysis.Loop@500e4ec to 1 iterations
2021-06-11 17:16:14.863 [DEBUG][org.jetbrains.research.kex.asm.transform.LoopDeroller] - Method java/lang/Class::resolveName(java/lang/String): java/lang/String, unrolling loop org.jetbrains.research.kfg.analysis.Loop@1b259543 to 1 iterations
2021-06-11 17:16:14.868 [DEBUG][org.jetbrains.research.kex.asm.transform.LoopDeroller] - Method java/lang/Class::newReflectionData(java/lang/ref/SoftReference, int): java/lang/Class$ReflectionData, unrolling loop org.jetbrains.research.kfg.analysis.Loop@2a1a9ef to 1 iterations
2021-06-11 17:16:14.875 [DEBUG][org.jetbrains.research.kex.asm.transform.LoopDeroller] - Method java/lang/Class::privateGetPublicFields(java/util/Set): java/lang/reflect/Field[], unrolling loop org.jetbrains.research.kfg.analysis.Loop@75b93a3d to 1 iterations
2021-06-11 17:16:14.876 [DEBUG][org.jetbrains.research.kex.asm.transform.LoopDeroller] - Method java/lang/Class::addAll(java/util/Collection, java/lang/reflect/Field[]): void, unrolling loop org.jetbrains.research.kfg.analysis.Loop@23c18751 to 1 iterations
2021-06-11 17:16:14.877 [DEBUG][org.jetbrains.research.kex.asm.transform.LoopDeroller] - Method java/lang/Class::privateGetPublicMethods(): java/lang/reflect/Method[], unrolling loop org.jetbrains.research.kfg.analysis.Loop@342dea3e to 1 iterations
2021-06-11 17:16:14.877 [DEBUG][org.jetbrains.research.kex.asm.transform.LoopDeroller] - Method java/lang/Class::privateGetPublicMethods(): java/lang/reflect/Method[], unrolling loop org.jetbrains.research.kfg.analysis.Loop@58902be to 1 iterations
2021-06-11 17:16:14.877 [DEBUG][org.jetbrains.research.kex.asm.transform.LoopDeroller] - Method java/lang/Class::privateGetPublicMethods(): java/lang/reflect/Method[], unrolling loop org.jetbrains.research.kfg.analysis.Loop@3a51e5dc to 1 iterations
2021-06-11 17:16:14.878 [DEBUG][org.jetbrains.research.kex.asm.transform.LoopDeroller] - Method java/lang/Class::searchFields(java/lang/reflect/Field[], java/lang/String): java/lang/reflect/Field, unrolling loop org.jetbrains.research.kfg.analysis.Loop@1f223238 to 1 iterations
2021-06-11 17:16:14.879 [DEBUG][org.jetbrains.research.kex.asm.transform.LoopDeroller] - Method java/lang/Class::getField0(java/lang/String): java/lang/reflect/Field, unrolling loop org.jetbrains.research.kfg.analysis.Loop@6f5d37e8 to 1 iterations
2021-06-11 17:16:14.884 [DEBUG][org.jetbrains.research.kex.asm.transform.LoopDeroller] - Method java/lang/Class::searchMethods(java/lang/reflect/Method[], java/lang/String, java/lang/Class[]): java/lang/reflect/Method, unrolling loop org.jetbrains.research.kfg.analysis.Loop@4ce7c16c to 1 iterations
2021-06-11 17:16:14.888 [DEBUG][org.jetbrains.research.kex.asm.transform.LoopDeroller] - Method java/lang/Class::privateGetMethodRecursive(java/lang/String, java/lang/Class[], bool, java/lang/Class$MethodArray): java/lang/reflect/Method, unrolling loop org.jetbrains.research.kfg.analysis.Loop@5788bb7c to 1 iterations
2021-06-11 17:16:14.890 [DEBUG][org.jetbrains.research.kex.asm.transform.LoopDeroller] - Method java/lang/Class::getConstructor0(java/lang/Class[], int): java/lang/reflect/Constructor, unrolling loop org.jetbrains.research.kfg.analysis.Loop@5d5fce69 to 1 iterations
2021-06-11 17:16:14.891 [DEBUG][org.jetbrains.research.kex.asm.transform.LoopDeroller] - Method java/lang/Class::arrayContentsEq(java/lang/Object[], java/lang/Object[]): bool, unrolling loop org.jetbrains.research.kfg.analysis.Loop@39bf6a47 to 1 iterations
2021-06-11 17:16:14.891 [DEBUG][org.jetbrains.research.kex.asm.transform.LoopDeroller] - Method java/lang/Class::copyFields(java/lang/reflect/Field[]): java/lang/reflect/Field[], unrolling loop org.jetbrains.research.kfg.analysis.Loop@25ef23b2 to 1 iterations
2021-06-11 17:16:14.892 [DEBUG][org.jetbrains.research.kex.asm.transform.LoopDeroller] - Method java/lang/Class::copyMethods(java/lang/reflect/Method[]): java/lang/reflect/Method[], unrolling loop org.jetbrains.research.kfg.analysis.Loop@33a03c5b to 1 iterations
2021-06-11 17:16:14.892 [DEBUG][org.jetbrains.research.kex.asm.transform.LoopDeroller] - Method java/lang/Class::copyConstructors(java/lang/reflect/Constructor[]): java/lang/reflect/Constructor[], unrolling loop org.jetbrains.research.kfg.analysis.Loop@5d26a4e to 1 iterations
2021-06-11 17:16:14.892 [DEBUG][org.jetbrains.research.kex.asm.transform.LoopDeroller] - Method java/lang/Class::argumentTypesToString(java/lang/Class[]): java/lang/String, unrolling loop org.jetbrains.research.kfg.analysis.Loop@496bf0d0 to 1 iterations
2021-06-11 17:16:14.893 [DEBUG][org.jetbrains.research.kex.asm.transform.LoopDeroller] - Method java/lang/Class::enumConstantDirectory(): java/util/Map, unrolling loop org.jetbrains.research.kfg.analysis.Loop@3f899e48 to 1 iterations
2021-06-11 17:16:14.894 [DEBUG][org.jetbrains.research.kex.asm.transform.LoopDeroller] - Method java/lang/Class::annotationData(): java/lang/Class$AnnotationData, unrolling loop org.jetbrains.research.kfg.analysis.Loop@5341af4b to 1 iterations
2021-06-11 17:16:14.894 [DEBUG][org.jetbrains.research.kex.asm.transform.LoopDeroller] - Method java/lang/Class::createAnnotationData(int): java/lang/Class$AnnotationData, unrolling loop org.jetbrains.research.kfg.analysis.Loop@5aa24dba to 1 iterations
2021-06-11 17:16:14.897 [DEBUG][org.jetbrains.research.kex.asm.transform.LoopDeroller] - Method java/io/ObjectStreamClass::lookup(java/lang/Class, bool): java/io/ObjectStreamClass, unrolling loop org.jetbrains.research.kfg.analysis.Loop@582d43ab to 1 iterations
2021-06-11 17:16:14.897 [DEBUG][org.jetbrains.research.kex.asm.transform.LoopDeroller] - Method java/io/ObjectStreamClass::<init>(java/lang/Class): void, unrolling loop org.jetbrains.research.kfg.analysis.Loop@5773cbf to 1 iterations
2021-06-11 17:16:14.904 [DEBUG][org.jetbrains.research.kex.asm.transform.LoopDeroller] - Method java/io/ObjectStreamClass::readNonProxy(java/io/ObjectInputStream): void, unrolling loop org.jetbrains.research.kfg.analysis.Loop@41b258dc to 1 iterations
2021-06-11 17:16:14.907 [DEBUG][org.jetbrains.research.kex.asm.transform.LoopDeroller] - Method java/io/ObjectStreamClass::writeNonProxy(java/io/ObjectOutputStream): void, unrolling loop org.jetbrains.research.kfg.analysis.Loop@28771d34 to 1 iterations
2021-06-11 17:16:14.908 [DEBUG][org.jetbrains.research.kex.asm.transform.LoopDeroller] - Method java/io/ObjectStreamClass::getField(java/lang/String, java/lang/Class): java/io/ObjectStreamField, unrolling loop org.jetbrains.research.kfg.analysis.Loop@3ed380fa to 1 iterations
2021-06-11 17:16:14.909 [DEBUG][org.jetbrains.research.kex.asm.transform.LoopDeroller] - Method java/io/ObjectStreamClass::getClassDataLayout0(): java/io/ObjectStreamClass$ClassDataSlot[], unrolling loop org.jetbrains.research.kfg.analysis.Loop@1caf3059 to 1 iterations
2021-06-11 17:16:14.909 [DEBUG][org.jetbrains.research.kex.asm.transform.LoopDeroller] - Method java/io/ObjectStreamClass::getClassDataLayout0(): java/io/ObjectStreamClass$ClassDataSlot[], unrolling loop org.jetbrains.research.kfg.analysis.Loop@12b65e00 to 1 iterations
2021-06-11 17:16:14.910 [DEBUG][org.jetbrains.research.kex.asm.transform.LoopDeroller] - Method java/io/ObjectStreamClass::getClassDataLayout0(): java/io/ObjectStreamClass$ClassDataSlot[], unrolling loop org.jetbrains.research.kfg.analysis.Loop@281c76f9 to 1 iterations
2021-06-11 17:16:14.911 [DEBUG][org.jetbrains.research.kex.asm.transform.LoopDeroller] - Method java/io/ObjectStreamClass::getClassDataLayout0(): java/io/ObjectStreamClass$ClassDataSlot[], unrolling loop org.jetbrains.research.kfg.analysis.Loop@59d6407d to 1 iterations
2021-06-11 17:16:14.912 [DEBUG][org.jetbrains.research.kex.asm.transform.LoopDeroller] - Method java/io/ObjectStreamClass::getClassDataLayout0(): java/io/ObjectStreamClass$ClassDataSlot[], unrolling loop org.jetbrains.research.kfg.analysis.Loop@9d1dee8 to 1 iterations
2021-06-11 17:16:14.916 [DEBUG][org.jetbrains.research.kex.asm.transform.LoopDeroller] - Method java/io/ObjectStreamClass::computeFieldOffsets(): void, unrolling loop org.jetbrains.research.kfg.analysis.Loop@14981ad7 to 1 iterations
2021-06-11 17:16:14.918 [DEBUG][org.jetbrains.research.kex.asm.transform.LoopDeroller] - Method java/io/ObjectStreamClass::getSerializableConstructor(java/lang/Class): java/lang/reflect/Constructor, unrolling loop org.jetbrains.research.kfg.analysis.Loop@3f99d036 to 1 iterations
2021-06-11 17:16:14.924 [DEBUG][org.jetbrains.research.kex.asm.transform.LoopDeroller] - Method java/io/ObjectStreamClass::getClassSignature(java/lang/Class): java/lang/String, unrolling loop org.jetbrains.research.kfg.analysis.Loop@4a30f312 to 1 iterations
2021-06-11 17:16:14.925 [DEBUG][org.jetbrains.research.kex.asm.transform.LoopDeroller] - Method java/io/ObjectStreamClass::getMethodSignature(java/lang/Class[], java/lang/Class): java/lang/String, unrolling loop org.jetbrains.research.kfg.analysis.Loop@11f35112 to 1 iterations
2021-06-11 17:16:14.925 [DEBUG][org.jetbrains.research.kex.asm.transform.LoopDeroller] - Method java/io/ObjectStreamClass::getDeclaredSerialFields(java/lang/Class): java/io/ObjectStreamField[], unrolling loop org.jetbrains.research.kfg.analysis.Loop@453e019 to 1 iterations
2021-06-11 17:16:14.927 [DEBUG][org.jetbrains.research.kex.asm.transform.LoopDeroller] - Method java/io/ObjectStreamClass::getDefaultSerialFields(java/lang/Class): java/io/ObjectStreamField[], unrolling loop org.jetbrains.research.kfg.analysis.Loop@4b92222e to 1 iterations
2021-06-11 17:16:14.928 [DEBUG][org.jetbrains.research.kex.asm.transform.LoopDeroller] - Method java/io/ObjectStreamClass::computeDefaultSUID(java/lang/Class): long, unrolling loop org.jetbrains.research.kfg.analysis.Loop@4855bff1 to 1 iterations
2021-06-11 17:16:14.929 [DEBUG][org.jetbrains.research.kex.asm.transform.LoopDeroller] - Method java/io/ObjectStreamClass::computeDefaultSUID(java/lang/Class): long, unrolling loop org.jetbrains.research.kfg.analysis.Loop@c7d0a69 to 1 iterations
2021-06-11 17:16:14.930 [DEBUG][org.jetbrains.research.kex.asm.transform.LoopDeroller] - Method java/io/ObjectStreamClass::computeDefaultSUID(java/lang/Class): long, unrolling loop org.jetbrains.research.kfg.analysis.Loop@6439b35c to 1 iterations
2021-06-11 17:16:14.932 [DEBUG][org.jetbrains.research.kex.asm.transform.LoopDeroller] - Method java/io/ObjectStreamClass::computeDefaultSUID(java/lang/Class): long, unrolling loop org.jetbrains.research.kfg.analysis.Loop@2bdb9ba to 1 iterations
2021-06-11 17:16:14.934 [DEBUG][org.jetbrains.research.kex.asm.transform.LoopDeroller] - Method java/io/ObjectStreamClass::computeDefaultSUID(java/lang/Class): long, unrolling loop org.jetbrains.research.kfg.analysis.Loop@63e20235 to 1 iterations
2021-06-11 17:16:14.934 [DEBUG][org.jetbrains.research.kex.asm.transform.LoopDeroller] - Method java/io/ObjectStreamClass::computeDefaultSUID(java/lang/Class): long, unrolling loop org.jetbrains.research.kfg.analysis.Loop@16ea40c2 to 1 iterations
2021-06-11 17:16:14.934 [DEBUG][org.jetbrains.research.kex.asm.transform.LoopDeroller] - Method java/io/ObjectStreamClass::computeDefaultSUID(java/lang/Class): long, unrolling loop org.jetbrains.research.kfg.analysis.Loop@67e02059 to 1 iterations
2021-06-11 17:16:14.935 [DEBUG][org.jetbrains.research.kex.asm.transform.LoopDeroller] - Method java/io/ObjectStreamClass::computeDefaultSUID(java/lang/Class): long, unrolling loop org.jetbrains.research.kfg.analysis.Loop@34c3106a to 1 iterations
2021-06-11 17:16:14.935 [DEBUG][org.jetbrains.research.kex.asm.transform.LoopDeroller] - Method java/io/ObjectStreamClass::computeDefaultSUID(java/lang/Class): long, unrolling loop org.jetbrains.research.kfg.analysis.Loop@2ec7408d to 1 iterations
2021-06-11 17:16:14.938 [DEBUG][org.jetbrains.research.kex.asm.transform.LoopDeroller] - Method java/io/ObjectStreamClass::getReflector(java/io/ObjectStreamField[], java/io/ObjectStreamClass): java/io/ObjectStreamClass$FieldReflector, unrolling loop org.jetbrains.research.kfg.analysis.Loop@4e0b8b4c to 1 iterations
2021-06-11 17:16:14.939 [DEBUG][org.jetbrains.research.kex.asm.transform.LoopDeroller] - Method java/io/ObjectStreamClass::matchFields(java/io/ObjectStreamField[], java/io/ObjectStreamClass): java/io/ObjectStreamField[], unrolling loop org.jetbrains.research.kfg.analysis.Loop@61029b80 to 1 iterations
2021-06-11 17:16:14.955 [DEBUG][org.jetbrains.research.kex.asm.transform.LoopDeroller] - Method java/io/ObjectStreamClass::matchFields(java/io/ObjectStreamField[], java/io/ObjectStreamClass): java/io/ObjectStreamField[], unrolling loop org.jetbrains.research.kfg.analysis.Loop@4e7a6b5d to 1 iterations
2021-06-11 17:16:14.958 [DEBUG][org.jetbrains.research.kex.asm.transform.LoopDeroller] - Method java/io/ObjectStreamClass::processQueue(java/lang/ref/ReferenceQueue, java/util/concurrent/ConcurrentMap): void, unrolling loop org.jetbrains.research.kfg.analysis.Loop@5f1535ca to 1 iterations
2021-06-11 17:16:14.958 [DEBUG][org.jetbrains.research.kex.asm.transform.LoopDeroller] - Method java/lang/Integer::toString(int, int): java/lang/String, unrolling loop org.jetbrains.research.kfg.analysis.Loop@1f25c8f to 1 iterations
2021-06-11 17:16:14.959 [DEBUG][org.jetbrains.research.kex.asm.transform.LoopDeroller] - Method java/lang/Integer::formatUnsignedInt(int, int, char[], int, int): int, unrolling loop org.jetbrains.research.kfg.analysis.Loop@3c845bd5 to 1 iterations
2021-06-11 17:16:14.959 [DEBUG][org.jetbrains.research.kex.asm.transform.LoopDeroller] - Method java/lang/Integer::getChars(int, int, char[]): void, unrolling loop org.jetbrains.research.kfg.analysis.Loop@6c524538 to 1 iterations
2021-06-11 17:16:14.960 [DEBUG][org.jetbrains.research.kex.asm.transform.LoopDeroller] - Method java/lang/Integer::getChars(int, int, char[]): void, unrolling loop org.jetbrains.research.kfg.analysis.Loop@f799fb2 to 1 iterations
2021-06-11 17:16:14.960 [DEBUG][org.jetbrains.research.kex.asm.transform.LoopDeroller] - Method java/lang/Integer::stringSize(int): int, unrolling loop org.jetbrains.research.kfg.analysis.Loop@1dcb1a7d to 1 iterations
2021-06-11 17:16:14.966 [DEBUG][org.jetbrains.research.kex.asm.transform.LoopDeroller] - Method java/lang/Integer::parseInt(java/lang/String, int): int, unrolling loop org.jetbrains.research.kfg.analysis.Loop@43c279db to 1 iterations
2021-06-11 17:16:14.974 [DEBUG][org.jetbrains.research.kex.asm.transform.LoopDeroller] - Method java/util/jar/Attributes$Name::isValid(java/lang/String): bool, unrolling loop org.jetbrains.research.kfg.analysis.Loop@47ab23b5 to 1 iterations
2021-06-11 17:16:14.988 [DEBUG][org.jetbrains.research.kex.asm.transform.LoopDeroller] - Method java/util/regex/Pattern$SliceIS::match(java/util/regex/Matcher, int, java/lang/CharSequence): bool, unrolling loop org.jetbrains.research.kfg.analysis.Loop@6cdbcf07 to 1 iterations
2021-06-11 17:16:14.990 [DEBUG][org.jetbrains.research.kex.asm.transform.LoopDeroller] - Method java/util/Base64$EncOutputStream::write(byte[], int, int): void, unrolling loop org.jetbrains.research.kfg.analysis.Loop@6b54a593 to 1 iterations
2021-06-11 17:16:14.992 [DEBUG][org.jetbrains.research.kex.asm.transform.LoopDeroller] - Method java/util/concurrent/ConcurrentHashMap$ForEachTransformedMappingTask::compute(): void, unrolling loop org.jetbrains.research.kfg.analysis.Loop@5731e43c to 1 iterations
2021-06-11 17:16:14.993 [DEBUG][org.jetbrains.research.kex.asm.transform.LoopDeroller] - Method java/util/concurrent/ConcurrentHashMap$ForEachTransformedMappingTask::compute(): void, unrolling loop org.jetbrains.research.kfg.analysis.Loop@2dd8ba87 to 1 iterations
2021-06-11 17:16:14.993 [DEBUG][org.jetbrains.research.kex.asm.transform.LoopDeroller] - Method java/util/concurrent/ConcurrentHashMap$SearchMappingsTask::compute(): void, unrolling loop org.jetbrains.research.kfg.analysis.Loop@2f8ef37c to 1 iterations
2021-06-11 17:16:14.994 [DEBUG][org.jetbrains.research.kex.asm.transform.LoopDeroller] - Method java/util/concurrent/ConcurrentHashMap$SearchMappingsTask::compute(): void, unrolling loop org.jetbrains.research.kfg.analysis.Loop@2c515be7 to 1 iterations
2021-06-11 17:16:14.995 [DEBUG][org.jetbrains.research.kex.asm.transform.LoopDeroller] - Method java/io/ObjectInputStream::resolveProxyClass(java/lang/String[]): java/lang/Class, unrolling loop org.jetbrains.research.kfg.analysis.Loop@7e707ad9 to 1 iterations
2021-06-11 17:16:14.997 [DEBUG][org.jetbrains.research.kex.asm.transform.LoopDeroller] - Method java/io/ObjectInputStream::readObject0(bool): java/lang/Object, unrolling loop org.jetbrains.research.kfg.analysis.Loop@66aef22f to 1 iterations
2021-06-11 17:16:15.001 [DEBUG][org.jetbrains.research.kex.asm.transform.LoopDeroller] - Method java/io/ObjectInputStream::readProxyDesc(bool): java/io/ObjectStreamClass, unrolling loop org.jetbrains.research.kfg.analysis.Loop@6c5cfca2 to 1 iterations
2021-06-11 17:16:15.002 [DEBUG][org.jetbrains.research.kex.asm.transform.LoopDeroller] - Method java/io/ObjectInputStream::readProxyDesc(bool): java/io/ObjectStreamClass, unrolling loop org.jetbrains.research.kfg.analysis.Loop@353308fd to 1 iterations
2021-06-11 17:16:15.008 [DEBUG][org.jetbrains.research.kex.asm.transform.LoopDeroller] - Method java/io/ObjectInputStream::readArray(bool): java/lang/Object, unrolling loop org.jetbrains.research.kfg.analysis.Loop@184eaa3d to 1 iterations
2021-06-11 17:16:15.008 [DEBUG][org.jetbrains.research.kex.asm.transform.LoopDeroller] - Method java/io/ObjectInputStream::readArray(bool): java/lang/Object, unrolling loop org.jetbrains.research.kfg.analysis.Loop@61c9ec64 to 1 iterations
2021-06-11 17:16:15.009 [ERROR][org.jetbrains.research.kex.asm.transform.LoopDeroller] - Can't deroll loops of method java/io/ObjectInputStream::readSerialData(java/lang/Object, java/io/ObjectStreamClass): void
2021-06-11 17:16:15.010 [DEBUG][org.jetbrains.research.kex.asm.transform.LoopDeroller] - Method java/io/ObjectInputStream::skipCustomData(): void, unrolling loop org.jetbrains.research.kfg.analysis.Loop@6349fff5 to 1 iterations
2021-06-11 17:16:15.012 [DEBUG][org.jetbrains.research.kex.asm.transform.LoopDeroller] - Method java/io/ObjectInputStream::defaultReadFields(java/lang/Object, java/io/ObjectStreamClass): void, unrolling loop org.jetbrains.research.kfg.analysis.Loop@613aee33 to 1 iterations
2021-06-11 17:16:15.013 [DEBUG][org.jetbrains.research.kex.asm.transform.LoopDeroller] - Method java/util/logging/Logging::getLoggerNames(): java/util/List, unrolling loop org.jetbrains.research.kfg.analysis.Loop@3aededd to 1 iterations
2021-06-11 17:16:15.014 [DEBUG][org.jetbrains.research.kex.asm.transform.LoopDeroller] - Method java/math/MutableBigInteger::clear(): void, unrolling loop org.jetbrains.research.kfg.analysis.Loop@2f01be25 to 1 iterations
2021-06-11 17:16:15.015 [DEBUG][org.jetbrains.research.kex.asm.transform.LoopDeroller] - Method java/math/MutableBigInteger::compare(java/math/MutableBigInteger): int, unrolling loop org.jetbrains.research.kfg.analysis.Loop@2a865cf to 1 iterations
2021-06-11 17:16:15.016 [DEBUG][org.jetbrains.research.kex.asm.transform.LoopDeroller] - Method java/math/MutableBigInteger::compareShifted(java/math/MutableBigInteger, int): int, unrolling loop org.jetbrains.research.kfg.analysis.Loop@3b28cb90 to 1 iterations
2021-06-11 17:16:15.017 [DEBUG][org.jetbrains.research.kex.asm.transform.LoopDeroller] - Method java/math/MutableBigInteger::compareHalf(java/math/MutableBigInteger): int, unrolling loop org.jetbrains.research.kfg.analysis.Loop@2207b7ed to 1 iterations
2021-06-11 17:16:15.017 [DEBUG][org.jetbrains.research.kex.asm.transform.LoopDeroller] - Method java/math/MutableBigInteger::getLowestSetBit(): int, unrolling loop org.jetbrains.research.kfg.analysis.Loop@66c693d6 to 1 iterations
2021-06-11 17:16:15.017 [DEBUG][org.jetbrains.research.kex.asm.transform.LoopDeroller] - Method java/math/MutableBigInteger::normalize(): void, unrolling loop org.jetbrains.research.kfg.analysis.Loop@66c7d830 to 1 iterations
2021-06-11 17:16:15.018 [DEBUG][org.jetbrains.research.kex.asm.transform.LoopDeroller] - Method java/math/MutableBigInteger::toIntArray(): int[], unrolling loop org.jetbrains.research.kfg.analysis.Loop@3434237a to 1 iterations
2021-06-11 17:16:15.019 [DEBUG][org.jetbrains.research.kex.asm.transform.LoopDeroller] - Method java/math/MutableBigInteger::leftShift(int): void, unrolling loop org.jetbrains.research.kfg.analysis.Loop@4f5f54cf to 1 iterations
2021-06-11 17:16:15.019 [DEBUG][org.jetbrains.research.kex.asm.transform.LoopDeroller] - Method java/math/MutableBigInteger::leftShift(int): void, unrolling loop org.jetbrains.research.kfg.analysis.Loop@4ae10aa0 to 1 iterations
2021-06-11 17:16:15.019 [DEBUG][org.jetbrains.research.kex.asm.transform.LoopDeroller] - Method java/math/MutableBigInteger::leftShift(int): void, unrolling loop org.jetbrains.research.kfg.analysis.Loop@4ffd8bf9 to 1 iterations
2021-06-11 17:16:15.019 [DEBUG][org.jetbrains.research.kex.asm.transform.LoopDeroller] - Method java/math/MutableBigInteger::leftShift(int): void, unrolling loop org.jetbrains.research.kfg.analysis.Loop@7b73353f to 1 iterations
2021-06-11 17:16:15.020 [DEBUG][org.jetbrains.research.kex.asm.transform.LoopDeroller] - Method java/math/MutableBigInteger::divadd(int[], int[], int): int, unrolling loop org.jetbrains.research.kfg.analysis.Loop@6575f4a1 to 1 iterations
2021-06-11 17:16:15.020 [DEBUG][org.jetbrains.research.kex.asm.transform.LoopDeroller] - Method java/math/MutableBigInteger::mulsub(int[], int[], int, int, int): int, unrolling loop org.jetbrains.research.kfg.analysis.Loop@510b0a26 to 1 iterations
2021-06-11 17:16:15.021 [DEBUG][org.jetbrains.research.kex.asm.transform.LoopDeroller] - Method java/math/MutableBigInteger::mulsubBorrow(int[], int[], int, int, int): int, unrolling loop org.jetbrains.research.kfg.analysis.Loop@5db86278 to 1 iterations
2021-06-11 17:16:15.021 [DEBUG][org.jetbrains.research.kex.asm.transform.LoopDeroller] - Method java/math/MutableBigInteger::primitiveRightShift(int): void, unrolling loop org.jetbrains.research.kfg.analysis.Loop@6af2d654 to 1 iterations
2021-06-11 17:16:15.022 [DEBUG][org.jetbrains.research.kex.asm.transform.LoopDeroller] - Method java/math/MutableBigInteger::primitiveLeftShift(int): void, unrolling loop org.jetbrains.research.kfg.analysis.Loop@78c9eb1f to 1 iterations
2021-06-11 17:16:15.023 [DEBUG][org.jetbrains.research.kex.asm.transform.LoopDeroller] - Method java/math/MutableBigInteger::getLower(int): java/math/BigInteger, unrolling loop org.jetbrains.research.kfg.analysis.Loop@40dfad0c to 1 iterations
2021-06-11 17:16:15.030 [DEBUG][org.jetbrains.research.kex.asm.transform.LoopDeroller] - Method java/math/MutableBigInteger::add(java/math/MutableBigInteger): void, unrolling loop org.jetbrains.research.kfg.analysis.Loop@4db3d541 to 1 iterations
2021-06-11 17:16:15.030 [DEBUG][org.jetbrains.research.kex.asm.transform.LoopDeroller] - Method java/math/MutableBigInteger::add(java/math/MutableBigInteger): void, unrolling loop org.jetbrains.research.kfg.analysis.Loop@23cb9abf to 1 iterations
2021-06-11 17:16:15.032 [DEBUG][org.jetbrains.research.kex.asm.transform.LoopDeroller] - Method java/math/MutableBigInteger::add(java/math/MutableBigInteger): void, unrolling loop org.jetbrains.research.kfg.analysis.Loop@468155c8 to 1 iterations
2021-06-11 17:16:15.033 [DEBUG][org.jetbrains.research.kex.asm.transform.LoopDeroller] - Method java/math/MutableBigInteger::addShifted(java/math/MutableBigInteger, int): void, unrolling loop org.jetbrains.research.kfg.analysis.Loop@d0cee2f to 1 iterations
2021-06-11 17:16:15.034 [DEBUG][org.jetbrains.research.kex.asm.transform.LoopDeroller] - Method java/math/MutableBigInteger::addShifted(java/math/MutableBigInteger, int): void, unrolling loop org.jetbrains.research.kfg.analysis.Loop@688eadf7 to 1 iterations
2021-06-11 17:16:15.035 [DEBUG][org.jetbrains.research.kex.asm.transform.LoopDeroller] - Method java/math/MutableBigInteger::addShifted(java/math/MutableBigInteger, int): void, unrolling loop org.jetbrains.research.kfg.analysis.Loop@67024dc8 to 1 iterations
2021-06-11 17:16:15.038 [DEBUG][org.jetbrains.research.kex.asm.transform.LoopDeroller] - Method java/math/MutableBigInteger::addDisjoint(java/math/MutableBigInteger, int): void, unrolling loop org.jetbrains.research.kfg.analysis.Loop@49456192 to 1 iterations
2021-06-11 17:16:15.039 [DEBUG][org.jetbrains.research.kex.asm.transform.LoopDeroller] - Method java/math/MutableBigInteger::subtract(java/math/MutableBigInteger): int, unrolling loop org.jetbrains.research.kfg.analysis.Loop@18f9eda0 to 1 iterations
2021-06-11 17:16:15.039 [DEBUG][org.jetbrains.research.kex.asm.transform.LoopDeroller] - Method java/math/MutableBigInteger::subtract(java/math/MutableBigInteger): int, unrolling loop org.jetbrains.research.kfg.analysis.Loop@31e1c0cc to 1 iterations
2021-06-11 17:16:15.040 [DEBUG][org.jetbrains.research.kex.asm.transform.LoopDeroller] - Method java/math/MutableBigInteger::difference(java/math/MutableBigInteger): int, unrolling loop org.jetbrains.research.kfg.analysis.Loop@453db0a8 to 1 iterations
2021-06-11 17:16:15.042 [DEBUG][org.jetbrains.research.kex.asm.transform.LoopDeroller] - Method java/math/MutableBigInteger::difference(java/math/MutableBigInteger): int, unrolling loop org.jetbrains.research.kfg.analysis.Loop@75f90637 to 1 iterations
2021-06-11 17:16:15.043 [DEBUG][org.jetbrains.research.kex.asm.transform.LoopDeroller] - Method java/math/MutableBigInteger::multiply(java/math/MutableBigInteger, java/math/MutableBigInteger): void, unrolling loop org.jetbrains.research.kfg.analysis.Loop@1f040ea3 to 1 iterations
2021-06-11 17:16:15.052 [DEBUG][org.jetbrains.research.kex.asm.transform.LoopDeroller] - Method java/math/MutableBigInteger::multiply(java/math/MutableBigInteger, java/math/MutableBigInteger): void, unrolling loop org.jetbrains.research.kfg.analysis.Loop@376b0d63 to 1 iterations
2021-06-11 17:16:15.055 [DEBUG][org.jetbrains.research.kex.asm.transform.LoopDeroller] - Method java/math/MutableBigInteger::multiply(java/math/MutableBigInteger, java/math/MutableBigInteger): void, unrolling loop org.jetbrains.research.kfg.analysis.Loop@15ad39b2 to 1 iterations
2021-06-11 17:16:15.056 [DEBUG][org.jetbrains.research.kex.asm.transform.LoopDeroller] - Method java/math/MutableBigInteger::mul(int, java/math/MutableBigInteger): void, unrolling loop org.jetbrains.research.kfg.analysis.Loop@95833be to 1 iterations
2021-06-11 17:16:15.056 [DEBUG][org.jetbrains.research.kex.asm.transform.LoopDeroller] - Method java/math/MutableBigInteger::divideOneWord(int, java/math/MutableBigInteger): int, unrolling loop org.jetbrains.research.kfg.analysis.Loop@2283ba37 to 1 iterations
2021-06-11 17:16:15.058 [DEBUG][org.jetbrains.research.kex.asm.transform.LoopDeroller] - Method java/math/MutableBigInteger::divideAndRemainderBurnikelZiegler(java/math/MutableBigInteger, java/math/MutableBigInteger): java/math/MutableBigInteger, unrolling loop org.jetbrains.research.kfg.analysis.Loop@205711bc to 1 iterations
2021-06-11 17:16:15.058 [DEBUG][org.jetbrains.research.kex.asm.transform.LoopDeroller] - Method java/math/MutableBigInteger::divide3n2n(java/math/MutableBigInteger, java/math/MutableBigInteger): java/math/MutableBigInteger, unrolling loop org.jetbrains.research.kfg.analysis.Loop@ba7c2df to 1 iterations
2021-06-11 17:16:15.058 [DEBUG][org.jetbrains.research.kex.asm.transform.LoopDeroller] - Method java/math/MutableBigInteger::copyAndShift(int[], int, int, int[], int, int): void, unrolling loop org.jetbrains.research.kfg.analysis.Loop@6e9fbea9 to 1 iterations
2021-06-11 17:16:15.060 [DEBUG][org.jetbrains.research.kex.asm.transform.LoopDeroller] - Method java/math/MutableBigInteger::divideMagnitude(java/math/MutableBigInteger, java/math/MutableBigInteger, bool): java/math/MutableBigInteger, unrolling loop org.jetbrains.research.kfg.analysis.Loop@1d5ed335 to 1 iterations
2021-06-11 17:16:15.075 [DEBUG][org.jetbrains.research.kex.asm.transform.LoopDeroller] - Method java/math/MutableBigInteger::divideMagnitude(java/math/MutableBigInteger, java/math/MutableBigInteger, bool): java/math/MutableBigInteger, unrolling loop org.jetbrains.research.kfg.analysis.Loop@57ba9f64 to 1 iterations
2021-06-11 17:16:15.077 [DEBUG][org.jetbrains.research.kex.asm.transform.LoopDeroller] - Method java/math/MutableBigInteger::divideLongMagnitude(long, java/math/MutableBigInteger): java/math/MutableBigInteger, unrolling loop org.jetbrains.research.kfg.analysis.Loop@7ad191d4 to 1 iterations
2021-06-11 17:16:15.088 [DEBUG][org.jetbrains.research.kex.asm.transform.LoopDeroller] - Method java/math/MutableBigInteger::divWord(long, int): long, unrolling loop org.jetbrains.research.kfg.analysis.Loop@71920291 to 1 iterations
2021-06-11 17:16:15.089 [DEBUG][org.jetbrains.research.kex.asm.transform.LoopDeroller] - Method java/math/MutableBigInteger::divWord(long, int): long, unrolling loop org.jetbrains.research.kfg.analysis.Loop@304bf8c1 to 1 iterations
2021-06-11 17:16:15.090 [DEBUG][org.jetbrains.research.kex.asm.transform.LoopDeroller] - Method java/math/MutableBigInteger::hybridGCD(java/math/MutableBigInteger): java/math/MutableBigInteger, unrolling loop org.jetbrains.research.kfg.analysis.Loop@2391c20d to 1 iterations
2021-06-11 17:16:15.091 [DEBUG][org.jetbrains.research.kex.asm.transform.LoopDeroller] - Method java/math/MutableBigInteger::binaryGCD(java/math/MutableBigInteger): java/math/MutableBigInteger, unrolling loop org.jetbrains.research.kfg.analysis.Loop@90e4b07 to 1 iterations
2021-06-11 17:16:15.092 [DEBUG][org.jetbrains.research.kex.asm.transform.LoopDeroller] - Method java/math/MutableBigInteger::binaryGcd(int, int): int, unrolling loop org.jetbrains.research.kfg.analysis.Loop@57faf53d to 1 iterations
2021-06-11 17:16:15.093 [DEBUG][org.jetbrains.research.kex.asm.transform.LoopDeroller] - Method java/math/MutableBigInteger::modInverse(java/math/MutableBigInteger): java/math/MutableBigInteger, unrolling loop org.jetbrains.research.kfg.analysis.Loop@9f4efc6 to 1 iterations
2021-06-11 17:16:15.096 [DEBUG][org.jetbrains.research.kex.asm.transform.LoopDeroller] - Method java/math/MutableBigInteger::modInverse(java/math/MutableBigInteger): java/math/MutableBigInteger, unrolling loop org.jetbrains.research.kfg.analysis.Loop@b12f491 to 1 iterations
2021-06-11 17:16:15.096 [DEBUG][org.jetbrains.research.kex.asm.transform.LoopDeroller] - Method java/math/MutableBigInteger::fixup(java/math/MutableBigInteger, java/math/MutableBigInteger, int): java/math/MutableBigInteger, unrolling loop org.jetbrains.research.kfg.analysis.Loop@3267bb91 to 1 iterations
2021-06-11 17:16:15.098 [DEBUG][org.jetbrains.research.kex.asm.transform.LoopDeroller] - Method java/math/MutableBigInteger::fixup(java/math/MutableBigInteger, java/math/MutableBigInteger, int): java/math/MutableBigInteger, unrolling loop org.jetbrains.research.kfg.analysis.Loop@45599370 to 1 iterations
2021-06-11 17:16:15.099 [DEBUG][org.jetbrains.research.kex.asm.transform.LoopDeroller] - Method java/math/MutableBigInteger::euclidModInverse(int): java/math/MutableBigInteger, unrolling loop org.jetbrains.research.kfg.analysis.Loop@6bf2d524 to 1 iterations
2021-06-11 17:16:15.104 [DEBUG][org.jetbrains.research.kex.asm.transform.LoopDeroller] - Method java/util/Collections$CheckedMap$CheckedEntrySet::toArray(): java/lang/Object[], unrolling loop org.jetbrains.research.kfg.analysis.Loop@78458408 to 1 iterations
2021-06-11 17:16:15.104 [DEBUG][org.jetbrains.research.kex.asm.transform.LoopDeroller] - Method java/util/Collections$CheckedMap$CheckedEntrySet::toArray(java/lang/Object[]): java/lang/Object[], unrolling loop org.jetbrains.research.kfg.analysis.Loop@5c9b96da to 1 iterations
2021-06-11 17:16:15.104 [DEBUG][org.jetbrains.research.kex.asm.transform.LoopDeroller] - Method java/util/Collections$CheckedMap$CheckedEntrySet::containsAll(java/util/Collection): bool, unrolling loop org.jetbrains.research.kfg.analysis.Loop@79a9c057 to 1 iterations
2021-06-11 17:16:15.105 [DEBUG][org.jetbrains.research.kex.asm.transform.LoopDeroller] - Method java/util/Collections$CheckedMap$CheckedEntrySet::batchRemove(java/util/Collection, bool): bool, unrolling loop org.jetbrains.research.kfg.analysis.Loop@798e65f0 to 1 iterations
2021-06-11 17:16:15.112 [DEBUG][org.jetbrains.research.kex.asm.transform.LoopDeroller] - Method java/lang/invoke/MethodHandles::permuteArguments(java/lang/invoke/MethodHandle, java/lang/invoke/MethodType, int[]): java/lang/invoke/MethodHandle, unrolling loop org.jetbrains.research.kfg.analysis.Loop@305ed5d to 1 iterations
2021-06-11 17:16:15.114 [DEBUG][org.jetbrains.research.kex.asm.transform.LoopDeroller] - Method java/lang/invoke/MethodHandles::permuteArguments(java/lang/invoke/MethodHandle, java/lang/invoke/MethodType, int[]): java/lang/invoke/MethodHandle, unrolling loop org.jetbrains.research.kfg.analysis.Loop@6f5501a9 to 1 iterations
2021-06-11 17:16:15.114 [DEBUG][org.jetbrains.research.kex.asm.transform.LoopDeroller] - Method java/lang/invoke/MethodHandles::permuteArguments(java/lang/invoke/MethodHandle, java/lang/invoke/MethodType, int[]): java/lang/invoke/MethodHandle, unrolling loop org.jetbrains.research.kfg.analysis.Loop@5f59b141 to 1 iterations
2021-06-11 17:16:15.119 [DEBUG][org.jetbrains.research.kex.asm.transform.LoopDeroller] - Method java/lang/invoke/MethodHandles::findFirstDupOrDrop(int[], int): int, unrolling loop org.jetbrains.research.kfg.analysis.Loop@547cc51a to 1 iterations
2021-06-11 17:16:15.121 [DEBUG][org.jetbrains.research.kex.asm.transform.LoopDeroller] - Method java/lang/invoke/MethodHandles::findFirstDupOrDrop(int[], int): int, unrolling loop org.jetbrains.research.kfg.analysis.Loop@10541789 to 1 iterations
2021-06-11 17:16:15.121 [DEBUG][org.jetbrains.research.kex.asm.transform.LoopDeroller] - Method java/lang/invoke/MethodHandles::permuteArgumentChecks(int[], java/lang/invoke/MethodType, java/lang/invoke/MethodType): bool, unrolling loop org.jetbrains.research.kfg.analysis.Loop@6f17689d to 1 iterations
2021-06-11 17:16:15.122 [DEBUG][org.jetbrains.research.kex.asm.transform.LoopDeroller] - Method java/lang/invoke/MethodHandles::insertArguments(java/lang/invoke/MethodHandle, int, java/lang/Object[]): java/lang/invoke/MethodHandle, unrolling loop org.jetbrains.research.kfg.analysis.Loop@9a81312 to 1 iterations
2021-06-11 17:16:15.123 [DEBUG][org.jetbrains.research.kex.asm.transform.LoopDeroller] - Method java/lang/invoke/MethodHandles::dropArguments(java/lang/invoke/MethodHandle, int, java/util/List): java/lang/invoke/MethodHandle, unrolling loop org.jetbrains.research.kfg.analysis.Loop@3aae66b3 to 1 iterations
2021-06-11 17:16:15.123 [DEBUG][org.jetbrains.research.kex.asm.transform.LoopDeroller] - Method java/lang/invoke/MethodHandles::filterArguments(java/lang/invoke/MethodHandle, int, java/lang/invoke/MethodHandle[]): java/lang/invoke/MethodHandle, unrolling loop org.jetbrains.research.kfg.analysis.Loop@316d2f5d to 1 iterations
2021-06-11 17:16:15.125 [DEBUG][org.jetbrains.research.kex.asm.transform.LoopDeroller] - Method java/util/concurrent/PriorityBlockingQueue::<init>(java/util/Collection): void, unrolling loop org.jetbrains.research.kfg.analysis.Loop@3602ef17 to 1 iterations
2021-06-11 17:16:15.129 [DEBUG][org.jetbrains.research.kex.asm.transform.LoopDeroller] - Method java/util/concurrent/PriorityBlockingQueue::siftUpComparable(int, java/lang/Object, java/lang/Object[]): void, unrolling loop org.jetbrains.research.kfg.analysis.Loop@5aa5921c to 1 iterations
2021-06-11 17:16:15.131 [DEBUG][org.jetbrains.research.kex.asm.transform.LoopDeroller] - Method java/util/concurrent/PriorityBlockingQueue::siftUpUsingComparator(int, java/lang/Object, java/lang/Object[], java/util/Comparator): void, unrolling loop org.jetbrains.research.kfg.analysis.Loop@6378f5 to 1 iterations
2021-06-11 17:16:15.133 [DEBUG][org.jetbrains.research.kex.asm.transform.LoopDeroller] - Method java/util/concurrent/PriorityBlockingQueue::siftDownComparable(int, java/lang/Object, java/lang/Object[], int): void, unrolling loop org.jetbrains.research.kfg.analysis.Loop@6d667a34 to 1 iterations
2021-06-11 17:16:15.133 [DEBUG][org.jetbrains.research.kex.asm.transform.LoopDeroller] - Method java/util/concurrent/PriorityBlockingQueue::siftDownUsingComparator(int, java/lang/Object, java/lang/Object[], int, java/util/Comparator): void, unrolling loop org.jetbrains.research.kfg.analysis.Loop@4b28867d to 1 iterations
2021-06-11 17:16:15.134 [DEBUG][org.jetbrains.research.kex.asm.transform.LoopDeroller] - Method java/util/concurrent/PriorityBlockingQueue::heapify(): void, unrolling loop org.jetbrains.research.kfg.analysis.Loop@3d8cd498 to 1 iterations
2021-06-11 17:16:15.136 [DEBUG][org.jetbrains.research.kex.asm.transform.LoopDeroller] - Method java/util/concurrent/PriorityBlockingQueue::heapify(): void, unrolling loop org.jetbrains.research.kfg.analysis.Loop@46185f85 to 1 iterations
2021-06-11 17:16:15.137 [DEBUG][org.jetbrains.research.kex.asm.transform.LoopDeroller] - Method java/util/concurrent/PriorityBlockingQueue::offer(java/lang/Object): bool, unrolling loop org.jetbrains.research.kfg.analysis.Loop@34767599 to 1 iterations
2021-06-11 17:16:15.137 [DEBUG][org.jetbrains.research.kex.asm.transform.LoopDeroller] - Method java/util/concurrent/PriorityBlockingQueue::take(): java/lang/Object, unrolling loop org.jetbrains.research.kfg.analysis.Loop@4435648b to 1 iterations
2021-06-11 17:16:15.137 [DEBUG][org.jetbrains.research.kex.asm.transform.LoopDeroller] - Method java/util/concurrent/PriorityBlockingQueue::poll(long, java/util/concurrent/TimeUnit): java/lang/Object, unrolling loop org.jetbrains.research.kfg.analysis.Loop@3630cfe7 to 1 iterations
2021-06-11 17:16:15.138 [DEBUG][org.jetbrains.research.kex.asm.transform.LoopDeroller] - Method java/util/concurrent/PriorityBlockingQueue::indexOf(java/lang/Object): int, unrolling loop org.jetbrains.research.kfg.analysis.Loop@57340766 to 1 iterations
2021-06-11 17:16:15.138 [DEBUG][org.jetbrains.research.kex.asm.transform.LoopDeroller] - Method java/util/concurrent/PriorityBlockingQueue::removeEQ(java/lang/Object): void, unrolling loop org.jetbrains.research.kfg.analysis.Loop@410dfd45 to 1 iterations
2021-06-11 17:16:15.138 [DEBUG][org.jetbrains.research.kex.asm.transform.LoopDeroller] - Method java/util/concurrent/PriorityBlockingQueue::toString(): java/lang/String, unrolling loop org.jetbrains.research.kfg.analysis.Loop@5143137d to 1 iterations
2021-06-11 17:16:15.139 [DEBUG][org.jetbrains.research.kex.asm.transform.LoopDeroller] - Method java/util/concurrent/PriorityBlockingQueue::drainTo(java/util/Collection, int): int, unrolling loop org.jetbrains.research.kfg.analysis.Loop@38be49ad to 1 iterations
2021-06-11 17:16:15.139 [DEBUG][org.jetbrains.research.kex.asm.transform.LoopDeroller] - Method java/util/concurrent/PriorityBlockingQueue::clear(): void, unrolling loop org.jetbrains.research.kfg.analysis.Loop@24b33d43 to 1 iterations
2021-06-11 17:16:15.140 [DEBUG][org.jetbrains.research.kex.asm.transform.LoopDeroller] - Method java/util/ArraysParallelSortHelpers$FJByte$Sorter::compute(): void, unrolling loop org.jetbrains.research.kfg.analysis.Loop@d3d39f to 1 iterations
2021-06-11 17:16:15.141 [DEBUG][org.jetbrains.research.kex.asm.transform.LoopDeroller] - Method java/util/ArraysParallelSortHelpers$FJDouble$Sorter::compute(): void, unrolling loop org.jetbrains.research.kfg.analysis.Loop@168fc9ee to 1 iterations
2021-06-11 17:16:15.142 [DEBUG][org.jetbrains.research.kex.asm.transform.LoopDeroller] - Method java/util/stream/Nodes$LongArrayNode::forEach(java/util/function/LongConsumer): void, unrolling loop org.jetbrains.research.kfg.analysis.Loop@622b34fa to 1 iterations
2021-06-11 17:16:15.143 [DEBUG][org.jetbrains.research.kex.asm.transform.LoopDeroller] - Method java/nio/charset/Charset::checkName(java/lang/String): void, unrolling loop org.jetbrains.research.kfg.analysis.Loop@44fd2548 to 1 iterations
2021-06-11 17:16:15.144 [DEBUG][org.jetbrains.research.kex.asm.transform.LoopDeroller] - Method java/nio/charset/Charset::put(java/util/Iterator, java/util/Map): void, unrolling loop org.jetbrains.research.kfg.analysis.Loop@259eae3f to 1 iterations
2021-06-11 17:16:15.144 [DEBUG][org.jetbrains.research.kex.asm.transform.LoopDeroller] - Method java/nio/charset/Charset::<init>(java/lang/String, java/lang/String[]): void, unrolling loop org.jetbrains.research.kfg.analysis.Loop@33f0b816 to 1 iterations
2021-06-11 17:16:15.144 [DEBUG][org.jetbrains.research.kex.asm.transform.LoopDeroller] - Method java/nio/charset/Charset::aliases(): java/util/Set, unrolling loop org.jetbrains.research.kfg.analysis.Loop@446eb562 to 1 iterations
2021-06-11 17:16:15.150 [DEBUG][org.jetbrains.research.kex.asm.transform.LoopDeroller] - Method java/util/zip/CheckedInputStream::skip(long): long, unrolling loop org.jetbrains.research.kfg.analysis.Loop@1cfaec82 to 1 iterations
2021-06-11 17:16:15.153 [DEBUG][org.jetbrains.research.kex.asm.transform.LoopDeroller] - Method java/util/WeakHashMap::<init>(int, float): void, unrolling loop org.jetbrains.research.kfg.analysis.Loop@39257afb to 1 iterations
2021-06-11 17:16:15.155 [DEBUG][org.jetbrains.research.kex.asm.transform.LoopDeroller] - Method java/util/WeakHashMap::expungeStaleEntries(): void, unrolling loop org.jetbrains.research.kfg.analysis.Loop@521bd3bc to 1 iterations
2021-06-11 17:16:15.155 [DEBUG][org.jetbrains.research.kex.asm.transform.LoopDeroller] - Method java/util/WeakHashMap::expungeStaleEntries(): void, unrolling loop org.jetbrains.research.kfg.analysis.Loop@c99af54 to 1 iterations
2021-06-11 17:16:15.157 [DEBUG][org.jetbrains.research.kex.asm.transform.LoopDeroller] - Method java/util/WeakHashMap::get(java/lang/Object): java/lang/Object, unrolling loop org.jetbrains.research.kfg.analysis.Loop@1a7413fb to 1 iterations
2021-06-11 17:16:15.158 [DEBUG][org.jetbrains.research.kex.asm.transform.LoopDeroller] - Method java/util/WeakHashMap::getEntry(java/lang/Object): java/util/WeakHashMap$Entry, unrolling loop org.jetbrains.research.kfg.analysis.Loop@563824bf to 1 iterations
2021-06-11 17:16:15.158 [DEBUG][org.jetbrains.research.kex.asm.transform.LoopDeroller] - Method java/util/WeakHashMap::put(java/lang/Object, java/lang/Object): java/lang/Object, unrolling loop org.jetbrains.research.kfg.analysis.Loop@23405334 to 1 iterations
2021-06-11 17:16:15.165 [DEBUG][org.jetbrains.research.kex.asm.transform.LoopDeroller] - Method java/util/WeakHashMap::transfer(java/util/WeakHashMap$Entry[], java/util/WeakHashMap$Entry[]): void, unrolling loop org.jetbrains.research.kfg.analysis.Loop@1c64dc84 to 1 iterations
2021-06-11 17:16:15.166 [DEBUG][org.jetbrains.research.kex.asm.transform.LoopDeroller] - Method java/util/WeakHashMap::transfer(java/util/WeakHashMap$Entry[], java/util/WeakHashMap$Entry[]): void, unrolling loop org.jetbrains.research.kfg.analysis.Loop@2e81afd3 to 1 iterations
2021-06-11 17:16:15.175 [DEBUG][org.jetbrains.research.kex.asm.transform.LoopDeroller] - Method java/util/WeakHashMap::putAll(java/util/Map): void, unrolling loop org.jetbrains.research.kfg.analysis.Loop@448ff9ed to 1 iterations
2021-06-11 17:16:15.175 [DEBUG][org.jetbrains.research.kex.asm.transform.LoopDeroller] - Method java/util/WeakHashMap::putAll(java/util/Map): void, unrolling loop org.jetbrains.research.kfg.analysis.Loop@45e2132f to 1 iterations
2021-06-11 17:16:15.175 [DEBUG][org.jetbrains.research.kex.asm.transform.LoopDeroller] - Method java/util/WeakHashMap::remove(java/lang/Object): java/lang/Object, unrolling loop org.jetbrains.research.kfg.analysis.Loop@4e19402a to 1 iterations
2021-06-11 17:16:15.176 [DEBUG][org.jetbrains.research.kex.asm.transform.LoopDeroller] - Method java/util/WeakHashMap::removeMapping(java/lang/Object): bool, unrolling loop org.jetbrains.research.kfg.analysis.Loop@40849769 to 1 iterations
2021-06-11 17:16:15.176 [DEBUG][org.jetbrains.research.kex.asm.transform.LoopDeroller] - Method java/util/WeakHashMap::clear(): void, unrolling loop org.jetbrains.research.kfg.analysis.Loop@5cb3b3e0 to 1 iterations
2021-06-11 17:16:15.177 [DEBUG][org.jetbrains.research.kex.asm.transform.LoopDeroller] - Method java/util/WeakHashMap::clear(): void, unrolling loop org.jetbrains.research.kfg.analysis.Loop@4829bf2c to 1 iterations
2021-06-11 17:16:15.177 [DEBUG][org.jetbrains.research.kex.asm.transform.LoopDeroller] - Method java/util/WeakHashMap::containsValue(java/lang/Object): bool, unrolling loop org.jetbrains.research.kfg.analysis.Loop@1e24dad7 to 1 iterations
2021-06-11 17:16:15.177 [DEBUG][org.jetbrains.research.kex.asm.transform.LoopDeroller] - Method java/util/WeakHashMap::containsValue(java/lang/Object): bool, unrolling loop org.jetbrains.research.kfg.analysis.Loop@4cccc54 to 1 iterations
2021-06-11 17:16:15.177 [DEBUG][org.jetbrains.research.kex.asm.transform.LoopDeroller] - Method java/util/WeakHashMap::containsNullValue(): bool, unrolling loop org.jetbrains.research.kfg.analysis.Loop@926e88d to 1 iterations
2021-06-11 17:16:15.178 [DEBUG][org.jetbrains.research.kex.asm.transform.LoopDeroller] - Method java/util/WeakHashMap::containsNullValue(): bool, unrolling loop org.jetbrains.research.kfg.analysis.Loop@16386de1 to 1 iterations
2021-06-11 17:16:15.178 [DEBUG][org.jetbrains.research.kex.asm.transform.LoopDeroller] - Method java/util/WeakHashMap::forEach(java/util/function/BiConsumer): void, unrolling loop org.jetbrains.research.kfg.analysis.Loop@4414bba0 to 1 iterations
2021-06-11 17:16:15.178 [DEBUG][org.jetbrains.research.kex.asm.transform.LoopDeroller] - Method java/util/WeakHashMap::forEach(java/util/function/BiConsumer): void, unrolling loop org.jetbrains.research.kfg.analysis.Loop@4175ea93 to 1 iterations
2021-06-11 17:16:15.179 [DEBUG][org.jetbrains.research.kex.asm.transform.LoopDeroller] - Method java/util/WeakHashMap::replaceAll(java/util/function/BiFunction): void, unrolling loop org.jetbrains.research.kfg.analysis.Loop@3f76695b to 1 iterations
2021-06-11 17:16:15.179 [DEBUG][org.jetbrains.research.kex.asm.transform.LoopDeroller] - Method java/util/WeakHashMap::replaceAll(java/util/function/BiFunction): void, unrolling loop org.jetbrains.research.kfg.analysis.Loop@729f840c to 1 iterations
2021-06-11 17:16:15.181 [DEBUG][org.jetbrains.research.kex.asm.transform.LoopDeroller] - Method java/util/jar/JarVerifier::processEntry(sun/security/util/ManifestEntryVerifier): void, unrolling loop org.jetbrains.research.kfg.analysis.Loop@637fc42d to 1 iterations
2021-06-11 17:16:15.183 [DEBUG][org.jetbrains.research.kex.asm.transform.LoopDeroller] - Method java/util/jar/JarVerifier::getCodeSigners(java/util/jar/JarFile, java/util/jar/JarEntry): java/security/CodeSigner[], unrolling loop org.jetbrains.research.kfg.analysis.Loop@6defcadc to 1 iterations
2021-06-11 17:16:15.183 [DEBUG][org.jetbrains.research.kex.asm.transform.LoopDeroller] - Method java/util/jar/JarVerifier::mapSignersToCertArray(java/security/CodeSigner[]): java/security/cert/Certificate[], unrolling loop org.jetbrains.research.kfg.analysis.Loop@7653db77 to 1 iterations
2021-06-11 17:16:15.184 [DEBUG][org.jetbrains.research.kex.asm.transform.LoopDeroller] - Method java/util/jar/JarVerifier::mapSignersToCodeSources(java/net/URL, java/util/List, bool): java/security/CodeSource[], unrolling loop org.jetbrains.research.kfg.analysis.Loop@20c487d to 1 iterations
2021-06-11 17:16:15.184 [DEBUG][org.jetbrains.research.kex.asm.transform.LoopDeroller] - Method java/util/jar/JarVerifier::findMatchingSigners(java/security/CodeSource): java/security/CodeSigner[], unrolling loop org.jetbrains.research.kfg.analysis.Loop@6134087e to 1 iterations
2021-06-11 17:16:15.185 [DEBUG][org.jetbrains.research.kex.asm.transform.LoopDeroller] - Method java/util/jar/JarVerifier::entryNames(java/util/jar/JarFile, java/security/CodeSource[]): java/util/Enumeration, unrolling loop org.jetbrains.research.kfg.analysis.Loop@3447940d to 1 iterations
2021-06-11 17:16:15.185 [DEBUG][org.jetbrains.research.kex.asm.transform.LoopDeroller] - Method java/lang/ref/Reference::<clinit>(): void, unrolling loop org.jetbrains.research.kfg.analysis.Loop@2942455e to 1 iterations
2021-06-11 17:16:15.192 [DEBUG][org.jetbrains.research.kex.asm.transform.LoopDeroller] - Method java/util/ArraysParallelSortHelpers$FJInt$Sorter::compute(): void, unrolling loop org.jetbrains.research.kfg.analysis.Loop@5c868c96 to 1 iterations
2021-06-11 17:16:15.201 [DEBUG][org.jetbrains.research.kex.asm.transform.LoopDeroller] - Method java/math/BigDecimal::<init>(char[], int, int, java/math/MathContext): void, unrolling loop org.jetbrains.research.kfg.analysis.Loop@1a356407 to 1 iterations
2021-06-11 17:16:15.202 [DEBUG][org.jetbrains.research.kex.asm.transform.LoopDeroller] - Method java/math/BigDecimal::<init>(char[], int, int, java/math/MathContext): void, unrolling loop org.jetbrains.research.kfg.analysis.Loop@19042f50 to 1 iterations
2021-06-11 17:16:15.203 [DEBUG][org.jetbrains.research.kex.asm.transform.LoopDeroller] - Method java/math/BigDecimal::<init>(char[], int, int, java/math/MathContext): void, unrolling loop org.jetbrains.research.kfg.analysis.Loop@799d5c9b to 1 iterations
2021-06-11 17:16:15.206 [DEBUG][org.jetbrains.research.kex.asm.transform.LoopDeroller] - Method java/math/BigDecimal::<init>(char[], int, int, java/math/MathContext): void, unrolling loop org.jetbrains.research.kfg.analysis.Loop@9df9823 to 1 iterations
2021-06-11 17:16:15.217 [DEBUG][org.jetbrains.research.kex.asm.transform.LoopDeroller] - Method java/math/BigDecimal::<init>(char[], int, int, java/math/MathContext): void, unrolling loop org.jetbrains.research.kfg.analysis.Loop@4dcfb2f1 to 1 iterations
2021-06-11 17:16:15.218 [DEBUG][org.jetbrains.research.kex.asm.transform.LoopDeroller] - Method java/math/BigDecimal::parseExp(char[], int, int): long, unrolling loop org.jetbrains.research.kfg.analysis.Loop@70c3dd04 to 1 iterations
2021-06-11 17:16:15.221 [DEBUG][org.jetbrains.research.kex.asm.transform.LoopDeroller] - Method java/math/BigDecimal::parseExp(char[], int, int): long, unrolling loop org.jetbrains.research.kfg.analysis.Loop@717e4d19 to 1 iterations
2021-06-11 17:16:15.221 [DEBUG][org.jetbrains.research.kex.asm.transform.LoopDeroller] - Method java/math/BigDecimal::<init>(double, java/math/MathContext): void, unrolling loop org.jetbrains.research.kfg.analysis.Loop@ee9842d to 1 iterations
2021-06-11 17:16:15.222 [DEBUG][org.jetbrains.research.kex.asm.transform.LoopDeroller] - Method java/math/BigDecimal::<init>(double, java/math/MathContext): void, unrolling loop org.jetbrains.research.kfg.analysis.Loop@2c7c91d4 to 1 iterations
2021-06-11 17:16:15.223 [DEBUG][org.jetbrains.research.kex.asm.transform.LoopDeroller] - Method java/math/BigDecimal::<init>(double, java/math/MathContext): void, unrolling loop org.jetbrains.research.kfg.analysis.Loop@76870b7b to 1 iterations
2021-06-11 17:16:15.223 [DEBUG][org.jetbrains.research.kex.asm.transform.LoopDeroller] - Method java/math/BigDecimal::<init>(java/math/BigInteger, int, java/math/MathContext): void, unrolling loop org.jetbrains.research.kfg.analysis.Loop@67a82bfa to 1 iterations
2021-06-11 17:16:15.224 [DEBUG][org.jetbrains.research.kex.asm.transform.LoopDeroller] - Method java/math/BigDecimal::<init>(java/math/BigInteger, int, java/math/MathContext): void, unrolling loop org.jetbrains.research.kfg.analysis.Loop@3a469924 to 1 iterations
2021-06-11 17:16:15.224 [DEBUG][org.jetbrains.research.kex.asm.transform.LoopDeroller] - Method java/math/BigDecimal::<init>(int, java/math/MathContext): void, unrolling loop org.jetbrains.research.kfg.analysis.Loop@43957251 to 1 iterations
2021-06-11 17:16:15.225 [DEBUG][org.jetbrains.research.kex.asm.transform.LoopDeroller] - Method java/math/BigDecimal::<init>(long, java/math/MathContext): void, unrolling loop org.jetbrains.research.kfg.analysis.Loop@1b8f66a3 to 1 iterations
2021-06-11 17:16:15.225 [DEBUG][org.jetbrains.research.kex.asm.transform.LoopDeroller] - Method java/math/BigDecimal::<init>(long, java/math/MathContext): void, unrolling loop org.jetbrains.research.kfg.analysis.Loop@2231b70d to 1 iterations
2021-06-11 17:16:15.234 [DEBUG][org.jetbrains.research.kex.asm.transform.LoopDeroller] - Method java/math/BigDecimal::pow(int, java/math/MathContext): java/math/BigDecimal, unrolling loop org.jetbrains.research.kfg.analysis.Loop@2290775c to 1 iterations
2021-06-11 17:16:15.237 [DEBUG][org.jetbrains.research.kex.asm.transform.LoopDeroller] - Method java/math/BigDecimal::toPlainString(): java/lang/String, unrolling loop org.jetbrains.research.kfg.analysis.Loop@40d8a19d to 1 iterations
2021-06-11 17:16:15.238 [DEBUG][org.jetbrains.research.kex.asm.transform.LoopDeroller] - Method java/math/BigDecimal::getValueString(int, java/lang/String, int): java/lang/String, unrolling loop org.jetbrains.research.kfg.analysis.Loop@db8b270 to 1 iterations
2021-06-11 17:16:15.240 [DEBUG][org.jetbrains.research.kex.asm.transform.LoopDeroller] - Method java/math/BigDecimal::layoutChars(bool): java/lang/String, unrolling loop org.jetbrains.research.kfg.analysis.Loop@67d6d10e to 1 iterations
2021-06-11 17:16:15.240 [DEBUG][org.jetbrains.research.kex.asm.transform.LoopDeroller] - Method java/math/BigDecimal::layoutChars(bool): java/lang/String, unrolling loop org.jetbrains.research.kfg.analysis.Loop@ad631ea to 1 iterations
2021-06-11 17:16:15.240 [DEBUG][org.jetbrains.research.kex.asm.transform.LoopDeroller] - Method java/math/BigDecimal::expandBigIntegerTenPowers(int): java/math/BigInteger, unrolling loop org.jetbrains.research.kfg.analysis.Loop@41937b25 to 1 iterations
2021-06-11 17:16:15.241 [DEBUG][org.jetbrains.research.kex.asm.transform.LoopDeroller] - Method java/math/BigDecimal::expandBigIntegerTenPowers(int): java/math/BigInteger, unrolling loop org.jetbrains.research.kfg.analysis.Loop@585b623d to 1 iterations
2021-06-11 17:16:15.242 [DEBUG][org.jetbrains.research.kex.asm.transform.LoopDeroller] - Method java/math/BigDecimal::doRound(java/math/BigDecimal, java/math/MathContext): java/math/BigDecimal, unrolling loop org.jetbrains.research.kfg.analysis.Loop@1ef81708 to 1 iterations
2021-06-11 17:16:15.242 [DEBUG][org.jetbrains.research.kex.asm.transform.LoopDeroller] - Method java/math/BigDecimal::doRound(java/math/BigDecimal, java/math/MathContext): java/math/BigDecimal, unrolling loop org.jetbrains.research.kfg.analysis.Loop@1e1d38ee to 1 iterations
2021-06-11 17:16:15.243 [DEBUG][org.jetbrains.research.kex.asm.transform.LoopDeroller] - Method java/math/BigDecimal::doRound(long, int, java/math/MathContext): java/math/BigDecimal, unrolling loop org.jetbrains.research.kfg.analysis.Loop@72dabc40 to 1 iterations
2021-06-11 17:16:15.243 [DEBUG][org.jetbrains.research.kex.asm.transform.LoopDeroller] - Method java/math/BigDecimal::doRound(java/math/BigInteger, int, java/math/MathContext): java/math/BigDecimal, unrolling loop org.jetbrains.research.kfg.analysis.Loop@2ebc2d87 to 1 iterations
2021-06-11 17:16:15.244 [DEBUG][org.jetbrains.research.kex.asm.transform.LoopDeroller] - Method java/math/BigDecimal::doRound(java/math/BigInteger, int, java/math/MathContext): java/math/BigDecimal, unrolling loop org.jetbrains.research.kfg.analysis.Loop@31a03dcc to 1 iterations
2021-06-11 17:16:15.245 [DEBUG][org.jetbrains.research.kex.asm.transform.LoopDeroller] - Method java/math/BigDecimal::createAndStripZerosToMatchScale(java/math/BigInteger, int, long): java/math/BigDecimal, unrolling loop org.jetbrains.research.kfg.analysis.Loop@3362df9f to 1 iterations
2021-06-11 17:16:15.246 [DEBUG][org.jetbrains.research.kex.asm.transform.LoopDeroller] - Method java/math/BigDecimal::createAndStripZerosToMatchScale(long, int, long): java/math/BigDecimal, unrolling loop org.jetbrains.research.kfg.analysis.Loop@407e87c8 to 1 iterations
2021-06-11 17:16:15.249 [DEBUG][org.jetbrains.research.kex.asm.transform.LoopDeroller] - Method java/math/BigDecimal::divideAndRound128(long, long, long, int, int, int, int): java/math/BigDecimal, unrolling loop org.jetbrains.research.kfg.analysis.Loop@6cef1cbc to 1 iterations
2021-06-11 17:16:15.256 [DEBUG][org.jetbrains.research.kex.asm.transform.LoopDeroller] - Method java/math/BigDecimal::divideAndRound128(long, long, long, int, int, int, int): java/math/BigDecimal, unrolling loop org.jetbrains.research.kfg.analysis.Loop@599d48db to 1 iterations
2021-06-11 17:16:15.257 [DEBUG][org.jetbrains.research.kex.asm.transform.LoopDeroller] - Method java/math/BigDecimal::divRemNegativeLong(long, long): long[], unrolling loop org.jetbrains.research.kfg.analysis.Loop@37aa97f9 to 1 iterations
2021-06-11 17:16:15.258 [DEBUG][org.jetbrains.research.kex.asm.transform.LoopDeroller] - Method java/math/BigDecimal::divRemNegativeLong(long, long): long[], unrolling loop org.jetbrains.research.kfg.analysis.Loop@2b48add1 to 1 iterations
2021-06-11 17:16:15.263 [DEBUG][org.jetbrains.research.kex.asm.transform.LoopDeroller] - Method java/util/concurrent/ForkJoinWorkerThread$InnocuousForkJoinWorkerThread::createThreadGroup(): java/lang/ThreadGroup, unrolling loop org.jetbrains.research.kfg.analysis.Loop@1bd26bb5 to 1 iterations
2021-06-11 17:16:15.264 [DEBUG][org.jetbrains.research.kex.asm.transform.LoopDeroller] - Method java/util/logging/XMLFormatter::escape(java/lang/StringBuilder, java/lang/String): void, unrolling loop org.jetbrains.research.kfg.analysis.Loop@7f3df82 to 1 iterations
2021-06-11 17:16:15.266 [DEBUG][org.jetbrains.research.kex.asm.transform.LoopDeroller] - Method java/util/logging/XMLFormatter::format(java/util/logging/LogRecord): java/lang/String, unrolling loop org.jetbrains.research.kfg.analysis.Loop@38e3b6b2 to 1 iterations
2021-06-11 17:16:15.267 [DEBUG][org.jetbrains.research.kex.asm.transform.LoopDeroller] - Method java/util/logging/XMLFormatter::format(java/util/logging/LogRecord): java/lang/String, unrolling loop org.jetbrains.research.kfg.analysis.Loop@3493ca99 to 1 iterations
2021-06-11 17:16:15.268 [DEBUG][org.jetbrains.research.kex.asm.transform.LoopDeroller] - Method java/util/Collections$CheckedCollection::checkedCopyOf(java/util/Collection): java/util/Collection, unrolling loop org.jetbrains.research.kfg.analysis.Loop@2f73c7e3 to 1 iterations
2021-06-11 17:16:15.269 [DEBUG][org.jetbrains.research.kex.asm.transform.LoopDeroller] - Method java/util/Spliterators$IntIteratorSpliterator::trySplit(): java/util/Spliterator$OfInt, unrolling loop org.jetbrains.research.kfg.analysis.Loop@1cc3dff4 to 1 iterations
2021-06-11 17:16:15.275 [DEBUG][org.jetbrains.research.kex.asm.transform.LoopDeroller] - Method java/util/WeakHashMap$EntrySpliterator::forEachRemaining(java/util/function/Consumer): void, unrolling loop org.jetbrains.research.kfg.analysis.Loop@114cee19 to 1 iterations
2021-06-11 17:16:15.277 [DEBUG][org.jetbrains.research.kex.asm.transform.LoopDeroller] - Method java/util/WeakHashMap$EntrySpliterator::tryAdvance(java/util/function/Consumer): bool, unrolling loop org.jetbrains.research.kfg.analysis.Loop@1af22c7 to 1 iterations
2021-06-11 17:16:15.279 [DEBUG][org.jetbrains.research.kex.asm.transform.LoopDeroller] - Method java/io/Console$LineReader::read(char[], int, int): int, unrolling loop org.jetbrains.research.kfg.analysis.Loop@57733fc6 to 1 iterations
2021-06-11 17:16:15.281 [DEBUG][org.jetbrains.research.kex.asm.transform.LoopDeroller] - Method java/io/Console$LineReader::read(char[], int, int): int, unrolling loop org.jetbrains.research.kfg.analysis.Loop@125885ef to 1 iterations
2021-06-11 17:16:15.281 [DEBUG][org.jetbrains.research.kex.asm.transform.LoopDeroller] - Method java/io/Console$LineReader::read(char[], int, int): int, unrolling loop org.jetbrains.research.kfg.analysis.Loop@4a95de28 to 1 iterations
2021-06-11 17:16:15.287 [DEBUG][org.jetbrains.research.kex.asm.transform.LoopDeroller] - Method java/util/concurrent/LinkedTransferQueue$Itr::advance(java/util/concurrent/LinkedTransferQueue$Node): void, unrolling loop org.jetbrains.research.kfg.analysis.Loop@23bce77d to 1 iterations
2021-06-11 17:16:15.288 [DEBUG][org.jetbrains.research.kex.asm.transform.LoopDeroller] - Method java/util/concurrent/LinkedTransferQueue$Itr::advance(java/util/concurrent/LinkedTransferQueue$Node): void, unrolling loop org.jetbrains.research.kfg.analysis.Loop@144db14b to 1 iterations
2021-06-11 17:16:15.289 [DEBUG][org.jetbrains.research.kex.asm.transform.LoopDeroller] - Method java/util/concurrent/ConcurrentHashMap$EntrySpliterator::forEachRemaining(java/util/function/Consumer): void, unrolling loop org.jetbrains.research.kfg.analysis.Loop@1cb24135 to 1 iterations
2021-06-11 17:16:15.289 [DEBUG][org.jetbrains.research.kex.asm.transform.LoopDeroller] - Method java/util/Spliterator$OfDouble::forEachRemaining(java/util/function/DoubleConsumer): void, unrolling loop org.jetbrains.research.kfg.analysis.Loop@53cc4de9 to 1 iterations
2021-06-11 17:16:15.295 [DEBUG][org.jetbrains.research.kex.asm.transform.LoopDeroller] - Method java/util/regex/Pattern$SliceI::match(java/util/regex/Matcher, int, java/lang/CharSequence): bool, unrolling loop org.jetbrains.research.kfg.analysis.Loop@69447cad to 1 iterations
2021-06-11 17:16:15.297 [DEBUG][org.jetbrains.research.kex.asm.transform.LoopDeroller] - Method java/util/concurrent/atomic/AtomicReferenceFieldUpdater$AtomicReferenceFieldUpdaterImpl::isAncestor(java/lang/ClassLoader, java/lang/ClassLoader): bool, unrolling loop org.jetbrains.research.kfg.analysis.Loop@8b1bbe0 to 1 iterations
2021-06-11 17:16:15.299 [DEBUG][org.jetbrains.research.kex.asm.transform.LoopDeroller] - Method java/util/regex/Pattern$SliceU::match(java/util/regex/Matcher, int, java/lang/CharSequence): bool, unrolling loop org.jetbrains.research.kfg.analysis.Loop@41dcdd41 to 1 iterations
2021-06-11 17:16:15.300 [DEBUG][org.jetbrains.research.kex.asm.transform.LoopDeroller] - Method java/util/regex/Pattern$SliceS::match(java/util/regex/Matcher, int, java/lang/CharSequence): bool, unrolling loop org.jetbrains.research.kfg.analysis.Loop@51290f4 to 1 iterations
2021-06-11 17:16:15.301 [ERROR][org.jetbrains.research.kex.asm.transform.LoopDeroller] - Can't deroll loops of method java/lang/ref/Finalizer$FinalizerThread::run(): void
2021-06-11 17:16:15.302 [DEBUG][org.jetbrains.research.kex.asm.transform.LoopDeroller] - Method java/util/concurrent/LinkedBlockingQueue$LBQSpliterator::trySplit(): java/util/Spliterator, unrolling loop org.jetbrains.research.kfg.analysis.Loop@7c0960a6 to 1 iterations
2021-06-11 17:16:15.303 [DEBUG][org.jetbrains.research.kex.asm.transform.LoopDeroller] - Method java/util/concurrent/LinkedBlockingQueue$LBQSpliterator::forEachRemaining(java/util/function/Consumer): void, unrolling loop org.jetbrains.research.kfg.analysis.Loop@74579ba8 to 1 iterations
2021-06-11 17:16:15.304 [DEBUG][org.jetbrains.research.kex.asm.transform.LoopDeroller] - Method java/util/concurrent/LinkedBlockingQueue$LBQSpliterator::forEachRemaining(java/util/function/Consumer): void, unrolling loop org.jetbrains.research.kfg.analysis.Loop@39e364bb to 1 iterations
2021-06-11 17:16:15.305 [DEBUG][org.jetbrains.research.kex.asm.transform.LoopDeroller] - Method java/util/concurrent/LinkedBlockingQueue$LBQSpliterator::tryAdvance(java/util/function/Consumer): bool, unrolling loop org.jetbrains.research.kfg.analysis.Loop@4d0fefdc to 1 iterations
2021-06-11 17:16:15.306 [DEBUG][org.jetbrains.research.kex.asm.transform.LoopDeroller] - Method java/lang/ProcessImpl::getTokensFromCommand(java/lang/String): java/lang/String[], unrolling loop org.jetbrains.research.kfg.analysis.Loop@516f03cd to 1 iterations
2021-06-11 17:16:15.307 [DEBUG][org.jetbrains.research.kex.asm.transform.LoopDeroller] - Method java/lang/ProcessImpl::createCommandLine(int, java/lang/String, java/lang/String[]): java/lang/String, unrolling loop org.jetbrains.research.kfg.analysis.Loop@77f42267 to 1 iterations
2021-06-11 17:16:15.307 [DEBUG][org.jetbrains.research.kex.asm.transform.LoopDeroller] - Method java/lang/ProcessImpl::needsEscaping(int, java/lang/String): bool, unrolling loop org.jetbrains.research.kfg.analysis.Loop@25166996 to 1 iterations
2021-06-11 17:16:15.308 [DEBUG][org.jetbrains.research.kex.asm.transform.LoopDeroller] - Method java/lang/ProcessImpl::<init>(java/lang/String[], java/lang/String, java/lang/String, long[], bool): void, unrolling loop org.jetbrains.research.kfg.analysis.Loop@3f6524b7 to 1 iterations
2021-06-11 17:16:15.309 [DEBUG][org.jetbrains.research.kex.asm.transform.LoopDeroller] - Method java/lang/ProcessImpl::waitFor(long, java/util/concurrent/TimeUnit): bool, unrolling loop org.jetbrains.research.kfg.analysis.Loop@7f25ec4d to 1 iterations
2021-06-11 17:16:15.318 [DEBUG][org.jetbrains.research.kex.asm.transform.LoopDeroller] - Method java/util/zip/GZIPOutputStream::finish(): void, unrolling loop org.jetbrains.research.kfg.analysis.Loop@13c3c247 to 1 iterations
2021-06-11 17:16:15.320 [DEBUG][org.jetbrains.research.kex.asm.transform.LoopDeroller] - Method java/util/stream/AbstractTask::compute(): void, unrolling loop org.jetbrains.research.kfg.analysis.Loop@7f83e653 to 1 iterations
2021-06-11 17:16:15.321 [DEBUG][org.jetbrains.research.kex.asm.transform.LoopDeroller] - Method java/util/stream/AbstractTask::isLeftmostNode(): bool, unrolling loop org.jetbrains.research.kfg.analysis.Loop@41a2e894 to 1 iterations
2021-06-11 17:16:15.322 [DEBUG][org.jetbrains.research.kex.asm.transform.LoopDeroller] - Method java/util/stream/SpinedBuffer$OfPrimitive::ensureCapacity(long): void, unrolling loop org.jetbrains.research.kfg.analysis.Loop@33e3ad13 to 1 iterations
2021-06-11 17:16:15.323 [DEBUG][org.jetbrains.research.kex.asm.transform.LoopDeroller] - Method java/util/stream/SpinedBuffer$OfPrimitive::chunkFor(long): int, unrolling loop org.jetbrains.research.kfg.analysis.Loop@375f158d to 1 iterations
2021-06-11 17:16:15.328 [DEBUG][org.jetbrains.research.kex.asm.transform.LoopDeroller] - Method java/util/stream/SpinedBuffer$OfPrimitive::copyInto(java/lang/Object, int): void, unrolling loop org.jetbrains.research.kfg.analysis.Loop@e78187 to 1 iterations
2021-06-11 17:16:15.329 [DEBUG][org.jetbrains.research.kex.asm.transform.LoopDeroller] - Method java/util/stream/SpinedBuffer$OfPrimitive::forEach(java/lang/Object): void, unrolling loop org.jetbrains.research.kfg.analysis.Loop@5720efcb to 1 iterations
2021-06-11 17:16:15.329 [DEBUG][org.jetbrains.research.kex.asm.transform.LoopDeroller] - Method java/util/stream/StreamSpliterators$UnorderedSliceSpliterator$OfRef::tryAdvance(java/util/function/Consumer): bool, unrolling loop org.jetbrains.research.kfg.analysis.Loop@6fbceace to 1 iterations
2021-06-11 17:16:15.331 [DEBUG][org.jetbrains.research.kex.asm.transform.LoopDeroller] - Method java/util/stream/StreamSpliterators$UnorderedSliceSpliterator$OfRef::forEachRemaining(java/util/function/Consumer): void, unrolling loop org.jetbrains.research.kfg.analysis.Loop@7e69352 to 1 iterations
2021-06-11 17:16:15.331 [DEBUG][org.jetbrains.research.kex.asm.transform.LoopDeroller] - Method java/util/stream/StreamSpliterators$UnorderedSliceSpliterator$OfRef::forEachRemaining(java/util/function/Consumer): void, unrolling loop org.jetbrains.research.kfg.analysis.Loop@55c19e4c to 1 iterations
2021-06-11 17:16:15.340 [DEBUG][org.jetbrains.research.kex.asm.transform.LoopDeroller] - Method jcc2/Divider::divideConst(int, int[]): double[], unrolling loop org.jetbrains.research.kfg.analysis.Loop@63ad1f45 to 1 iterations
2021-06-11 17:16:15.341 [DEBUG][org.jetbrains.research.kex.asm.transform.LoopDeroller] - Method jcc2/Divider::intDivideConst(int, int[]): void, unrolling loop org.jetbrains.research.kfg.analysis.Loop@5fbfdb9d to 1 iterations
2021-06-11 17:16:15.342 [DEBUG][org.jetbrains.research.kex.asm.transform.LoopDeroller] - Method java/util/concurrent/ConcurrentHashMap$EntrySetView::addAll(java/util/Collection): bool, unrolling loop org.jetbrains.research.kfg.analysis.Loop@394f847e to 1 iterations
2021-06-11 17:16:15.343 [DEBUG][org.jetbrains.research.kex.asm.transform.LoopDeroller] - Method java/util/concurrent/ConcurrentHashMap$EntrySetView::hashCode(): int, unrolling loop org.jetbrains.research.kfg.analysis.Loop@7030c6af to 1 iterations
2021-06-11 17:16:15.343 [DEBUG][org.jetbrains.research.kex.asm.transform.LoopDeroller] - Method java/util/concurrent/ConcurrentHashMap$EntrySetView::forEach(java/util/function/Consumer): void, unrolling loop org.jetbrains.research.kfg.analysis.Loop@70f40ee2 to 1 iterations
2021-06-11 17:16:15.343 [DEBUG][org.jetbrains.research.kex.asm.transform.LoopDeroller] - Method java/util/Arrays$ArrayList::indexOf(java/lang/Object): int, unrolling loop org.jetbrains.research.kfg.analysis.Loop@4e4d354 to 1 iterations
2021-06-11 17:16:15.344 [DEBUG][org.jetbrains.research.kex.asm.transform.LoopDeroller] - Method java/util/Arrays$ArrayList::indexOf(java/lang/Object): int, unrolling loop org.jetbrains.research.kfg.analysis.Loop@f6408c to 1 iterations
2021-06-11 17:16:15.344 [DEBUG][org.jetbrains.research.kex.asm.transform.LoopDeroller] - Method java/util/Arrays$ArrayList::forEach(java/util/function/Consumer): void, unrolling loop org.jetbrains.research.kfg.analysis.Loop@502c9b29 to 1 iterations
2021-06-11 17:16:15.345 [DEBUG][org.jetbrains.research.kex.asm.transform.LoopDeroller] - Method java/util/Arrays$ArrayList::replaceAll(java/util/function/UnaryOperator): void, unrolling loop org.jetbrains.research.kfg.analysis.Loop@5e3b0153 to 1 iterations
2021-06-11 17:16:15.345 [DEBUG][org.jetbrains.research.kex.asm.transform.LoopDeroller] - Method java/util/stream/Node$OfLong::copyInto(java/lang/Long[], int): void, unrolling loop org.jetbrains.research.kfg.analysis.Loop@410df9e1 to 1 iterations
2021-06-11 17:16:15.346 [DEBUG][org.jetbrains.research.kex.asm.transform.LoopDeroller] - Method java/util/prefs/AbstractPreferences$EventDispatchThread::run(): void, unrolling loop org.jetbrains.research.kfg.analysis.Loop@2983db to 1 iterations
2021-06-11 17:16:15.346 [DEBUG][org.jetbrains.research.kex.asm.transform.LoopDeroller] - Method java/util/prefs/AbstractPreferences$EventDispatchThread::run(): void, unrolling loop org.jetbrains.research.kfg.analysis.Loop@51164e4 to 1 iterations
2021-06-11 17:16:15.346 [DEBUG][org.jetbrains.research.kex.asm.transform.LoopDeroller] - Method java/util/prefs/AbstractPreferences$EventDispatchThread::run(): void, unrolling loop org.jetbrains.research.kfg.analysis.Loop@3bebf5ac to 1 iterations
2021-06-11 17:16:15.346 [DEBUG][org.jetbrains.research.kex.asm.transform.LoopDeroller] - Method java/util/prefs/AbstractPreferences$EventDispatchThread::run(): void, unrolling loop org.jetbrains.research.kfg.analysis.Loop@648b50e7 to 1 iterations
2021-06-11 17:16:15.347 [DEBUG][org.jetbrains.research.kex.asm.transform.LoopDeroller] - Method java/util/prefs/AbstractPreferences$EventDispatchThread::run(): void, unrolling loop org.jetbrains.research.kfg.analysis.Loop@2566e54 to 1 iterations
2021-06-11 17:16:15.359 [ERROR][org.jetbrains.research.kex.asm.transform.LoopDeroller] - Can't deroll loops of method java/util/concurrent/CyclicBarrier::dowait(bool, long): int
2021-06-11 17:16:15.359 [DEBUG][org.jetbrains.research.kex.asm.transform.LoopDeroller] - Method java/util/concurrent/atomic/AtomicIntegerFieldUpdater$AtomicIntegerFieldUpdaterImpl::isAncestor(java/lang/ClassLoader, java/lang/ClassLoader): bool, unrolling loop org.jetbrains.research.kfg.analysis.Loop@6024ef4b to 1 iterations
2021-06-11 17:16:15.361 [DEBUG][org.jetbrains.research.kex.asm.transform.LoopDeroller] - Method java/util/concurrent/ConcurrentHashMap$ValueSpliterator::forEachRemaining(java/util/function/Consumer): void, unrolling loop org.jetbrains.research.kfg.analysis.Loop@4213e805 to 1 iterations
2021-06-11 17:16:15.361 [DEBUG][org.jetbrains.research.kex.asm.transform.LoopDeroller] - Method java/util/AbstractMap::containsValue(java/lang/Object): bool, unrolling loop org.jetbrains.research.kfg.analysis.Loop@61755fb9 to 1 iterations
2021-06-11 17:16:15.361 [DEBUG][org.jetbrains.research.kex.asm.transform.LoopDeroller] - Method java/util/AbstractMap::containsValue(java/lang/Object): bool, unrolling loop org.jetbrains.research.kfg.analysis.Loop@5324262b to 1 iterations
2021-06-11 17:16:15.362 [DEBUG][org.jetbrains.research.kex.asm.transform.LoopDeroller] - Method java/util/AbstractMap::containsKey(java/lang/Object): bool, unrolling loop org.jetbrains.research.kfg.analysis.Loop@2b0eb95e to 1 iterations
2021-06-11 17:16:15.362 [DEBUG][org.jetbrains.research.kex.asm.transform.LoopDeroller] - Method java/util/AbstractMap::containsKey(java/lang/Object): bool, unrolling loop org.jetbrains.research.kfg.analysis.Loop@5bfa4fd0 to 1 iterations
2021-06-11 17:16:15.362 [DEBUG][org.jetbrains.research.kex.asm.transform.LoopDeroller] - Method java/util/AbstractMap::get(java/lang/Object): java/lang/Object, unrolling loop org.jetbrains.research.kfg.analysis.Loop@46f35e56 to 1 iterations
2021-06-11 17:16:15.362 [DEBUG][org.jetbrains.research.kex.asm.transform.LoopDeroller] - Method java/util/AbstractMap::get(java/lang/Object): java/lang/Object, unrolling loop org.jetbrains.research.kfg.analysis.Loop@316d40b6 to 1 iterations
2021-06-11 17:16:15.363 [DEBUG][org.jetbrains.research.kex.asm.transform.LoopDeroller] - Method java/util/AbstractMap::remove(java/lang/Object): java/lang/Object, unrolling loop org.jetbrains.research.kfg.analysis.Loop@69f10116 to 1 iterations
2021-06-11 17:16:15.363 [DEBUG][org.jetbrains.research.kex.asm.transform.LoopDeroller] - Method java/util/AbstractMap::remove(java/lang/Object): java/lang/Object, unrolling loop org.jetbrains.research.kfg.analysis.Loop@629fb483 to 1 iterations
2021-06-11 17:16:15.363 [DEBUG][org.jetbrains.research.kex.asm.transform.LoopDeroller] - Method java/util/AbstractMap::putAll(java/util/Map): void, unrolling loop org.jetbrains.research.kfg.analysis.Loop@441969e7 to 1 iterations
2021-06-11 17:16:15.364 [DEBUG][org.jetbrains.research.kex.asm.transform.LoopDeroller] - Method java/util/AbstractMap::equals(java/lang/Object): bool, unrolling loop org.jetbrains.research.kfg.analysis.Loop@7a9a426 to 1 iterations
2021-06-11 17:16:15.364 [DEBUG][org.jetbrains.research.kex.asm.transform.LoopDeroller] - Method java/util/AbstractMap::hashCode(): int, unrolling loop org.jetbrains.research.kfg.analysis.Loop@53afa355 to 1 iterations
2021-06-11 17:16:15.365 [DEBUG][org.jetbrains.research.kex.asm.transform.LoopDeroller] - Method java/util/AbstractMap::toString(): java/lang/String, unrolling loop org.jetbrains.research.kfg.analysis.Loop@6e80d555 to 1 iterations
2021-06-11 17:16:15.366 [DEBUG][org.jetbrains.research.kex.asm.transform.LoopDeroller] - Method java/util/concurrent/PriorityBlockingQueue$PBQSpliterator::forEachRemaining(java/util/function/Consumer): void, unrolling loop org.jetbrains.research.kfg.analysis.Loop@593a2cb8 to 1 iterations
2021-06-11 17:16:15.367 [DEBUG][org.jetbrains.research.kex.asm.transform.LoopDeroller] - Method java/util/EnumMap::containsValue(java/lang/Object): bool, unrolling loop org.jetbrains.research.kfg.analysis.Loop@1655295b to 1 iterations
2021-06-11 17:16:15.367 [DEBUG][org.jetbrains.research.kex.asm.transform.LoopDeroller] - Method java/util/EnumMap::putAll(java/util/Map): void, unrolling loop org.jetbrains.research.kfg.analysis.Loop@106926e4 to 1 iterations
2021-06-11 17:16:15.368 [DEBUG][org.jetbrains.research.kex.asm.transform.LoopDeroller] - Method java/util/EnumMap::equals(java/lang/Object): bool, unrolling loop org.jetbrains.research.kfg.analysis.Loop@7347eb7e to 1 iterations
2021-06-11 17:16:15.369 [DEBUG][org.jetbrains.research.kex.asm.transform.LoopDeroller] - Method java/util/EnumMap::equals(java/util/EnumMap): bool, unrolling loop org.jetbrains.research.kfg.analysis.Loop@71fbcaf8 to 1 iterations
2021-06-11 17:16:15.369 [DEBUG][org.jetbrains.research.kex.asm.transform.LoopDeroller] - Method java/util/EnumMap::hashCode(): int, unrolling loop org.jetbrains.research.kfg.analysis.Loop@1b74eafe to 1 iterations
2021-06-11 17:16:15.369 [DEBUG][org.jetbrains.research.kex.asm.transform.LoopDeroller] - Method java/util/EnumMap::writeObject(java/io/ObjectOutputStream): void, unrolling loop org.jetbrains.research.kfg.analysis.Loop@28cec1ab to 1 iterations
2021-06-11 17:16:15.370 [DEBUG][org.jetbrains.research.kex.asm.transform.LoopDeroller] - Method java/util/EnumMap::readObject(java/io/ObjectInputStream): void, unrolling loop org.jetbrains.research.kfg.analysis.Loop@28fdb57b to 1 iterations
2021-06-11 17:16:15.371 [DEBUG][org.jetbrains.research.kex.asm.transform.LoopDeroller] - Method java/util/logging/LogManager$SystemLoggerContext::demandLogger(java/lang/String, java/lang/String): java/util/logging/Logger, unrolling loop org.jetbrains.research.kfg.analysis.Loop@aba9a24 to 1 iterations
2021-06-11 17:16:15.376 [DEBUG][org.jetbrains.research.kex.asm.transform.LoopDeroller] - Method java/util/HashMap$KeySet::forEach(java/util/function/Consumer): void, unrolling loop org.jetbrains.research.kfg.analysis.Loop@29fc6701 to 1 iterations
2021-06-11 17:16:15.377 [DEBUG][org.jetbrains.research.kex.asm.transform.LoopDeroller] - Method java/util/HashMap$KeySet::forEach(java/util/function/Consumer): void, unrolling loop org.jetbrains.research.kfg.analysis.Loop@5af5a88a to 1 iterations
2021-06-11 17:16:15.381 [DEBUG][org.jetbrains.research.kex.asm.transform.LoopDeroller] - Method java/util/Properties$LineReader::readLine(): int, unrolling loop org.jetbrains.research.kfg.analysis.Loop@23e62b8e to 1 iterations
2021-06-11 17:16:15.401 [DEBUG][org.jetbrains.research.kex.asm.transform.LoopDeroller] - Method java/util/IdentityHashMap$IdentityHashMapIterator::hasNext(): bool, unrolling loop org.jetbrains.research.kfg.analysis.Loop@77636234 to 1 iterations
2021-06-11 17:16:15.401 [DEBUG][org.jetbrains.research.kex.asm.transform.LoopDeroller] - Method java/util/IdentityHashMap$IdentityHashMapIterator::remove(): void, unrolling loop org.jetbrains.research.kfg.analysis.Loop@26b0fb5 to 1 iterations
2021-06-11 17:16:15.404 [DEBUG][org.jetbrains.research.kex.asm.transform.LoopDeroller] - Method java/util/zip/ZipFile::getInflater(): java/util/zip/Inflater, unrolling loop org.jetbrains.research.kfg.analysis.Loop@68c11d5a to 1 iterations
2021-06-11 17:16:15.405 [DEBUG][org.jetbrains.research.kex.asm.transform.LoopDeroller] - Method java/util/zip/ZipFile::close(): void, unrolling loop org.jetbrains.research.kfg.analysis.Loop@7c7af2be to 1 iterations
2021-06-11 17:16:15.405 [DEBUG][org.jetbrains.research.kex.asm.transform.LoopDeroller] - Method java/util/zip/ZipFile::close(): void, unrolling loop org.jetbrains.research.kfg.analysis.Loop@19e0814a to 1 iterations
2021-06-11 17:16:15.406 [DEBUG][org.jetbrains.research.kex.asm.transform.LoopDeroller] - Method java/util/concurrent/ConcurrentHashMap$TreeNode::findTreeNode(int, java/lang/Object, java/lang/Class): java/util/concurrent/ConcurrentHashMap$TreeNode, unrolling loop org.jetbrains.research.kfg.analysis.Loop@6ae92862 to 1 iterations
2021-06-11 17:16:15.408 [DEBUG][org.jetbrains.research.kex.asm.transform.LoopDeroller] - Method java/util/concurrent/ThreadLocalRandom$RandomIntsSpliterator::forEachRemaining(java/util/function/IntConsumer): void, unrolling loop org.jetbrains.research.kfg.analysis.Loop@583a1ef6 to 1 iterations
2021-06-11 17:16:15.408 [DEBUG][org.jetbrains.research.kex.asm.transform.LoopDeroller] - Method java/lang/invoke/ProxyClassesDumper::encodeForFilename(java/lang/String): java/lang/String, unrolling loop org.jetbrains.research.kfg.analysis.Loop@156d62fb to 1 iterations
2021-06-11 17:16:15.409 [DEBUG][org.jetbrains.research.kex.asm.transform.LoopDeroller] - Method java/lang/invoke/ProxyClassesDumper::encodeForFilename(java/lang/String): java/lang/String, unrolling loop org.jetbrains.research.kfg.analysis.Loop@bbd3fab to 1 iterations
2021-06-11 17:16:15.410 [DEBUG][org.jetbrains.research.kex.asm.transform.LoopDeroller] - Method java/util/regex/Pattern$Start::match(java/util/regex/Matcher, int, java/lang/CharSequence): bool, unrolling loop org.jetbrains.research.kfg.analysis.Loop@1b1ec6e4 to 1 iterations
2021-06-11 17:16:15.411 [DEBUG][org.jetbrains.research.kex.asm.transform.LoopDeroller] - Method java/util/concurrent/ConcurrentHashMap$MapReduceKeysTask::compute(): void, unrolling loop org.jetbrains.research.kfg.analysis.Loop@24bfc2bd to 1 iterations
2021-06-11 17:16:15.412 [DEBUG][org.jetbrains.research.kex.asm.transform.LoopDeroller] - Method java/util/concurrent/ConcurrentHashMap$MapReduceKeysTask::compute(): void, unrolling loop org.jetbrains.research.kfg.analysis.Loop@6ccb884b to 1 iterations
2021-06-11 17:16:15.413 [DEBUG][org.jetbrains.research.kex.asm.transform.LoopDeroller] - Method java/util/concurrent/ConcurrentHashMap$MapReduceKeysTask::compute(): void, unrolling loop org.jetbrains.research.kfg.analysis.Loop@5a430927 to 1 iterations
2021-06-11 17:16:15.421 [DEBUG][org.jetbrains.research.kex.asm.transform.LoopDeroller] - Method java/util/concurrent/ConcurrentHashMap$MapReduceKeysTask::compute(): void, unrolling loop org.jetbrains.research.kfg.analysis.Loop@3c8fb466 to 1 iterations
2021-06-11 17:16:15.423 [DEBUG][org.jetbrains.research.kex.asm.transform.LoopDeroller] - Method java/io/ObjectStreamClass$FieldReflector::<init>(java/io/ObjectStreamField[]): void, unrolling loop org.jetbrains.research.kfg.analysis.Loop@683f6b50 to 1 iterations
2021-06-11 17:16:15.425 [DEBUG][org.jetbrains.research.kex.asm.transform.LoopDeroller] - Method java/io/ObjectStreamClass$FieldReflector::getPrimFieldValues(java/lang/Object, byte[]): void, unrolling loop org.jetbrains.research.kfg.analysis.Loop@16ef9d64 to 1 iterations
2021-06-11 17:16:15.426 [DEBUG][org.jetbrains.research.kex.asm.transform.LoopDeroller] - Method java/io/ObjectStreamClass$FieldReflector::setPrimFieldValues(java/lang/Object, byte[]): void, unrolling loop org.jetbrains.research.kfg.analysis.Loop@79cc0685 to 1 iterations
2021-06-11 17:16:15.427 [DEBUG][org.jetbrains.research.kex.asm.transform.LoopDeroller] - Method java/io/ObjectStreamClass$FieldReflector::getObjFieldValues(java/lang/Object, java/lang/Object[]): void, unrolling loop org.jetbrains.research.kfg.analysis.Loop@6e1906b0 to 1 iterations
2021-06-11 17:16:15.428 [DEBUG][org.jetbrains.research.kex.asm.transform.LoopDeroller] - Method java/io/ObjectStreamClass$FieldReflector::setObjFieldValues(java/lang/Object, java/lang/Object[]): void, unrolling loop org.jetbrains.research.kfg.analysis.Loop@5332ec74 to 1 iterations
2021-06-11 17:16:15.429 [DEBUG][org.jetbrains.research.kex.asm.transform.LoopDeroller] - Method jcc1/Multiplexer::multiplyElements(int[]): int, unrolling loop org.jetbrains.research.kfg.analysis.Loop@6efd6344 to 1 iterations
2021-06-11 17:16:15.429 [DEBUG][org.jetbrains.research.kex.asm.transform.LoopDeroller] - Method jcc1/Multiplexer::multiplyConst(int, int[]): void, unrolling loop org.jetbrains.research.kfg.analysis.Loop@430b45c7 to 1 iterations
2021-06-11 17:16:15.430 [DEBUG][org.jetbrains.research.kex.asm.transform.LoopDeroller] - Method java/io/ObjectInputStream$HandleTable::markException(int, java/lang/ClassNotFoundException): void, unrolling loop org.jetbrains.research.kfg.analysis.Loop@59dfe06c to 1 iterations
2021-06-11 17:16:15.430 [DEBUG][org.jetbrains.research.kex.asm.transform.LoopDeroller] - Method java/io/ObjectInputStream$HandleTable::finish(int): void, unrolling loop org.jetbrains.research.kfg.analysis.Loop@20a34f22 to 1 iterations
2021-06-11 17:16:15.431 [DEBUG][org.jetbrains.research.kex.asm.transform.LoopDeroller] - Method java/util/IdentityHashMap::get(java/lang/Object): java/lang/Object, unrolling loop org.jetbrains.research.kfg.analysis.Loop@4f06cfb7 to 1 iterations
2021-06-11 17:16:15.431 [DEBUG][org.jetbrains.research.kex.asm.transform.LoopDeroller] - Method java/util/IdentityHashMap::containsKey(java/lang/Object): bool, unrolling loop org.jetbrains.research.kfg.analysis.Loop@292496fc to 1 iterations
2021-06-11 17:16:15.431 [DEBUG][org.jetbrains.research.kex.asm.transform.LoopDeroller] - Method java/util/IdentityHashMap::containsValue(java/lang/Object): bool, unrolling loop org.jetbrains.research.kfg.analysis.Loop@3ab58db5 to 1 iterations
2021-06-11 17:16:15.432 [DEBUG][org.jetbrains.research.kex.asm.transform.LoopDeroller] - Method java/util/IdentityHashMap::containsMapping(java/lang/Object, java/lang/Object): bool, unrolling loop org.jetbrains.research.kfg.analysis.Loop@5d7996d6 to 1 iterations
2021-06-11 17:16:15.432 [DEBUG][org.jetbrains.research.kex.asm.transform.LoopDeroller] - Method java/util/IdentityHashMap::put(java/lang/Object, java/lang/Object): java/lang/Object, unrolling loop org.jetbrains.research.kfg.analysis.Loop@32c73483 to 1 iterations
2021-06-11 17:16:15.433 [DEBUG][org.jetbrains.research.kex.asm.transform.LoopDeroller] - Method java/util/IdentityHashMap::put(java/lang/Object, java/lang/Object): java/lang/Object, unrolling loop org.jetbrains.research.kfg.analysis.Loop@61297e2e to 1 iterations
2021-06-11 17:16:15.439 [DEBUG][org.jetbrains.research.kex.asm.transform.LoopDeroller] - Method java/util/IdentityHashMap::resize(int): bool, unrolling loop org.jetbrains.research.kfg.analysis.Loop@e00efe7 to 1 iterations
2021-06-11 17:16:15.439 [DEBUG][org.jetbrains.research.kex.asm.transform.LoopDeroller] - Method java/util/IdentityHashMap::resize(int): bool, unrolling loop org.jetbrains.research.kfg.analysis.Loop@3c176ba8 to 1 iterations
2021-06-11 17:16:15.440 [DEBUG][org.jetbrains.research.kex.asm.transform.LoopDeroller] - Method java/util/IdentityHashMap::putAll(java/util/Map): void, unrolling loop org.jetbrains.research.kfg.analysis.Loop@21527b85 to 1 iterations
2021-06-11 17:16:15.440 [DEBUG][org.jetbrains.research.kex.asm.transform.LoopDeroller] - Method java/util/IdentityHashMap::remove(java/lang/Object): java/lang/Object, unrolling loop org.jetbrains.research.kfg.analysis.Loop@70d6561e to 1 iterations
2021-06-11 17:16:15.440 [DEBUG][org.jetbrains.research.kex.asm.transform.LoopDeroller] - Method java/util/IdentityHashMap::removeMapping(java/lang/Object, java/lang/Object): bool, unrolling loop org.jetbrains.research.kfg.analysis.Loop@57588cfe to 1 iterations
2021-06-11 17:16:15.441 [DEBUG][org.jetbrains.research.kex.asm.transform.LoopDeroller] - Method java/util/IdentityHashMap::closeDeletion(int): void, unrolling loop org.jetbrains.research.kfg.analysis.Loop@4ef0565c to 1 iterations
2021-06-11 17:16:15.442 [DEBUG][org.jetbrains.research.kex.asm.transform.LoopDeroller] - Method java/util/IdentityHashMap::clear(): void, unrolling loop org.jetbrains.research.kfg.analysis.Loop@2993599a to 1 iterations
2021-06-11 17:16:15.442 [DEBUG][org.jetbrains.research.kex.asm.transform.LoopDeroller] - Method java/util/IdentityHashMap::equals(java/lang/Object): bool, unrolling loop org.jetbrains.research.kfg.analysis.Loop@7499971 to 1 iterations
2021-06-11 17:16:15.442 [DEBUG][org.jetbrains.research.kex.asm.transform.LoopDeroller] - Method java/util/IdentityHashMap::hashCode(): int, unrolling loop org.jetbrains.research.kfg.analysis.Loop@4a2f702 to 1 iterations
2021-06-11 17:16:15.443 [DEBUG][org.jetbrains.research.kex.asm.transform.LoopDeroller] - Method java/util/IdentityHashMap::writeObject(java/io/ObjectOutputStream): void, unrolling loop org.jetbrains.research.kfg.analysis.Loop@43a4efc3 to 1 iterations
2021-06-11 17:16:15.443 [DEBUG][org.jetbrains.research.kex.asm.transform.LoopDeroller] - Method java/util/IdentityHashMap::readObject(java/io/ObjectInputStream): void, unrolling loop org.jetbrains.research.kfg.analysis.Loop@62b197c0 to 1 iterations
2021-06-11 17:16:15.443 [DEBUG][org.jetbrains.research.kex.asm.transform.LoopDeroller] - Method java/util/IdentityHashMap::putForCreate(java/lang/Object, java/lang/Object): void, unrolling loop org.jetbrains.research.kfg.analysis.Loop@10ceeb88 to 1 iterations
2021-06-11 17:16:15.444 [DEBUG][org.jetbrains.research.kex.asm.transform.LoopDeroller] - Method java/util/IdentityHashMap::forEach(java/util/function/BiConsumer): void, unrolling loop org.jetbrains.research.kfg.analysis.Loop@79da86db to 1 iterations
2021-06-11 17:16:15.444 [DEBUG][org.jetbrains.research.kex.asm.transform.LoopDeroller] - Method java/util/IdentityHashMap::replaceAll(java/util/function/BiFunction): void, unrolling loop org.jetbrains.research.kfg.analysis.Loop@511e689a to 1 iterations
2021-06-11 17:16:15.445 [DEBUG][org.jetbrains.research.kex.asm.transform.LoopDeroller] - Method java/util/jar/JarFile$3::hasMoreElements(): bool, unrolling loop org.jetbrains.research.kfg.analysis.Loop@14b7b5c5 to 1 iterations
2021-06-11 17:16:15.445 [DEBUG][org.jetbrains.research.kex.asm.transform.LoopDeroller] - Method java/util/jar/JarFile$2::hasMoreElements(): bool, unrolling loop org.jetbrains.research.kfg.analysis.Loop@1a8ac345 to 1 iterations
2021-06-11 17:16:15.446 [DEBUG][org.jetbrains.research.kex.asm.transform.LoopDeroller] - Method java/math/BigInteger::<init>(java/lang/String, int): void, unrolling loop org.jetbrains.research.kfg.analysis.Loop@57dd779 to 1 iterations
2021-06-11 17:16:15.446 [DEBUG][org.jetbrains.research.kex.asm.transform.LoopDeroller] - Method java/math/BigInteger::<init>(java/lang/String, int): void, unrolling loop org.jetbrains.research.kfg.analysis.Loop@17f683e3 to 1 iterations
2021-06-11 17:16:15.447 [DEBUG][org.jetbrains.research.kex.asm.transform.LoopDeroller] - Method java/math/BigInteger::<init>(char[], int, int): void, unrolling loop org.jetbrains.research.kfg.analysis.Loop@da98f1c to 1 iterations
2021-06-11 17:16:15.447 [DEBUG][org.jetbrains.research.kex.asm.transform.LoopDeroller] - Method java/math/BigInteger::<init>(char[], int, int): void, unrolling loop org.jetbrains.research.kfg.analysis.Loop@26cce39 to 1 iterations
2021-06-11 17:16:15.447 [DEBUG][org.jetbrains.research.kex.asm.transform.LoopDeroller] - Method java/math/BigInteger::parseInt(char[], int, int): int, unrolling loop org.jetbrains.research.kfg.analysis.Loop@42e223a4 to 1 iterations
2021-06-11 17:16:15.448 [DEBUG][org.jetbrains.research.kex.asm.transform.LoopDeroller] - Method java/math/BigInteger::destructiveMulAdd(int[], int, int): void, unrolling loop org.jetbrains.research.kfg.analysis.Loop@7674e590 to 1 iterations
2021-06-11 17:16:15.449 [DEBUG][org.jetbrains.research.kex.asm.transform.LoopDeroller] - Method java/math/BigInteger::destructiveMulAdd(int[], int, int): void, unrolling loop org.jetbrains.research.kfg.analysis.Loop@3e76a5cc to 1 iterations
2021-06-11 17:16:15.450 [DEBUG][org.jetbrains.research.kex.asm.transform.LoopDeroller] - Method java/math/BigInteger::smallPrime(int, int, java/util/Random): java/math/BigInteger, unrolling loop org.jetbrains.research.kfg.analysis.Loop@1bc1ba86 to 1 iterations
2021-06-11 17:16:15.451 [DEBUG][org.jetbrains.research.kex.asm.transform.LoopDeroller] - Method java/math/BigInteger::smallPrime(int, int, java/util/Random): java/math/BigInteger, unrolling loop org.jetbrains.research.kfg.analysis.Loop@1f4d58ba to 1 iterations
2021-06-11 17:16:15.460 [DEBUG][org.jetbrains.research.kex.asm.transform.LoopDeroller] - Method java/math/BigInteger::largePrime(int, int, java/util/Random): java/math/BigInteger, unrolling loop org.jetbrains.research.kfg.analysis.Loop@5cf09a80 to 1 iterations
2021-06-11 17:16:15.461 [DEBUG][org.jetbrains.research.kex.asm.transform.LoopDeroller] - Method java/math/BigInteger::nextProbablePrime(): java/math/BigInteger, unrolling loop org.jetbrains.research.kfg.analysis.Loop@2997ae0f to 1 iterations
2021-06-11 17:16:15.462 [DEBUG][org.jetbrains.research.kex.asm.transform.LoopDeroller] - Method java/math/BigInteger::nextProbablePrime(): java/math/BigInteger, unrolling loop org.jetbrains.research.kfg.analysis.Loop@391b0161 to 1 iterations
2021-06-11 17:16:15.464 [DEBUG][org.jetbrains.research.kex.asm.transform.LoopDeroller] - Method java/math/BigInteger::passesLucasLehmer(): bool, unrolling loop org.jetbrains.research.kfg.analysis.Loop@28effbc to 1 iterations
2021-06-11 17:16:15.464 [DEBUG][org.jetbrains.research.kex.asm.transform.LoopDeroller] - Method java/math/BigInteger::jacobiSymbol(int, java/math/BigInteger): int, unrolling loop org.jetbrains.research.kfg.analysis.Loop@45e2c2cb to 1 iterations
2021-06-11 17:16:15.465 [DEBUG][org.jetbrains.research.kex.asm.transform.LoopDeroller] - Method java/math/BigInteger::jacobiSymbol(int, java/math/BigInteger): int, unrolling loop org.jetbrains.research.kfg.analysis.Loop@21c88faa to 1 iterations
2021-06-11 17:16:15.465 [DEBUG][org.jetbrains.research.kex.asm.transform.LoopDeroller] - Method java/math/BigInteger::jacobiSymbol(int, java/math/BigInteger): int, unrolling loop org.jetbrains.research.kfg.analysis.Loop@6662ae86 to 1 iterations
2021-06-11 17:16:15.466 [DEBUG][org.jetbrains.research.kex.asm.transform.LoopDeroller] - Method java/math/BigInteger::lucasLehmerSequence(int, java/math/BigInteger, java/math/BigInteger): java/math/BigInteger, unrolling loop org.jetbrains.research.kfg.analysis.Loop@63d405bb to 1 iterations
2021-06-11 17:16:15.468 [DEBUG][org.jetbrains.research.kex.asm.transform.LoopDeroller] - Method java/math/BigInteger::passesMillerRabin(int, java/util/Random): bool, unrolling loop org.jetbrains.research.kfg.analysis.Loop@40e9717a to 1 iterations
2021-06-11 17:16:15.468 [DEBUG][org.jetbrains.research.kex.asm.transform.LoopDeroller] - Method java/math/BigInteger::passesMillerRabin(int, java/util/Random): bool, unrolling loop org.jetbrains.research.kfg.analysis.Loop@5392feea to 1 iterations
2021-06-11 17:16:15.468 [DEBUG][org.jetbrains.research.kex.asm.transform.LoopDeroller] - Method java/math/BigInteger::passesMillerRabin(int, java/util/Random): bool, unrolling loop org.jetbrains.research.kfg.analysis.Loop@7d08e82f to 1 iterations
2021-06-11 17:16:15.470 [DEBUG][org.jetbrains.research.kex.asm.transform.LoopDeroller] - Method java/math/BigInteger::add(int[], long): int[], unrolling loop org.jetbrains.research.kfg.analysis.Loop@e44dfd3 to 1 iterations
2021-06-11 17:16:15.471 [DEBUG][org.jetbrains.research.kex.asm.transform.LoopDeroller] - Method java/math/BigInteger::add(int[], long): int[], unrolling loop org.jetbrains.research.kfg.analysis.Loop@18929398 to 1 iterations
2021-06-11 17:16:15.471 [DEBUG][org.jetbrains.research.kex.asm.transform.LoopDeroller] - Method java/math/BigInteger::add(int[], int[]): int[], unrolling loop org.jetbrains.research.kfg.analysis.Loop@40a4d075 to 1 iterations
2021-06-11 17:16:15.472 [DEBUG][org.jetbrains.research.kex.asm.transform.LoopDeroller] - Method java/math/BigInteger::add(int[], int[]): int[], unrolling loop org.jetbrains.research.kfg.analysis.Loop@42ea459c to 1 iterations
2021-06-11 17:16:15.472 [DEBUG][org.jetbrains.research.kex.asm.transform.LoopDeroller] - Method java/math/BigInteger::add(int[], int[]): int[], unrolling loop org.jetbrains.research.kfg.analysis.Loop@4641782a to 1 iterations
2021-06-11 17:16:15.473 [DEBUG][org.jetbrains.research.kex.asm.transform.LoopDeroller] - Method java/math/BigInteger::subtract(int[], long): int[], unrolling loop org.jetbrains.research.kfg.analysis.Loop@438c6f1e to 1 iterations
2021-06-11 17:16:15.473 [DEBUG][org.jetbrains.research.kex.asm.transform.LoopDeroller] - Method java/math/BigInteger::subtract(int[], long): int[], unrolling loop org.jetbrains.research.kfg.analysis.Loop@6782c354 to 1 iterations
2021-06-11 17:16:15.479 [DEBUG][org.jetbrains.research.kex.asm.transform.LoopDeroller] - Method java/math/BigInteger::subtract(int[], int[]): int[], unrolling loop org.jetbrains.research.kfg.analysis.Loop@241a5600 to 1 iterations
2021-06-11 17:16:15.482 [DEBUG][org.jetbrains.research.kex.asm.transform.LoopDeroller] - Method java/math/BigInteger::subtract(int[], int[]): int[], unrolling loop org.jetbrains.research.kfg.analysis.Loop@5c4360e9 to 1 iterations
2021-06-11 17:16:15.483 [DEBUG][org.jetbrains.research.kex.asm.transform.LoopDeroller] - Method java/math/BigInteger::subtract(int[], int[]): int[], unrolling loop org.jetbrains.research.kfg.analysis.Loop@435e5125 to 1 iterations
2021-06-11 17:16:15.483 [DEBUG][org.jetbrains.research.kex.asm.transform.LoopDeroller] - Method java/math/BigInteger::multiplyByInt(int[], int, int): java/math/BigInteger, unrolling loop org.jetbrains.research.kfg.analysis.Loop@6a22128e to 1 iterations
2021-06-11 17:16:15.484 [DEBUG][org.jetbrains.research.kex.asm.transform.LoopDeroller] - Method java/math/BigInteger::multiply(long): java/math/BigInteger, unrolling loop org.jetbrains.research.kfg.analysis.Loop@1aaccc4a to 1 iterations
2021-06-11 17:16:15.484 [DEBUG][org.jetbrains.research.kex.asm.transform.LoopDeroller] - Method java/math/BigInteger::multiply(long): java/math/BigInteger, unrolling loop org.jetbrains.research.kfg.analysis.Loop@659c945a to 1 iterations
2021-06-11 17:16:15.485 [DEBUG][org.jetbrains.research.kex.asm.transform.LoopDeroller] - Method java/math/BigInteger::multiplyToLen(int[], int, int[], int, int[]): int[], unrolling loop org.jetbrains.research.kfg.analysis.Loop@35866932 to 1 iterations
2021-06-11 17:16:15.485 [DEBUG][org.jetbrains.research.kex.asm.transform.LoopDeroller] - Method java/math/BigInteger::multiplyToLen(int[], int, int[], int, int[]): int[], unrolling loop org.jetbrains.research.kfg.analysis.Loop@6c85331 to 1 iterations
2021-06-11 17:16:15.486 [DEBUG][org.jetbrains.research.kex.asm.transform.LoopDeroller] - Method java/math/BigInteger::multiplyToLen(int[], int, int[], int, int[]): int[], unrolling loop org.jetbrains.research.kfg.analysis.Loop@4234698b to 1 iterations
2021-06-11 17:16:15.487 [DEBUG][org.jetbrains.research.kex.asm.transform.LoopDeroller] - Method java/math/BigInteger::exactDivideBy3(): java/math/BigInteger, unrolling loop org.jetbrains.research.kfg.analysis.Loop@47bc5f57 to 1 iterations
2021-06-11 17:16:15.489 [DEBUG][org.jetbrains.research.kex.asm.transform.LoopDeroller] - Method java/math/BigInteger::implSquareToLen(int[], int, int[], int): int[], unrolling loop org.jetbrains.research.kfg.analysis.Loop@407ef32c to 1 iterations
2021-06-11 17:16:15.490 [DEBUG][org.jetbrains.research.kex.asm.transform.LoopDeroller] - Method java/math/BigInteger::implSquareToLen(int[], int, int[], int): int[], unrolling loop org.jetbrains.research.kfg.analysis.Loop@367867e0 to 1 iterations
2021-06-11 17:16:15.491 [DEBUG][org.jetbrains.research.kex.asm.transform.LoopDeroller] - Method java/math/BigInteger::pow(int): java/math/BigInteger, unrolling loop org.jetbrains.research.kfg.analysis.Loop@49db22a5 to 1 iterations
2021-06-11 17:16:15.491 [DEBUG][org.jetbrains.research.kex.asm.transform.LoopDeroller] - Method java/math/BigInteger::pow(int): java/math/BigInteger, unrolling loop org.jetbrains.research.kfg.analysis.Loop@eda23f5 to 1 iterations
2021-06-11 17:16:15.492 [DEBUG][org.jetbrains.research.kex.asm.transform.LoopDeroller] - Method java/math/BigInteger::primitiveRightShift(int[], int, int): void, unrolling loop org.jetbrains.research.kfg.analysis.Loop@16427381 to 1 iterations
2021-06-11 17:16:15.492 [DEBUG][org.jetbrains.research.kex.asm.transform.LoopDeroller] - Method java/math/BigInteger::primitiveLeftShift(int[], int, int): void, unrolling loop org.jetbrains.research.kfg.analysis.Loop@7835075f to 1 iterations
2021-06-11 17:16:15.499 [DEBUG][org.jetbrains.research.kex.asm.transform.LoopDeroller] - Method java/math/BigInteger::oddModPow(java/math/BigInteger, java/math/BigInteger): java/math/BigInteger, unrolling loop org.jetbrains.research.kfg.analysis.Loop@219dd81d to 1 iterations
2021-06-11 17:16:15.502 [DEBUG][org.jetbrains.research.kex.asm.transform.LoopDeroller] - Method java/math/BigInteger::oddModPow(java/math/BigInteger, java/math/BigInteger): java/math/BigInteger, unrolling loop org.jetbrains.research.kfg.analysis.Loop@72292e0d to 1 iterations
2021-06-11 17:16:15.506 [DEBUG][org.jetbrains.research.kex.asm.transform.LoopDeroller] - Method java/math/BigInteger::oddModPow(java/math/BigInteger, java/math/BigInteger): java/math/BigInteger, unrolling loop org.jetbrains.research.kfg.analysis.Loop@c4bb0df to 1 iterations
2021-06-11 17:16:15.509 [DEBUG][org.jetbrains.research.kex.asm.transform.LoopDeroller] - Method java/math/BigInteger::oddModPow(java/math/BigInteger, java/math/BigInteger): java/math/BigInteger, unrolling loop org.jetbrains.research.kfg.analysis.Loop@4e3fe4a8 to 1 iterations
2021-06-11 17:16:15.509 [DEBUG][org.jetbrains.research.kex.asm.transform.LoopDeroller] - Method java/math/BigInteger::oddModPow(java/math/BigInteger, java/math/BigInteger): java/math/BigInteger, unrolling loop org.jetbrains.research.kfg.analysis.Loop@23b5bfec to 1 iterations
2021-06-11 17:16:15.510 [DEBUG][org.jetbrains.research.kex.asm.transform.LoopDeroller] - Method java/math/BigInteger::oddModPow(java/math/BigInteger, java/math/BigInteger): java/math/BigInteger, unrolling loop org.jetbrains.research.kfg.analysis.Loop@3dbb5d65 to 1 iterations
2021-06-11 17:16:15.511 [DEBUG][org.jetbrains.research.kex.asm.transform.LoopDeroller] - Method java/math/BigInteger::oddModPow(java/math/BigInteger, java/math/BigInteger): java/math/BigInteger, unrolling loop org.jetbrains.research.kfg.analysis.Loop@c10e4de to 1 iterations
2021-06-11 17:16:15.511 [DEBUG][org.jetbrains.research.kex.asm.transform.LoopDeroller] - Method java/math/BigInteger::montReduce(int[], int[], int, int): int[], unrolling loop org.jetbrains.research.kfg.analysis.Loop@694b835 to 1 iterations
2021-06-11 17:16:15.511 [DEBUG][org.jetbrains.research.kex.asm.transform.LoopDeroller] - Method java/math/BigInteger::montReduce(int[], int[], int, int): int[], unrolling loop org.jetbrains.research.kfg.analysis.Loop@43476d56 to 1 iterations
2021-06-11 17:16:15.512 [DEBUG][org.jetbrains.research.kex.asm.transform.LoopDeroller] - Method java/math/BigInteger::montReduce(int[], int[], int, int): int[], unrolling loop org.jetbrains.research.kfg.analysis.Loop@7c9d5591 to 1 iterations
2021-06-11 17:16:15.512 [DEBUG][org.jetbrains.research.kex.asm.transform.LoopDeroller] - Method java/math/BigInteger::intArrayCmpToLen(int[], int[], int): int, unrolling loop org.jetbrains.research.kfg.analysis.Loop@521fd7b2 to 1 iterations
2021-06-11 17:16:15.512 [DEBUG][org.jetbrains.research.kex.asm.transform.LoopDeroller] - Method java/math/BigInteger::subN(int[], int[], int): int, unrolling loop org.jetbrains.research.kfg.analysis.Loop@18572d17 to 1 iterations
2021-06-11 17:16:15.513 [DEBUG][org.jetbrains.research.kex.asm.transform.LoopDeroller] - Method java/math/BigInteger::implMulAdd(int[], int[], int, int, int): int, unrolling loop org.jetbrains.research.kfg.analysis.Loop@308e6985 to 1 iterations
2021-06-11 17:16:15.514 [DEBUG][org.jetbrains.research.kex.asm.transform.LoopDeroller] - Method java/math/BigInteger::addOne(int[], int, int, int): int, unrolling loop org.jetbrains.research.kfg.analysis.Loop@3523d070 to 1 iterations
2021-06-11 17:16:15.521 [DEBUG][org.jetbrains.research.kex.asm.transform.LoopDeroller] - Method java/math/BigInteger::modPow2(java/math/BigInteger, int): java/math/BigInteger, unrolling loop org.jetbrains.research.kfg.analysis.Loop@1b3076b5 to 1 iterations
2021-06-11 17:16:15.521 [DEBUG][org.jetbrains.research.kex.asm.transform.LoopDeroller] - Method java/math/BigInteger::shiftLeft(int[], int): int[], unrolling loop org.jetbrains.research.kfg.analysis.Loop@1957f6cb to 1 iterations
2021-06-11 17:16:15.522 [DEBUG][org.jetbrains.research.kex.asm.transform.LoopDeroller] - Method java/math/BigInteger::shiftRightImpl(int): java/math/BigInteger, unrolling loop org.jetbrains.research.kfg.analysis.Loop@3f4bb498 to 1 iterations
2021-06-11 17:16:15.522 [DEBUG][org.jetbrains.research.kex.asm.transform.LoopDeroller] - Method java/math/BigInteger::shiftRightImpl(int): java/math/BigInteger, unrolling loop org.jetbrains.research.kfg.analysis.Loop@49e08f0c to 1 iterations
2021-06-11 17:16:15.523 [DEBUG][org.jetbrains.research.kex.asm.transform.LoopDeroller] - Method java/math/BigInteger::javaIncrement(int[]): int[], unrolling loop org.jetbrains.research.kfg.analysis.Loop@5d2df1f to 1 iterations
2021-06-11 17:16:15.523 [DEBUG][org.jetbrains.research.kex.asm.transform.LoopDeroller] - Method java/math/BigInteger::and(java/math/BigInteger): java/math/BigInteger, unrolling loop org.jetbrains.research.kfg.analysis.Loop@66498f6a to 1 iterations
2021-06-11 17:16:15.524 [DEBUG][org.jetbrains.research.kex.asm.transform.LoopDeroller] - Method java/math/BigInteger::or(java/math/BigInteger): java/math/BigInteger, unrolling loop org.jetbrains.research.kfg.analysis.Loop@69743c22 to 1 iterations
2021-06-11 17:16:15.525 [DEBUG][org.jetbrains.research.kex.asm.transform.LoopDeroller] - Method java/math/BigInteger::xor(java/math/BigInteger): java/math/BigInteger, unrolling loop org.jetbrains.research.kfg.analysis.Loop@5cf6e59 to 1 iterations
2021-06-11 17:16:15.531 [DEBUG][org.jetbrains.research.kex.asm.transform.LoopDeroller] - Method java/math/BigInteger::not(): java/math/BigInteger, unrolling loop org.jetbrains.research.kfg.analysis.Loop@50aed86a to 1 iterations
2021-06-11 17:16:15.532 [DEBUG][org.jetbrains.research.kex.asm.transform.LoopDeroller] - Method java/math/BigInteger::andNot(java/math/BigInteger): java/math/BigInteger, unrolling loop org.jetbrains.research.kfg.analysis.Loop@78b3df38 to 1 iterations
2021-06-11 17:16:15.533 [DEBUG][org.jetbrains.research.kex.asm.transform.LoopDeroller] - Method java/math/BigInteger::setBit(int): java/math/BigInteger, unrolling loop org.jetbrains.research.kfg.analysis.Loop@61e3177b to 1 iterations
2021-06-11 17:16:15.533 [DEBUG][org.jetbrains.research.kex.asm.transform.LoopDeroller] - Method java/math/BigInteger::clearBit(int): java/math/BigInteger, unrolling loop org.jetbrains.research.kfg.analysis.Loop@7a321f37 to 1 iterations
2021-06-11 17:16:15.534 [DEBUG][org.jetbrains.research.kex.asm.transform.LoopDeroller] - Method java/math/BigInteger::flipBit(int): java/math/BigInteger, unrolling loop org.jetbrains.research.kfg.analysis.Loop@3e4e94eb to 1 iterations
2021-06-11 17:16:15.535 [DEBUG][org.jetbrains.research.kex.asm.transform.LoopDeroller] - Method java/math/BigInteger::getLowestSetBit(): int, unrolling loop org.jetbrains.research.kfg.analysis.Loop@4b2894cf to 1 iterations
2021-06-11 17:16:15.539 [DEBUG][org.jetbrains.research.kex.asm.transform.LoopDeroller] - Method java/math/BigInteger::bitLength(): int, unrolling loop org.jetbrains.research.kfg.analysis.Loop@395eae02 to 1 iterations
2021-06-11 17:16:15.542 [DEBUG][org.jetbrains.research.kex.asm.transform.LoopDeroller] - Method java/math/BigInteger::bitCount(): int, unrolling loop org.jetbrains.research.kfg.analysis.Loop@484d3386 to 1 iterations
2021-06-11 17:16:15.542 [DEBUG][org.jetbrains.research.kex.asm.transform.LoopDeroller] - Method java/math/BigInteger::bitCount(): int, unrolling loop org.jetbrains.research.kfg.analysis.Loop@29e40959 to 1 iterations
2021-06-11 17:16:15.543 [DEBUG][org.jetbrains.research.kex.asm.transform.LoopDeroller] - Method java/math/BigInteger::compareMagnitude(java/math/BigInteger): int, unrolling loop org.jetbrains.research.kfg.analysis.Loop@25a52033 to 1 iterations
2021-06-11 17:16:15.543 [DEBUG][org.jetbrains.research.kex.asm.transform.LoopDeroller] - Method java/math/BigInteger::equals(java/lang/Object): bool, unrolling loop org.jetbrains.research.kfg.analysis.Loop@3b0561b3 to 1 iterations
2021-06-11 17:16:15.544 [DEBUG][org.jetbrains.research.kex.asm.transform.LoopDeroller] - Method java/math/BigInteger::hashCode(): int, unrolling loop org.jetbrains.research.kfg.analysis.Loop@52e32cf0 to 1 iterations
2021-06-11 17:16:15.544 [DEBUG][org.jetbrains.research.kex.asm.transform.LoopDeroller] - Method java/math/BigInteger::smallToString(int): java/lang/String, unrolling loop org.jetbrains.research.kfg.analysis.Loop@6352ab3b to 1 iterations
2021-06-11 17:16:15.547 [DEBUG][org.jetbrains.research.kex.asm.transform.LoopDeroller] - Method java/math/BigInteger::smallToString(int): java/lang/String, unrolling loop org.jetbrains.research.kfg.analysis.Loop@316d86e2 to 1 iterations
2021-06-11 17:16:15.548 [DEBUG][org.jetbrains.research.kex.asm.transform.LoopDeroller] - Method java/math/BigInteger::toString(java/math/BigInteger, java/lang/StringBuilder, int, int): void, unrolling loop org.jetbrains.research.kfg.analysis.Loop@72695b22 to 1 iterations
2021-06-11 17:16:15.548 [DEBUG][org.jetbrains.research.kex.asm.transform.LoopDeroller] - Method java/math/BigInteger::getRadixConversionCache(int, int): java/math/BigInteger, unrolling loop org.jetbrains.research.kfg.analysis.Loop@7e1a181f to 1 iterations
2021-06-11 17:16:15.548 [DEBUG][org.jetbrains.research.kex.asm.transform.LoopDeroller] - Method java/math/BigInteger::toByteArray(): byte[], unrolling loop org.jetbrains.research.kfg.analysis.Loop@62d8a427 to 1 iterations
2021-06-11 17:16:15.549 [DEBUG][org.jetbrains.research.kex.asm.transform.LoopDeroller] - Method java/math/BigInteger::longValue(): long, unrolling loop org.jetbrains.research.kfg.analysis.Loop@495ff47a to 1 iterations
2021-06-11 17:16:15.549 [DEBUG][org.jetbrains.research.kex.asm.transform.LoopDeroller] - Method java/math/BigInteger::stripLeadingZeroInts(int[]): int[], unrolling loop org.jetbrains.research.kfg.analysis.Loop@254f61f6 to 1 iterations
2021-06-11 17:16:15.549 [DEBUG][org.jetbrains.research.kex.asm.transform.LoopDeroller] - Method java/math/BigInteger::trustedStripLeadingZeroInts(int[]): int[], unrolling loop org.jetbrains.research.kfg.analysis.Loop@45a3deb4 to 1 iterations
2021-06-11 17:16:15.550 [DEBUG][org.jetbrains.research.kex.asm.transform.LoopDeroller] - Method java/math/BigInteger::stripLeadingZeroBytes(byte[]): int[], unrolling loop org.jetbrains.research.kfg.analysis.Loop@26753eb5 to 1 iterations
2021-06-11 17:16:15.550 [DEBUG][org.jetbrains.research.kex.asm.transform.LoopDeroller] - Method java/math/BigInteger::stripLeadingZeroBytes(byte[]): int[], unrolling loop org.jetbrains.research.kfg.analysis.Loop@2b6f0bff to 1 iterations
2021-06-11 17:16:15.550 [DEBUG][org.jetbrains.research.kex.asm.transform.LoopDeroller] - Method java/math/BigInteger::stripLeadingZeroBytes(byte[]): int[], unrolling loop org.jetbrains.research.kfg.analysis.Loop@6059d6d8 to 1 iterations
2021-06-11 17:16:15.551 [DEBUG][org.jetbrains.research.kex.asm.transform.LoopDeroller] - Method java/math/BigInteger::makePositive(byte[]): int[], unrolling loop org.jetbrains.research.kfg.analysis.Loop@59db167a to 1 iterations
2021-06-11 17:16:15.551 [DEBUG][org.jetbrains.research.kex.asm.transform.LoopDeroller] - Method java/math/BigInteger::makePositive(byte[]): int[], unrolling loop org.jetbrains.research.kfg.analysis.Loop@6ccc4749 to 1 iterations
2021-06-11 17:16:15.551 [DEBUG][org.jetbrains.research.kex.asm.transform.LoopDeroller] - Method java/math/BigInteger::makePositive(byte[]): int[], unrolling loop org.jetbrains.research.kfg.analysis.Loop@3f5750b1 to 1 iterations
2021-06-11 17:16:15.552 [DEBUG][org.jetbrains.research.kex.asm.transform.LoopDeroller] - Method java/math/BigInteger::makePositive(byte[]): int[], unrolling loop org.jetbrains.research.kfg.analysis.Loop@6764f531 to 1 iterations
2021-06-11 17:16:15.552 [DEBUG][org.jetbrains.research.kex.asm.transform.LoopDeroller] - Method java/math/BigInteger::makePositive(byte[]): int[], unrolling loop org.jetbrains.research.kfg.analysis.Loop@5c0c0792 to 1 iterations
2021-06-11 17:16:15.553 [DEBUG][org.jetbrains.research.kex.asm.transform.LoopDeroller] - Method java/math/BigInteger::makePositive(int[]): int[], unrolling loop org.jetbrains.research.kfg.analysis.Loop@67961440 to 1 iterations
2021-06-11 17:16:15.553 [DEBUG][org.jetbrains.research.kex.asm.transform.LoopDeroller] - Method java/math/BigInteger::makePositive(int[]): int[], unrolling loop org.jetbrains.research.kfg.analysis.Loop@3f8516fc to 1 iterations
2021-06-11 17:16:15.553 [DEBUG][org.jetbrains.research.kex.asm.transform.LoopDeroller] - Method java/math/BigInteger::makePositive(int[]): int[], unrolling loop org.jetbrains.research.kfg.analysis.Loop@26ed8471 to 1 iterations
2021-06-11 17:16:15.553 [DEBUG][org.jetbrains.research.kex.asm.transform.LoopDeroller] - Method java/math/BigInteger::makePositive(int[]): int[], unrolling loop org.jetbrains.research.kfg.analysis.Loop@70c4272b to 1 iterations
2021-06-11 17:16:15.554 [DEBUG][org.jetbrains.research.kex.asm.transform.LoopDeroller] - Method java/math/BigInteger::firstNonzeroIntNum(): int, unrolling loop org.jetbrains.research.kfg.analysis.Loop@67e421b4 to 1 iterations
2021-06-11 17:16:15.559 [DEBUG][org.jetbrains.research.kex.asm.transform.LoopDeroller] - Method java/math/BigInteger::magSerializedForm(): byte[], unrolling loop org.jetbrains.research.kfg.analysis.Loop@6ca7260 to 1 iterations
2021-06-11 17:16:15.565 [DEBUG][org.jetbrains.research.kex.asm.transform.LoopDeroller] - Method java/math/BigInteger::<clinit>(): void, unrolling loop org.jetbrains.research.kfg.analysis.Loop@ca4107e to 1 iterations
2021-06-11 17:16:15.566 [DEBUG][org.jetbrains.research.kex.asm.transform.LoopDeroller] - Method java/math/BigInteger::<clinit>(): void, unrolling loop org.jetbrains.research.kfg.analysis.Loop@36b3cbb8 to 1 iterations
2021-06-11 17:16:15.566 [DEBUG][org.jetbrains.research.kex.asm.transform.LoopDeroller] - Method java/math/BigInteger::<clinit>(): void, unrolling loop org.jetbrains.research.kfg.analysis.Loop@1486ca59 to 1 iterations
2021-06-11 17:16:15.567 [DEBUG][org.jetbrains.research.kex.asm.transform.LoopDeroller] - Method java/util/SplittableRandom$RandomLongsSpliterator::forEachRemaining(java/util/function/LongConsumer): void, unrolling loop org.jetbrains.research.kfg.analysis.Loop@6890cf4f to 1 iterations
2021-06-11 17:16:15.568 [DEBUG][org.jetbrains.research.kex.asm.transform.LoopDeroller] - Method java/lang/invoke/MethodTypeForm::<init>(java/lang/invoke/MethodType): void, unrolling loop org.jetbrains.research.kfg.analysis.Loop@23b938bc to 1 iterations
2021-06-11 17:16:15.570 [DEBUG][org.jetbrains.research.kex.asm.transform.LoopDeroller] - Method java/lang/invoke/MethodTypeForm::<init>(java/lang/invoke/MethodType): void, unrolling loop org.jetbrains.research.kfg.analysis.Loop@2c81c897 to 1 iterations
2021-06-11 17:16:15.571 [DEBUG][org.jetbrains.research.kex.asm.transform.LoopDeroller] - Method java/lang/invoke/MethodTypeForm::<init>(java/lang/invoke/MethodType): void, unrolling loop org.jetbrains.research.kfg.analysis.Loop@19e227ab to 1 iterations
2021-06-11 17:16:15.572 [DEBUG][org.jetbrains.research.kex.asm.transform.LoopDeroller] - Method java/lang/invoke/MethodTypeForm::canonicalizeAll(java/lang/Class[], int): java/lang/Class[], unrolling loop org.jetbrains.research.kfg.analysis.Loop@55954332 to 1 iterations
2021-06-11 17:16:15.573 [DEBUG][org.jetbrains.research.kex.asm.transform.LoopDeroller] - Method java/lang/String::<init>(int[], int, int): void, unrolling loop org.jetbrains.research.kfg.analysis.Loop@6ca30b84 to 1 iterations
2021-06-11 17:16:15.573 [DEBUG][org.jetbrains.research.kex.asm.transform.LoopDeroller] - Method java/lang/String::<init>(int[], int, int): void, unrolling loop org.jetbrains.research.kfg.analysis.Loop@10d1487 to 1 iterations
2021-06-11 17:16:15.574 [DEBUG][org.jetbrains.research.kex.asm.transform.LoopDeroller] - Method java/lang/String::<init>(byte[], int, int, int): void, unrolling loop org.jetbrains.research.kfg.analysis.Loop@14d18b42 to 1 iterations
2021-06-11 17:16:15.575 [DEBUG][org.jetbrains.research.kex.asm.transform.LoopDeroller] - Method java/lang/String::<init>(byte[], int, int, int): void, unrolling loop org.jetbrains.research.kfg.analysis.Loop@f871158 to 1 iterations
2021-06-11 17:16:15.580 [DEBUG][org.jetbrains.research.kex.asm.transform.LoopDeroller] - Method java/lang/String::getBytes(int, int, byte[], int): void, unrolling loop org.jetbrains.research.kfg.analysis.Loop@45482d31 to 1 iterations
2021-06-11 17:16:15.583 [DEBUG][org.jetbrains.research.kex.asm.transform.LoopDeroller] - Method java/lang/String::equals(java/lang/Object): bool, unrolling loop org.jetbrains.research.kfg.analysis.Loop@4145cd92 to 1 iterations
2021-06-11 17:16:15.583 [DEBUG][org.jetbrains.research.kex.asm.transform.LoopDeroller] - Method java/lang/String::nonSyncContentEquals(java/lang/AbstractStringBuilder): bool, unrolling loop org.jetbrains.research.kfg.analysis.Loop@75b2516b to 1 iterations
2021-06-11 17:16:15.584 [DEBUG][org.jetbrains.research.kex.asm.transform.LoopDeroller] - Method java/lang/String::contentEquals(java/lang/CharSequence): bool, unrolling loop org.jetbrains.research.kfg.analysis.Loop@4b996da6 to 1 iterations
2021-06-11 17:16:15.584 [DEBUG][org.jetbrains.research.kex.asm.transform.LoopDeroller] - Method java/lang/String::compareTo(java/lang/String): int, unrolling loop org.jetbrains.research.kfg.analysis.Loop@2ff870df to 1 iterations
2021-06-11 17:16:15.585 [DEBUG][org.jetbrains.research.kex.asm.transform.LoopDeroller] - Method java/lang/String::regionMatches(int, java/lang/String, int, int): bool, unrolling loop org.jetbrains.research.kfg.analysis.Loop@375ac816 to 1 iterations
2021-06-11 17:16:15.585 [DEBUG][org.jetbrains.research.kex.asm.transform.LoopDeroller] - Method java/lang/String::regionMatches(bool, int, java/lang/String, int, int): bool, unrolling loop org.jetbrains.research.kfg.analysis.Loop@5a39b27 to 1 iterations
2021-06-11 17:16:15.586 [DEBUG][org.jetbrains.research.kex.asm.transform.LoopDeroller] - Method java/lang/String::startsWith(java/lang/String, int): bool, unrolling loop org.jetbrains.research.kfg.analysis.Loop@6bf946f8 to 1 iterations
2021-06-11 17:16:15.587 [DEBUG][org.jetbrains.research.kex.asm.transform.LoopDeroller] - Method java/lang/String::hashCode(): int, unrolling loop org.jetbrains.research.kfg.analysis.Loop@1832a29c to 1 iterations
2021-06-11 17:16:15.587 [DEBUG][org.jetbrains.research.kex.asm.transform.LoopDeroller] - Method java/lang/String::indexOf(int, int): int, unrolling loop org.jetbrains.research.kfg.analysis.Loop@541bb18c to 1 iterations
2021-06-11 17:16:15.588 [DEBUG][org.jetbrains.research.kex.asm.transform.LoopDeroller] - Method java/lang/String::indexOfSupplementary(int, int): int, unrolling loop org.jetbrains.research.kfg.analysis.Loop@3a3f135b to 1 iterations
2021-06-11 17:16:15.588 [DEBUG][org.jetbrains.research.kex.asm.transform.LoopDeroller] - Method java/lang/String::lastIndexOf(int, int): int, unrolling loop org.jetbrains.research.kfg.analysis.Loop@7c748589 to 1 iterations
2021-06-11 17:16:15.588 [DEBUG][org.jetbrains.research.kex.asm.transform.LoopDeroller] - Method java/lang/String::lastIndexOfSupplementary(int, int): int, unrolling loop org.jetbrains.research.kfg.analysis.Loop@450d32a5 to 1 iterations
2021-06-11 17:16:15.589 [DEBUG][org.jetbrains.research.kex.asm.transform.LoopDeroller] - Method java/lang/String::indexOf(char[], int, int, char[], int, int, int): int, unrolling loop org.jetbrains.research.kfg.analysis.Loop@1898fbad to 1 iterations
2021-06-11 17:16:15.589 [DEBUG][org.jetbrains.research.kex.asm.transform.LoopDeroller] - Method java/lang/String::indexOf(char[], int, int, char[], int, int, int): int, unrolling loop org.jetbrains.research.kfg.analysis.Loop@16d7b37d to 1 iterations
2021-06-11 17:16:15.589 [DEBUG][org.jetbrains.research.kex.asm.transform.LoopDeroller] - Method java/lang/String::indexOf(char[], int, int, char[], int, int, int): int, unrolling loop org.jetbrains.research.kfg.analysis.Loop@24396dd5 to 1 iterations
2021-06-11 17:16:15.590 [DEBUG][org.jetbrains.research.kex.asm.transform.LoopDeroller] - Method java/lang/String::lastIndexOf(char[], int, int, char[], int, int, int): int, unrolling loop org.jetbrains.research.kfg.analysis.Loop@44d7cd0d to 1 iterations
2021-06-11 17:16:15.591 [DEBUG][org.jetbrains.research.kex.asm.transform.LoopDeroller] - Method java/lang/String::lastIndexOf(char[], int, int, char[], int, int, int): int, unrolling loop org.jetbrains.research.kfg.analysis.Loop@2d1e0aa8 to 1 iterations
2021-06-11 17:16:15.591 [DEBUG][org.jetbrains.research.kex.asm.transform.LoopDeroller] - Method java/lang/String::replace(char, char): java/lang/String, unrolling loop org.jetbrains.research.kfg.analysis.Loop@5dd4a922 to 1 iterations
2021-06-11 17:16:15.592 [DEBUG][org.jetbrains.research.kex.asm.transform.LoopDeroller] - Method java/lang/String::replace(char, char): java/lang/String, unrolling loop org.jetbrains.research.kfg.analysis.Loop@2eee39e4 to 1 iterations
2021-06-11 17:16:15.592 [DEBUG][org.jetbrains.research.kex.asm.transform.LoopDeroller] - Method java/lang/String::replace(char, char): java/lang/String, unrolling loop org.jetbrains.research.kfg.analysis.Loop@27785792 to 1 iterations
2021-06-11 17:16:15.592 [DEBUG][org.jetbrains.research.kex.asm.transform.LoopDeroller] - Method java/lang/String::split(java/lang/String, int): java/lang/String[], unrolling loop org.jetbrains.research.kfg.analysis.Loop@21fe18ca to 1 iterations
2021-06-11 17:16:15.593 [DEBUG][org.jetbrains.research.kex.asm.transform.LoopDeroller] - Method java/lang/String::split(java/lang/String, int): java/lang/String[], unrolling loop org.jetbrains.research.kfg.analysis.Loop@358baa80 to 1 iterations
2021-06-11 17:16:15.593 [DEBUG][org.jetbrains.research.kex.asm.transform.LoopDeroller] - Method java/lang/String::join(java/lang/CharSequence, java/lang/CharSequence[]): java/lang/String, unrolling loop org.jetbrains.research.kfg.analysis.Loop@561d81f to 1 iterations
2021-06-11 17:16:15.593 [DEBUG][org.jetbrains.research.kex.asm.transform.LoopDeroller] - Method java/lang/String::join(java/lang/CharSequence, java/lang/Iterable): java/lang/String, unrolling loop org.jetbrains.research.kfg.analysis.Loop@6638bb01 to 1 iterations
2021-06-11 17:16:15.594 [DEBUG][org.jetbrains.research.kex.asm.transform.LoopDeroller] - Method java/lang/String::toLowerCase(java/util/Locale): java/lang/String, unrolling loop org.jetbrains.research.kfg.analysis.Loop@772ca22 to 1 iterations
2021-06-11 17:16:15.602 [DEBUG][org.jetbrains.research.kex.asm.transform.LoopDeroller] - Method java/lang/String::toLowerCase(java/util/Locale): java/lang/String, unrolling loop org.jetbrains.research.kfg.analysis.Loop@14026214 to 1 iterations
2021-06-11 17:16:15.603 [DEBUG][org.jetbrains.research.kex.asm.transform.LoopDeroller] - Method java/lang/String::toLowerCase(java/util/Locale): java/lang/String, unrolling loop org.jetbrains.research.kfg.analysis.Loop@19fe2b2c to 1 iterations
2021-06-11 17:16:15.608 [DEBUG][org.jetbrains.research.kex.asm.transform.LoopDeroller] - Method java/lang/String::toUpperCase(java/util/Locale): java/lang/String, unrolling loop org.jetbrains.research.kfg.analysis.Loop@7b5594a9 to 1 iterations
2021-06-11 17:16:15.609 [DEBUG][org.jetbrains.research.kex.asm.transform.LoopDeroller] - Method java/lang/String::toUpperCase(java/util/Locale): java/lang/String, unrolling loop org.jetbrains.research.kfg.analysis.Loop@1eefde84 to 1 iterations
2021-06-11 17:16:15.612 [DEBUG][org.jetbrains.research.kex.asm.transform.LoopDeroller] - Method java/lang/String::toUpperCase(java/util/Locale): java/lang/String, unrolling loop org.jetbrains.research.kfg.analysis.Loop@663bf127 to 1 iterations
2021-06-11 17:16:15.612 [DEBUG][org.jetbrains.research.kex.asm.transform.LoopDeroller] - Method java/lang/String::trim(): java/lang/String, unrolling loop org.jetbrains.research.kfg.analysis.Loop@1e553166 to 1 iterations
2021-06-11 17:16:15.614 [DEBUG][org.jetbrains.research.kex.asm.transform.LoopDeroller] - Method java/lang/String::trim(): java/lang/String, unrolling loop org.jetbrains.research.kfg.analysis.Loop@23764a79 to 1 iterations
2021-06-11 17:16:15.616 [DEBUG][org.jetbrains.research.kex.asm.transform.LoopDeroller] - Method java/lang/invoke/LambdaMetafactory::altMetafactory(java/lang/invoke/MethodHandles$Lookup, java/lang/String, java/lang/invoke/MethodType, java/lang/Object[]): java/lang/invoke/CallSite, unrolling loop org.jetbrains.research.kfg.analysis.Loop@20fac3bc to 1 iterations
2021-06-11 17:16:15.622 [DEBUG][org.jetbrains.research.kex.asm.transform.LoopDeroller] - Method java/util/WeakHashMap$ValueSpliterator::forEachRemaining(java/util/function/Consumer): void, unrolling loop org.jetbrains.research.kfg.analysis.Loop@7c77c54f to 1 iterations
2021-06-11 17:16:15.625 [DEBUG][org.jetbrains.research.kex.asm.transform.LoopDeroller] - Method java/util/WeakHashMap$ValueSpliterator::tryAdvance(java/util/function/Consumer): bool, unrolling loop org.jetbrains.research.kfg.analysis.Loop@772fb465 to 1 iterations
2021-06-11 17:16:15.626 [DEBUG][org.jetbrains.research.kex.asm.transform.LoopDeroller] - Method java/lang/Runtime::exec(java/lang/String, java/lang/String[], java/io/File): java/lang/Process, unrolling loop org.jetbrains.research.kfg.analysis.Loop@5db2e2f9 to 1 iterations
2021-06-11 17:16:15.627 [DEBUG][org.jetbrains.research.kex.asm.transform.LoopDeroller] - Method java/util/SplittableRandom$RandomDoublesSpliterator::forEachRemaining(java/util/function/DoubleConsumer): void, unrolling loop org.jetbrains.research.kfg.analysis.Loop@7d9f89b0 to 1 iterations
2021-06-11 17:16:15.628 [DEBUG][org.jetbrains.research.kex.asm.transform.LoopDeroller] - Method java/util/prefs/Base64::byteArrayToBase64(byte[], bool): java/lang/String, unrolling loop org.jetbrains.research.kfg.analysis.Loop@6f3e0d76 to 1 iterations
2021-06-11 17:16:15.629 [DEBUG][org.jetbrains.research.kex.asm.transform.LoopDeroller] - Method java/util/prefs/Base64::base64ToByteArray(java/lang/String, bool): byte[], unrolling loop org.jetbrains.research.kfg.analysis.Loop@1c1ec6f1 to 1 iterations
2021-06-11 17:16:15.630 [DEBUG][org.jetbrains.research.kex.asm.transform.LoopDeroller] - Method java/util/prefs/Base64::main(java/lang/String[]): void, unrolling loop org.jetbrains.research.kfg.analysis.Loop@3dddd15 to 1 iterations
2021-06-11 17:16:15.630 [DEBUG][org.jetbrains.research.kex.asm.transform.LoopDeroller] - Method java/util/prefs/Base64::main(java/lang/String[]): void, unrolling loop org.jetbrains.research.kfg.analysis.Loop@4cd41691 to 1 iterations
2021-06-11 17:16:15.632 [DEBUG][org.jetbrains.research.kex.asm.transform.LoopDeroller] - Method java/util/prefs/Base64::main(java/lang/String[]): void, unrolling loop org.jetbrains.research.kfg.analysis.Loop@4505eb1c to 1 iterations
2021-06-11 17:16:15.648 [DEBUG][org.jetbrains.research.kex.asm.transform.LoopDeroller] - Method java/util/stream/StreamOpFlag$MaskBuilder::build(): java/util/Map, unrolling loop org.jetbrains.research.kfg.analysis.Loop@44fdfa2e to 1 iterations
2021-06-11 17:16:15.648 [DEBUG][org.jetbrains.research.kex.asm.transform.LoopDeroller] - Method java/util/stream/SpinedBuffer$1Splitr::forEachRemaining(java/util/function/Consumer): void, unrolling loop org.jetbrains.research.kfg.analysis.Loop@75501e92 to 1 iterations
2021-06-11 17:16:15.649 [DEBUG][org.jetbrains.research.kex.asm.transform.LoopDeroller] - Method java/util/stream/SpinedBuffer$1Splitr::forEachRemaining(java/util/function/Consumer): void, unrolling loop org.jetbrains.research.kfg.analysis.Loop@2280a733 to 1 iterations
2021-06-11 17:16:15.649 [DEBUG][org.jetbrains.research.kex.asm.transform.LoopDeroller] - Method java/util/stream/SpinedBuffer$1Splitr::forEachRemaining(java/util/function/Consumer): void, unrolling loop org.jetbrains.research.kfg.analysis.Loop@5b399da to 1 iterations
2021-06-11 17:16:15.651 [DEBUG][org.jetbrains.research.kex.asm.transform.LoopDeroller] - Method java/io/FilePermission::getMask(java/lang/String): int, unrolling loop org.jetbrains.research.kfg.analysis.Loop@4cdfa89b to 1 iterations
2021-06-11 17:16:15.651 [DEBUG][org.jetbrains.research.kex.asm.transform.LoopDeroller] - Method java/io/FilePermission::getMask(java/lang/String): int, unrolling loop org.jetbrains.research.kfg.analysis.Loop@79a6b898 to 1 iterations
2021-06-11 17:16:15.652 [DEBUG][org.jetbrains.research.kex.asm.transform.LoopDeroller] - Method java/io/FilePermission::getMask(java/lang/String): int, unrolling loop org.jetbrains.research.kfg.analysis.Loop@5688431c to 1 iterations
2021-06-11 17:16:15.688 [DEBUG][org.jetbrains.research.kex.asm.transform.LoopDeroller] - Method java/util/stream/AbstractShortCircuitTask::compute(): void, unrolling loop org.jetbrains.research.kfg.analysis.Loop@5d18d358 to 1 iterations
2021-06-11 17:16:15.688 [DEBUG][org.jetbrains.research.kex.asm.transform.LoopDeroller] - Method java/util/stream/AbstractShortCircuitTask::taskCanceled(): bool, unrolling loop org.jetbrains.research.kfg.analysis.Loop@12f23beb to 1 iterations
2021-06-11 17:16:15.689 [DEBUG][org.jetbrains.research.kex.asm.transform.LoopDeroller] - Method java/util/stream/AbstractShortCircuitTask::cancelLaterNodes(): void, unrolling loop org.jetbrains.research.kfg.analysis.Loop@21be3f56 to 1 iterations
2021-06-11 17:16:15.689 [DEBUG][org.jetbrains.research.kex.asm.transform.LoopDeroller] - Method java/util/TimSort::sort(java/lang/Object[], int, int, java/util/Comparator, java/lang/Object[], int, int): void, unrolling loop org.jetbrains.research.kfg.analysis.Loop@4e1e5bdf to 1 iterations
2021-06-11 17:16:15.690 [DEBUG][org.jetbrains.research.kex.asm.transform.LoopDeroller] - Method java/util/TimSort::binarySort(java/lang/Object[], int, int, int, java/util/Comparator): void, unrolling loop org.jetbrains.research.kfg.analysis.Loop@14209eb0 to 1 iterations
2021-06-11 17:16:15.690 [DEBUG][org.jetbrains.research.kex.asm.transform.LoopDeroller] - Method java/util/TimSort::binarySort(java/lang/Object[], int, int, int, java/util/Comparator): void, unrolling loop org.jetbrains.research.kfg.analysis.Loop@7fd02c30 to 1 iterations
2021-06-11 17:16:15.691 [DEBUG][org.jetbrains.research.kex.asm.transform.LoopDeroller] - Method java/util/TimSort::countRunAndMakeAscending(java/lang/Object[], int, int, java/util/Comparator): int, unrolling loop org.jetbrains.research.kfg.analysis.Loop@579dc69c to 1 iterations
2021-06-11 17:16:15.692 [DEBUG][org.jetbrains.research.kex.asm.transform.LoopDeroller] - Method java/util/TimSort::countRunAndMakeAscending(java/lang/Object[], int, int, java/util/Comparator): int, unrolling loop org.jetbrains.research.kfg.analysis.Loop@60a104aa to 1 iterations
2021-06-11 17:16:15.692 [DEBUG][org.jetbrains.research.kex.asm.transform.LoopDeroller] - Method java/util/TimSort::reverseRange(java/lang/Object[], int, int): void, unrolling loop org.jetbrains.research.kfg.analysis.Loop@6a6ed0dc to 1 iterations
2021-06-11 17:16:15.692 [DEBUG][org.jetbrains.research.kex.asm.transform.LoopDeroller] - Method java/util/TimSort::minRunLength(int): int, unrolling loop org.jetbrains.research.kfg.analysis.Loop@2ec15979 to 1 iterations
2021-06-11 17:16:15.692 [DEBUG][org.jetbrains.research.kex.asm.transform.LoopDeroller] - Method java/util/TimSort::mergeCollapse(): void, unrolling loop org.jetbrains.research.kfg.analysis.Loop@2205b964 to 1 iterations
2021-06-11 17:16:15.693 [DEBUG][org.jetbrains.research.kex.asm.transform.LoopDeroller] - Method java/util/TimSort::mergeForceCollapse(): void, unrolling loop org.jetbrains.research.kfg.analysis.Loop@25016e83 to 1 iterations
2021-06-11 17:16:15.694 [DEBUG][org.jetbrains.research.kex.asm.transform.LoopDeroller] - Method java/util/TimSort::gallopLeft(java/lang/Object, java/lang/Object[], int, int, int, java/util/Comparator): int, unrolling loop org.jetbrains.research.kfg.analysis.Loop@69f0a5b to 1 iterations
2021-06-11 17:16:15.694 [DEBUG][org.jetbrains.research.kex.asm.transform.LoopDeroller] - Method java/util/TimSort::gallopLeft(java/lang/Object, java/lang/Object[], int, int, int, java/util/Comparator): int, unrolling loop org.jetbrains.research.kfg.analysis.Loop@1e3a384c to 1 iterations
2021-06-11 17:16:15.695 [DEBUG][org.jetbrains.research.kex.asm.transform.LoopDeroller] - Method java/util/TimSort::gallopLeft(java/lang/Object, java/lang/Object[], int, int, int, java/util/Comparator): int, unrolling loop org.jetbrains.research.kfg.analysis.Loop@7e034ad to 1 iterations
2021-06-11 17:16:15.695 [DEBUG][org.jetbrains.research.kex.asm.transform.LoopDeroller] - Method java/util/TimSort::gallopRight(java/lang/Object, java/lang/Object[], int, int, int, java/util/Comparator): int, unrolling loop org.jetbrains.research.kfg.analysis.Loop@6bb62856 to 1 iterations
2021-06-11 17:16:15.696 [DEBUG][org.jetbrains.research.kex.asm.transform.LoopDeroller] - Method java/util/TimSort::gallopRight(java/lang/Object, java/lang/Object[], int, int, int, java/util/Comparator): int, unrolling loop org.jetbrains.research.kfg.analysis.Loop@70775985 to 1 iterations
2021-06-11 17:16:15.696 [DEBUG][org.jetbrains.research.kex.asm.transform.LoopDeroller] - Method java/util/TimSort::gallopRight(java/lang/Object, java/lang/Object[], int, int, int, java/util/Comparator): int, unrolling loop org.jetbrains.research.kfg.analysis.Loop@426347aa to 1 iterations
2021-06-11 17:16:15.697 [DEBUG][org.jetbrains.research.kex.asm.transform.LoopDeroller] - Method java/util/TimSort::mergeLo(int, int, int, int): void, unrolling loop org.jetbrains.research.kfg.analysis.Loop@66b1ed04 to 1 iterations
2021-06-11 17:16:15.705 [DEBUG][org.jetbrains.research.kex.asm.transform.LoopDeroller] - Method java/util/TimSort::mergeLo(int, int, int, int): void, unrolling loop org.jetbrains.research.kfg.analysis.Loop@574be46c to 1 iterations
2021-06-11 17:16:15.709 [DEBUG][org.jetbrains.research.kex.asm.transform.LoopDeroller] - Method java/util/TimSort::mergeLo(int, int, int, int): void, unrolling loop org.jetbrains.research.kfg.analysis.Loop@779510bf to 1 iterations
2021-06-11 17:16:15.732 [DEBUG][org.jetbrains.research.kex.asm.transform.LoopDeroller] - Method java/util/TimSort::mergeHi(int, int, int, int): void, unrolling loop org.jetbrains.research.kfg.analysis.Loop@31f7d4ca to 1 iterations
2021-06-11 17:16:15.734 [DEBUG][org.jetbrains.research.kex.asm.transform.LoopDeroller] - Method java/util/TimSort::mergeHi(int, int, int, int): void, unrolling loop org.jetbrains.research.kfg.analysis.Loop@3ebe30c0 to 1 iterations
2021-06-11 17:16:15.737 [DEBUG][org.jetbrains.research.kex.asm.transform.LoopDeroller] - Method java/util/TimSort::mergeHi(int, int, int, int): void, unrolling loop org.jetbrains.research.kfg.analysis.Loop@5861abbe to 1 iterations
2021-06-11 17:16:15.772 [DEBUG][org.jetbrains.research.kex.asm.transform.LoopDeroller] - Method java/io/DataOutputStream::writeBytes(java/lang/String): void, unrolling loop org.jetbrains.research.kfg.analysis.Loop@5cfdc06 to 1 iterations
2021-06-11 17:16:15.773 [DEBUG][org.jetbrains.research.kex.asm.transform.LoopDeroller] - Method java/io/DataOutputStream::writeChars(java/lang/String): void, unrolling loop org.jetbrains.research.kfg.analysis.Loop@2c12a9a2 to 1 iterations
2021-06-11 17:16:15.773 [DEBUG][org.jetbrains.research.kex.asm.transform.LoopDeroller] - Method java/io/DataOutputStream::writeUTF(java/lang/String, java/io/DataOutput): int, unrolling loop org.jetbrains.research.kfg.analysis.Loop@1f980d68 to 1 iterations
2021-06-11 17:16:15.774 [DEBUG][org.jetbrains.research.kex.asm.transform.LoopDeroller] - Method java/io/DataOutputStream::writeUTF(java/lang/String, java/io/DataOutput): int, unrolling loop org.jetbrains.research.kfg.analysis.Loop@34c310a7 to 1 iterations
2021-06-11 17:16:15.775 [DEBUG][org.jetbrains.research.kex.asm.transform.LoopDeroller] - Method java/io/DataOutputStream::writeUTF(java/lang/String, java/io/DataOutput): int, unrolling loop org.jetbrains.research.kfg.analysis.Loop@5b1cd8d1 to 1 iterations
2021-06-11 17:16:15.775 [DEBUG][org.jetbrains.research.kex.asm.transform.LoopDeroller] - Method java/util/concurrent/ConcurrentSkipListMap$ValueSpliterator::trySplit(): java/util/Spliterator, unrolling loop org.jetbrains.research.kfg.analysis.Loop@4743889 to 1 iterations
2021-06-11 17:16:15.776 [DEBUG][org.jetbrains.research.kex.asm.transform.LoopDeroller] - Method java/util/concurrent/ConcurrentSkipListMap$ValueSpliterator::forEachRemaining(java/util/function/Consumer): void, unrolling loop org.jetbrains.research.kfg.analysis.Loop@5f5e0ec4 to 1 iterations
2021-06-11 17:16:15.776 [DEBUG][org.jetbrains.research.kex.asm.transform.LoopDeroller] - Method java/util/concurrent/ConcurrentSkipListMap$ValueSpliterator::tryAdvance(java/util/function/Consumer): bool, unrolling loop org.jetbrains.research.kfg.analysis.Loop@7353aa46 to 1 iterations
2021-06-11 17:16:15.777 [DEBUG][org.jetbrains.research.kex.asm.transform.LoopDeroller] - Method java/util/stream/Nodes$ToArrayTask::compute(): void, unrolling loop org.jetbrains.research.kfg.analysis.Loop@46ce97e3 to 1 iterations
2021-06-11 17:16:15.777 [DEBUG][org.jetbrains.research.kex.asm.transform.LoopDeroller] - Method java/util/stream/Nodes$ToArrayTask::compute(): void, unrolling loop org.jetbrains.research.kfg.analysis.Loop@313d0033 to 1 iterations
2021-06-11 17:16:15.778 [DEBUG][org.jetbrains.research.kex.asm.transform.LoopDeroller] - Method java/util/stream/IntPipeline::forEachWithCancel(java/util/Spliterator, java/util/stream/Sink): void, unrolling loop org.jetbrains.research.kfg.analysis.Loop@4ef665b3 to 1 iterations
2021-06-11 17:16:15.778 [DEBUG][org.jetbrains.research.kex.asm.transform.LoopDeroller] - Method java/util/Hashtable$EntrySet::contains(java/lang/Object): bool, unrolling loop org.jetbrains.research.kfg.analysis.Loop@eb063c7 to 1 iterations
2021-06-11 17:16:15.779 [DEBUG][org.jetbrains.research.kex.asm.transform.LoopDeroller] - Method java/util/Hashtable$EntrySet::remove(java/lang/Object): bool, unrolling loop org.jetbrains.research.kfg.analysis.Loop@5119d3d8 to 1 iterations
2021-06-11 17:16:15.787 [DEBUG][org.jetbrains.research.kex.asm.transform.LoopDeroller] - Method java/util/ArrayPrefixHelpers$LongCumulateTask::compute(): void, unrolling loop org.jetbrains.research.kfg.analysis.Loop@25b46017 to 1 iterations
2021-06-11 17:16:15.788 [DEBUG][org.jetbrains.research.kex.asm.transform.LoopDeroller] - Method java/util/ArrayPrefixHelpers$LongCumulateTask::compute(): void, unrolling loop org.jetbrains.research.kfg.analysis.Loop@154bad40 to 1 iterations
2021-06-11 17:16:15.789 [DEBUG][org.jetbrains.research.kex.asm.transform.LoopDeroller] - Method java/util/ArrayPrefixHelpers$LongCumulateTask::compute(): void, unrolling loop org.jetbrains.research.kfg.analysis.Loop@305d98a9 to 1 iterations
2021-06-11 17:16:15.796 [DEBUG][org.jetbrains.research.kex.asm.transform.LoopDeroller] - Method java/util/ArrayPrefixHelpers$LongCumulateTask::compute(): void, unrolling loop org.jetbrains.research.kfg.analysis.Loop@46982691 to 1 iterations
2021-06-11 17:16:15.797 [DEBUG][org.jetbrains.research.kex.asm.transform.LoopDeroller] - Method java/util/ArrayPrefixHelpers$LongCumulateTask::compute(): void, unrolling loop org.jetbrains.research.kfg.analysis.Loop@52b5fb18 to 1 iterations
2021-06-11 17:16:15.799 [DEBUG][org.jetbrains.research.kex.asm.transform.LoopDeroller] - Method java/util/ArrayPrefixHelpers$LongCumulateTask::compute(): void, unrolling loop org.jetbrains.research.kfg.analysis.Loop@e71a2af to 1 iterations
2021-06-11 17:16:15.808 [DEBUG][org.jetbrains.research.kex.asm.transform.LoopDeroller] - Method java/util/ArrayPrefixHelpers$LongCumulateTask::compute(): void, unrolling loop org.jetbrains.research.kfg.analysis.Loop@7462f5ad to 1 iterations
2021-06-11 17:16:15.810 [ERROR][org.jetbrains.research.kex.asm.transform.LoopDeroller] - Can't deroll loops of method java/lang/ref/Reference$ReferenceHandler::run(): void
2021-06-11 17:16:15.810 [DEBUG][org.jetbrains.research.kex.asm.transform.LoopDeroller] - Method java/util/Spliterators$DoubleArraySpliterator::forEachRemaining(java/util/function/DoubleConsumer): void, unrolling loop org.jetbrains.research.kfg.analysis.Loop@10eca28c to 1 iterations
2021-06-11 17:16:15.811 [DEBUG][org.jetbrains.research.kex.asm.transform.LoopDeroller] - Method java/lang/invoke/MethodHandle::asSpreaderChecks(java/lang/Class, int): java/lang/invoke/MethodType, unrolling loop org.jetbrains.research.kfg.analysis.Loop@2a09689 to 1 iterations
2021-06-11 17:16:15.813 [DEBUG][org.jetbrains.research.kex.asm.transform.LoopDeroller] - Method java/io/ObjectOutputStream$ReplaceTable::assign(java/lang/Object, java/lang/Object): void, unrolling loop org.jetbrains.research.kfg.analysis.Loop@5e9a4263 to 1 iterations
2021-06-11 17:16:15.815 [DEBUG][org.jetbrains.research.kex.asm.transform.LoopDeroller] - Method java/util/Collection::removeIf(java/util/function/Predicate): bool, unrolling loop org.jetbrains.research.kfg.analysis.Loop@1b89aeb to 1 iterations
2021-06-11 17:16:15.816 [DEBUG][org.jetbrains.research.kex.asm.transform.LoopDeroller] - Method java/util/HashMap$EntrySet::forEach(java/util/function/Consumer): void, unrolling loop org.jetbrains.research.kfg.analysis.Loop@2c5ad99f to 1 iterations
2021-06-11 17:16:15.816 [DEBUG][org.jetbrains.research.kex.asm.transform.LoopDeroller] - Method java/util/HashMap$EntrySet::forEach(java/util/function/Consumer): void, unrolling loop org.jetbrains.research.kfg.analysis.Loop@68ee36e2 to 1 iterations
2021-06-11 17:16:15.817 [DEBUG][org.jetbrains.research.kex.asm.transform.LoopDeroller] - Method java/lang/ref/Finalizer$3::run(): void, unrolling loop org.jetbrains.research.kfg.analysis.Loop@3f7e9b92 to 1 iterations
2021-06-11 17:16:15.817 [DEBUG][org.jetbrains.research.kex.asm.transform.LoopDeroller] - Method java/lang/ref/Finalizer$2::run(): void, unrolling loop org.jetbrains.research.kfg.analysis.Loop@2b3118c3 to 1 iterations
2021-06-11 17:16:15.817 [DEBUG][org.jetbrains.research.kex.asm.transform.LoopDeroller] - Method java/lang/ref/Finalizer$1::run(): java/lang/Void, unrolling loop org.jetbrains.research.kfg.analysis.Loop@48211247 to 1 iterations
2021-06-11 17:16:15.818 [DEBUG][org.jetbrains.research.kex.asm.transform.LoopDeroller] - Method java/util/DualPivotQuicksort::sort(int[], int, int, int[], int, int): void, unrolling loop org.jetbrains.research.kfg.analysis.Loop@346e2da5 to 1 iterations
2021-06-11 17:16:15.819 [DEBUG][org.jetbrains.research.kex.asm.transform.LoopDeroller] - Method java/util/DualPivotQuicksort::sort(int[], int, int, int[], int, int): void, unrolling loop org.jetbrains.research.kfg.analysis.Loop@2f17322b to 1 iterations
2021-06-11 17:16:15.819 [DEBUG][org.jetbrains.research.kex.asm.transform.LoopDeroller] - Method java/util/DualPivotQuicksort::sort(int[], int, int, int[], int, int): void, unrolling loop org.jetbrains.research.kfg.analysis.Loop@8253b3a to 1 iterations
2021-06-11 17:16:15.821 [DEBUG][org.jetbrains.research.kex.asm.transform.LoopDeroller] - Method java/util/DualPivotQuicksort::sort(int[], int, int, int[], int, int): void, unrolling loop org.jetbrains.research.kfg.analysis.Loop@730932f6 to 1 iterations
2021-06-11 17:16:15.827 [DEBUG][org.jetbrains.research.kex.asm.transform.LoopDeroller] - Method java/util/DualPivotQuicksort::sort(int[], int, int, int[], int, int): void, unrolling loop org.jetbrains.research.kfg.analysis.Loop@6fe0921 to 1 iterations
2021-06-11 17:16:15.830 [DEBUG][org.jetbrains.research.kex.asm.transform.LoopDeroller] - Method java/util/DualPivotQuicksort::sort(int[], int, int, int[], int, int): void, unrolling loop org.jetbrains.research.kfg.analysis.Loop@e4a2018 to 1 iterations
2021-06-11 17:16:15.833 [DEBUG][org.jetbrains.research.kex.asm.transform.LoopDeroller] - Method java/util/DualPivotQuicksort::sort(int[], int, int, int[], int, int): void, unrolling loop org.jetbrains.research.kfg.analysis.Loop@65998b2e to 1 iterations
2021-06-11 17:16:15.834 [DEBUG][org.jetbrains.research.kex.asm.transform.LoopDeroller] - Method java/util/DualPivotQuicksort::sort(int[], int, int, int[], int, int): void, unrolling loop org.jetbrains.research.kfg.analysis.Loop@422f9d08 to 1 iterations
2021-06-11 17:16:15.834 [DEBUG][org.jetbrains.research.kex.asm.transform.LoopDeroller] - Method java/util/DualPivotQuicksort::sort(int[], int, int, int[], int, int): void, unrolling loop org.jetbrains.research.kfg.analysis.Loop@20eb7787 to 1 iterations
2021-06-11 17:16:15.834 [DEBUG][org.jetbrains.research.kex.asm.transform.LoopDeroller] - Method java/util/DualPivotQuicksort::sort(int[], int, int, int[], int, int): void, unrolling loop org.jetbrains.research.kfg.analysis.Loop@7eaf91 to 1 iterations
2021-06-11 17:16:15.841 [DEBUG][org.jetbrains.research.kex.asm.transform.LoopDeroller] - Method java/util/DualPivotQuicksort::sort(int[], int, int, bool): void, unrolling loop org.jetbrains.research.kfg.analysis.Loop@3054bf5d to 1 iterations
2021-06-11 17:16:15.842 [DEBUG][org.jetbrains.research.kex.asm.transform.LoopDeroller] - Method java/util/DualPivotQuicksort::sort(int[], int, int, bool): void, unrolling loop org.jetbrains.research.kfg.analysis.Loop@4018e9 to 1 iterations
2021-06-11 17:16:15.849 [DEBUG][org.jetbrains.research.kex.asm.transform.LoopDeroller] - Method java/util/DualPivotQuicksort::sort(int[], int, int, bool): void, unrolling loop org.jetbrains.research.kfg.analysis.Loop@6b9c7b57 to 1 iterations
2021-06-11 17:16:15.851 [DEBUG][org.jetbrains.research.kex.asm.transform.LoopDeroller] - Method java/util/DualPivotQuicksort::sort(int[], int, int, bool): void, unrolling loop org.jetbrains.research.kfg.analysis.Loop@606eda32 to 1 iterations
2021-06-11 17:16:15.853 [DEBUG][org.jetbrains.research.kex.asm.transform.LoopDeroller] - Method java/util/DualPivotQuicksort::sort(int[], int, int, bool): void, unrolling loop org.jetbrains.research.kfg.analysis.Loop@56b197a5 to 1 iterations
2021-06-11 17:16:15.855 [DEBUG][org.jetbrains.research.kex.asm.transform.LoopDeroller] - Method java/util/DualPivotQuicksort::sort(int[], int, int, bool): void, unrolling loop org.jetbrains.research.kfg.analysis.Loop@6d0b8d78 to 1 iterations
2021-06-11 17:16:15.855 [DEBUG][org.jetbrains.research.kex.asm.transform.LoopDeroller] - Method java/util/DualPivotQuicksort::sort(int[], int, int, bool): void, unrolling loop org.jetbrains.research.kfg.analysis.Loop@3517cdc3 to 1 iterations
2021-06-11 17:16:15.857 [DEBUG][org.jetbrains.research.kex.asm.transform.LoopDeroller] - Method java/util/DualPivotQuicksort::sort(int[], int, int, bool): void, unrolling loop org.jetbrains.research.kfg.analysis.Loop@78351bf1 to 1 iterations
2021-06-11 17:16:15.857 [DEBUG][org.jetbrains.research.kex.asm.transform.LoopDeroller] - Method java/util/DualPivotQuicksort::sort(int[], int, int, bool): void, unrolling loop org.jetbrains.research.kfg.analysis.Loop@5acd5d3b to 1 iterations
2021-06-11 17:16:16.101 [DEBUG][org.jetbrains.research.kex.asm.transform.LoopDeroller] - Method java/util/DualPivotQuicksort::sort(int[], int, int, bool): void, unrolling loop org.jetbrains.research.kfg.analysis.Loop@3ccc9113 to 1 iterations
2021-06-11 17:16:16.101 [DEBUG][org.jetbrains.research.kex.asm.transform.LoopDeroller] - Method java/util/DualPivotQuicksort::sort(int[], int, int, bool): void, unrolling loop org.jetbrains.research.kfg.analysis.Loop@7b56c72f to 1 iterations
2021-06-11 17:16:16.103 [DEBUG][org.jetbrains.research.kex.asm.transform.LoopDeroller] - Method java/util/DualPivotQuicksort::sort(int[], int, int, bool): void, unrolling loop org.jetbrains.research.kfg.analysis.Loop@88e9d75 to 1 iterations
2021-06-11 17:16:16.103 [DEBUG][org.jetbrains.research.kex.asm.transform.LoopDeroller] - Method java/util/DualPivotQuicksort::sort(int[], int, int, bool): void, unrolling loop org.jetbrains.research.kfg.analysis.Loop@1ea7791c to 1 iterations
2021-06-11 17:16:16.103 [DEBUG][org.jetbrains.research.kex.asm.transform.LoopDeroller] - Method java/util/DualPivotQuicksort::sort(int[], int, int, bool): void, unrolling loop org.jetbrains.research.kfg.analysis.Loop@396eb532 to 1 iterations
2021-06-11 17:16:16.104 [DEBUG][org.jetbrains.research.kex.asm.transform.LoopDeroller] - Method java/util/DualPivotQuicksort::sort(int[], int, int, bool): void, unrolling loop org.jetbrains.research.kfg.analysis.Loop@b1b4508 to 1 iterations
2021-06-11 17:16:16.104 [DEBUG][org.jetbrains.research.kex.asm.transform.LoopDeroller] - Method java/util/DualPivotQuicksort::sort(int[], int, int, bool): void, unrolling loop org.jetbrains.research.kfg.analysis.Loop@b9c83c2 to 1 iterations
2021-06-11 17:16:16.104 [DEBUG][org.jetbrains.research.kex.asm.transform.LoopDeroller] - Method java/util/DualPivotQuicksort::sort(int[], int, int, bool): void, unrolling loop org.jetbrains.research.kfg.analysis.Loop@21806b5f to 1 iterations
2021-06-11 17:16:16.106 [DEBUG][org.jetbrains.research.kex.asm.transform.LoopDeroller] - Method java/util/DualPivotQuicksort::sort(long[], int, int, long[], int, int): void, unrolling loop org.jetbrains.research.kfg.analysis.Loop@1e70b37c to 1 iterations
2021-06-11 17:16:16.107 [DEBUG][org.jetbrains.research.kex.asm.transform.LoopDeroller] - Method java/util/DualPivotQuicksort::sort(long[], int, int, long[], int, int): void, unrolling loop org.jetbrains.research.kfg.analysis.Loop@5f0de57b to 1 iterations
2021-06-11 17:16:16.108 [DEBUG][org.jetbrains.research.kex.asm.transform.LoopDeroller] - Method java/util/DualPivotQuicksort::sort(long[], int, int, long[], int, int): void, unrolling loop org.jetbrains.research.kfg.analysis.Loop@313649e9 to 1 iterations
2021-06-11 17:16:16.109 [DEBUG][org.jetbrains.research.kex.asm.transform.LoopDeroller] - Method java/util/DualPivotQuicksort::sort(long[], int, int, long[], int, int): void, unrolling loop org.jetbrains.research.kfg.analysis.Loop@1248716a to 1 iterations
2021-06-11 17:16:16.112 [DEBUG][org.jetbrains.research.kex.asm.transform.LoopDeroller] - Method java/util/DualPivotQuicksort::sort(long[], int, int, long[], int, int): void, unrolling loop org.jetbrains.research.kfg.analysis.Loop@769451d6 to 1 iterations
2021-06-11 17:16:16.128 [DEBUG][org.jetbrains.research.kex.asm.transform.LoopDeroller] - Method java/util/DualPivotQuicksort::sort(long[], int, int, long[], int, int): void, unrolling loop org.jetbrains.research.kfg.analysis.Loop@4abe511c to 1 iterations
2021-06-11 17:16:16.129 [DEBUG][org.jetbrains.research.kex.asm.transform.LoopDeroller] - Method java/util/DualPivotQuicksort::sort(long[], int, int, long[], int, int): void, unrolling loop org.jetbrains.research.kfg.analysis.Loop@54f33f77 to 1 iterations
2021-06-11 17:16:16.130 [DEBUG][org.jetbrains.research.kex.asm.transform.LoopDeroller] - Method java/util/DualPivotQuicksort::sort(long[], int, int, long[], int, int): void, unrolling loop org.jetbrains.research.kfg.analysis.Loop@2a46e48e to 1 iterations
2021-06-11 17:16:16.130 [DEBUG][org.jetbrains.research.kex.asm.transform.LoopDeroller] - Method java/util/DualPivotQuicksort::sort(long[], int, int, long[], int, int): void, unrolling loop org.jetbrains.research.kfg.analysis.Loop@6ef5e920 to 1 iterations
2021-06-11 17:16:16.145 [DEBUG][org.jetbrains.research.kex.asm.transform.LoopDeroller] - Method java/util/DualPivotQuicksort::sort(long[], int, int, long[], int, int): void, unrolling loop org.jetbrains.research.kfg.analysis.Loop@1a05489 to 1 iterations
2021-06-11 17:16:16.146 [DEBUG][org.jetbrains.research.kex.asm.transform.LoopDeroller] - Method java/util/DualPivotQuicksort::sort(long[], int, int, bool): void, unrolling loop org.jetbrains.research.kfg.analysis.Loop@78451262 to 1 iterations
2021-06-11 17:16:16.151 [DEBUG][org.jetbrains.research.kex.asm.transform.LoopDeroller] - Method java/util/DualPivotQuicksort::sort(long[], int, int, bool): void, unrolling loop org.jetbrains.research.kfg.analysis.Loop@39a8bb6c to 1 iterations
2021-06-11 17:16:16.152 [DEBUG][org.jetbrains.research.kex.asm.transform.LoopDeroller] - Method java/util/DualPivotQuicksort::sort(long[], int, int, bool): void, unrolling loop org.jetbrains.research.kfg.analysis.Loop@44c2c084 to 1 iterations
2021-06-11 17:16:16.166 [DEBUG][org.jetbrains.research.kex.asm.transform.LoopDeroller] - Method java/util/DualPivotQuicksort::sort(long[], int, int, bool): void, unrolling loop org.jetbrains.research.kfg.analysis.Loop@13a9b794 to 1 iterations
2021-06-11 17:16:16.169 [DEBUG][org.jetbrains.research.kex.asm.transform.LoopDeroller] - Method java/util/DualPivotQuicksort::sort(long[], int, int, bool): void, unrolling loop org.jetbrains.research.kfg.analysis.Loop@454e3df0 to 1 iterations
2021-06-11 17:16:16.170 [DEBUG][org.jetbrains.research.kex.asm.transform.LoopDeroller] - Method java/util/DualPivotQuicksort::sort(long[], int, int, bool): void, unrolling loop org.jetbrains.research.kfg.analysis.Loop@17f6e591 to 1 iterations
2021-06-11 17:16:16.173 [DEBUG][org.jetbrains.research.kex.asm.transform.LoopDeroller] - Method java/util/DualPivotQuicksort::sort(long[], int, int, bool): void, unrolling loop org.jetbrains.research.kfg.analysis.Loop@753c6115 to 1 iterations
2021-06-11 17:16:16.181 [DEBUG][org.jetbrains.research.kex.asm.transform.LoopDeroller] - Method java/util/DualPivotQuicksort::sort(long[], int, int, bool): void, unrolling loop org.jetbrains.research.kfg.analysis.Loop@360061d to 1 iterations
2021-06-11 17:16:16.183 [DEBUG][org.jetbrains.research.kex.asm.transform.LoopDeroller] - Method java/util/DualPivotQuicksort::sort(long[], int, int, bool): void, unrolling loop org.jetbrains.research.kfg.analysis.Loop@6868587d to 1 iterations
2021-06-11 17:16:16.189 [DEBUG][org.jetbrains.research.kex.asm.transform.LoopDeroller] - Method java/util/DualPivotQuicksort::sort(long[], int, int, bool): void, unrolling loop org.jetbrains.research.kfg.analysis.Loop@32c4ab5c to 1 iterations
2021-06-11 17:16:16.190 [DEBUG][org.jetbrains.research.kex.asm.transform.LoopDeroller] - Method java/util/DualPivotQuicksort::sort(long[], int, int, bool): void, unrolling loop org.jetbrains.research.kfg.analysis.Loop@3b7f8346 to 1 iterations
2021-06-11 17:16:16.198 [DEBUG][org.jetbrains.research.kex.asm.transform.LoopDeroller] - Method java/util/DualPivotQuicksort::sort(long[], int, int, bool): void, unrolling loop org.jetbrains.research.kfg.analysis.Loop@3117138d to 1 iterations
2021-06-11 17:16:16.199 [DEBUG][org.jetbrains.research.kex.asm.transform.LoopDeroller] - Method java/util/DualPivotQuicksort::sort(long[], int, int, bool): void, unrolling loop org.jetbrains.research.kfg.analysis.Loop@5021f60 to 1 iterations
2021-06-11 17:16:16.200 [DEBUG][org.jetbrains.research.kex.asm.transform.LoopDeroller] - Method java/util/DualPivotQuicksort::sort(long[], int, int, bool): void, unrolling loop org.jetbrains.research.kfg.analysis.Loop@2c0d37b to 1 iterations
2021-06-11 17:16:16.203 [DEBUG][org.jetbrains.research.kex.asm.transform.LoopDeroller] - Method java/util/DualPivotQuicksort::sort(long[], int, int, bool): void, unrolling loop org.jetbrains.research.kfg.analysis.Loop@60509b60 to 1 iterations
2021-06-11 17:16:16.206 [DEBUG][org.jetbrains.research.kex.asm.transform.LoopDeroller] - Method java/util/DualPivotQuicksort::sort(long[], int, int, bool): void, unrolling loop org.jetbrains.research.kfg.analysis.Loop@653486aa to 1 iterations
2021-06-11 17:16:16.209 [DEBUG][org.jetbrains.research.kex.asm.transform.LoopDeroller] - Method java/util/DualPivotQuicksort::sort(long[], int, int, bool): void, unrolling loop org.jetbrains.research.kfg.analysis.Loop@47f0330f to 1 iterations
2021-06-11 17:16:16.219 [DEBUG][org.jetbrains.research.kex.asm.transform.LoopDeroller] - Method java/util/DualPivotQuicksort::sort(short[], int, int, short[], int, int): void, unrolling loop org.jetbrains.research.kfg.analysis.Loop@5bc5c39d to 1 iterations
2021-06-11 17:16:16.220 [DEBUG][org.jetbrains.research.kex.asm.transform.LoopDeroller] - Method java/util/DualPivotQuicksort::sort(short[], int, int, short[], int, int): void, unrolling loop org.jetbrains.research.kfg.analysis.Loop@304707c7 to 1 iterations
2021-06-11 17:16:16.220 [DEBUG][org.jetbrains.research.kex.asm.transform.LoopDeroller] - Method java/util/DualPivotQuicksort::sort(short[], int, int, short[], int, int): void, unrolling loop org.jetbrains.research.kfg.analysis.Loop@558083f9 to 1 iterations
2021-06-11 17:16:16.220 [DEBUG][org.jetbrains.research.kex.asm.transform.LoopDeroller] - Method java/util/DualPivotQuicksort::sort(short[], int, int, short[], int, int): void, unrolling loop org.jetbrains.research.kfg.analysis.Loop@169bbb42 to 1 iterations
2021-06-11 17:16:16.221 [DEBUG][org.jetbrains.research.kex.asm.transform.LoopDeroller] - Method java/util/DualPivotQuicksort::doSort(short[], int, int, short[], int, int): void, unrolling loop org.jetbrains.research.kfg.analysis.Loop@7e988cd8 to 1 iterations
2021-06-11 17:16:16.222 [DEBUG][org.jetbrains.research.kex.asm.transform.LoopDeroller] - Method java/util/DualPivotQuicksort::doSort(short[], int, int, short[], int, int): void, unrolling loop org.jetbrains.research.kfg.analysis.Loop@6a14aba6 to 1 iterations
2021-06-11 17:16:16.223 [DEBUG][org.jetbrains.research.kex.asm.transform.LoopDeroller] - Method java/util/DualPivotQuicksort::doSort(short[], int, int, short[], int, int): void, unrolling loop org.jetbrains.research.kfg.analysis.Loop@49869281 to 1 iterations
2021-06-11 17:16:16.223 [DEBUG][org.jetbrains.research.kex.asm.transform.LoopDeroller] - Method java/util/DualPivotQuicksort::doSort(short[], int, int, short[], int, int): void, unrolling loop org.jetbrains.research.kfg.analysis.Loop@3cd5c7fc to 1 iterations
2021-06-11 17:16:16.224 [DEBUG][org.jetbrains.research.kex.asm.transform.LoopDeroller] - Method java/util/DualPivotQuicksort::doSort(short[], int, int, short[], int, int): void, unrolling loop org.jetbrains.research.kfg.analysis.Loop@465d795 to 1 iterations
2021-06-11 17:16:16.244 [DEBUG][org.jetbrains.research.kex.asm.transform.LoopDeroller] - Method java/util/DualPivotQuicksort::doSort(short[], int, int, short[], int, int): void, unrolling loop org.jetbrains.research.kfg.analysis.Loop@2257d2fe to 1 iterations
2021-06-11 17:16:16.246 [DEBUG][org.jetbrains.research.kex.asm.transform.LoopDeroller] - Method java/util/DualPivotQuicksort::doSort(short[], int, int, short[], int, int): void, unrolling loop org.jetbrains.research.kfg.analysis.Loop@2c16a274 to 1 iterations
2021-06-11 17:16:16.248 [DEBUG][org.jetbrains.research.kex.asm.transform.LoopDeroller] - Method java/util/DualPivotQuicksort::doSort(short[], int, int, short[], int, int): void, unrolling loop org.jetbrains.research.kfg.analysis.Loop@6d510489 to 1 iterations
2021-06-11 17:16:16.250 [DEBUG][org.jetbrains.research.kex.asm.transform.LoopDeroller] - Method java/util/DualPivotQuicksort::doSort(short[], int, int, short[], int, int): void, unrolling loop org.jetbrains.research.kfg.analysis.Loop@55da6ae6 to 1 iterations
2021-06-11 17:16:16.251 [DEBUG][org.jetbrains.research.kex.asm.transform.LoopDeroller] - Method java/util/DualPivotQuicksort::doSort(short[], int, int, short[], int, int): void, unrolling loop org.jetbrains.research.kfg.analysis.Loop@47a2afc9 to 1 iterations
2021-06-11 17:16:16.267 [DEBUG][org.jetbrains.research.kex.asm.transform.LoopDeroller] - Method java/util/DualPivotQuicksort::sort(short[], int, int, bool): void, unrolling loop org.jetbrains.research.kfg.analysis.Loop@6b8c14f1 to 1 iterations
2021-06-11 17:16:16.268 [DEBUG][org.jetbrains.research.kex.asm.transform.LoopDeroller] - Method java/util/DualPivotQuicksort::sort(short[], int, int, bool): void, unrolling loop org.jetbrains.research.kfg.analysis.Loop@6a142196 to 1 iterations
2021-06-11 17:16:16.276 [DEBUG][org.jetbrains.research.kex.asm.transform.LoopDeroller] - Method java/util/DualPivotQuicksort::sort(short[], int, int, bool): void, unrolling loop org.jetbrains.research.kfg.analysis.Loop@3078257e to 1 iterations
2021-06-11 17:16:16.278 [DEBUG][org.jetbrains.research.kex.asm.transform.LoopDeroller] - Method java/util/DualPivotQuicksort::sort(short[], int, int, bool): void, unrolling loop org.jetbrains.research.kfg.analysis.Loop@5df43868 to 1 iterations
2021-06-11 17:16:16.279 [DEBUG][org.jetbrains.research.kex.asm.transform.LoopDeroller] - Method java/util/DualPivotQuicksort::sort(short[], int, int, bool): void, unrolling loop org.jetbrains.research.kfg.analysis.Loop@4ad35095 to 1 iterations
2021-06-11 17:16:16.283 [DEBUG][org.jetbrains.research.kex.asm.transform.LoopDeroller] - Method java/util/DualPivotQuicksort::sort(short[], int, int, bool): void, unrolling loop org.jetbrains.research.kfg.analysis.Loop@6b57359 to 1 iterations
2021-06-11 17:16:16.284 [DEBUG][org.jetbrains.research.kex.asm.transform.LoopDeroller] - Method java/util/DualPivotQuicksort::sort(short[], int, int, bool): void, unrolling loop org.jetbrains.research.kfg.analysis.Loop@3c914d5c to 1 iterations
2021-06-11 17:16:16.285 [DEBUG][org.jetbrains.research.kex.asm.transform.LoopDeroller] - Method java/util/DualPivotQuicksort::sort(short[], int, int, bool): void, unrolling loop org.jetbrains.research.kfg.analysis.Loop@55671677 to 1 iterations
2021-06-11 17:16:16.290 [DEBUG][org.jetbrains.research.kex.asm.transform.LoopDeroller] - Method java/util/DualPivotQuicksort::sort(short[], int, int, bool): void, unrolling loop org.jetbrains.research.kfg.analysis.Loop@7de646f5 to 1 iterations
2021-06-11 17:16:16.291 [DEBUG][org.jetbrains.research.kex.asm.transform.LoopDeroller] - Method java/util/DualPivotQuicksort::sort(short[], int, int, bool): void, unrolling loop org.jetbrains.research.kfg.analysis.Loop@749c7f2e to 1 iterations
2021-06-11 17:16:16.292 [DEBUG][org.jetbrains.research.kex.asm.transform.LoopDeroller] - Method java/util/DualPivotQuicksort::sort(short[], int, int, bool): void, unrolling loop org.jetbrains.research.kfg.analysis.Loop@387709ee to 1 iterations
2021-06-11 17:16:16.293 [DEBUG][org.jetbrains.research.kex.asm.transform.LoopDeroller] - Method java/util/DualPivotQuicksort::sort(short[], int, int, bool): void, unrolling loop org.jetbrains.research.kfg.analysis.Loop@1647e0dd to 1 iterations
2021-06-11 17:16:16.300 [DEBUG][org.jetbrains.research.kex.asm.transform.LoopDeroller] - Method java/util/DualPivotQuicksort::sort(short[], int, int, bool): void, unrolling loop org.jetbrains.research.kfg.analysis.Loop@1a792a23 to 1 iterations
2021-06-11 17:16:16.303 [DEBUG][org.jetbrains.research.kex.asm.transform.LoopDeroller] - Method java/util/DualPivotQuicksort::sort(short[], int, int, bool): void, unrolling loop org.jetbrains.research.kfg.analysis.Loop@12d1659 to 1 iterations
2021-06-11 17:16:16.307 [DEBUG][org.jetbrains.research.kex.asm.transform.LoopDeroller] - Method java/util/DualPivotQuicksort::sort(short[], int, int, bool): void, unrolling loop org.jetbrains.research.kfg.analysis.Loop@51aab911 to 1 iterations
2021-06-11 17:16:16.308 [DEBUG][org.jetbrains.research.kex.asm.transform.LoopDeroller] - Method java/util/DualPivotQuicksort::sort(short[], int, int, bool): void, unrolling loop org.jetbrains.research.kfg.analysis.Loop@51a8d310 to 1 iterations
2021-06-11 17:16:16.311 [DEBUG][org.jetbrains.research.kex.asm.transform.LoopDeroller] - Method java/util/DualPivotQuicksort::sort(short[], int, int, bool): void, unrolling loop org.jetbrains.research.kfg.analysis.Loop@6d99afc6 to 1 iterations
2021-06-11 17:16:16.314 [DEBUG][org.jetbrains.research.kex.asm.transform.LoopDeroller] - Method java/util/DualPivotQuicksort::sort(char[], int, int, char[], int, int): void, unrolling loop org.jetbrains.research.kfg.analysis.Loop@78834110 to 1 iterations
2021-06-11 17:16:16.317 [DEBUG][org.jetbrains.research.kex.asm.transform.LoopDeroller] - Method java/util/DualPivotQuicksort::sort(char[], int, int, char[], int, int): void, unrolling loop org.jetbrains.research.kfg.analysis.Loop@206002f7 to 1 iterations
2021-06-11 17:16:16.317 [DEBUG][org.jetbrains.research.kex.asm.transform.LoopDeroller] - Method java/util/DualPivotQuicksort::sort(char[], int, int, char[], int, int): void, unrolling loop org.jetbrains.research.kfg.analysis.Loop@54408583 to 1 iterations
2021-06-11 17:16:16.318 [DEBUG][org.jetbrains.research.kex.asm.transform.LoopDeroller] - Method java/util/DualPivotQuicksort::sort(char[], int, int, char[], int, int): void, unrolling loop org.jetbrains.research.kfg.analysis.Loop@56f5c29 to 1 iterations
2021-06-11 17:16:16.319 [DEBUG][org.jetbrains.research.kex.asm.transform.LoopDeroller] - Method java/util/DualPivotQuicksort::doSort(char[], int, int, char[], int, int): void, unrolling loop org.jetbrains.research.kfg.analysis.Loop@5f1b8ac9 to 1 iterations
2021-06-11 17:16:16.322 [DEBUG][org.jetbrains.research.kex.asm.transform.LoopDeroller] - Method java/util/DualPivotQuicksort::doSort(char[], int, int, char[], int, int): void, unrolling loop org.jetbrains.research.kfg.analysis.Loop@2e3012dc to 1 iterations
2021-06-11 17:16:16.328 [DEBUG][org.jetbrains.research.kex.asm.transform.LoopDeroller] - Method java/util/DualPivotQuicksort::doSort(char[], int, int, char[], int, int): void, unrolling loop org.jetbrains.research.kfg.analysis.Loop@759dc8b3 to 1 iterations
2021-06-11 17:16:16.329 [DEBUG][org.jetbrains.research.kex.asm.transform.LoopDeroller] - Method java/util/DualPivotQuicksort::doSort(char[], int, int, char[], int, int): void, unrolling loop org.jetbrains.research.kfg.analysis.Loop@751c0c03 to 1 iterations
2021-06-11 17:16:16.332 [DEBUG][org.jetbrains.research.kex.asm.transform.LoopDeroller] - Method java/util/DualPivotQuicksort::doSort(char[], int, int, char[], int, int): void, unrolling loop org.jetbrains.research.kfg.analysis.Loop@2a160052 to 1 iterations
2021-06-11 17:16:16.336 [DEBUG][org.jetbrains.research.kex.asm.transform.LoopDeroller] - Method java/util/DualPivotQuicksort::doSort(char[], int, int, char[], int, int): void, unrolling loop org.jetbrains.research.kfg.analysis.Loop@314b270d to 1 iterations
2021-06-11 17:16:16.341 [DEBUG][org.jetbrains.research.kex.asm.transform.LoopDeroller] - Method java/util/DualPivotQuicksort::doSort(char[], int, int, char[], int, int): void, unrolling loop org.jetbrains.research.kfg.analysis.Loop@c09136e to 1 iterations
2021-06-11 17:16:16.343 [DEBUG][org.jetbrains.research.kex.asm.transform.LoopDeroller] - Method java/util/DualPivotQuicksort::doSort(char[], int, int, char[], int, int): void, unrolling loop org.jetbrains.research.kfg.analysis.Loop@19e07af8 to 1 iterations
2021-06-11 17:16:16.344 [DEBUG][org.jetbrains.research.kex.asm.transform.LoopDeroller] - Method java/util/DualPivotQuicksort::doSort(char[], int, int, char[], int, int): void, unrolling loop org.jetbrains.research.kfg.analysis.Loop@1607956c to 1 iterations
2021-06-11 17:16:16.351 [DEBUG][org.jetbrains.research.kex.asm.transform.LoopDeroller] - Method java/util/DualPivotQuicksort::doSort(char[], int, int, char[], int, int): void, unrolling loop org.jetbrains.research.kfg.analysis.Loop@388fc653 to 1 iterations
2021-06-11 17:16:16.369 [DEBUG][org.jetbrains.research.kex.asm.transform.LoopDeroller] - Method java/util/DualPivotQuicksort::sort(char[], int, int, bool): void, unrolling loop org.jetbrains.research.kfg.analysis.Loop@297b20b9 to 1 iterations
2021-06-11 17:16:16.371 [DEBUG][org.jetbrains.research.kex.asm.transform.LoopDeroller] - Method java/util/DualPivotQuicksort::sort(char[], int, int, bool): void, unrolling loop org.jetbrains.research.kfg.analysis.Loop@67168150 to 1 iterations
2021-06-11 17:16:16.380 [DEBUG][org.jetbrains.research.kex.asm.transform.LoopDeroller] - Method java/util/DualPivotQuicksort::sort(char[], int, int, bool): void, unrolling loop org.jetbrains.research.kfg.analysis.Loop@39d668de to 1 iterations
2021-06-11 17:16:16.381 [DEBUG][org.jetbrains.research.kex.asm.transform.LoopDeroller] - Method java/util/DualPivotQuicksort::sort(char[], int, int, bool): void, unrolling loop org.jetbrains.research.kfg.analysis.Loop@59427d49 to 1 iterations
2021-06-11 17:16:16.381 [DEBUG][org.jetbrains.research.kex.asm.transform.LoopDeroller] - Method java/util/DualPivotQuicksort::sort(char[], int, int, bool): void, unrolling loop org.jetbrains.research.kfg.analysis.Loop@37b782fe to 1 iterations
2021-06-11 17:16:16.384 [DEBUG][org.jetbrains.research.kex.asm.transform.LoopDeroller] - Method java/util/DualPivotQuicksort::sort(char[], int, int, bool): void, unrolling loop org.jetbrains.research.kfg.analysis.Loop@67a8569c to 1 iterations
2021-06-11 17:16:16.386 [DEBUG][org.jetbrains.research.kex.asm.transform.LoopDeroller] - Method java/util/DualPivotQuicksort::sort(char[], int, int, bool): void, unrolling loop org.jetbrains.research.kfg.analysis.Loop@1726cc38 to 1 iterations
2021-06-11 17:16:16.387 [DEBUG][org.jetbrains.research.kex.asm.transform.LoopDeroller] - Method java/util/DualPivotQuicksort::sort(char[], int, int, bool): void, unrolling loop org.jetbrains.research.kfg.analysis.Loop@41a868a4 to 1 iterations
2021-06-11 17:16:16.391 [DEBUG][org.jetbrains.research.kex.asm.transform.LoopDeroller] - Method java/util/DualPivotQuicksort::sort(char[], int, int, bool): void, unrolling loop org.jetbrains.research.kfg.analysis.Loop@68b26615 to 1 iterations
2021-06-11 17:16:16.394 [DEBUG][org.jetbrains.research.kex.asm.transform.LoopDeroller] - Method java/util/DualPivotQuicksort::sort(char[], int, int, bool): void, unrolling loop org.jetbrains.research.kfg.analysis.Loop@20e79b14 to 1 iterations
2021-06-11 17:16:16.406 [DEBUG][org.jetbrains.research.kex.asm.transform.LoopDeroller] - Method java/util/DualPivotQuicksort::sort(char[], int, int, bool): void, unrolling loop org.jetbrains.research.kfg.analysis.Loop@2b948027 to 1 iterations
2021-06-11 17:16:16.407 [DEBUG][org.jetbrains.research.kex.asm.transform.LoopDeroller] - Method java/util/DualPivotQuicksort::sort(char[], int, int, bool): void, unrolling loop org.jetbrains.research.kfg.analysis.Loop@6399b8ea to 1 iterations
2021-06-11 17:16:16.408 [DEBUG][org.jetbrains.research.kex.asm.transform.LoopDeroller] - Method java/util/DualPivotQuicksort::sort(char[], int, int, bool): void, unrolling loop org.jetbrains.research.kfg.analysis.Loop@422f233f to 1 iterations
2021-06-11 17:16:16.408 [DEBUG][org.jetbrains.research.kex.asm.transform.LoopDeroller] - Method java/util/DualPivotQuicksort::sort(char[], int, int, bool): void, unrolling loop org.jetbrains.research.kfg.analysis.Loop@49e4eff0 to 1 iterations
2021-06-11 17:16:16.410 [DEBUG][org.jetbrains.research.kex.asm.transform.LoopDeroller] - Method java/util/DualPivotQuicksort::sort(char[], int, int, bool): void, unrolling loop org.jetbrains.research.kfg.analysis.Loop@4a146fcf to 1 iterations
2021-06-11 17:16:16.411 [DEBUG][org.jetbrains.research.kex.asm.transform.LoopDeroller] - Method java/util/DualPivotQuicksort::sort(char[], int, int, bool): void, unrolling loop org.jetbrains.research.kfg.analysis.Loop@4aa57175 to 1 iterations
2021-06-11 17:16:16.412 [DEBUG][org.jetbrains.research.kex.asm.transform.LoopDeroller] - Method java/util/DualPivotQuicksort::sort(char[], int, int, bool): void, unrolling loop org.jetbrains.research.kfg.analysis.Loop@424b5737 to 1 iterations
2021-06-11 17:16:16.414 [DEBUG][org.jetbrains.research.kex.asm.transform.LoopDeroller] - Method java/util/DualPivotQuicksort::sort(byte[], int, int): void, unrolling loop org.jetbrains.research.kfg.analysis.Loop@3549af2e to 1 iterations
2021-06-11 17:16:16.415 [DEBUG][org.jetbrains.research.kex.asm.transform.LoopDeroller] - Method java/util/DualPivotQuicksort::sort(byte[], int, int): void, unrolling loop org.jetbrains.research.kfg.analysis.Loop@30a02772 to 1 iterations
2021-06-11 17:16:16.416 [DEBUG][org.jetbrains.research.kex.asm.transform.LoopDeroller] - Method java/util/DualPivotQuicksort::sort(byte[], int, int): void, unrolling loop org.jetbrains.research.kfg.analysis.Loop@1ab378a2 to 1 iterations
2021-06-11 17:16:16.417 [DEBUG][org.jetbrains.research.kex.asm.transform.LoopDeroller] - Method java/util/DualPivotQuicksort::sort(byte[], int, int): void, unrolling loop org.jetbrains.research.kfg.analysis.Loop@6b58b7cf to 1 iterations
2021-06-11 17:16:16.417 [DEBUG][org.jetbrains.research.kex.asm.transform.LoopDeroller] - Method java/util/DualPivotQuicksort::sort(byte[], int, int): void, unrolling loop org.jetbrains.research.kfg.analysis.Loop@38693e6d to 1 iterations
2021-06-11 17:16:16.418 [DEBUG][org.jetbrains.research.kex.asm.transform.LoopDeroller] - Method java/util/DualPivotQuicksort::sort(byte[], int, int): void, unrolling loop org.jetbrains.research.kfg.analysis.Loop@68385034 to 1 iterations
2021-06-11 17:16:16.418 [DEBUG][org.jetbrains.research.kex.asm.transform.LoopDeroller] - Method java/util/DualPivotQuicksort::sort(float[], int, int, float[], int, int): void, unrolling loop org.jetbrains.research.kfg.analysis.Loop@6f5023e1 to 1 iterations
2021-06-11 17:16:16.419 [DEBUG][org.jetbrains.research.kex.asm.transform.LoopDeroller] - Method java/util/DualPivotQuicksort::sort(float[], int, int, float[], int, int): void, unrolling loop org.jetbrains.research.kfg.analysis.Loop@163b55ce to 1 iterations
2021-06-11 17:16:16.420 [DEBUG][org.jetbrains.research.kex.asm.transform.LoopDeroller] - Method java/util/DualPivotQuicksort::sort(float[], int, int, float[], int, int): void, unrolling loop org.jetbrains.research.kfg.analysis.Loop@1aec0cea to 1 iterations
2021-06-11 17:16:16.421 [DEBUG][org.jetbrains.research.kex.asm.transform.LoopDeroller] - Method java/util/DualPivotQuicksort::sort(float[], int, int, float[], int, int): void, unrolling loop org.jetbrains.research.kfg.analysis.Loop@70926925 to 1 iterations
2021-06-11 17:16:16.422 [DEBUG][org.jetbrains.research.kex.asm.transform.LoopDeroller] - Method java/util/DualPivotQuicksort::sort(float[], int, int, float[], int, int): void, unrolling loop org.jetbrains.research.kfg.analysis.Loop@56b5af5c to 1 iterations
2021-06-11 17:16:16.422 [DEBUG][org.jetbrains.research.kex.asm.transform.LoopDeroller] - Method java/util/DualPivotQuicksort::doSort(float[], int, int, float[], int, int): void, unrolling loop org.jetbrains.research.kfg.analysis.Loop@6b244fe6 to 1 iterations
2021-06-11 17:16:16.423 [DEBUG][org.jetbrains.research.kex.asm.transform.LoopDeroller] - Method java/util/DualPivotQuicksort::doSort(float[], int, int, float[], int, int): void, unrolling loop org.jetbrains.research.kfg.analysis.Loop@5f8553a5 to 1 iterations
2021-06-11 17:16:16.424 [DEBUG][org.jetbrains.research.kex.asm.transform.LoopDeroller] - Method java/util/DualPivotQuicksort::doSort(float[], int, int, float[], int, int): void, unrolling loop org.jetbrains.research.kfg.analysis.Loop@48ee0288 to 1 iterations
2021-06-11 17:16:16.425 [DEBUG][org.jetbrains.research.kex.asm.transform.LoopDeroller] - Method java/util/DualPivotQuicksort::doSort(float[], int, int, float[], int, int): void, unrolling loop org.jetbrains.research.kfg.analysis.Loop@e30eeb7 to 1 iterations
2021-06-11 17:16:16.428 [DEBUG][org.jetbrains.research.kex.asm.transform.LoopDeroller] - Method java/util/DualPivotQuicksort::doSort(float[], int, int, float[], int, int): void, unrolling loop org.jetbrains.research.kfg.analysis.Loop@36f257bb to 1 iterations
2021-06-11 17:16:16.429 [DEBUG][org.jetbrains.research.kex.asm.transform.LoopDeroller] - Method java/util/DualPivotQuicksort::doSort(float[], int, int, float[], int, int): void, unrolling loop org.jetbrains.research.kfg.analysis.Loop@44a32516 to 1 iterations
2021-06-11 17:16:16.439 [DEBUG][org.jetbrains.research.kex.asm.transform.LoopDeroller] - Method java/util/DualPivotQuicksort::doSort(float[], int, int, float[], int, int): void, unrolling loop org.jetbrains.research.kfg.analysis.Loop@30709ca3 to 1 iterations
2021-06-11 17:16:16.440 [DEBUG][org.jetbrains.research.kex.asm.transform.LoopDeroller] - Method java/util/DualPivotQuicksort::doSort(float[], int, int, float[], int, int): void, unrolling loop org.jetbrains.research.kfg.analysis.Loop@7c3e0fec to 1 iterations
2021-06-11 17:16:16.441 [DEBUG][org.jetbrains.research.kex.asm.transform.LoopDeroller] - Method java/util/DualPivotQuicksort::doSort(float[], int, int, float[], int, int): void, unrolling loop org.jetbrains.research.kfg.analysis.Loop@65522eb7 to 1 iterations
2021-06-11 17:16:16.442 [DEBUG][org.jetbrains.research.kex.asm.transform.LoopDeroller] - Method java/util/DualPivotQuicksort::doSort(float[], int, int, float[], int, int): void, unrolling loop org.jetbrains.research.kfg.analysis.Loop@6a2a9a80 to 1 iterations
2021-06-11 17:16:16.451 [DEBUG][org.jetbrains.research.kex.asm.transform.LoopDeroller] - Method java/util/DualPivotQuicksort::sort(float[], int, int, bool): void, unrolling loop org.jetbrains.research.kfg.analysis.Loop@603facfe to 1 iterations
2021-06-11 17:16:16.452 [DEBUG][org.jetbrains.research.kex.asm.transform.LoopDeroller] - Method java/util/DualPivotQuicksort::sort(float[], int, int, bool): void, unrolling loop org.jetbrains.research.kfg.analysis.Loop@4f665e98 to 1 iterations
2021-06-11 17:16:16.453 [DEBUG][org.jetbrains.research.kex.asm.transform.LoopDeroller] - Method java/util/DualPivotQuicksort::sort(float[], int, int, bool): void, unrolling loop org.jetbrains.research.kfg.analysis.Loop@21710355 to 1 iterations
2021-06-11 17:16:16.456 [DEBUG][org.jetbrains.research.kex.asm.transform.LoopDeroller] - Method java/util/DualPivotQuicksort::sort(float[], int, int, bool): void, unrolling loop org.jetbrains.research.kfg.analysis.Loop@2e6e0b0d to 1 iterations
2021-06-11 17:16:16.457 [DEBUG][org.jetbrains.research.kex.asm.transform.LoopDeroller] - Method java/util/DualPivotQuicksort::sort(float[], int, int, bool): void, unrolling loop org.jetbrains.research.kfg.analysis.Loop@70bced55 to 1 iterations
2021-06-11 17:16:16.458 [DEBUG][org.jetbrains.research.kex.asm.transform.LoopDeroller] - Method java/util/DualPivotQuicksort::sort(float[], int, int, bool): void, unrolling loop org.jetbrains.research.kfg.analysis.Loop@273e6b7a to 1 iterations
2021-06-11 17:16:16.459 [DEBUG][org.jetbrains.research.kex.asm.transform.LoopDeroller] - Method java/util/DualPivotQuicksort::sort(float[], int, int, bool): void, unrolling loop org.jetbrains.research.kfg.analysis.Loop@93c3194 to 1 iterations
2021-06-11 17:16:16.462 [DEBUG][org.jetbrains.research.kex.asm.transform.LoopDeroller] - Method java/util/DualPivotQuicksort::sort(float[], int, int, bool): void, unrolling loop org.jetbrains.research.kfg.analysis.Loop@11b4805d to 1 iterations
2021-06-11 17:16:16.462 [DEBUG][org.jetbrains.research.kex.asm.transform.LoopDeroller] - Method java/util/DualPivotQuicksort::sort(float[], int, int, bool): void, unrolling loop org.jetbrains.research.kfg.analysis.Loop@20fee575 to 1 iterations
2021-06-11 17:16:16.465 [DEBUG][org.jetbrains.research.kex.asm.transform.LoopDeroller] - Method java/util/DualPivotQuicksort::sort(float[], int, int, bool): void, unrolling loop org.jetbrains.research.kfg.analysis.Loop@4c9cc6af to 1 iterations
2021-06-11 17:16:16.469 [DEBUG][org.jetbrains.research.kex.asm.transform.LoopDeroller] - Method java/util/DualPivotQuicksort::sort(float[], int, int, bool): void, unrolling loop org.jetbrains.research.kfg.analysis.Loop@553c786c to 1 iterations
2021-06-11 17:16:16.472 [DEBUG][org.jetbrains.research.kex.asm.transform.LoopDeroller] - Method java/util/DualPivotQuicksort::sort(float[], int, int, bool): void, unrolling loop org.jetbrains.research.kfg.analysis.Loop@12d60199 to 1 iterations
2021-06-11 17:16:16.473 [DEBUG][org.jetbrains.research.kex.asm.transform.LoopDeroller] - Method java/util/DualPivotQuicksort::sort(float[], int, int, bool): void, unrolling loop org.jetbrains.research.kfg.analysis.Loop@bf2106a to 1 iterations
2021-06-11 17:16:16.474 [DEBUG][org.jetbrains.research.kex.asm.transform.LoopDeroller] - Method java/util/DualPivotQuicksort::sort(float[], int, int, bool): void, unrolling loop org.jetbrains.research.kfg.analysis.Loop@7a5fda87 to 1 iterations
2021-06-11 17:16:16.475 [DEBUG][org.jetbrains.research.kex.asm.transform.LoopDeroller] - Method java/util/DualPivotQuicksort::sort(float[], int, int, bool): void, unrolling loop org.jetbrains.research.kfg.analysis.Loop@6d9e4424 to 1 iterations
2021-06-11 17:16:16.476 [DEBUG][org.jetbrains.research.kex.asm.transform.LoopDeroller] - Method java/util/DualPivotQuicksort::sort(float[], int, int, bool): void, unrolling loop org.jetbrains.research.kfg.analysis.Loop@1c6bbc90 to 1 iterations
2021-06-11 17:16:16.478 [DEBUG][org.jetbrains.research.kex.asm.transform.LoopDeroller] - Method java/util/DualPivotQuicksort::sort(float[], int, int, bool): void, unrolling loop org.jetbrains.research.kfg.analysis.Loop@3dbbf660 to 1 iterations
2021-06-11 17:16:16.479 [DEBUG][org.jetbrains.research.kex.asm.transform.LoopDeroller] - Method java/util/DualPivotQuicksort::sort(double[], int, int, double[], int, int): void, unrolling loop org.jetbrains.research.kfg.analysis.Loop@564fff6f to 1 iterations
2021-06-11 17:16:16.480 [DEBUG][org.jetbrains.research.kex.asm.transform.LoopDeroller] - Method java/util/DualPivotQuicksort::sort(double[], int, int, double[], int, int): void, unrolling loop org.jetbrains.research.kfg.analysis.Loop@3adb9e4a to 1 iterations
2021-06-11 17:16:16.481 [DEBUG][org.jetbrains.research.kex.asm.transform.LoopDeroller] - Method java/util/DualPivotQuicksort::sort(double[], int, int, double[], int, int): void, unrolling loop org.jetbrains.research.kfg.analysis.Loop@694eac to 1 iterations
2021-06-11 17:16:16.482 [DEBUG][org.jetbrains.research.kex.asm.transform.LoopDeroller] - Method java/util/DualPivotQuicksort::sort(double[], int, int, double[], int, int): void, unrolling loop org.jetbrains.research.kfg.analysis.Loop@1b4ea3d3 to 1 iterations
2021-06-11 17:16:16.482 [DEBUG][org.jetbrains.research.kex.asm.transform.LoopDeroller] - Method java/util/DualPivotQuicksort::sort(double[], int, int, double[], int, int): void, unrolling loop org.jetbrains.research.kfg.analysis.Loop@7d01573e to 1 iterations
2021-06-11 17:16:16.483 [DEBUG][org.jetbrains.research.kex.asm.transform.LoopDeroller] - Method java/util/DualPivotQuicksort::doSort(double[], int, int, double[], int, int): void, unrolling loop org.jetbrains.research.kfg.analysis.Loop@6da5b776 to 1 iterations
2021-06-11 17:16:16.484 [DEBUG][org.jetbrains.research.kex.asm.transform.LoopDeroller] - Method java/util/DualPivotQuicksort::doSort(double[], int, int, double[], int, int): void, unrolling loop org.jetbrains.research.kfg.analysis.Loop@364ea155 to 1 iterations
2021-06-11 17:16:16.485 [DEBUG][org.jetbrains.research.kex.asm.transform.LoopDeroller] - Method java/util/DualPivotQuicksort::doSort(double[], int, int, double[], int, int): void, unrolling loop org.jetbrains.research.kfg.analysis.Loop@fef40b2 to 1 iterations
2021-06-11 17:16:16.487 [DEBUG][org.jetbrains.research.kex.asm.transform.LoopDeroller] - Method java/util/DualPivotQuicksort::doSort(double[], int, int, double[], int, int): void, unrolling loop org.jetbrains.research.kfg.analysis.Loop@16d22076 to 1 iterations
2021-06-11 17:16:16.493 [DEBUG][org.jetbrains.research.kex.asm.transform.LoopDeroller] - Method java/util/DualPivotQuicksort::doSort(double[], int, int, double[], int, int): void, unrolling loop org.jetbrains.research.kfg.analysis.Loop@13097d01 to 1 iterations
2021-06-11 17:16:16.493 [DEBUG][org.jetbrains.research.kex.asm.transform.LoopDeroller] - Method java/util/DualPivotQuicksort::doSort(double[], int, int, double[], int, int): void, unrolling loop org.jetbrains.research.kfg.analysis.Loop@66568024 to 1 iterations
2021-06-11 17:16:16.494 [DEBUG][org.jetbrains.research.kex.asm.transform.LoopDeroller] - Method java/util/DualPivotQuicksort::doSort(double[], int, int, double[], int, int): void, unrolling loop org.jetbrains.research.kfg.analysis.Loop@1f6ccc08 to 1 iterations
2021-06-11 17:16:16.494 [DEBUG][org.jetbrains.research.kex.asm.transform.LoopDeroller] - Method java/util/DualPivotQuicksort::doSort(double[], int, int, double[], int, int): void, unrolling loop org.jetbrains.research.kfg.analysis.Loop@6a73eb24 to 1 iterations
2021-06-11 17:16:16.495 [DEBUG][org.jetbrains.research.kex.asm.transform.LoopDeroller] - Method java/util/DualPivotQuicksort::doSort(double[], int, int, double[], int, int): void, unrolling loop org.jetbrains.research.kfg.analysis.Loop@26889d84 to 1 iterations
2021-06-11 17:16:16.495 [DEBUG][org.jetbrains.research.kex.asm.transform.LoopDeroller] - Method java/util/DualPivotQuicksort::doSort(double[], int, int, double[], int, int): void, unrolling loop org.jetbrains.research.kfg.analysis.Loop@2e22ffee to 1 iterations
2021-06-11 17:16:16.502 [DEBUG][org.jetbrains.research.kex.asm.transform.LoopDeroller] - Method java/util/DualPivotQuicksort::sort(double[], int, int, bool): void, unrolling loop org.jetbrains.research.kfg.analysis.Loop@4b968cc5 to 1 iterations
2021-06-11 17:16:16.503 [DEBUG][org.jetbrains.research.kex.asm.transform.LoopDeroller] - Method java/util/DualPivotQuicksort::sort(double[], int, int, bool): void, unrolling loop org.jetbrains.research.kfg.analysis.Loop@67a0c104 to 1 iterations
2021-06-11 17:16:16.505 [DEBUG][org.jetbrains.research.kex.asm.transform.LoopDeroller] - Method java/util/DualPivotQuicksort::sort(double[], int, int, bool): void, unrolling loop org.jetbrains.research.kfg.analysis.Loop@525597d3 to 1 iterations
2021-06-11 17:16:16.506 [DEBUG][org.jetbrains.research.kex.asm.transform.LoopDeroller] - Method java/util/DualPivotQuicksort::sort(double[], int, int, bool): void, unrolling loop org.jetbrains.research.kfg.analysis.Loop@598b0ec7 to 1 iterations
2021-06-11 17:16:16.507 [DEBUG][org.jetbrains.research.kex.asm.transform.LoopDeroller] - Method java/util/DualPivotQuicksort::sort(double[], int, int, bool): void, unrolling loop org.jetbrains.research.kfg.analysis.Loop@2e27654 to 1 iterations
2021-06-11 17:16:16.508 [DEBUG][org.jetbrains.research.kex.asm.transform.LoopDeroller] - Method java/util/DualPivotQuicksort::sort(double[], int, int, bool): void, unrolling loop org.jetbrains.research.kfg.analysis.Loop@5ed2d3fd to 1 iterations
2021-06-11 17:16:16.512 [DEBUG][org.jetbrains.research.kex.asm.transform.LoopDeroller] - Method java/util/DualPivotQuicksort::sort(double[], int, int, bool): void, unrolling loop org.jetbrains.research.kfg.analysis.Loop@17839691 to 1 iterations
2021-06-11 17:16:16.513 [DEBUG][org.jetbrains.research.kex.asm.transform.LoopDeroller] - Method java/util/DualPivotQuicksort::sort(double[], int, int, bool): void, unrolling loop org.jetbrains.research.kfg.analysis.Loop@34e222b6 to 1 iterations
2021-06-11 17:16:16.514 [DEBUG][org.jetbrains.research.kex.asm.transform.LoopDeroller] - Method java/util/DualPivotQuicksort::sort(double[], int, int, bool): void, unrolling loop org.jetbrains.research.kfg.analysis.Loop@5f6b9388 to 1 iterations
2021-06-11 17:16:16.516 [DEBUG][org.jetbrains.research.kex.asm.transform.LoopDeroller] - Method java/util/DualPivotQuicksort::sort(double[], int, int, bool): void, unrolling loop org.jetbrains.research.kfg.analysis.Loop@5ad7111d to 1 iterations
2021-06-11 17:16:16.518 [DEBUG][org.jetbrains.research.kex.asm.transform.LoopDeroller] - Method java/util/DualPivotQuicksort::sort(double[], int, int, bool): void, unrolling loop org.jetbrains.research.kfg.analysis.Loop@7a39fd41 to 1 iterations
2021-06-11 17:16:16.520 [DEBUG][org.jetbrains.research.kex.asm.transform.LoopDeroller] - Method java/util/DualPivotQuicksort::sort(double[], int, int, bool): void, unrolling loop org.jetbrains.research.kfg.analysis.Loop@359effdb to 1 iterations
2021-06-11 17:16:16.522 [DEBUG][org.jetbrains.research.kex.asm.transform.LoopDeroller] - Method java/util/DualPivotQuicksort::sort(double[], int, int, bool): void, unrolling loop org.jetbrains.research.kfg.analysis.Loop@5457b08d to 1 iterations
2021-06-11 17:16:16.524 [DEBUG][org.jetbrains.research.kex.asm.transform.LoopDeroller] - Method java/util/DualPivotQuicksort::sort(double[], int, int, bool): void, unrolling loop org.jetbrains.research.kfg.analysis.Loop@20472cfb to 1 iterations
2021-06-11 17:16:16.524 [DEBUG][org.jetbrains.research.kex.asm.transform.LoopDeroller] - Method java/util/DualPivotQuicksort::sort(double[], int, int, bool): void, unrolling loop org.jetbrains.research.kfg.analysis.Loop@389ba5fa to 1 iterations
2021-06-11 17:16:16.525 [DEBUG][org.jetbrains.research.kex.asm.transform.LoopDeroller] - Method java/util/DualPivotQuicksort::sort(double[], int, int, bool): void, unrolling loop org.jetbrains.research.kfg.analysis.Loop@51a1a9bc to 1 iterations
2021-06-11 17:16:16.526 [DEBUG][org.jetbrains.research.kex.asm.transform.LoopDeroller] - Method java/util/DualPivotQuicksort::sort(double[], int, int, bool): void, unrolling loop org.jetbrains.research.kfg.analysis.Loop@67b3ab2d to 1 iterations
2021-06-11 17:16:16.527 [DEBUG][org.jetbrains.research.kex.asm.transform.LoopDeroller] - Method java/util/concurrent/ConcurrentHashMap$MapReduceMappingsToDoubleTask::compute(): void, unrolling loop org.jetbrains.research.kfg.analysis.Loop@22515031 to 1 iterations
2021-06-11 17:16:16.528 [DEBUG][org.jetbrains.research.kex.asm.transform.LoopDeroller] - Method java/util/concurrent/ConcurrentHashMap$MapReduceMappingsToDoubleTask::compute(): void, unrolling loop org.jetbrains.research.kfg.analysis.Loop@1cf8b98f to 1 iterations
2021-06-11 17:16:16.528 [DEBUG][org.jetbrains.research.kex.asm.transform.LoopDeroller] - Method java/util/concurrent/ConcurrentHashMap$MapReduceMappingsToDoubleTask::compute(): void, unrolling loop org.jetbrains.research.kfg.analysis.Loop@2ca9906d to 1 iterations
2021-06-11 17:16:16.529 [DEBUG][org.jetbrains.research.kex.asm.transform.LoopDeroller] - Method java/util/concurrent/ConcurrentHashMap$MapReduceMappingsToDoubleTask::compute(): void, unrolling loop org.jetbrains.research.kfg.analysis.Loop@cb93ce4 to 1 iterations
2021-06-11 17:16:16.534 [DEBUG][org.jetbrains.research.kex.asm.transform.LoopDeroller] - Method java/util/logging/Logger::log(java/util/logging/LogRecord): void, unrolling loop org.jetbrains.research.kfg.analysis.Loop@4ae00b62 to 1 iterations
2021-06-11 17:16:16.535 [DEBUG][org.jetbrains.research.kex.asm.transform.LoopDeroller] - Method java/util/logging/Logger::log(java/util/logging/LogRecord): void, unrolling loop org.jetbrains.research.kfg.analysis.Loop@1e3c33d5 to 1 iterations
2021-06-11 17:16:16.536 [DEBUG][org.jetbrains.research.kex.asm.transform.LoopDeroller] - Method java/util/logging/Logger::entering(java/lang/String, java/lang/String, java/lang/Object[]): void, unrolling loop org.jetbrains.research.kfg.analysis.Loop@7729f180 to 1 iterations
2021-06-11 17:16:16.537 [DEBUG][org.jetbrains.research.kex.asm.transform.LoopDeroller] - Method java/util/logging/Logger::doSetParent(java/util/logging/Logger): void, unrolling loop org.jetbrains.research.kfg.analysis.Loop@39592d84 to 1 iterations
2021-06-11 17:16:16.538 [DEBUG][org.jetbrains.research.kex.asm.transform.LoopDeroller] - Method java/util/logging/Logger::removeChildLogger(java/util/logging/LogManager$LoggerWeakRef): void, unrolling loop org.jetbrains.research.kfg.analysis.Loop@3f9712c6 to 1 iterations
2021-06-11 17:16:16.538 [DEBUG][org.jetbrains.research.kex.asm.transform.LoopDeroller] - Method java/util/logging/Logger::updateEffectiveLevel(): void, unrolling loop org.jetbrains.research.kfg.analysis.Loop@4be1b3b2 to 1 iterations
2021-06-11 17:16:16.539 [DEBUG][org.jetbrains.research.kex.asm.transform.LoopDeroller] - Method java/util/logging/Logger::getEffectiveLoggerBundle(): java/util/logging/Logger$LoggerBundle, unrolling loop org.jetbrains.research.kfg.analysis.Loop@6cf03c02 to 1 iterations
2021-06-11 17:16:16.540 [DEBUG][org.jetbrains.research.kex.asm.transform.LoopDeroller] - Method java/util/stream/SpinedBuffer::ensureCapacity(long): void, unrolling loop org.jetbrains.research.kfg.analysis.Loop@19f9fe35 to 1 iterations
2021-06-11 17:16:16.541 [DEBUG][org.jetbrains.research.kex.asm.transform.LoopDeroller] - Method java/util/stream/SpinedBuffer::get(long): java/lang/Object, unrolling loop org.jetbrains.research.kfg.analysis.Loop@2937fc9c to 1 iterations
2021-06-11 17:16:16.541 [DEBUG][org.jetbrains.research.kex.asm.transform.LoopDeroller] - Method java/util/stream/SpinedBuffer::copyInto(java/lang/Object[], int): void, unrolling loop org.jetbrains.research.kfg.analysis.Loop@504b6163 to 1 iterations
2021-06-11 17:16:16.542 [DEBUG][org.jetbrains.research.kex.asm.transform.LoopDeroller] - Method java/util/stream/SpinedBuffer::clear(): void, unrolling loop org.jetbrains.research.kfg.analysis.Loop@1a788b01 to 1 iterations
2021-06-11 17:16:16.542 [DEBUG][org.jetbrains.research.kex.asm.transform.LoopDeroller] - Method java/util/stream/SpinedBuffer::clear(): void, unrolling loop org.jetbrains.research.kfg.analysis.Loop@37de3b63 to 1 iterations
2021-06-11 17:16:16.543 [DEBUG][org.jetbrains.research.kex.asm.transform.LoopDeroller] - Method java/util/stream/SpinedBuffer::forEach(java/util/function/Consumer): void, unrolling loop org.jetbrains.research.kfg.analysis.Loop@60b219f to 1 iterations
2021-06-11 17:16:16.543 [DEBUG][org.jetbrains.research.kex.asm.transform.LoopDeroller] - Method java/util/stream/SpinedBuffer::forEach(java/util/function/Consumer): void, unrolling loop org.jetbrains.research.kfg.analysis.Loop@361d53bb to 1 iterations
2021-06-11 17:16:16.543 [DEBUG][org.jetbrains.research.kex.asm.transform.LoopDeroller] - Method java/util/stream/SpinedBuffer::forEach(java/util/function/Consumer): void, unrolling loop org.jetbrains.research.kfg.analysis.Loop@6678b890 to 1 iterations
2021-06-11 17:16:16.544 [DEBUG][org.jetbrains.research.kex.asm.transform.LoopDeroller] - Method java/math/BitSieve::<init>(): void, unrolling loop org.jetbrains.research.kfg.analysis.Loop@21f84d89 to 1 iterations
2021-06-11 17:16:16.544 [DEBUG][org.jetbrains.research.kex.asm.transform.LoopDeroller] - Method java/math/BitSieve::<init>(java/math/BigInteger, int): void, unrolling loop org.jetbrains.research.kfg.analysis.Loop@1221e209 to 1 iterations
2021-06-11 17:16:16.545 [DEBUG][org.jetbrains.research.kex.asm.transform.LoopDeroller] - Method java/math/BitSieve::sieveSearch(int, int): int, unrolling loop org.jetbrains.research.kfg.analysis.Loop@1069d3a6 to 1 iterations
2021-06-11 17:16:16.545 [DEBUG][org.jetbrains.research.kex.asm.transform.LoopDeroller] - Method java/math/BitSieve::sieveSingle(int, int, int): void, unrolling loop org.jetbrains.research.kfg.analysis.Loop@23df4a60 to 1 iterations
2021-06-11 17:16:16.545 [DEBUG][org.jetbrains.research.kex.asm.transform.LoopDeroller] - Method java/math/BitSieve::retrieve(java/math/BigInteger, int, java/util/Random): java/math/BigInteger, unrolling loop org.jetbrains.research.kfg.analysis.Loop@61581a0 to 1 iterations
2021-06-11 17:16:16.545 [DEBUG][org.jetbrains.research.kex.asm.transform.LoopDeroller] - Method java/math/BitSieve::retrieve(java/math/BigInteger, int, java/util/Random): java/math/BigInteger, unrolling loop org.jetbrains.research.kfg.analysis.Loop@3872f440 to 1 iterations
2021-06-11 17:16:16.546 [DEBUG][org.jetbrains.research.kex.asm.transform.LoopDeroller] - Method java/lang/management/PlatformComponent::getGcMXBeanList(java/lang/Class): java/util/List, unrolling loop org.jetbrains.research.kfg.analysis.Loop@6c75ccc7 to 1 iterations
2021-06-11 17:16:16.548 [DEBUG][org.jetbrains.research.kex.asm.transform.LoopDeroller] - Method java/lang/management/PlatformComponent::keyProperties(java/lang/String[]): java/util/Set, unrolling loop org.jetbrains.research.kfg.analysis.Loop@6b8e7464 to 1 iterations
2021-06-11 17:16:16.549 [DEBUG][org.jetbrains.research.kex.asm.transform.LoopDeroller] - Method java/lang/management/PlatformComponent::getMXBeans(javax/management/MBeanServerConnection, java/lang/Class): java/util/List, unrolling loop org.jetbrains.research.kfg.analysis.Loop@123400d5 to 1 iterations
2021-06-11 17:16:16.549 [DEBUG][org.jetbrains.research.kex.asm.transform.LoopDeroller] - Method java/lang/management/PlatformComponent::getObjectNames(javax/management/MBeanServerConnection): java/util/Set, unrolling loop org.jetbrains.research.kfg.analysis.Loop@9a659b3 to 1 iterations
2021-06-11 17:16:16.549 [DEBUG][org.jetbrains.research.kex.asm.transform.LoopDeroller] - Method java/lang/management/PlatformComponent::ensureInitialized(): void, unrolling loop org.jetbrains.research.kfg.analysis.Loop@254d7a6a to 1 iterations
2021-06-11 17:16:16.555 [DEBUG][org.jetbrains.research.kex.asm.transform.LoopDeroller] - Method java/util/Spliterators$ArraySpliterator::forEachRemaining(java/util/function/Consumer): void, unrolling loop org.jetbrains.research.kfg.analysis.Loop@12d6a456 to 1 iterations
2021-06-11 17:16:16.556 [DEBUG][org.jetbrains.research.kex.asm.transform.LoopDeroller] - Method java/util/LinkedList::remove(java/lang/Object): bool, unrolling loop org.jetbrains.research.kfg.analysis.Loop@3dcc887e to 1 iterations
2021-06-11 17:16:16.557 [DEBUG][org.jetbrains.research.kex.asm.transform.LoopDeroller] - Method java/util/LinkedList::remove(java/lang/Object): bool, unrolling loop org.jetbrains.research.kfg.analysis.Loop@378f56b0 to 1 iterations
2021-06-11 17:16:16.557 [DEBUG][org.jetbrains.research.kex.asm.transform.LoopDeroller] - Method java/util/LinkedList::addAll(int, java/util/Collection): bool, unrolling loop org.jetbrains.research.kfg.analysis.Loop@78805ee to 1 iterations
2021-06-11 17:16:16.557 [DEBUG][org.jetbrains.research.kex.asm.transform.LoopDeroller] - Method java/util/LinkedList::clear(): void, unrolling loop org.jetbrains.research.kfg.analysis.Loop@1feb2a5c to 1 iterations
2021-06-11 17:16:16.558 [DEBUG][org.jetbrains.research.kex.asm.transform.LoopDeroller] - Method java/util/LinkedList::node(int): java/util/LinkedList$Node, unrolling loop org.jetbrains.research.kfg.analysis.Loop@76a133e to 1 iterations
2021-06-11 17:16:16.558 [DEBUG][org.jetbrains.research.kex.asm.transform.LoopDeroller] - Method java/util/LinkedList::node(int): java/util/LinkedList$Node, unrolling loop org.jetbrains.research.kfg.analysis.Loop@406c2f03 to 1 iterations
2021-06-11 17:16:16.558 [DEBUG][org.jetbrains.research.kex.asm.transform.LoopDeroller] - Method java/util/LinkedList::indexOf(java/lang/Object): int, unrolling loop org.jetbrains.research.kfg.analysis.Loop@6fbb9f98 to 1 iterations
2021-06-11 17:16:16.559 [DEBUG][org.jetbrains.research.kex.asm.transform.LoopDeroller] - Method java/util/LinkedList::indexOf(java/lang/Object): int, unrolling loop org.jetbrains.research.kfg.analysis.Loop@15ac558f to 1 iterations
2021-06-11 17:16:16.559 [DEBUG][org.jetbrains.research.kex.asm.transform.LoopDeroller] - Method java/util/LinkedList::lastIndexOf(java/lang/Object): int, unrolling loop org.jetbrains.research.kfg.analysis.Loop@7db153d2 to 1 iterations
2021-06-11 17:16:16.559 [DEBUG][org.jetbrains.research.kex.asm.transform.LoopDeroller] - Method java/util/LinkedList::lastIndexOf(java/lang/Object): int, unrolling loop org.jetbrains.research.kfg.analysis.Loop@a1338f9 to 1 iterations
2021-06-11 17:16:16.560 [DEBUG][org.jetbrains.research.kex.asm.transform.LoopDeroller] - Method java/util/LinkedList::removeLastOccurrence(java/lang/Object): bool, unrolling loop org.jetbrains.research.kfg.analysis.Loop@6bdf8ff9 to 1 iterations
2021-06-11 17:16:16.560 [DEBUG][org.jetbrains.research.kex.asm.transform.LoopDeroller] - Method java/util/LinkedList::removeLastOccurrence(java/lang/Object): bool, unrolling loop org.jetbrains.research.kfg.analysis.Loop@4680be3e to 1 iterations
2021-06-11 17:16:16.561 [DEBUG][org.jetbrains.research.kex.asm.transform.LoopDeroller] - Method java/util/LinkedList::clone(): java/lang/Object, unrolling loop org.jetbrains.research.kfg.analysis.Loop@350c7881 to 1 iterations
2021-06-11 17:16:16.563 [DEBUG][org.jetbrains.research.kex.asm.transform.LoopDeroller] - Method java/util/LinkedList::toArray(): java/lang/Object[], unrolling loop org.jetbrains.research.kfg.analysis.Loop@22030c9f to 1 iterations
2021-06-11 17:16:16.567 [DEBUG][org.jetbrains.research.kex.asm.transform.LoopDeroller] - Method java/util/LinkedList::toArray(java/lang/Object[]): java/lang/Object[], unrolling loop org.jetbrains.research.kfg.analysis.Loop@3aa080c to 1 iterations
2021-06-11 17:16:16.568 [DEBUG][org.jetbrains.research.kex.asm.transform.LoopDeroller] - Method java/util/LinkedList::writeObject(java/io/ObjectOutputStream): void, unrolling loop org.jetbrains.research.kfg.analysis.Loop@59f34cd0 to 1 iterations
2021-06-11 17:16:16.569 [DEBUG][org.jetbrains.research.kex.asm.transform.LoopDeroller] - Method java/util/LinkedList::readObject(java/io/ObjectInputStream): void, unrolling loop org.jetbrains.research.kfg.analysis.Loop@46e5dc99 to 1 iterations
2021-06-11 17:16:16.570 [DEBUG][org.jetbrains.research.kex.asm.transform.LoopDeroller] - Method java/util/Formatter$FormatSpecifier::justify(java/lang/String): java/lang/String, unrolling loop org.jetbrains.research.kfg.analysis.Loop@4481abb5 to 1 iterations
2021-06-11 17:16:16.580 [DEBUG][org.jetbrains.research.kex.asm.transform.LoopDeroller] - Method java/util/Formatter$FormatSpecifier::justify(java/lang/String): java/lang/String, unrolling loop org.jetbrains.research.kfg.analysis.Loop@3e84ef7f to 1 iterations
2021-06-11 17:16:16.582 [DEBUG][org.jetbrains.research.kex.asm.transform.LoopDeroller] - Method java/util/Formatter$FormatSpecifier::checkBadFlags(java/util/Formatter$Flags[]): void, unrolling loop org.jetbrains.research.kfg.analysis.Loop@d223d7 to 1 iterations
2021-06-11 17:16:16.584 [DEBUG][org.jetbrains.research.kex.asm.transform.LoopDeroller] - Method java/util/Formatter$FormatSpecifier::print(long, java/util/Locale): void, unrolling loop org.jetbrains.research.kfg.analysis.Loop@32795ca8 to 1 iterations
2021-06-11 17:16:16.588 [DEBUG][org.jetbrains.research.kex.asm.transform.LoopDeroller] - Method java/util/Formatter$FormatSpecifier::print(long, java/util/Locale): void, unrolling loop org.jetbrains.research.kfg.analysis.Loop@604b5e4d to 1 iterations
2021-06-11 17:16:16.593 [DEBUG][org.jetbrains.research.kex.asm.transform.LoopDeroller] - Method java/util/Formatter$FormatSpecifier::print(java/math/BigInteger, java/util/Locale): void, unrolling loop org.jetbrains.research.kfg.analysis.Loop@37b9125b to 1 iterations
2021-06-11 17:16:16.593 [DEBUG][org.jetbrains.research.kex.asm.transform.LoopDeroller] - Method java/util/Formatter$FormatSpecifier::print(java/math/BigInteger, java/util/Locale): void, unrolling loop org.jetbrains.research.kfg.analysis.Loop@3733e28a to 1 iterations
2021-06-11 17:16:16.594 [DEBUG][org.jetbrains.research.kex.asm.transform.LoopDeroller] - Method java/util/Formatter$FormatSpecifier::print(java/lang/StringBuilder, double, java/util/Locale, java/util/Formatter$Flags, char, int, bool): void, unrolling loop org.jetbrains.research.kfg.analysis.Loop@12c75a64 to 1 iterations
2021-06-11 17:16:16.600 [DEBUG][org.jetbrains.research.kex.asm.transform.LoopDeroller] - Method java/util/Formatter$FormatSpecifier::addZeros(char[], int): char[], unrolling loop org.jetbrains.research.kfg.analysis.Loop@533f8f0e to 1 iterations
2021-06-11 17:16:16.601 [DEBUG][org.jetbrains.research.kex.asm.transform.LoopDeroller] - Method java/util/Formatter$FormatSpecifier::addZeros(char[], int): char[], unrolling loop org.jetbrains.research.kfg.analysis.Loop@7c66b872 to 1 iterations
2021-06-11 17:16:16.603 [DEBUG][org.jetbrains.research.kex.asm.transform.LoopDeroller] - Method java/util/Formatter$FormatSpecifier::trailingZeros(char[], int): char[], unrolling loop org.jetbrains.research.kfg.analysis.Loop@84f0c2b to 1 iterations
2021-06-11 17:16:16.611 [DEBUG][org.jetbrains.research.kex.asm.transform.LoopDeroller] - Method java/util/Formatter$FormatSpecifier::localizedMagnitude(java/lang/StringBuilder, char[], java/util/Formatter$Flags, int, java/util/Locale): java/lang/StringBuilder, unrolling loop org.jetbrains.research.kfg.analysis.Loop@37d52615 to 1 iterations
2021-06-11 17:16:16.611 [DEBUG][org.jetbrains.research.kex.asm.transform.LoopDeroller] - Method java/util/Formatter$FormatSpecifier::localizedMagnitude(java/lang/StringBuilder, char[], java/util/Formatter$Flags, int, java/util/Locale): java/lang/StringBuilder, unrolling loop org.jetbrains.research.kfg.analysis.Loop@cc916e to 1 iterations
2021-06-11 17:16:16.612 [DEBUG][org.jetbrains.research.kex.asm.transform.LoopDeroller] - Method java/util/Formatter$FormatSpecifier::localizedMagnitude(java/lang/StringBuilder, char[], java/util/Formatter$Flags, int, java/util/Locale): java/lang/StringBuilder, unrolling loop org.jetbrains.research.kfg.analysis.Loop@3cc29174 to 1 iterations
2021-06-11 17:16:16.614 [DEBUG][org.jetbrains.research.kex.asm.transform.LoopDeroller] - Method java/util/concurrent/ConcurrentLinkedDeque::linkFirst(java/lang/Object): void, unrolling loop org.jetbrains.research.kfg.analysis.Loop@5eb10591 to 1 iterations
2021-06-11 17:16:16.617 [DEBUG][org.jetbrains.research.kex.asm.transform.LoopDeroller] - Method java/util/concurrent/ConcurrentLinkedDeque::linkFirst(java/lang/Object): void, unrolling loop org.jetbrains.research.kfg.analysis.Loop@21363929 to 1 iterations
2021-06-11 17:16:16.618 [DEBUG][org.jetbrains.research.kex.asm.transform.LoopDeroller] - Method java/util/concurrent/ConcurrentLinkedDeque::linkLast(java/lang/Object): void, unrolling loop org.jetbrains.research.kfg.analysis.Loop@1ab2ccfd to 1 iterations
2021-06-11 17:16:16.618 [DEBUG][org.jetbrains.research.kex.asm.transform.LoopDeroller] - Method java/util/concurrent/ConcurrentLinkedDeque::linkLast(java/lang/Object): void, unrolling loop org.jetbrains.research.kfg.analysis.Loop@312828c4 to 1 iterations
2021-06-11 17:16:16.619 [DEBUG][org.jetbrains.research.kex.asm.transform.LoopDeroller] - Method java/util/concurrent/ConcurrentLinkedDeque::unlink(java/util/concurrent/ConcurrentLinkedDeque$Node): void, unrolling loop org.jetbrains.research.kfg.analysis.Loop@551bca39 to 1 iterations
2021-06-11 17:16:16.621 [DEBUG][org.jetbrains.research.kex.asm.transform.LoopDeroller] - Method java/util/concurrent/ConcurrentLinkedDeque::unlink(java/util/concurrent/ConcurrentLinkedDeque$Node): void, unrolling loop org.jetbrains.research.kfg.analysis.Loop@180583d9 to 1 iterations
2021-06-11 17:16:16.623 [DEBUG][org.jetbrains.research.kex.asm.transform.LoopDeroller] - Method java/util/concurrent/ConcurrentLinkedDeque::unlinkFirst(java/util/concurrent/ConcurrentLinkedDeque$Node, java/util/concurrent/ConcurrentLinkedDeque$Node): void, unrolling loop org.jetbrains.research.kfg.analysis.Loop@26e82dba to 1 iterations
2021-06-11 17:16:16.624 [DEBUG][org.jetbrains.research.kex.asm.transform.LoopDeroller] - Method java/util/concurrent/ConcurrentLinkedDeque::unlinkLast(java/util/concurrent/ConcurrentLinkedDeque$Node, java/util/concurrent/ConcurrentLinkedDeque$Node): void, unrolling loop org.jetbrains.research.kfg.analysis.Loop@35558532 to 1 iterations
2021-06-11 17:16:16.624 [DEBUG][org.jetbrains.research.kex.asm.transform.LoopDeroller] - Method java/util/concurrent/ConcurrentLinkedDeque::updateHead(): void, unrolling loop org.jetbrains.research.kfg.analysis.Loop@37688f3c to 1 iterations
2021-06-11 17:16:16.625 [DEBUG][org.jetbrains.research.kex.asm.transform.LoopDeroller] - Method java/util/concurrent/ConcurrentLinkedDeque::updateHead(): void, unrolling loop org.jetbrains.research.kfg.analysis.Loop@5707f15f to 1 iterations
2021-06-11 17:16:16.626 [DEBUG][org.jetbrains.research.kex.asm.transform.LoopDeroller] - Method java/util/concurrent/ConcurrentLinkedDeque::updateTail(): void, unrolling loop org.jetbrains.research.kfg.analysis.Loop@1728d68b to 1 iterations
2021-06-11 17:16:16.626 [DEBUG][org.jetbrains.research.kex.asm.transform.LoopDeroller] - Method java/util/concurrent/ConcurrentLinkedDeque::updateTail(): void, unrolling loop org.jetbrains.research.kfg.analysis.Loop@2d19e25 to 1 iterations
2021-06-11 17:16:16.627 [DEBUG][org.jetbrains.research.kex.asm.transform.LoopDeroller] - Method java/util/concurrent/ConcurrentLinkedDeque::skipDeletedPredecessors(java/util/concurrent/ConcurrentLinkedDeque$Node): void, unrolling loop org.jetbrains.research.kfg.analysis.Loop@5a899f73 to 1 iterations
2021-06-11 17:16:16.628 [DEBUG][org.jetbrains.research.kex.asm.transform.LoopDeroller] - Method java/util/concurrent/ConcurrentLinkedDeque::skipDeletedPredecessors(java/util/concurrent/ConcurrentLinkedDeque$Node): void, unrolling loop org.jetbrains.research.kfg.analysis.Loop@2f6191db to 1 iterations
2021-06-11 17:16:16.629 [DEBUG][org.jetbrains.research.kex.asm.transform.LoopDeroller] - Method java/util/concurrent/ConcurrentLinkedDeque::skipDeletedSuccessors(java/util/concurrent/ConcurrentLinkedDeque$Node): void, unrolling loop org.jetbrains.research.kfg.analysis.Loop@2cec5e6e to 1 iterations
2021-06-11 17:16:16.629 [DEBUG][org.jetbrains.research.kex.asm.transform.LoopDeroller] - Method java/util/concurrent/ConcurrentLinkedDeque::skipDeletedSuccessors(java/util/concurrent/ConcurrentLinkedDeque$Node): void, unrolling loop org.jetbrains.research.kfg.analysis.Loop@56c41d10 to 1 iterations
2021-06-11 17:16:16.630 [DEBUG][org.jetbrains.research.kex.asm.transform.LoopDeroller] - Method java/util/concurrent/ConcurrentLinkedDeque::first(): java/util/concurrent/ConcurrentLinkedDeque$Node, unrolling loop org.jetbrains.research.kfg.analysis.Loop@3ba9487a to 1 iterations
2021-06-11 17:16:16.631 [DEBUG][org.jetbrains.research.kex.asm.transform.LoopDeroller] - Method java/util/concurrent/ConcurrentLinkedDeque::first(): java/util/concurrent/ConcurrentLinkedDeque$Node, unrolling loop org.jetbrains.research.kfg.analysis.Loop@27a12d2c to 1 iterations
2021-06-11 17:16:16.633 [DEBUG][org.jetbrains.research.kex.asm.transform.LoopDeroller] - Method java/util/concurrent/ConcurrentLinkedDeque::last(): java/util/concurrent/ConcurrentLinkedDeque$Node, unrolling loop org.jetbrains.research.kfg.analysis.Loop@4acc44d4 to 1 iterations
2021-06-11 17:16:16.636 [DEBUG][org.jetbrains.research.kex.asm.transform.LoopDeroller] - Method java/util/concurrent/ConcurrentLinkedDeque::last(): java/util/concurrent/ConcurrentLinkedDeque$Node, unrolling loop org.jetbrains.research.kfg.analysis.Loop@b2ea6c9 to 1 iterations
2021-06-11 17:16:16.637 [DEBUG][org.jetbrains.research.kex.asm.transform.LoopDeroller] - Method java/util/concurrent/ConcurrentLinkedDeque::toArrayList(): java/util/ArrayList, unrolling loop org.jetbrains.research.kfg.analysis.Loop@17dc4b6 to 1 iterations
2021-06-11 17:16:16.637 [DEBUG][org.jetbrains.research.kex.asm.transform.LoopDeroller] - Method java/util/concurrent/ConcurrentLinkedDeque::<init>(java/util/Collection): void, unrolling loop org.jetbrains.research.kfg.analysis.Loop@7bbe3342 to 1 iterations
2021-06-11 17:16:16.638 [DEBUG][org.jetbrains.research.kex.asm.transform.LoopDeroller] - Method java/util/concurrent/ConcurrentLinkedDeque::peekFirst(): java/lang/Object, unrolling loop org.jetbrains.research.kfg.analysis.Loop@5727b937 to 1 iterations
2021-06-11 17:16:16.638 [DEBUG][org.jetbrains.research.kex.asm.transform.LoopDeroller] - Method java/util/concurrent/ConcurrentLinkedDeque::peekLast(): java/lang/Object, unrolling loop org.jetbrains.research.kfg.analysis.Loop@6f4f5b2a to 1 iterations
2021-06-11 17:16:16.641 [DEBUG][org.jetbrains.research.kex.asm.transform.LoopDeroller] - Method java/util/concurrent/ConcurrentLinkedDeque::pollFirst(): java/lang/Object, unrolling loop org.jetbrains.research.kfg.analysis.Loop@19449648 to 1 iterations
2021-06-11 17:16:16.642 [DEBUG][org.jetbrains.research.kex.asm.transform.LoopDeroller] - Method java/util/concurrent/ConcurrentLinkedDeque::pollLast(): java/lang/Object, unrolling loop org.jetbrains.research.kfg.analysis.Loop@1bfbcf92 to 1 iterations
2021-06-11 17:16:16.643 [DEBUG][org.jetbrains.research.kex.asm.transform.LoopDeroller] - Method java/util/concurrent/ConcurrentLinkedDeque::removeFirstOccurrence(java/lang/Object): bool, unrolling loop org.jetbrains.research.kfg.analysis.Loop@671cb23a to 1 iterations
2021-06-11 17:16:16.643 [DEBUG][org.jetbrains.research.kex.asm.transform.LoopDeroller] - Method java/util/concurrent/ConcurrentLinkedDeque::removeLastOccurrence(java/lang/Object): bool, unrolling loop org.jetbrains.research.kfg.analysis.Loop@67b958f2 to 1 iterations
2021-06-11 17:16:16.644 [DEBUG][org.jetbrains.research.kex.asm.transform.LoopDeroller] - Method java/util/concurrent/ConcurrentLinkedDeque::contains(java/lang/Object): bool, unrolling loop org.jetbrains.research.kfg.analysis.Loop@7e68b6e7 to 1 iterations
2021-06-11 17:16:16.645 [DEBUG][org.jetbrains.research.kex.asm.transform.LoopDeroller] - Method java/util/concurrent/ConcurrentLinkedDeque::size(): int, unrolling loop org.jetbrains.research.kfg.analysis.Loop@503a5310 to 1 iterations
2021-06-11 17:16:16.645 [DEBUG][org.jetbrains.research.kex.asm.transform.LoopDeroller] - Method java/util/concurrent/ConcurrentLinkedDeque::addAll(java/util/Collection): bool, unrolling loop org.jetbrains.research.kfg.analysis.Loop@48ad4e9e to 1 iterations
2021-06-11 17:16:16.646 [DEBUG][org.jetbrains.research.kex.asm.transform.LoopDeroller] - Method java/util/concurrent/ConcurrentLinkedDeque::addAll(java/util/Collection): bool, unrolling loop org.jetbrains.research.kfg.analysis.Loop@9e53bf0 to 1 iterations
2021-06-11 17:16:16.647 [DEBUG][org.jetbrains.research.kex.asm.transform.LoopDeroller] - Method java/util/concurrent/ConcurrentLinkedDeque::addAll(java/util/Collection): bool, unrolling loop org.jetbrains.research.kfg.analysis.Loop@7d0f89dc to 1 iterations
2021-06-11 17:16:16.648 [DEBUG][org.jetbrains.research.kex.asm.transform.LoopDeroller] - Method java/util/concurrent/ConcurrentLinkedDeque::clear(): void, unrolling loop org.jetbrains.research.kfg.analysis.Loop@1f797e5f to 1 iterations
2021-06-11 17:16:16.649 [DEBUG][org.jetbrains.research.kex.asm.transform.LoopDeroller] - Method java/util/concurrent/ConcurrentLinkedDeque::writeObject(java/io/ObjectOutputStream): void, unrolling loop org.jetbrains.research.kfg.analysis.Loop@fdd0ade to 1 iterations
2021-06-11 17:16:16.650 [DEBUG][org.jetbrains.research.kex.asm.transform.LoopDeroller] - Method java/util/concurrent/ConcurrentLinkedDeque::readObject(java/io/ObjectInputStream): void, unrolling loop org.jetbrains.research.kfg.analysis.Loop@240f658 to 1 iterations
2021-06-11 17:16:16.651 [DEBUG][org.jetbrains.research.kex.asm.transform.LoopDeroller] - Method java/util/concurrent/ConcurrentHashMap$MapReduceValuesToDoubleTask::compute(): void, unrolling loop org.jetbrains.research.kfg.analysis.Loop@3520b9a4 to 1 iterations
2021-06-11 17:16:16.652 [DEBUG][org.jetbrains.research.kex.asm.transform.LoopDeroller] - Method java/util/concurrent/ConcurrentHashMap$MapReduceValuesToDoubleTask::compute(): void, unrolling loop org.jetbrains.research.kfg.analysis.Loop@58774dda to 1 iterations
2021-06-11 17:16:16.652 [DEBUG][org.jetbrains.research.kex.asm.transform.LoopDeroller] - Method java/util/concurrent/ConcurrentHashMap$MapReduceValuesToDoubleTask::compute(): void, unrolling loop org.jetbrains.research.kfg.analysis.Loop@16e417d3 to 1 iterations
2021-06-11 17:16:16.653 [DEBUG][org.jetbrains.research.kex.asm.transform.LoopDeroller] - Method java/util/concurrent/ConcurrentHashMap$MapReduceValuesToDoubleTask::compute(): void, unrolling loop org.jetbrains.research.kfg.analysis.Loop@1310a33d to 1 iterations
2021-06-11 17:16:16.654 [DEBUG][org.jetbrains.research.kex.asm.transform.LoopDeroller] - Method java/lang/invoke/CallSite::maybeReBoxElements(java/lang/Object[]): void, unrolling loop org.jetbrains.research.kfg.analysis.Loop@16acb389 to 1 iterations
2021-06-11 17:16:16.655 [DEBUG][org.jetbrains.research.kex.asm.transform.LoopDeroller] - Method java/util/ArraysParallelSortHelpers$FJByte$Merger::compute(): void, unrolling loop org.jetbrains.research.kfg.analysis.Loop@5b737a8e to 1 iterations
2021-06-11 17:16:16.657 [DEBUG][org.jetbrains.research.kex.asm.transform.LoopDeroller] - Method java/util/ArraysParallelSortHelpers$FJByte$Merger::compute(): void, unrolling loop org.jetbrains.research.kfg.analysis.Loop@2b833376 to 1 iterations
2021-06-11 17:16:16.658 [DEBUG][org.jetbrains.research.kex.asm.transform.LoopDeroller] - Method java/util/ArraysParallelSortHelpers$FJByte$Merger::compute(): void, unrolling loop org.jetbrains.research.kfg.analysis.Loop@43d858ff to 1 iterations
2021-06-11 17:16:16.658 [DEBUG][org.jetbrains.research.kex.asm.transform.LoopDeroller] - Method java/util/ArraysParallelSortHelpers$FJByte$Merger::compute(): void, unrolling loop org.jetbrains.research.kfg.analysis.Loop@7c8dc402 to 1 iterations
2021-06-11 17:16:16.661 [DEBUG][org.jetbrains.research.kex.asm.transform.LoopDeroller] - Method java/util/concurrent/ConcurrentHashMap$MapReduceValuesTask::compute(): void, unrolling loop org.jetbrains.research.kfg.analysis.Loop@142b613a to 1 iterations
2021-06-11 17:16:16.662 [DEBUG][org.jetbrains.research.kex.asm.transform.LoopDeroller] - Method java/util/concurrent/ConcurrentHashMap$MapReduceValuesTask::compute(): void, unrolling loop org.jetbrains.research.kfg.analysis.Loop@6455e337 to 1 iterations
2021-06-11 17:16:16.662 [DEBUG][org.jetbrains.research.kex.asm.transform.LoopDeroller] - Method java/util/concurrent/ConcurrentHashMap$MapReduceValuesTask::compute(): void, unrolling loop org.jetbrains.research.kfg.analysis.Loop@19ce46ad to 1 iterations
2021-06-11 17:16:16.663 [DEBUG][org.jetbrains.research.kex.asm.transform.LoopDeroller] - Method java/util/concurrent/ConcurrentHashMap$MapReduceValuesTask::compute(): void, unrolling loop org.jetbrains.research.kfg.analysis.Loop@371ed3c2 to 1 iterations
2021-06-11 17:16:16.664 [DEBUG][org.jetbrains.research.kex.asm.transform.LoopDeroller] - Method java/util/stream/ForEachOps$ForEachTask::compute(): void, unrolling loop org.jetbrains.research.kfg.analysis.Loop@7d2f837f to 1 iterations
2021-06-11 17:16:16.665 [DEBUG][org.jetbrains.research.kex.asm.transform.LoopDeroller] - Method java/io/Reader::skip(long): long, unrolling loop org.jetbrains.research.kfg.analysis.Loop@ddedd02 to 1 iterations
2021-06-11 17:16:16.666 [DEBUG][org.jetbrains.research.kex.asm.transform.LoopDeroller] - Method java/util/concurrent/ArrayBlockingQueue$Itrs::doSomeSweeping(bool): void, unrolling loop org.jetbrains.research.kfg.analysis.Loop@5ad9c176 to 1 iterations
2021-06-11 17:16:16.667 [DEBUG][org.jetbrains.research.kex.asm.transform.LoopDeroller] - Method java/util/concurrent/ArrayBlockingQueue$Itrs::takeIndexWrapped(): void, unrolling loop org.jetbrains.research.kfg.analysis.Loop@4de56893 to 1 iterations
2021-06-11 17:16:16.668 [DEBUG][org.jetbrains.research.kex.asm.transform.LoopDeroller] - Method java/util/concurrent/ArrayBlockingQueue$Itrs::removedAt(int): void, unrolling loop org.jetbrains.research.kfg.analysis.Loop@65827860 to 1 iterations
2021-06-11 17:16:16.668 [DEBUG][org.jetbrains.research.kex.asm.transform.LoopDeroller] - Method java/util/concurrent/ArrayBlockingQueue$Itrs::queueIsEmpty(): void, unrolling loop org.jetbrains.research.kfg.analysis.Loop@3f14522 to 1 iterations
2021-06-11 17:16:16.670 [DEBUG][org.jetbrains.research.kex.asm.transform.LoopDeroller] - Method java/util/Vector$Itr::forEachRemaining(java/util/function/Consumer): void, unrolling loop org.jetbrains.research.kfg.analysis.Loop@2e59ba3 to 1 iterations
2021-06-11 17:16:16.671 [DEBUG][org.jetbrains.research.kex.asm.transform.LoopDeroller] - Method java/util/stream/Streams$RangeLongSpliterator::forEachRemaining(java/util/function/LongConsumer): void, unrolling loop org.jetbrains.research.kfg.analysis.Loop@2b0f8b2d to 1 iterations
2021-06-11 17:16:16.671 [DEBUG][org.jetbrains.research.kex.asm.transform.LoopDeroller] - Method java/util/regex/Pattern$NotBehind::match(java/util/regex/Matcher, int, java/lang/CharSequence): bool, unrolling loop org.jetbrains.research.kfg.analysis.Loop@55878fa8 to 1 iterations
2021-06-11 17:16:16.672 [DEBUG][org.jetbrains.research.kex.asm.transform.LoopDeroller] - Method java/util/logging/LogManager$LoggerContext::addLocalLogger(java/util/logging/Logger, bool): bool, unrolling loop org.jetbrains.research.kfg.analysis.Loop@5fe2317a to 1 iterations
2021-06-11 17:16:16.673 [DEBUG][org.jetbrains.research.kex.asm.transform.LoopDeroller] - Method java/util/logging/LogManager$LoggerContext::processParentHandlers(java/util/logging/Logger, java/lang/String): void, unrolling loop org.jetbrains.research.kfg.analysis.Loop@5209d4be to 1 iterations
2021-06-11 17:16:16.674 [DEBUG][org.jetbrains.research.kex.asm.transform.LoopDeroller] - Method java/util/logging/LogManager$LoggerContext::getNode(java/lang/String): java/util/logging/LogManager$LogNode, unrolling loop org.jetbrains.research.kfg.analysis.Loop@edbd9e7 to 1 iterations
2021-06-11 17:16:16.675 [DEBUG][org.jetbrains.research.kex.asm.transform.LoopDeroller] - Method java/lang/Long::toString(long, int): java/lang/String, unrolling loop org.jetbrains.research.kfg.analysis.Loop@3c0dc881 to 1 iterations
2021-06-11 17:16:16.678 [DEBUG][org.jetbrains.research.kex.asm.transform.LoopDeroller] - Method java/lang/Long::formatUnsignedLong(long, int, char[], int, int): int, unrolling loop org.jetbrains.research.kfg.analysis.Loop@26aef09a to 1 iterations
2021-06-11 17:16:16.678 [DEBUG][org.jetbrains.research.kex.asm.transform.LoopDeroller] - Method java/lang/Long::getChars(long, int, char[]): void, unrolling loop org.jetbrains.research.kfg.analysis.Loop@6828514e to 1 iterations
2021-06-11 17:16:16.679 [DEBUG][org.jetbrains.research.kex.asm.transform.LoopDeroller] - Method java/lang/Long::getChars(long, int, char[]): void, unrolling loop org.jetbrains.research.kfg.analysis.Loop@620be737 to 1 iterations
2021-06-11 17:16:16.679 [DEBUG][org.jetbrains.research.kex.asm.transform.LoopDeroller] - Method java/lang/Long::getChars(long, int, char[]): void, unrolling loop org.jetbrains.research.kfg.analysis.Loop@52897fc7 to 1 iterations
2021-06-11 17:16:16.681 [DEBUG][org.jetbrains.research.kex.asm.transform.LoopDeroller] - Method java/lang/Long::stringSize(long): int, unrolling loop org.jetbrains.research.kfg.analysis.Loop@101ec31b to 1 iterations
2021-06-11 17:16:16.682 [DEBUG][org.jetbrains.research.kex.asm.transform.LoopDeroller] - Method java/lang/Long::parseLong(java/lang/String, int): long, unrolling loop org.jetbrains.research.kfg.analysis.Loop@62d3a77c to 1 iterations
2021-06-11 17:16:16.684 [DEBUG][org.jetbrains.research.kex.asm.transform.LoopDeroller] - Method java/util/concurrent/ScheduledThreadPoolExecutor::onShutdown(): void, unrolling loop org.jetbrains.research.kfg.analysis.Loop@251424c6 to 1 iterations
2021-06-11 17:16:16.685 [DEBUG][org.jetbrains.research.kex.asm.transform.LoopDeroller] - Method java/util/concurrent/ScheduledThreadPoolExecutor::onShutdown(): void, unrolling loop org.jetbrains.research.kfg.analysis.Loop@3fcd5638 to 1 iterations
2021-06-11 17:16:16.686 [DEBUG][org.jetbrains.research.kex.asm.transform.LoopDeroller] - Method java/lang/CharSequence$1CharIterator::forEachRemaining(java/util/function/IntConsumer): void, unrolling loop org.jetbrains.research.kfg.analysis.Loop@57fd9fef to 1 iterations
2021-06-11 17:16:16.687 [DEBUG][org.jetbrains.research.kex.asm.transform.LoopDeroller] - Method java/lang/invoke/MethodHandleProxies::asInterfaceInstance(java/lang/Class, java/lang/invoke/MethodHandle): java/lang/Object, unrolling loop org.jetbrains.research.kfg.analysis.Loop@7329f9e8 to 1 iterations
2021-06-11 17:16:16.689 [DEBUG][org.jetbrains.research.kex.asm.transform.LoopDeroller] - Method java/lang/invoke/MethodHandleProxies::getSingleNameMethods(java/lang/Class): java/lang/reflect/Method[], unrolling loop org.jetbrains.research.kfg.analysis.Loop@347deab6 to 1 iterations
2021-06-11 17:16:16.689 [DEBUG][org.jetbrains.research.kex.asm.transform.LoopDeroller] - Method java/util/concurrent/Semaphore$Sync::nonfairTryAcquireShared(int): int, unrolling loop org.jetbrains.research.kfg.analysis.Loop@f266717 to 1 iterations
2021-06-11 17:16:16.690 [DEBUG][org.jetbrains.research.kex.asm.transform.LoopDeroller] - Method java/util/concurrent/Semaphore$Sync::tryReleaseShared(int): bool, unrolling loop org.jetbrains.research.kfg.analysis.Loop@4dc5f3f6 to 1 iterations
2021-06-11 17:16:16.690 [DEBUG][org.jetbrains.research.kex.asm.transform.LoopDeroller] - Method java/util/concurrent/Semaphore$Sync::reducePermits(int): void, unrolling loop org.jetbrains.research.kfg.analysis.Loop@5a865615 to 1 iterations
2021-06-11 17:16:16.690 [DEBUG][org.jetbrains.research.kex.asm.transform.LoopDeroller] - Method java/util/concurrent/Semaphore$Sync::drainPermits(): int, unrolling loop org.jetbrains.research.kfg.analysis.Loop@45b573f4 to 1 iterations
2021-06-11 17:16:16.691 [DEBUG][org.jetbrains.research.kex.asm.transform.LoopDeroller] - Method java/lang/ClassValue::getFromHashMap(java/lang/Class): java/lang/Object, unrolling loop org.jetbrains.research.kfg.analysis.Loop@139ae6db to 1 iterations
2021-06-11 17:16:16.692 [DEBUG][org.jetbrains.research.kex.asm.transform.LoopDeroller] - Method java/util/concurrent/ConcurrentHashMap$MapReduceKeysToLongTask::compute(): void, unrolling loop org.jetbrains.research.kfg.analysis.Loop@61ba2588 to 1 iterations
2021-06-11 17:16:16.692 [DEBUG][org.jetbrains.research.kex.asm.transform.LoopDeroller] - Method java/util/concurrent/ConcurrentHashMap$MapReduceKeysToLongTask::compute(): void, unrolling loop org.jetbrains.research.kfg.analysis.Loop@373ffa53 to 1 iterations
2021-06-11 17:16:16.692 [DEBUG][org.jetbrains.research.kex.asm.transform.LoopDeroller] - Method java/util/concurrent/ConcurrentHashMap$MapReduceKeysToLongTask::compute(): void, unrolling loop org.jetbrains.research.kfg.analysis.Loop@385e0f8d to 1 iterations
2021-06-11 17:16:16.693 [DEBUG][org.jetbrains.research.kex.asm.transform.LoopDeroller] - Method java/util/concurrent/ConcurrentHashMap$MapReduceKeysToLongTask::compute(): void, unrolling loop org.jetbrains.research.kfg.analysis.Loop@4efe9e82 to 1 iterations
2021-06-11 17:16:16.694 [DEBUG][org.jetbrains.research.kex.asm.transform.LoopDeroller] - Method java/util/IdentityHashMap$EntrySet::removeAll(java/util/Collection): bool, unrolling loop org.jetbrains.research.kfg.analysis.Loop@72d8228b to 1 iterations
2021-06-11 17:16:16.694 [DEBUG][org.jetbrains.research.kex.asm.transform.LoopDeroller] - Method java/util/IdentityHashMap$EntrySet::toArray(java/lang/Object[]): java/lang/Object[], unrolling loop org.jetbrains.research.kfg.analysis.Loop@6fc3d10d to 1 iterations
2021-06-11 17:16:16.695 [DEBUG][org.jetbrains.research.kex.asm.transform.LoopDeroller] - Method java/util/stream/StreamSpliterators$ArrayBuffer$OfDouble::forEach(java/util/function/DoubleConsumer, long): void, unrolling loop org.jetbrains.research.kfg.analysis.Loop@782e45fa to 1 iterations
2021-06-11 17:16:16.696 [DEBUG][org.jetbrains.research.kex.asm.transform.LoopDeroller] - Method java/util/concurrent/ConcurrentSkipListMap$EntrySpliterator::trySplit(): java/util/Spliterator, unrolling loop org.jetbrains.research.kfg.analysis.Loop@71daa71b to 1 iterations
2021-06-11 17:16:16.700 [DEBUG][org.jetbrains.research.kex.asm.transform.LoopDeroller] - Method java/util/concurrent/ConcurrentSkipListMap$EntrySpliterator::forEachRemaining(java/util/function/Consumer): void, unrolling loop org.jetbrains.research.kfg.analysis.Loop@4a4fcb89 to 1 iterations
2021-06-11 17:16:16.701 [DEBUG][org.jetbrains.research.kex.asm.transform.LoopDeroller] - Method java/util/concurrent/ConcurrentSkipListMap$EntrySpliterator::tryAdvance(java/util/function/Consumer): bool, unrolling loop org.jetbrains.research.kfg.analysis.Loop@5d49d9d to 1 iterations
2021-06-11 17:16:16.704 [DEBUG][org.jetbrains.research.kex.asm.transform.LoopDeroller] - Method java/util/concurrent/ConcurrentHashMap$MapReduceEntriesToIntTask::compute(): void, unrolling loop org.jetbrains.research.kfg.analysis.Loop@4267dc2a to 1 iterations
2021-06-11 17:16:16.706 [DEBUG][org.jetbrains.research.kex.asm.transform.LoopDeroller] - Method java/util/concurrent/ConcurrentHashMap$MapReduceEntriesToIntTask::compute(): void, unrolling loop org.jetbrains.research.kfg.analysis.Loop@59701776 to 1 iterations
2021-06-11 17:16:16.707 [DEBUG][org.jetbrains.research.kex.asm.transform.LoopDeroller] - Method java/util/concurrent/ConcurrentHashMap$MapReduceEntriesToIntTask::compute(): void, unrolling loop org.jetbrains.research.kfg.analysis.Loop@66af3216 to 1 iterations
2021-06-11 17:16:16.707 [DEBUG][org.jetbrains.research.kex.asm.transform.LoopDeroller] - Method java/util/concurrent/ConcurrentHashMap$MapReduceEntriesToIntTask::compute(): void, unrolling loop org.jetbrains.research.kfg.analysis.Loop@506b8935 to 1 iterations
2021-06-11 17:16:16.708 [DEBUG][org.jetbrains.research.kex.asm.transform.LoopDeroller] - Method java/util/stream/Streams$RangeIntSpliterator::forEachRemaining(java/util/function/IntConsumer): void, unrolling loop org.jetbrains.research.kfg.analysis.Loop@1da6c91e to 1 iterations
2021-06-11 17:16:16.709 [DEBUG][org.jetbrains.research.kex.asm.transform.LoopDeroller] - Method java/util/concurrent/atomic/DoubleAccumulator::get(): double, unrolling loop org.jetbrains.research.kfg.analysis.Loop@689b4281 to 1 iterations
2021-06-11 17:16:16.709 [DEBUG][org.jetbrains.research.kex.asm.transform.LoopDeroller] - Method java/util/concurrent/atomic/DoubleAccumulator::reset(): void, unrolling loop org.jetbrains.research.kfg.analysis.Loop@44ce88f7 to 1 iterations
2021-06-11 17:16:16.710 [DEBUG][org.jetbrains.research.kex.asm.transform.LoopDeroller] - Method java/util/concurrent/atomic/DoubleAccumulator::getThenReset(): double, unrolling loop org.jetbrains.research.kfg.analysis.Loop@3d5aacab to 1 iterations
2021-06-11 17:16:16.711 [ERROR][org.jetbrains.research.kex.asm.transform.LoopDeroller] - Can't deroll loops of method java/util/Formatter::format(java/util/Locale, java/lang/String, java/lang/Object[]): java/util/Formatter
2021-06-11 17:16:16.711 [DEBUG][org.jetbrains.research.kex.asm.transform.LoopDeroller] - Method java/util/Formatter::parse(java/lang/String): java/util/Formatter$FormatString[], unrolling loop org.jetbrains.research.kfg.analysis.Loop@12a3929b to 1 iterations
2021-06-11 17:16:16.712 [DEBUG][org.jetbrains.research.kex.asm.transform.LoopDeroller] - Method java/util/Formatter::checkText(java/lang/String, int, int): void, unrolling loop org.jetbrains.research.kfg.analysis.Loop@20e149b1 to 1 iterations
2021-06-11 17:16:16.713 [DEBUG][org.jetbrains.research.kex.asm.transform.LoopDeroller] - Method java/util/concurrent/ConcurrentSkipListMap$Iter::<init>(java/util/concurrent/ConcurrentSkipListMap): void, unrolling loop org.jetbrains.research.kfg.analysis.Loop@156384b1 to 1 iterations
2021-06-11 17:16:16.713 [DEBUG][org.jetbrains.research.kex.asm.transform.LoopDeroller] - Method java/util/concurrent/ConcurrentSkipListMap$Iter::advance(): void, unrolling loop org.jetbrains.research.kfg.analysis.Loop@61c8373e to 1 iterations
2021-06-11 17:16:16.714 [DEBUG][org.jetbrains.research.kex.asm.transform.LoopDeroller] - Method java/util/concurrent/ConcurrentHashMap$ReduceValuesTask::compute(): void, unrolling loop org.jetbrains.research.kfg.analysis.Loop@419522d6 to 1 iterations
2021-06-11 17:16:16.716 [DEBUG][org.jetbrains.research.kex.asm.transform.LoopDeroller] - Method java/util/concurrent/ConcurrentHashMap$ReduceValuesTask::compute(): void, unrolling loop org.jetbrains.research.kfg.analysis.Loop@276f07ea to 1 iterations
2021-06-11 17:16:16.720 [DEBUG][org.jetbrains.research.kex.asm.transform.LoopDeroller] - Method java/util/concurrent/ConcurrentHashMap$ReduceValuesTask::compute(): void, unrolling loop org.jetbrains.research.kfg.analysis.Loop@74514b9a to 1 iterations
2021-06-11 17:16:16.720 [DEBUG][org.jetbrains.research.kex.asm.transform.LoopDeroller] - Method java/util/concurrent/ConcurrentHashMap$ReduceValuesTask::compute(): void, unrolling loop org.jetbrains.research.kfg.analysis.Loop@13404ea8 to 1 iterations
2021-06-11 17:16:16.722 [DEBUG][org.jetbrains.research.kex.asm.transform.LoopDeroller] - Method java/util/Spliterator$OfInt::forEachRemaining(java/util/function/IntConsumer): void, unrolling loop org.jetbrains.research.kfg.analysis.Loop@4bdb73bc to 1 iterations
2021-06-11 17:16:16.722 [DEBUG][org.jetbrains.research.kex.asm.transform.LoopDeroller] - Method java/util/ResourceBundle$Control$CandidateListCache::createObject(sun/util/locale/BaseLocale): java/util/List, unrolling loop org.jetbrains.research.kfg.analysis.Loop@75f0b654 to 1 iterations
2021-06-11 17:16:16.726 [DEBUG][org.jetbrains.research.kex.asm.transform.LoopDeroller] - Method java/util/ResourceBundle$Control$CandidateListCache::getDefaultList(java/lang/String, java/lang/String, java/lang/String, java/lang/String): java/util/List, unrolling loop org.jetbrains.research.kfg.analysis.Loop@75976e33 to 1 iterations
2021-06-11 17:16:16.727 [DEBUG][org.jetbrains.research.kex.asm.transform.LoopDeroller] - Method java/util/ResourceBundle$Control$CandidateListCache::getDefaultList(java/lang/String, java/lang/String, java/lang/String, java/lang/String): java/util/List, unrolling loop org.jetbrains.research.kfg.analysis.Loop@145edf3a to 1 iterations
2021-06-11 17:16:16.728 [DEBUG][org.jetbrains.research.kex.asm.transform.LoopDeroller] - Method java/util/ResourceBundle$Control$CandidateListCache::getDefaultList(java/lang/String, java/lang/String, java/lang/String, java/lang/String): java/util/List, unrolling loop org.jetbrains.research.kfg.analysis.Loop@250a7487 to 1 iterations
2021-06-11 17:16:16.730 [DEBUG][org.jetbrains.research.kex.asm.transform.LoopDeroller] - Method java/lang/Math::scalb(double, int): double, unrolling loop org.jetbrains.research.kfg.analysis.Loop@3157ae7b to 1 iterations
2021-06-11 17:16:16.731 [DEBUG][org.jetbrains.research.kex.asm.transform.LoopDeroller] - Method java/util/jar/Attributes::putAll(java/util/Map): void, unrolling loop org.jetbrains.research.kfg.analysis.Loop@3f0bdfb2 to 1 iterations
2021-06-11 17:16:16.732 [DEBUG][org.jetbrains.research.kex.asm.transform.LoopDeroller] - Method java/util/jar/Attributes::write(java/io/DataOutputStream): void, unrolling loop org.jetbrains.research.kfg.analysis.Loop@70707b69 to 1 iterations
2021-06-11 17:16:16.733 [DEBUG][org.jetbrains.research.kex.asm.transform.LoopDeroller] - Method java/util/jar/Attributes::writeMain(java/io/DataOutputStream): void, unrolling loop org.jetbrains.research.kfg.analysis.Loop@36cb4631 to 1 iterations
2021-06-11 17:16:16.734 [DEBUG][org.jetbrains.research.kex.asm.transform.LoopDeroller] - Method java/util/jar/Attributes::read(java/util/jar/Manifest$FastInputStream, byte[]): void, unrolling loop org.jetbrains.research.kfg.analysis.Loop@7ac0257c to 1 iterations
2021-06-11 17:16:16.735 [DEBUG][org.jetbrains.research.kex.asm.transform.LoopDeroller] - Method java/util/jar/Attributes::read(java/util/jar/Manifest$FastInputStream, byte[]): void, unrolling loop org.jetbrains.research.kfg.analysis.Loop@689ddaaa to 1 iterations
2021-06-11 17:16:16.740 [DEBUG][org.jetbrains.research.kex.asm.transform.LoopDeroller] - Method java/util/TreeMap$Values::remove(java/lang/Object): bool, unrolling loop org.jetbrains.research.kfg.analysis.Loop@3583daa8 to 1 iterations
2021-06-11 17:16:16.741 [DEBUG][org.jetbrains.research.kex.asm.transform.LoopDeroller] - Method java/util/concurrent/ConcurrentSkipListMap::findPredecessor(java/lang/Object, java/util/Comparator): java/util/concurrent/ConcurrentSkipListMap$Node, unrolling loop org.jetbrains.research.kfg.analysis.Loop@405be967 to 1 iterations
2021-06-11 17:16:16.742 [DEBUG][org.jetbrains.research.kex.asm.transform.LoopDeroller] - Method java/util/concurrent/ConcurrentSkipListMap::findPredecessor(java/lang/Object, java/util/Comparator): java/util/concurrent/ConcurrentSkipListMap$Node, unrolling loop org.jetbrains.research.kfg.analysis.Loop@3ccc5c8b to 1 iterations
2021-06-11 17:16:16.744 [DEBUG][org.jetbrains.research.kex.asm.transform.LoopDeroller] - Method java/util/concurrent/ConcurrentSkipListMap::findNode(java/lang/Object): java/util/concurrent/ConcurrentSkipListMap$Node, unrolling loop org.jetbrains.research.kfg.analysis.Loop@4558ea34 to 1 iterations
2021-06-11 17:16:16.745 [DEBUG][org.jetbrains.research.kex.asm.transform.LoopDeroller] - Method java/util/concurrent/ConcurrentSkipListMap::findNode(java/lang/Object): java/util/concurrent/ConcurrentSkipListMap$Node, unrolling loop org.jetbrains.research.kfg.analysis.Loop@7283fe60 to 1 iterations
2021-06-11 17:16:16.745 [DEBUG][org.jetbrains.research.kex.asm.transform.LoopDeroller] - Method java/util/concurrent/ConcurrentSkipListMap::doGet(java/lang/Object): java/lang/Object, unrolling loop org.jetbrains.research.kfg.analysis.Loop@381b1c3d to 1 iterations
2021-06-11 17:16:16.746 [DEBUG][org.jetbrains.research.kex.asm.transform.LoopDeroller] - Method java/util/concurrent/ConcurrentSkipListMap::doGet(java/lang/Object): java/lang/Object, unrolling loop org.jetbrains.research.kfg.analysis.Loop@7215d399 to 1 iterations
2021-06-11 17:16:16.748 [DEBUG][org.jetbrains.research.kex.asm.transform.LoopDeroller] - Method java/util/concurrent/ConcurrentSkipListMap::doPut(java/lang/Object, java/lang/Object, bool): java/lang/Object, unrolling loop org.jetbrains.research.kfg.analysis.Loop@7c05fcc5 to 1 iterations
2021-06-11 17:16:16.751 [DEBUG][org.jetbrains.research.kex.asm.transform.LoopDeroller] - Method java/util/concurrent/ConcurrentSkipListMap::doPut(java/lang/Object, java/lang/Object, bool): java/lang/Object, unrolling loop org.jetbrains.research.kfg.analysis.Loop@50839536 to 1 iterations
2021-06-11 17:16:16.752 [DEBUG][org.jetbrains.research.kex.asm.transform.LoopDeroller] - Method java/util/concurrent/ConcurrentSkipListMap::doPut(java/lang/Object, java/lang/Object, bool): java/lang/Object, unrolling loop org.jetbrains.research.kfg.analysis.Loop@669fd5bf to 1 iterations
2021-06-11 17:16:16.753 [DEBUG][org.jetbrains.research.kex.asm.transform.LoopDeroller] - Method java/util/concurrent/ConcurrentSkipListMap::doPut(java/lang/Object, java/lang/Object, bool): java/lang/Object, unrolling loop org.jetbrains.research.kfg.analysis.Loop@4d3169d2 to 1 iterations
2021-06-11 17:16:16.755 [DEBUG][org.jetbrains.research.kex.asm.transform.LoopDeroller] - Method java/util/concurrent/ConcurrentSkipListMap::doPut(java/lang/Object, java/lang/Object, bool): java/lang/Object, unrolling loop org.jetbrains.research.kfg.analysis.Loop@1576f67 to 1 iterations
2021-06-11 17:16:16.757 [DEBUG][org.jetbrains.research.kex.asm.transform.LoopDeroller] - Method java/util/concurrent/ConcurrentSkipListMap::doPut(java/lang/Object, java/lang/Object, bool): java/lang/Object, unrolling loop org.jetbrains.research.kfg.analysis.Loop@551b7ce3 to 1 iterations
2021-06-11 17:16:16.758 [DEBUG][org.jetbrains.research.kex.asm.transform.LoopDeroller] - Method java/util/concurrent/ConcurrentSkipListMap::doPut(java/lang/Object, java/lang/Object, bool): java/lang/Object, unrolling loop org.jetbrains.research.kfg.analysis.Loop@5d797e99 to 1 iterations
2021-06-11 17:16:16.761 [DEBUG][org.jetbrains.research.kex.asm.transform.LoopDeroller] - Method java/util/concurrent/ConcurrentSkipListMap::doPut(java/lang/Object, java/lang/Object, bool): java/lang/Object, unrolling loop org.jetbrains.research.kfg.analysis.Loop@530bfdb1 to 1 iterations
2021-06-11 17:16:16.763 [DEBUG][org.jetbrains.research.kex.asm.transform.LoopDeroller] - Method java/util/concurrent/ConcurrentSkipListMap::doPut(java/lang/Object, java/lang/Object, bool): java/lang/Object, unrolling loop org.jetbrains.research.kfg.analysis.Loop@62b5b37 to 1 iterations
2021-06-11 17:16:16.766 [DEBUG][org.jetbrains.research.kex.asm.transform.LoopDeroller] - Method java/util/concurrent/ConcurrentSkipListMap::doRemove(java/lang/Object, java/lang/Object): java/lang/Object, unrolling loop org.jetbrains.research.kfg.analysis.Loop@615cf339 to 1 iterations
2021-06-11 17:16:16.767 [DEBUG][org.jetbrains.research.kex.asm.transform.LoopDeroller] - Method java/util/concurrent/ConcurrentSkipListMap::doRemove(java/lang/Object, java/lang/Object): java/lang/Object, unrolling loop org.jetbrains.research.kfg.analysis.Loop@1d512740 to 1 iterations
2021-06-11 17:16:16.768 [DEBUG][org.jetbrains.research.kex.asm.transform.LoopDeroller] - Method java/util/concurrent/ConcurrentSkipListMap::findFirst(): java/util/concurrent/ConcurrentSkipListMap$Node, unrolling loop org.jetbrains.research.kfg.analysis.Loop@3a99f48 to 1 iterations
2021-06-11 17:16:16.769 [DEBUG][org.jetbrains.research.kex.asm.transform.LoopDeroller] - Method java/util/concurrent/ConcurrentSkipListMap::doRemoveFirstEntry(): java/util/Map$Entry, unrolling loop org.jetbrains.research.kfg.analysis.Loop@7e48959b to 1 iterations
2021-06-11 17:16:16.770 [DEBUG][org.jetbrains.research.kex.asm.transform.LoopDeroller] - Method java/util/concurrent/ConcurrentSkipListMap::clearIndexToFirst(): void, unrolling loop org.jetbrains.research.kfg.analysis.Loop@51d4a294 to 1 iterations
2021-06-11 17:16:16.771 [DEBUG][org.jetbrains.research.kex.asm.transform.LoopDeroller] - Method java/util/concurrent/ConcurrentSkipListMap::clearIndexToFirst(): void, unrolling loop org.jetbrains.research.kfg.analysis.Loop@458a3b5a to 1 iterations
2021-06-11 17:16:16.772 [DEBUG][org.jetbrains.research.kex.asm.transform.LoopDeroller] - Method java/util/concurrent/ConcurrentSkipListMap::doRemoveLastEntry(): java/util/Map$Entry, unrolling loop org.jetbrains.research.kfg.analysis.Loop@1ec5f413 to 1 iterations
2021-06-11 17:16:16.772 [DEBUG][org.jetbrains.research.kex.asm.transform.LoopDeroller] - Method java/util/concurrent/ConcurrentSkipListMap::doRemoveLastEntry(): java/util/Map$Entry, unrolling loop org.jetbrains.research.kfg.analysis.Loop@64dbd15d to 1 iterations
2021-06-11 17:16:16.773 [DEBUG][org.jetbrains.research.kex.asm.transform.LoopDeroller] - Method java/util/concurrent/ConcurrentSkipListMap::findLast(): java/util/concurrent/ConcurrentSkipListMap$Node, unrolling loop org.jetbrains.research.kfg.analysis.Loop@1f01f730 to 1 iterations
2021-06-11 17:16:16.773 [DEBUG][org.jetbrains.research.kex.asm.transform.LoopDeroller] - Method java/util/concurrent/ConcurrentSkipListMap::findLast(): java/util/concurrent/ConcurrentSkipListMap$Node, unrolling loop org.jetbrains.research.kfg.analysis.Loop@485dad45 to 1 iterations
2021-06-11 17:16:16.774 [DEBUG][org.jetbrains.research.kex.asm.transform.LoopDeroller] - Method java/util/concurrent/ConcurrentSkipListMap::findPredecessorOfLast(): java/util/concurrent/ConcurrentSkipListMap$Node, unrolling loop org.jetbrains.research.kfg.analysis.Loop@1232770b to 1 iterations
2021-06-11 17:16:16.775 [DEBUG][org.jetbrains.research.kex.asm.transform.LoopDeroller] - Method java/util/concurrent/ConcurrentSkipListMap::findPredecessorOfLast(): java/util/concurrent/ConcurrentSkipListMap$Node, unrolling loop org.jetbrains.research.kfg.analysis.Loop@1fe50e92 to 1 iterations
2021-06-11 17:16:16.776 [DEBUG][org.jetbrains.research.kex.asm.transform.LoopDeroller] - Method java/util/concurrent/ConcurrentSkipListMap::findNear(java/lang/Object, int, java/util/Comparator): java/util/concurrent/ConcurrentSkipListMap$Node, unrolling loop org.jetbrains.research.kfg.analysis.Loop@5ca8dcc2 to 1 iterations
2021-06-11 17:16:16.776 [DEBUG][org.jetbrains.research.kex.asm.transform.LoopDeroller] - Method java/util/concurrent/ConcurrentSkipListMap::findNear(java/lang/Object, int, java/util/Comparator): java/util/concurrent/ConcurrentSkipListMap$Node, unrolling loop org.jetbrains.research.kfg.analysis.Loop@1d641b6d to 1 iterations
2021-06-11 17:16:16.777 [DEBUG][org.jetbrains.research.kex.asm.transform.LoopDeroller] - Method java/util/concurrent/ConcurrentSkipListMap::getNear(java/lang/Object, int): java/util/AbstractMap$SimpleImmutableEntry, unrolling loop org.jetbrains.research.kfg.analysis.Loop@2a31f56e to 1 iterations
2021-06-11 17:16:16.778 [DEBUG][org.jetbrains.research.kex.asm.transform.LoopDeroller] - Method java/util/concurrent/ConcurrentSkipListMap::buildFromSorted(java/util/SortedMap): void, unrolling loop org.jetbrains.research.kfg.analysis.Loop@16696729 to 1 iterations
2021-06-11 17:16:16.778 [DEBUG][org.jetbrains.research.kex.asm.transform.LoopDeroller] - Method java/util/concurrent/ConcurrentSkipListMap::buildFromSorted(java/util/SortedMap): void, unrolling loop org.jetbrains.research.kfg.analysis.Loop@6fcffe3c to 1 iterations
2021-06-11 17:16:16.779 [DEBUG][org.jetbrains.research.kex.asm.transform.LoopDeroller] - Method java/util/concurrent/ConcurrentSkipListMap::buildFromSorted(java/util/SortedMap): void, unrolling loop org.jetbrains.research.kfg.analysis.Loop@4ff4df09 to 1 iterations
2021-06-11 17:16:16.783 [DEBUG][org.jetbrains.research.kex.asm.transform.LoopDeroller] - Method java/util/concurrent/ConcurrentSkipListMap::buildFromSorted(java/util/SortedMap): void, unrolling loop org.jetbrains.research.kfg.analysis.Loop@3c78330f to 1 iterations
2021-06-11 17:16:16.785 [DEBUG][org.jetbrains.research.kex.asm.transform.LoopDeroller] - Method java/util/concurrent/ConcurrentSkipListMap::buildFromSorted(java/util/SortedMap): void, unrolling loop org.jetbrains.research.kfg.analysis.Loop@764effb to 1 iterations
2021-06-11 17:16:16.785 [DEBUG][org.jetbrains.research.kex.asm.transform.LoopDeroller] - Method java/util/concurrent/ConcurrentSkipListMap::writeObject(java/io/ObjectOutputStream): void, unrolling loop org.jetbrains.research.kfg.analysis.Loop@27c78a77 to 1 iterations
2021-06-11 17:16:16.786 [DEBUG][org.jetbrains.research.kex.asm.transform.LoopDeroller] - Method java/util/concurrent/ConcurrentSkipListMap::readObject(java/io/ObjectInputStream): void, unrolling loop org.jetbrains.research.kfg.analysis.Loop@4d90d7a8 to 1 iterations
2021-06-11 17:16:16.786 [DEBUG][org.jetbrains.research.kex.asm.transform.LoopDeroller] - Method java/util/concurrent/ConcurrentSkipListMap::readObject(java/io/ObjectInputStream): void, unrolling loop org.jetbrains.research.kfg.analysis.Loop@2d873dad to 1 iterations
2021-06-11 17:16:16.788 [DEBUG][org.jetbrains.research.kex.asm.transform.LoopDeroller] - Method java/util/concurrent/ConcurrentSkipListMap::readObject(java/io/ObjectInputStream): void, unrolling loop org.jetbrains.research.kfg.analysis.Loop@24608fa4 to 1 iterations
2021-06-11 17:16:16.788 [DEBUG][org.jetbrains.research.kex.asm.transform.LoopDeroller] - Method java/util/concurrent/ConcurrentSkipListMap::readObject(java/io/ObjectInputStream): void, unrolling loop org.jetbrains.research.kfg.analysis.Loop@73efc8f8 to 1 iterations
2021-06-11 17:16:16.789 [DEBUG][org.jetbrains.research.kex.asm.transform.LoopDeroller] - Method java/util/concurrent/ConcurrentSkipListMap::readObject(java/io/ObjectInputStream): void, unrolling loop org.jetbrains.research.kfg.analysis.Loop@3a5a7876 to 1 iterations
2021-06-11 17:16:16.790 [DEBUG][org.jetbrains.research.kex.asm.transform.LoopDeroller] - Method java/util/concurrent/ConcurrentSkipListMap::containsValue(java/lang/Object): bool, unrolling loop org.jetbrains.research.kfg.analysis.Loop@d634265 to 1 iterations
2021-06-11 17:16:16.791 [DEBUG][org.jetbrains.research.kex.asm.transform.LoopDeroller] - Method java/util/concurrent/ConcurrentSkipListMap::size(): int, unrolling loop org.jetbrains.research.kfg.analysis.Loop@1b37c7d7 to 1 iterations
2021-06-11 17:16:16.793 [DEBUG][org.jetbrains.research.kex.asm.transform.LoopDeroller] - Method java/util/concurrent/ConcurrentSkipListMap::computeIfPresent(java/lang/Object, java/util/function/BiFunction): java/lang/Object, unrolling loop org.jetbrains.research.kfg.analysis.Loop@12d16bcc to 1 iterations
2021-06-11 17:16:16.794 [DEBUG][org.jetbrains.research.kex.asm.transform.LoopDeroller] - Method java/util/concurrent/ConcurrentSkipListMap::compute(java/lang/Object, java/util/function/BiFunction): java/lang/Object, unrolling loop org.jetbrains.research.kfg.analysis.Loop@ae67f2b to 1 iterations
2021-06-11 17:16:16.795 [DEBUG][org.jetbrains.research.kex.asm.transform.LoopDeroller] - Method java/util/concurrent/ConcurrentSkipListMap::merge(java/lang/Object, java/lang/Object, java/util/function/BiFunction): java/lang/Object, unrolling loop org.jetbrains.research.kfg.analysis.Loop@22862e2e to 1 iterations
2021-06-11 17:16:16.796 [DEBUG][org.jetbrains.research.kex.asm.transform.LoopDeroller] - Method java/util/concurrent/ConcurrentSkipListMap::equals(java/lang/Object): bool, unrolling loop org.jetbrains.research.kfg.analysis.Loop@498d6947 to 1 iterations
2021-06-11 17:16:16.796 [DEBUG][org.jetbrains.research.kex.asm.transform.LoopDeroller] - Method java/util/concurrent/ConcurrentSkipListMap::equals(java/lang/Object): bool, unrolling loop org.jetbrains.research.kfg.analysis.Loop@78fa8f61 to 1 iterations
2021-06-11 17:16:16.797 [DEBUG][org.jetbrains.research.kex.asm.transform.LoopDeroller] - Method java/util/concurrent/ConcurrentSkipListMap::replace(java/lang/Object, java/lang/Object, java/lang/Object): bool, unrolling loop org.jetbrains.research.kfg.analysis.Loop@704a6816 to 1 iterations
2021-06-11 17:16:16.798 [DEBUG][org.jetbrains.research.kex.asm.transform.LoopDeroller] - Method java/util/concurrent/ConcurrentSkipListMap::replace(java/lang/Object, java/lang/Object): java/lang/Object, unrolling loop org.jetbrains.research.kfg.analysis.Loop@2e251e92 to 1 iterations
2021-06-11 17:16:16.802 [DEBUG][org.jetbrains.research.kex.asm.transform.LoopDeroller] - Method java/util/concurrent/ConcurrentSkipListMap::firstEntry(): java/util/Map$Entry, unrolling loop org.jetbrains.research.kfg.analysis.Loop@35ad13b0 to 1 iterations
2021-06-11 17:16:16.803 [DEBUG][org.jetbrains.research.kex.asm.transform.LoopDeroller] - Method java/util/concurrent/ConcurrentSkipListMap::lastEntry(): java/util/Map$Entry, unrolling loop org.jetbrains.research.kfg.analysis.Loop@7da7499f to 1 iterations
2021-06-11 17:16:16.803 [DEBUG][org.jetbrains.research.kex.asm.transform.LoopDeroller] - Method java/util/concurrent/ConcurrentSkipListMap::toList(java/util/Collection): java/util/List, unrolling loop org.jetbrains.research.kfg.analysis.Loop@508a016b to 1 iterations
2021-06-11 17:16:16.804 [DEBUG][org.jetbrains.research.kex.asm.transform.LoopDeroller] - Method java/util/concurrent/ConcurrentSkipListMap::forEach(java/util/function/BiConsumer): void, unrolling loop org.jetbrains.research.kfg.analysis.Loop@31c772d0 to 1 iterations
2021-06-11 17:16:16.804 [DEBUG][org.jetbrains.research.kex.asm.transform.LoopDeroller] - Method java/util/concurrent/ConcurrentSkipListMap::replaceAll(java/util/function/BiFunction): void, unrolling loop org.jetbrains.research.kfg.analysis.Loop@51bb341c to 1 iterations
2021-06-11 17:16:16.805 [DEBUG][org.jetbrains.research.kex.asm.transform.LoopDeroller] - Method java/util/concurrent/ConcurrentSkipListMap::replaceAll(java/util/function/BiFunction): void, unrolling loop org.jetbrains.research.kfg.analysis.Loop@2c23d43e to 1 iterations
2021-06-11 17:16:16.807 [DEBUG][org.jetbrains.research.kex.asm.transform.LoopDeroller] - Method java/util/concurrent/ConcurrentSkipListMap::keySpliterator(): java/util/concurrent/ConcurrentSkipListMap$KeySpliterator, unrolling loop org.jetbrains.research.kfg.analysis.Loop@78eb10dc to 1 iterations
2021-06-11 17:16:16.808 [DEBUG][org.jetbrains.research.kex.asm.transform.LoopDeroller] - Method java/util/concurrent/ConcurrentSkipListMap::valueSpliterator(): java/util/concurrent/ConcurrentSkipListMap$ValueSpliterator, unrolling loop org.jetbrains.research.kfg.analysis.Loop@2bb850db to 1 iterations
2021-06-11 17:16:16.808 [DEBUG][org.jetbrains.research.kex.asm.transform.LoopDeroller] - Method java/util/concurrent/ConcurrentSkipListMap::entrySpliterator(): java/util/concurrent/ConcurrentSkipListMap$EntrySpliterator, unrolling loop org.jetbrains.research.kfg.analysis.Loop@76efcaeb to 1 iterations
2021-06-11 17:16:16.809 [DEBUG][org.jetbrains.research.kex.asm.transform.LoopDeroller] - Method java/lang/Class$MethodArray::addAll(java/lang/reflect/Method[]): void, unrolling loop org.jetbrains.research.kfg.analysis.Loop@23df9435 to 1 iterations
2021-06-11 17:16:16.809 [DEBUG][org.jetbrains.research.kex.asm.transform.LoopDeroller] - Method java/lang/Class$MethodArray::addAll(java/lang/Class$MethodArray): void, unrolling loop org.jetbrains.research.kfg.analysis.Loop@3e6bd1fe to 1 iterations
2021-06-11 17:16:16.810 [DEBUG][org.jetbrains.research.kex.asm.transform.LoopDeroller] - Method java/lang/Class$MethodArray::addIfNotPresent(java/lang/reflect/Method): void, unrolling loop org.jetbrains.research.kfg.analysis.Loop@f2576cd to 1 iterations
2021-06-11 17:16:16.810 [DEBUG][org.jetbrains.research.kex.asm.transform.LoopDeroller] - Method java/lang/Class$MethodArray::addAllIfNotPresent(java/lang/Class$MethodArray): void, unrolling loop org.jetbrains.research.kfg.analysis.Loop@3d8fea59 to 1 iterations
2021-06-11 17:16:16.811 [DEBUG][org.jetbrains.research.kex.asm.transform.LoopDeroller] - Method java/lang/Class$MethodArray::addInterfaceMethods(java/lang/reflect/Method[]): void, unrolling loop org.jetbrains.research.kfg.analysis.Loop@36b2ecdd to 1 iterations
2021-06-11 17:16:16.811 [DEBUG][org.jetbrains.research.kex.asm.transform.LoopDeroller] - Method java/lang/Class$MethodArray::getFirst(): java/lang/reflect/Method, unrolling loop org.jetbrains.research.kfg.analysis.Loop@242a279c to 1 iterations
2021-06-11 17:16:16.811 [DEBUG][org.jetbrains.research.kex.asm.transform.LoopDeroller] - Method java/lang/Class$MethodArray::removeByNameAndDescriptor(java/lang/reflect/Method): void, unrolling loop org.jetbrains.research.kfg.analysis.Loop@33f36045 to 1 iterations
2021-06-11 17:16:16.812 [DEBUG][org.jetbrains.research.kex.asm.transform.LoopDeroller] - Method java/lang/Class$MethodArray::compactAndTrim(): void, unrolling loop org.jetbrains.research.kfg.analysis.Loop@74d0d69e to 1 iterations
2021-06-11 17:16:16.812 [DEBUG][org.jetbrains.research.kex.asm.transform.LoopDeroller] - Method java/lang/Class$MethodArray::removeLessSpecifics(): void, unrolling loop org.jetbrains.research.kfg.analysis.Loop@1570d0ef to 1 iterations
2021-06-11 17:16:16.813 [DEBUG][org.jetbrains.research.kex.asm.transform.LoopDeroller] - Method java/lang/Class$MethodArray::removeLessSpecifics(): void, unrolling loop org.jetbrains.research.kfg.analysis.Loop@650ad52 to 1 iterations
2021-06-11 17:16:16.814 [DEBUG][org.jetbrains.research.kex.asm.transform.LoopDeroller] - Method java/util/SplittableRandom::initialSeed(): long, unrolling loop org.jetbrains.research.kfg.analysis.Loop@5376355b to 1 iterations
2021-06-11 17:16:16.814 [DEBUG][org.jetbrains.research.kex.asm.transform.LoopDeroller] - Method java/util/SplittableRandom::internalNextLong(long, long): long, unrolling loop org.jetbrains.research.kfg.analysis.Loop@30498f0b to 1 iterations
2021-06-11 17:16:16.815 [DEBUG][org.jetbrains.research.kex.asm.transform.LoopDeroller] - Method java/util/SplittableRandom::internalNextLong(long, long): long, unrolling loop org.jetbrains.research.kfg.analysis.Loop@35e05117 to 1 iterations
2021-06-11 17:16:16.815 [DEBUG][org.jetbrains.research.kex.asm.transform.LoopDeroller] - Method java/util/SplittableRandom::internalNextInt(int, int): int, unrolling loop org.jetbrains.research.kfg.analysis.Loop@7189e93 to 1 iterations
2021-06-11 17:16:16.816 [DEBUG][org.jetbrains.research.kex.asm.transform.LoopDeroller] - Method java/util/SplittableRandom::internalNextInt(int, int): int, unrolling loop org.jetbrains.research.kfg.analysis.Loop@7edb7c37 to 1 iterations
2021-06-11 17:16:16.816 [DEBUG][org.jetbrains.research.kex.asm.transform.LoopDeroller] - Method java/util/SplittableRandom::nextInt(int): int, unrolling loop org.jetbrains.research.kfg.analysis.Loop@21658f72 to 1 iterations
2021-06-11 17:16:16.817 [DEBUG][org.jetbrains.research.kex.asm.transform.LoopDeroller] - Method java/util/SplittableRandom::nextLong(long): long, unrolling loop org.jetbrains.research.kfg.analysis.Loop@66bd2316 to 1 iterations
2021-06-11 17:16:16.817 [DEBUG][org.jetbrains.research.kex.asm.transform.LoopDeroller] - Method java/util/IdentityHashMap$Values::remove(java/lang/Object): bool, unrolling loop org.jetbrains.research.kfg.analysis.Loop@62d73e46 to 1 iterations
2021-06-11 17:16:16.818 [DEBUG][org.jetbrains.research.kex.asm.transform.LoopDeroller] - Method java/util/IdentityHashMap$Values::toArray(java/lang/Object[]): java/lang/Object[], unrolling loop org.jetbrains.research.kfg.analysis.Loop@31338a1b to 1 iterations
2021-06-11 17:16:16.820 [DEBUG][org.jetbrains.research.kex.asm.transform.LoopDeroller] - Method java/util/Arrays::mergeSort(java/lang/Object[], java/lang/Object[], int, int, int): void, unrolling loop org.jetbrains.research.kfg.analysis.Loop@6b2f5b62 to 1 iterations
2021-06-11 17:16:16.820 [DEBUG][org.jetbrains.research.kex.asm.transform.LoopDeroller] - Method java/util/Arrays::mergeSort(java/lang/Object[], java/lang/Object[], int, int, int): void, unrolling loop org.jetbrains.research.kfg.analysis.Loop@23dd7cbc to 1 iterations
2021-06-11 17:16:16.823 [DEBUG][org.jetbrains.research.kex.asm.transform.LoopDeroller] - Method java/util/Arrays::mergeSort(java/lang/Object[], java/lang/Object[], int, int, int): void, unrolling loop org.jetbrains.research.kfg.analysis.Loop@69727066 to 1 iterations
2021-06-11 17:16:16.824 [DEBUG][org.jetbrains.research.kex.asm.transform.LoopDeroller] - Method java/util/Arrays::mergeSort(java/lang/Object[], java/lang/Object[], int, int, int, java/util/Comparator): void, unrolling loop org.jetbrains.research.kfg.analysis.Loop@5b6a2d21 to 1 iterations
2021-06-11 17:16:16.825 [DEBUG][org.jetbrains.research.kex.asm.transform.LoopDeroller] - Method java/util/Arrays::mergeSort(java/lang/Object[], java/lang/Object[], int, int, int, java/util/Comparator): void, unrolling loop org.jetbrains.research.kfg.analysis.Loop@6f2d9e58 to 1 iterations
2021-06-11 17:16:16.826 [DEBUG][org.jetbrains.research.kex.asm.transform.LoopDeroller] - Method java/util/Arrays::mergeSort(java/lang/Object[], java/lang/Object[], int, int, int, java/util/Comparator): void, unrolling loop org.jetbrains.research.kfg.analysis.Loop@3a41fa36 to 1 iterations
2021-06-11 17:16:16.828 [DEBUG][org.jetbrains.research.kex.asm.transform.LoopDeroller] - Method java/util/Arrays::binarySearch0(long[], int, int, long): int, unrolling loop org.jetbrains.research.kfg.analysis.Loop@633c52c7 to 1 iterations
2021-06-11 17:16:16.829 [DEBUG][org.jetbrains.research.kex.asm.transform.LoopDeroller] - Method java/util/Arrays::binarySearch0(int[], int, int, int): int, unrolling loop org.jetbrains.research.kfg.analysis.Loop@7f68415a to 1 iterations
2021-06-11 17:16:16.829 [DEBUG][org.jetbrains.research.kex.asm.transform.LoopDeroller] - Method java/util/Arrays::binarySearch0(short[], int, int, short): int, unrolling loop org.jetbrains.research.kfg.analysis.Loop@14ed6315 to 1 iterations
2021-06-11 17:16:16.830 [DEBUG][org.jetbrains.research.kex.asm.transform.LoopDeroller] - Method java/util/Arrays::binarySearch0(char[], int, int, char): int, unrolling loop org.jetbrains.research.kfg.analysis.Loop@3d5029ff to 1 iterations
2021-06-11 17:16:16.831 [DEBUG][org.jetbrains.research.kex.asm.transform.LoopDeroller] - Method java/util/Arrays::binarySearch0(byte[], int, int, byte): int, unrolling loop org.jetbrains.research.kfg.analysis.Loop@5c1e195c to 1 iterations
2021-06-11 17:16:16.831 [DEBUG][org.jetbrains.research.kex.asm.transform.LoopDeroller] - Method java/util/Arrays::binarySearch0(double[], int, int, double): int, unrolling loop org.jetbrains.research.kfg.analysis.Loop@e782597 to 1 iterations
2021-06-11 17:16:16.833 [DEBUG][org.jetbrains.research.kex.asm.transform.LoopDeroller] - Method java/util/Arrays::binarySearch0(float[], int, int, float): int, unrolling loop org.jetbrains.research.kfg.analysis.Loop@34fa22c2 to 1 iterations
2021-06-11 17:16:16.834 [DEBUG][org.jetbrains.research.kex.asm.transform.LoopDeroller] - Method java/util/Arrays::binarySearch0(java/lang/Object[], int, int, java/lang/Object): int, unrolling loop org.jetbrains.research.kfg.analysis.Loop@a6ebf92 to 1 iterations
2021-06-11 17:16:16.835 [DEBUG][org.jetbrains.research.kex.asm.transform.LoopDeroller] - Method java/util/Arrays::binarySearch0(java/lang/Object[], int, int, java/lang/Object, java/util/Comparator): int, unrolling loop org.jetbrains.research.kfg.analysis.Loop@57b6f0d9 to 1 iterations
2021-06-11 17:16:16.836 [DEBUG][org.jetbrains.research.kex.asm.transform.LoopDeroller] - Method java/util/Arrays::equals(long[], long[]): bool, unrolling loop org.jetbrains.research.kfg.analysis.Loop@45557522 to 1 iterations
2021-06-11 17:16:16.836 [DEBUG][org.jetbrains.research.kex.asm.transform.LoopDeroller] - Method java/util/Arrays::equals(int[], int[]): bool, unrolling loop org.jetbrains.research.kfg.analysis.Loop@b3237c6 to 1 iterations
2021-06-11 17:16:16.837 [DEBUG][org.jetbrains.research.kex.asm.transform.LoopDeroller] - Method java/util/Arrays::equals(short[], short[]): bool, unrolling loop org.jetbrains.research.kfg.analysis.Loop@49c5ae94 to 1 iterations
2021-06-11 17:16:16.837 [DEBUG][org.jetbrains.research.kex.asm.transform.LoopDeroller] - Method java/util/Arrays::equals(char[], char[]): bool, unrolling loop org.jetbrains.research.kfg.analysis.Loop@4a23a17d to 1 iterations
2021-06-11 17:16:16.838 [DEBUG][org.jetbrains.research.kex.asm.transform.LoopDeroller] - Method java/util/Arrays::equals(byte[], byte[]): bool, unrolling loop org.jetbrains.research.kfg.analysis.Loop@70c0bc2b to 1 iterations
2021-06-11 17:16:16.839 [DEBUG][org.jetbrains.research.kex.asm.transform.LoopDeroller] - Method java/util/Arrays::equals(bool[], bool[]): bool, unrolling loop org.jetbrains.research.kfg.analysis.Loop@f77457e to 1 iterations
2021-06-11 17:16:16.839 [DEBUG][org.jetbrains.research.kex.asm.transform.LoopDeroller] - Method java/util/Arrays::equals(double[], double[]): bool, unrolling loop org.jetbrains.research.kfg.analysis.Loop@72a24951 to 1 iterations
2021-06-11 17:16:16.840 [DEBUG][org.jetbrains.research.kex.asm.transform.LoopDeroller] - Method java/util/Arrays::equals(float[], float[]): bool, unrolling loop org.jetbrains.research.kfg.analysis.Loop@64211630 to 1 iterations
2021-06-11 17:16:16.840 [DEBUG][org.jetbrains.research.kex.asm.transform.LoopDeroller] - Method java/util/Arrays::equals(java/lang/Object[], java/lang/Object[]): bool, unrolling loop org.jetbrains.research.kfg.analysis.Loop@385e01e0 to 1 iterations
2021-06-11 17:16:16.841 [DEBUG][org.jetbrains.research.kex.asm.transform.LoopDeroller] - Method java/util/Arrays::fill(long[], long): void, unrolling loop org.jetbrains.research.kfg.analysis.Loop@611dbb66 to 1 iterations
2021-06-11 17:16:16.841 [DEBUG][org.jetbrains.research.kex.asm.transform.LoopDeroller] - Method java/util/Arrays::fill(long[], int, int, long): void, unrolling loop org.jetbrains.research.kfg.analysis.Loop@4e3972e to 1 iterations
2021-06-11 17:16:16.841 [DEBUG][org.jetbrains.research.kex.asm.transform.LoopDeroller] - Method java/util/Arrays::fill(int[], int): void, unrolling loop org.jetbrains.research.kfg.analysis.Loop@51cb0563 to 1 iterations
2021-06-11 17:16:16.842 [DEBUG][org.jetbrains.research.kex.asm.transform.LoopDeroller] - Method java/util/Arrays::fill(int[], int, int, int): void, unrolling loop org.jetbrains.research.kfg.analysis.Loop@68a59083 to 1 iterations
2021-06-11 17:16:16.844 [DEBUG][org.jetbrains.research.kex.asm.transform.LoopDeroller] - Method java/util/Arrays::fill(short[], short): void, unrolling loop org.jetbrains.research.kfg.analysis.Loop@743f29a1 to 1 iterations
2021-06-11 17:16:16.845 [DEBUG][org.jetbrains.research.kex.asm.transform.LoopDeroller] - Method java/util/Arrays::fill(short[], int, int, short): void, unrolling loop org.jetbrains.research.kfg.analysis.Loop@280c944c to 1 iterations
2021-06-11 17:16:16.845 [DEBUG][org.jetbrains.research.kex.asm.transform.LoopDeroller] - Method java/util/Arrays::fill(char[], char): void, unrolling loop org.jetbrains.research.kfg.analysis.Loop@20174cbf to 1 iterations
2021-06-11 17:16:16.845 [DEBUG][org.jetbrains.research.kex.asm.transform.LoopDeroller] - Method java/util/Arrays::fill(char[], int, int, char): void, unrolling loop org.jetbrains.research.kfg.analysis.Loop@4d6113c2 to 1 iterations
2021-06-11 17:16:16.846 [DEBUG][org.jetbrains.research.kex.asm.transform.LoopDeroller] - Method java/util/Arrays::fill(byte[], byte): void, unrolling loop org.jetbrains.research.kfg.analysis.Loop@6faa4ba6 to 1 iterations
2021-06-11 17:16:16.846 [DEBUG][org.jetbrains.research.kex.asm.transform.LoopDeroller] - Method java/util/Arrays::fill(byte[], int, int, byte): void, unrolling loop org.jetbrains.research.kfg.analysis.Loop@77f13d28 to 1 iterations
2021-06-11 17:16:16.846 [DEBUG][org.jetbrains.research.kex.asm.transform.LoopDeroller] - Method java/util/Arrays::fill(bool[], bool): void, unrolling loop org.jetbrains.research.kfg.analysis.Loop@d6e815 to 1 iterations
2021-06-11 17:16:16.847 [DEBUG][org.jetbrains.research.kex.asm.transform.LoopDeroller] - Method java/util/Arrays::fill(bool[], int, int, bool): void, unrolling loop org.jetbrains.research.kfg.analysis.Loop@2e85c7cb to 1 iterations
2021-06-11 17:16:16.849 [DEBUG][org.jetbrains.research.kex.asm.transform.LoopDeroller] - Method java/util/Arrays::fill(double[], double): void, unrolling loop org.jetbrains.research.kfg.analysis.Loop@1bac0f25 to 1 iterations
2021-06-11 17:16:16.851 [DEBUG][org.jetbrains.research.kex.asm.transform.LoopDeroller] - Method java/util/Arrays::fill(double[], int, int, double): void, unrolling loop org.jetbrains.research.kfg.analysis.Loop@6a6b4d83 to 1 iterations
2021-06-11 17:16:16.852 [DEBUG][org.jetbrains.research.kex.asm.transform.LoopDeroller] - Method java/util/Arrays::fill(float[], float): void, unrolling loop org.jetbrains.research.kfg.analysis.Loop@1f433829 to 1 iterations
2021-06-11 17:16:16.853 [DEBUG][org.jetbrains.research.kex.asm.transform.LoopDeroller] - Method java/util/Arrays::fill(float[], int, int, float): void, unrolling loop org.jetbrains.research.kfg.analysis.Loop@423ceb79 to 1 iterations
2021-06-11 17:16:16.853 [DEBUG][org.jetbrains.research.kex.asm.transform.LoopDeroller] - Method java/util/Arrays::fill(java/lang/Object[], java/lang/Object): void, unrolling loop org.jetbrains.research.kfg.analysis.Loop@71e63ee0 to 1 iterations
2021-06-11 17:16:16.853 [DEBUG][org.jetbrains.research.kex.asm.transform.LoopDeroller] - Method java/util/Arrays::fill(java/lang/Object[], int, int, java/lang/Object): void, unrolling loop org.jetbrains.research.kfg.analysis.Loop@13e40c62 to 1 iterations
2021-06-11 17:16:16.855 [DEBUG][org.jetbrains.research.kex.asm.transform.LoopDeroller] - Method java/util/Arrays::hashCode(long[]): int, unrolling loop org.jetbrains.research.kfg.analysis.Loop@3fb0e8a4 to 1 iterations
2021-06-11 17:16:16.855 [DEBUG][org.jetbrains.research.kex.asm.transform.LoopDeroller] - Method java/util/Arrays::hashCode(int[]): int, unrolling loop org.jetbrains.research.kfg.analysis.Loop@69c689 to 1 iterations
2021-06-11 17:16:16.856 [DEBUG][org.jetbrains.research.kex.asm.transform.LoopDeroller] - Method java/util/Arrays::hashCode(short[]): int, unrolling loop org.jetbrains.research.kfg.analysis.Loop@1268db7a to 1 iterations
2021-06-11 17:16:16.856 [DEBUG][org.jetbrains.research.kex.asm.transform.LoopDeroller] - Method java/util/Arrays::hashCode(char[]): int, unrolling loop org.jetbrains.research.kfg.analysis.Loop@297cc91f to 1 iterations
2021-06-11 17:16:16.856 [DEBUG][org.jetbrains.research.kex.asm.transform.LoopDeroller] - Method java/util/Arrays::hashCode(byte[]): int, unrolling loop org.jetbrains.research.kfg.analysis.Loop@38131b98 to 1 iterations
2021-06-11 17:16:16.857 [DEBUG][org.jetbrains.research.kex.asm.transform.LoopDeroller] - Method java/util/Arrays::hashCode(bool[]): int, unrolling loop org.jetbrains.research.kfg.analysis.Loop@4ec2332 to 1 iterations
2021-06-11 17:16:16.857 [DEBUG][org.jetbrains.research.kex.asm.transform.LoopDeroller] - Method java/util/Arrays::hashCode(float[]): int, unrolling loop org.jetbrains.research.kfg.analysis.Loop@71f167c to 1 iterations
2021-06-11 17:16:16.858 [DEBUG][org.jetbrains.research.kex.asm.transform.LoopDeroller] - Method java/util/Arrays::hashCode(double[]): int, unrolling loop org.jetbrains.research.kfg.analysis.Loop@6ceef813 to 1 iterations
2021-06-11 17:16:16.858 [DEBUG][org.jetbrains.research.kex.asm.transform.LoopDeroller] - Method java/util/Arrays::hashCode(java/lang/Object[]): int, unrolling loop org.jetbrains.research.kfg.analysis.Loop@553fbf90 to 1 iterations
2021-06-11 17:16:16.859 [DEBUG][org.jetbrains.research.kex.asm.transform.LoopDeroller] - Method java/util/Arrays::deepHashCode(java/lang/Object[]): int, unrolling loop org.jetbrains.research.kfg.analysis.Loop@17d67f40 to 1 iterations
2021-06-11 17:16:16.861 [DEBUG][org.jetbrains.research.kex.asm.transform.LoopDeroller] - Method java/util/Arrays::deepEquals(java/lang/Object[], java/lang/Object[]): bool, unrolling loop org.jetbrains.research.kfg.analysis.Loop@67152db4 to 1 iterations
2021-06-11 17:16:16.862 [DEBUG][org.jetbrains.research.kex.asm.transform.LoopDeroller] - Method java/util/Arrays::toString(long[]): java/lang/String, unrolling loop org.jetbrains.research.kfg.analysis.Loop@2b33fc4a to 1 iterations
2021-06-11 17:16:16.862 [DEBUG][org.jetbrains.research.kex.asm.transform.LoopDeroller] - Method java/util/Arrays::toString(int[]): java/lang/String, unrolling loop org.jetbrains.research.kfg.analysis.Loop@7182879f to 1 iterations
2021-06-11 17:16:16.867 [DEBUG][org.jetbrains.research.kex.asm.transform.LoopDeroller] - Method java/util/Arrays::toString(short[]): java/lang/String, unrolling loop org.jetbrains.research.kfg.analysis.Loop@643d21fd to 1 iterations
2021-06-11 17:16:16.868 [DEBUG][org.jetbrains.research.kex.asm.transform.LoopDeroller] - Method java/util/Arrays::toString(char[]): java/lang/String, unrolling loop org.jetbrains.research.kfg.analysis.Loop@16903b13 to 1 iterations
2021-06-11 17:16:16.868 [DEBUG][org.jetbrains.research.kex.asm.transform.LoopDeroller] - Method java/util/Arrays::toString(byte[]): java/lang/String, unrolling loop org.jetbrains.research.kfg.analysis.Loop@267d53f6 to 1 iterations
2021-06-11 17:16:16.869 [DEBUG][org.jetbrains.research.kex.asm.transform.LoopDeroller] - Method java/util/Arrays::toString(bool[]): java/lang/String, unrolling loop org.jetbrains.research.kfg.analysis.Loop@11877054 to 1 iterations
2021-06-11 17:16:16.869 [DEBUG][org.jetbrains.research.kex.asm.transform.LoopDeroller] - Method java/util/Arrays::toString(float[]): java/lang/String, unrolling loop org.jetbrains.research.kfg.analysis.Loop@1a410c2f to 1 iterations
2021-06-11 17:16:16.869 [DEBUG][org.jetbrains.research.kex.asm.transform.LoopDeroller] - Method java/util/Arrays::toString(double[]): java/lang/String, unrolling loop org.jetbrains.research.kfg.analysis.Loop@5a4bbde8 to 1 iterations
2021-06-11 17:16:16.870 [DEBUG][org.jetbrains.research.kex.asm.transform.LoopDeroller] - Method java/util/Arrays::toString(java/lang/Object[]): java/lang/String, unrolling loop org.jetbrains.research.kfg.analysis.Loop@414cb71c to 1 iterations
2021-06-11 17:16:16.870 [DEBUG][org.jetbrains.research.kex.asm.transform.LoopDeroller] - Method java/util/Arrays::deepToString(java/lang/Object[], java/lang/StringBuilder, java/util/Set): void, unrolling loop org.jetbrains.research.kfg.analysis.Loop@102b3663 to 1 iterations
2021-06-11 17:16:16.874 [DEBUG][org.jetbrains.research.kex.asm.transform.LoopDeroller] - Method java/util/Arrays::setAll(java/lang/Object[], java/util/function/IntFunction): void, unrolling loop org.jetbrains.research.kfg.analysis.Loop@d2b5aa1 to 1 iterations
2021-06-11 17:16:16.876 [DEBUG][org.jetbrains.research.kex.asm.transform.LoopDeroller] - Method java/util/Arrays::setAll(int[], java/util/function/IntUnaryOperator): void, unrolling loop org.jetbrains.research.kfg.analysis.Loop@686cf010 to 1 iterations
2021-06-11 17:16:16.877 [DEBUG][org.jetbrains.research.kex.asm.transform.LoopDeroller] - Method java/util/Arrays::setAll(long[], java/util/function/IntToLongFunction): void, unrolling loop org.jetbrains.research.kfg.analysis.Loop@24bac2d6 to 1 iterations
2021-06-11 17:16:16.877 [DEBUG][org.jetbrains.research.kex.asm.transform.LoopDeroller] - Method java/util/Arrays::setAll(double[], java/util/function/IntToDoubleFunction): void, unrolling loop org.jetbrains.research.kfg.analysis.Loop@4464a34b to 1 iterations
2021-06-11 17:16:16.878 [DEBUG][org.jetbrains.research.kex.asm.transform.LoopDeroller] - Method java/util/Spliterators$AbstractDoubleSpliterator::trySplit(): java/util/Spliterator$OfDouble, unrolling loop org.jetbrains.research.kfg.analysis.Loop@1271169 to 1 iterations
2021-06-11 17:16:16.879 [DEBUG][org.jetbrains.research.kex.asm.transform.LoopDeroller] - Method java/util/PriorityQueue$PriorityQueueSpliterator::forEachRemaining(java/util/function/Consumer): void, unrolling loop org.jetbrains.research.kfg.analysis.Loop@57b805ce to 1 iterations
2021-06-11 17:16:16.880 [DEBUG][org.jetbrains.research.kex.asm.transform.LoopDeroller] - Method java/lang/invoke/MethodType::checkPtypes(java/lang/Class[]): int, unrolling loop org.jetbrains.research.kfg.analysis.Loop@a11beb7 to 1 iterations
2021-06-11 17:16:16.882 [DEBUG][org.jetbrains.research.kex.asm.transform.LoopDeroller] - Method java/lang/invoke/MethodType::asSpreaderType(java/lang/Class, int): java/lang/invoke/MethodType, unrolling loop org.jetbrains.research.kfg.analysis.Loop@71776fb8 to 1 iterations
2021-06-11 17:16:16.886 [DEBUG][org.jetbrains.research.kex.asm.transform.LoopDeroller] - Method java/lang/invoke/MethodType::hashCode(): int, unrolling loop org.jetbrains.research.kfg.analysis.Loop@6bff9dfa to 1 iterations
2021-06-11 17:16:16.886 [DEBUG][org.jetbrains.research.kex.asm.transform.LoopDeroller] - Method java/lang/invoke/MethodType::toString(): java/lang/String, unrolling loop org.jetbrains.research.kfg.analysis.Loop@48d0542 to 1 iterations
2021-06-11 17:16:16.887 [DEBUG][org.jetbrains.research.kex.asm.transform.LoopDeroller] - Method java/lang/invoke/MethodType::parametersAreViewableAs(java/lang/invoke/MethodType, bool): bool, unrolling loop org.jetbrains.research.kfg.analysis.Loop@352bdd40 to 1 iterations
2021-06-11 17:16:16.887 [DEBUG][org.jetbrains.research.kex.asm.transform.LoopDeroller] - Method java/lang/invoke/MethodType::explicitCastEquivalentToAsType(java/lang/invoke/MethodType): bool, unrolling loop org.jetbrains.research.kfg.analysis.Loop@73c8ca8f to 1 iterations
2021-06-11 17:16:16.888 [DEBUG][org.jetbrains.research.kex.asm.transform.LoopDeroller] - Method java/lang/invoke/MethodType::canConvertParameters(java/lang/Class[], java/lang/Class[]): bool, unrolling loop org.jetbrains.research.kfg.analysis.Loop@7fbdcba2 to 1 iterations
2021-06-11 17:16:16.891 [DEBUG][org.jetbrains.research.kex.asm.transform.LoopDeroller] - Method java/util/Map::forEach(java/util/function/BiConsumer): void, unrolling loop org.jetbrains.research.kfg.analysis.Loop@4ae94edd to 1 iterations
2021-06-11 17:16:16.891 [DEBUG][org.jetbrains.research.kex.asm.transform.LoopDeroller] - Method java/util/Map::replaceAll(java/util/function/BiFunction): void, unrolling loop org.jetbrains.research.kfg.analysis.Loop@46e3887c to 1 iterations
2021-06-11 17:16:16.893 [DEBUG][org.jetbrains.research.kex.asm.transform.LoopDeroller] - Method java/util/concurrent/LinkedTransferQueue$LTQSpliterator::trySplit(): java/util/Spliterator, unrolling loop org.jetbrains.research.kfg.analysis.Loop@5c056836 to 1 iterations
2021-06-11 17:16:16.894 [DEBUG][org.jetbrains.research.kex.asm.transform.LoopDeroller] - Method java/util/concurrent/LinkedTransferQueue$LTQSpliterator::forEachRemaining(java/util/function/Consumer): void, unrolling loop org.jetbrains.research.kfg.analysis.Loop@7d6897f9 to 1 iterations
2021-06-11 17:16:16.894 [DEBUG][org.jetbrains.research.kex.asm.transform.LoopDeroller] - Method java/util/concurrent/LinkedTransferQueue$LTQSpliterator::tryAdvance(java/util/function/Consumer): bool, unrolling loop org.jetbrains.research.kfg.analysis.Loop@12ec6959 to 1 iterations
2021-06-11 17:16:16.895 [DEBUG][org.jetbrains.research.kex.asm.transform.LoopDeroller] - Method java/util/concurrent/AbstractExecutorService::doInvokeAny(java/util/Collection, bool, long): java/lang/Object, unrolling loop org.jetbrains.research.kfg.analysis.Loop@53e96408 to 1 iterations
2021-06-11 17:16:16.896 [ERROR][org.jetbrains.research.kex.asm.transform.LoopDeroller] - Can't deroll loops of method java/util/concurrent/AbstractExecutorService::doInvokeAny(java/util/Collection, bool, long): java/lang/Object
2021-06-11 17:16:16.896 [DEBUG][org.jetbrains.research.kex.asm.transform.LoopDeroller] - Method java/util/concurrent/AbstractExecutorService::invokeAll(java/util/Collection): java/util/List, unrolling loop org.jetbrains.research.kfg.analysis.Loop@5f311c21 to 1 iterations
2021-06-11 17:16:16.897 [DEBUG][org.jetbrains.research.kex.asm.transform.LoopDeroller] - Method java/util/concurrent/AbstractExecutorService::invokeAll(java/util/Collection): java/util/List, unrolling loop org.jetbrains.research.kfg.analysis.Loop@631e7ec7 to 1 iterations
2021-06-11 17:16:16.897 [DEBUG][org.jetbrains.research.kex.asm.transform.LoopDeroller] - Method java/util/concurrent/AbstractExecutorService::invokeAll(java/util/Collection): java/util/List, unrolling loop org.jetbrains.research.kfg.analysis.Loop@427a0ee0 to 1 iterations
2021-06-11 17:16:16.898 [DEBUG][org.jetbrains.research.kex.asm.transform.LoopDeroller] - Method java/util/concurrent/AbstractExecutorService::invokeAll(java/util/Collection): java/util/List, unrolling loop org.jetbrains.research.kfg.analysis.Loop@5a4a19e4 to 1 iterations
2021-06-11 17:16:16.899 [DEBUG][org.jetbrains.research.kex.asm.transform.LoopDeroller] - Method java/util/concurrent/AbstractExecutorService::invokeAll(java/util/Collection, long, java/util/concurrent/TimeUnit): java/util/List, unrolling loop org.jetbrains.research.kfg.analysis.Loop@3edb79c8 to 1 iterations
2021-06-11 17:16:16.899 [DEBUG][org.jetbrains.research.kex.asm.transform.LoopDeroller] - Method java/util/concurrent/AbstractExecutorService::invokeAll(java/util/Collection, long, java/util/concurrent/TimeUnit): java/util/List, unrolling loop org.jetbrains.research.kfg.analysis.Loop@3ee86e1b to 1 iterations
2021-06-11 17:16:16.900 [DEBUG][org.jetbrains.research.kex.asm.transform.LoopDeroller] - Method java/util/concurrent/AbstractExecutorService::invokeAll(java/util/Collection, long, java/util/concurrent/TimeUnit): java/util/List, unrolling loop org.jetbrains.research.kfg.analysis.Loop@776efbab to 1 iterations
2021-06-11 17:16:16.901 [DEBUG][org.jetbrains.research.kex.asm.transform.LoopDeroller] - Method java/util/concurrent/AbstractExecutorService::invokeAll(java/util/Collection, long, java/util/concurrent/TimeUnit): java/util/List, unrolling loop org.jetbrains.research.kfg.analysis.Loop@67640591 to 1 iterations
2021-06-11 17:16:16.902 [DEBUG][org.jetbrains.research.kex.asm.transform.LoopDeroller] - Method java/util/concurrent/AbstractExecutorService::invokeAll(java/util/Collection, long, java/util/concurrent/TimeUnit): java/util/List, unrolling loop org.jetbrains.research.kfg.analysis.Loop@1c339ec9 to 1 iterations
2021-06-11 17:16:16.902 [DEBUG][org.jetbrains.research.kex.asm.transform.LoopDeroller] - Method java/util/concurrent/AbstractExecutorService::invokeAll(java/util/Collection, long, java/util/concurrent/TimeUnit): java/util/List, unrolling loop org.jetbrains.research.kfg.analysis.Loop@7922b0f9 to 1 iterations
2021-06-11 17:16:16.903 [DEBUG][org.jetbrains.research.kex.asm.transform.LoopDeroller] - Method java/util/concurrent/AbstractExecutorService::invokeAll(java/util/Collection, long, java/util/concurrent/TimeUnit): java/util/List, unrolling loop org.jetbrains.research.kfg.analysis.Loop@79e7bcda to 1 iterations
2021-06-11 17:16:16.903 [DEBUG][org.jetbrains.research.kex.asm.transform.LoopDeroller] - Method java/util/concurrent/AbstractExecutorService::invokeAll(java/util/Collection, long, java/util/concurrent/TimeUnit): java/util/List, unrolling loop org.jetbrains.research.kfg.analysis.Loop@1cd2832c to 1 iterations
2021-06-11 17:16:16.904 [DEBUG][org.jetbrains.research.kex.asm.transform.LoopDeroller] - Method java/util/concurrent/LinkedBlockingQueue::<init>(java/util/Collection): void, unrolling loop org.jetbrains.research.kfg.analysis.Loop@5bdcbdf0 to 1 iterations
2021-06-11 17:16:16.907 [DEBUG][org.jetbrains.research.kex.asm.transform.LoopDeroller] - Method java/util/concurrent/LinkedBlockingQueue::put(java/lang/Object): void, unrolling loop org.jetbrains.research.kfg.analysis.Loop@5a9fb2a8 to 1 iterations
2021-06-11 17:16:16.908 [DEBUG][org.jetbrains.research.kex.asm.transform.LoopDeroller] - Method java/util/concurrent/LinkedBlockingQueue::offer(java/lang/Object, long, java/util/concurrent/TimeUnit): bool, unrolling loop org.jetbrains.research.kfg.analysis.Loop@6fa0225b to 1 iterations
2021-06-11 17:16:16.909 [DEBUG][org.jetbrains.research.kex.asm.transform.LoopDeroller] - Method java/util/concurrent/LinkedBlockingQueue::take(): java/lang/Object, unrolling loop org.jetbrains.research.kfg.analysis.Loop@69035a0e to 1 iterations
2021-06-11 17:16:16.909 [DEBUG][org.jetbrains.research.kex.asm.transform.LoopDeroller] - Method java/util/concurrent/LinkedBlockingQueue::poll(long, java/util/concurrent/TimeUnit): java/lang/Object, unrolling loop org.jetbrains.research.kfg.analysis.Loop@2103c208 to 1 iterations
2021-06-11 17:16:16.911 [DEBUG][org.jetbrains.research.kex.asm.transform.LoopDeroller] - Method java/util/concurrent/LinkedBlockingQueue::remove(java/lang/Object): bool, unrolling loop org.jetbrains.research.kfg.analysis.Loop@787c7332 to 1 iterations
2021-06-11 17:16:16.913 [DEBUG][org.jetbrains.research.kex.asm.transform.LoopDeroller] - Method java/util/concurrent/LinkedBlockingQueue::contains(java/lang/Object): bool, unrolling loop org.jetbrains.research.kfg.analysis.Loop@7703e35f to 1 iterations
2021-06-11 17:16:16.914 [DEBUG][org.jetbrains.research.kex.asm.transform.LoopDeroller] - Method java/util/concurrent/LinkedBlockingQueue::toArray(): java/lang/Object[], unrolling loop org.jetbrains.research.kfg.analysis.Loop@52f8d250 to 1 iterations
2021-06-11 17:16:16.916 [DEBUG][org.jetbrains.research.kex.asm.transform.LoopDeroller] - Method java/util/concurrent/LinkedBlockingQueue::toArray(java/lang/Object[]): java/lang/Object[], unrolling loop org.jetbrains.research.kfg.analysis.Loop@243a8376 to 1 iterations
2021-06-11 17:16:16.917 [DEBUG][org.jetbrains.research.kex.asm.transform.LoopDeroller] - Method java/util/concurrent/LinkedBlockingQueue::toString(): java/lang/String, unrolling loop org.jetbrains.research.kfg.analysis.Loop@6ad2ef9f to 1 iterations
2021-06-11 17:16:16.917 [DEBUG][org.jetbrains.research.kex.asm.transform.LoopDeroller] - Method java/util/concurrent/LinkedBlockingQueue::clear(): void, unrolling loop org.jetbrains.research.kfg.analysis.Loop@f65aaf7 to 1 iterations
2021-06-11 17:16:16.918 [DEBUG][org.jetbrains.research.kex.asm.transform.LoopDeroller] - Method java/util/concurrent/LinkedBlockingQueue::drainTo(java/util/Collection, int): int, unrolling loop org.jetbrains.research.kfg.analysis.Loop@727ac1ba to 1 iterations
2021-06-11 17:16:16.919 [DEBUG][org.jetbrains.research.kex.asm.transform.LoopDeroller] - Method java/util/concurrent/LinkedBlockingQueue::writeObject(java/io/ObjectOutputStream): void, unrolling loop org.jetbrains.research.kfg.analysis.Loop@5a8bd326 to 1 iterations
2021-06-11 17:16:16.919 [DEBUG][org.jetbrains.research.kex.asm.transform.LoopDeroller] - Method java/util/concurrent/LinkedBlockingQueue::readObject(java/io/ObjectInputStream): void, unrolling loop org.jetbrains.research.kfg.analysis.Loop@4c00d439 to 1 iterations
2021-06-11 17:16:16.920 [DEBUG][org.jetbrains.research.kex.asm.transform.LoopDeroller] - Method java/io/ObjectOutputStream$PutFieldImpl::write(java/io/ObjectOutput): void, unrolling loop org.jetbrains.research.kfg.analysis.Loop@33be294 to 1 iterations
2021-06-11 17:16:16.921 [DEBUG][org.jetbrains.research.kex.asm.transform.LoopDeroller] - Method java/io/ObjectOutputStream$PutFieldImpl::writeFields(): void, unrolling loop org.jetbrains.research.kfg.analysis.Loop@72f7221c to 1 iterations
2021-06-11 17:16:16.923 [DEBUG][org.jetbrains.research.kex.asm.transform.LoopDeroller] - Method java/util/zip/ZipInputStream::closeEntry(): void, unrolling loop org.jetbrains.research.kfg.analysis.Loop@309391b2 to 1 iterations
2021-06-11 17:16:16.923 [DEBUG][org.jetbrains.research.kex.asm.transform.LoopDeroller] - Method java/util/zip/ZipInputStream::skip(long): long, unrolling loop org.jetbrains.research.kfg.analysis.Loop@73b7c729 to 1 iterations
2021-06-11 17:16:16.924 [DEBUG][org.jetbrains.research.kex.asm.transform.LoopDeroller] - Method java/util/zip/ZipInputStream::readLOC(): java/util/zip/ZipEntry, unrolling loop org.jetbrains.research.kfg.analysis.Loop@54b4efd1 to 1 iterations
2021-06-11 17:16:16.925 [DEBUG][org.jetbrains.research.kex.asm.transform.LoopDeroller] - Method java/util/zip/ZipInputStream::readFully(byte[], int, int): void, unrolling loop org.jetbrains.research.kfg.analysis.Loop@6104c9df to 1 iterations
2021-06-11 17:16:16.926 [DEBUG][org.jetbrains.research.kex.asm.transform.LoopDeroller] - Method java/util/AbstractList::indexOf(java/lang/Object): int, unrolling loop org.jetbrains.research.kfg.analysis.Loop@794b7e59 to 1 iterations
2021-06-11 17:16:16.928 [DEBUG][org.jetbrains.research.kex.asm.transform.LoopDeroller] - Method java/util/AbstractList::indexOf(java/lang/Object): int, unrolling loop org.jetbrains.research.kfg.analysis.Loop@36183b76 to 1 iterations
2021-06-11 17:16:16.929 [DEBUG][org.jetbrains.research.kex.asm.transform.LoopDeroller] - Method java/util/AbstractList::lastIndexOf(java/lang/Object): int, unrolling loop org.jetbrains.research.kfg.analysis.Loop@3dedae3d to 1 iterations
2021-06-11 17:16:16.929 [DEBUG][org.jetbrains.research.kex.asm.transform.LoopDeroller] - Method java/util/AbstractList::lastIndexOf(java/lang/Object): int, unrolling loop org.jetbrains.research.kfg.analysis.Loop@7a8ac6bf to 1 iterations
2021-06-11 17:16:16.930 [DEBUG][org.jetbrains.research.kex.asm.transform.LoopDeroller] - Method java/util/AbstractList::addAll(int, java/util/Collection): bool, unrolling loop org.jetbrains.research.kfg.analysis.Loop@589e1e0f to 1 iterations
2021-06-11 17:16:16.930 [DEBUG][org.jetbrains.research.kex.asm.transform.LoopDeroller] - Method java/util/AbstractList::equals(java/lang/Object): bool, unrolling loop org.jetbrains.research.kfg.analysis.Loop@e20f584 to 1 iterations
2021-06-11 17:16:16.934 [DEBUG][org.jetbrains.research.kex.asm.transform.LoopDeroller] - Method java/util/AbstractList::hashCode(): int, unrolling loop org.jetbrains.research.kfg.analysis.Loop@1c60274 to 1 iterations
2021-06-11 17:16:16.935 [DEBUG][org.jetbrains.research.kex.asm.transform.LoopDeroller] - Method java/util/AbstractList::removeRange(int, int): void, unrolling loop org.jetbrains.research.kfg.analysis.Loop@7c5f243d to 1 iterations
2021-06-11 17:16:16.937 [DEBUG][org.jetbrains.research.kex.asm.transform.LoopDeroller] - Method java/util/ServiceLoader::parseLine(java/lang/Class, java/net/URL, java/io/BufferedReader, int, java/util/List): int, unrolling loop org.jetbrains.research.kfg.analysis.Loop@1ab6d31e to 1 iterations
2021-06-11 17:16:16.938 [DEBUG][org.jetbrains.research.kex.asm.transform.LoopDeroller] - Method java/util/ServiceLoader::parse(java/lang/Class, java/net/URL): java/util/Iterator, unrolling loop org.jetbrains.research.kfg.analysis.Loop@577ba60c to 1 iterations
2021-06-11 17:16:16.939 [DEBUG][org.jetbrains.research.kex.asm.transform.LoopDeroller] - Method java/util/ServiceLoader::loadInstalled(java/lang/Class): java/util/ServiceLoader, unrolling loop org.jetbrains.research.kfg.analysis.Loop@1b840869 to 1 iterations
2021-06-11 17:16:16.941 [DEBUG][org.jetbrains.research.kex.asm.transform.LoopDeroller] - Method java/util/ArrayList::indexOf(java/lang/Object): int, unrolling loop org.jetbrains.research.kfg.analysis.Loop@4d8fcecd to 1 iterations
2021-06-11 17:16:16.942 [DEBUG][org.jetbrains.research.kex.asm.transform.LoopDeroller] - Method java/util/ArrayList::indexOf(java/lang/Object): int, unrolling loop org.jetbrains.research.kfg.analysis.Loop@158ed3c7 to 1 iterations
2021-06-11 17:16:16.943 [DEBUG][org.jetbrains.research.kex.asm.transform.LoopDeroller] - Method java/util/ArrayList::lastIndexOf(java/lang/Object): int, unrolling loop org.jetbrains.research.kfg.analysis.Loop@95b1f3a to 1 iterations
2021-06-11 17:16:16.944 [DEBUG][org.jetbrains.research.kex.asm.transform.LoopDeroller] - Method java/util/ArrayList::lastIndexOf(java/lang/Object): int, unrolling loop org.jetbrains.research.kfg.analysis.Loop@d82fa39 to 1 iterations
2021-06-11 17:16:16.946 [DEBUG][org.jetbrains.research.kex.asm.transform.LoopDeroller] - Method java/util/ArrayList::remove(java/lang/Object): bool, unrolling loop org.jetbrains.research.kfg.analysis.Loop@37f2c4e to 1 iterations
2021-06-11 17:16:16.952 [DEBUG][org.jetbrains.research.kex.asm.transform.LoopDeroller] - Method java/util/ArrayList::remove(java/lang/Object): bool, unrolling loop org.jetbrains.research.kfg.analysis.Loop@c4447b to 1 iterations
2021-06-11 17:16:16.952 [DEBUG][org.jetbrains.research.kex.asm.transform.LoopDeroller] - Method java/util/ArrayList::clear(): void, unrolling loop org.jetbrains.research.kfg.analysis.Loop@1c375f39 to 1 iterations
2021-06-11 17:16:16.953 [DEBUG][org.jetbrains.research.kex.asm.transform.LoopDeroller] - Method java/util/ArrayList::removeRange(int, int): void, unrolling loop org.jetbrains.research.kfg.analysis.Loop@140a1fb8 to 1 iterations
2021-06-11 17:16:16.953 [DEBUG][org.jetbrains.research.kex.asm.transform.LoopDeroller] - Method java/util/ArrayList::batchRemove(java/util/Collection, bool): bool, unrolling loop org.jetbrains.research.kfg.analysis.Loop@c6619e1 to 1 iterations
2021-06-11 17:16:16.953 [DEBUG][org.jetbrains.research.kex.asm.transform.LoopDeroller] - Method java/util/ArrayList::batchRemove(java/util/Collection, bool): bool, unrolling loop org.jetbrains.research.kfg.analysis.Loop@1e28f950 to 1 iterations
2021-06-11 17:16:16.954 [DEBUG][org.jetbrains.research.kex.asm.transform.LoopDeroller] - Method java/util/ArrayList::batchRemove(java/util/Collection, bool): bool, unrolling loop org.jetbrains.research.kfg.analysis.Loop@4c879eaa to 1 iterations
2021-06-11 17:16:16.954 [DEBUG][org.jetbrains.research.kex.asm.transform.LoopDeroller] - Method java/util/ArrayList::writeObject(java/io/ObjectOutputStream): void, unrolling loop org.jetbrains.research.kfg.analysis.Loop@2381d20f to 1 iterations
2021-06-11 17:16:16.955 [DEBUG][org.jetbrains.research.kex.asm.transform.LoopDeroller] - Method java/util/ArrayList::readObject(java/io/ObjectInputStream): void, unrolling loop org.jetbrains.research.kfg.analysis.Loop@41c1c1c1 to 1 iterations
2021-06-11 17:16:16.956 [DEBUG][org.jetbrains.research.kex.asm.transform.LoopDeroller] - Method java/util/ArrayList::forEach(java/util/function/Consumer): void, unrolling loop org.jetbrains.research.kfg.analysis.Loop@415389cd to 1 iterations
2021-06-11 17:16:16.958 [DEBUG][org.jetbrains.research.kex.asm.transform.LoopDeroller] - Method java/util/ArrayList::removeIf(java/util/function/Predicate): bool, unrolling loop org.jetbrains.research.kfg.analysis.Loop@7baab5b to 1 iterations
2021-06-11 17:16:16.958 [DEBUG][org.jetbrains.research.kex.asm.transform.LoopDeroller] - Method java/util/ArrayList::removeIf(java/util/function/Predicate): bool, unrolling loop org.jetbrains.research.kfg.analysis.Loop@69836b47 to 1 iterations
2021-06-11 17:16:16.959 [DEBUG][org.jetbrains.research.kex.asm.transform.LoopDeroller] - Method java/util/ArrayList::removeIf(java/util/function/Predicate): bool, unrolling loop org.jetbrains.research.kfg.analysis.Loop@40714477 to 1 iterations
2021-06-11 17:16:16.961 [DEBUG][org.jetbrains.research.kex.asm.transform.LoopDeroller] - Method java/util/ArrayList::replaceAll(java/util/function/UnaryOperator): void, unrolling loop org.jetbrains.research.kfg.analysis.Loop@6f7aca36 to 1 iterations
2021-06-11 17:16:16.963 [DEBUG][org.jetbrains.research.kex.asm.transform.LoopDeroller] - Method java/lang/ThreadLocal$ThreadLocalMap::<init>(java/lang/ThreadLocal$ThreadLocalMap): void, unrolling loop org.jetbrains.research.kfg.analysis.Loop@de84bc6 to 1 iterations
2021-06-11 17:16:16.964 [DEBUG][org.jetbrains.research.kex.asm.transform.LoopDeroller] - Method java/lang/ThreadLocal$ThreadLocalMap::<init>(java/lang/ThreadLocal$ThreadLocalMap): void, unrolling loop org.jetbrains.research.kfg.analysis.Loop@70f8f1f4 to 1 iterations
2021-06-11 17:16:16.970 [DEBUG][org.jetbrains.research.kex.asm.transform.LoopDeroller] - Method java/lang/ThreadLocal$ThreadLocalMap::getEntryAfterMiss(java/lang/ThreadLocal, int, java/lang/ThreadLocal$ThreadLocalMap$Entry): java/lang/ThreadLocal$ThreadLocalMap$Entry, unrolling loop org.jetbrains.research.kfg.analysis.Loop@7b45af3 to 1 iterations
2021-06-11 17:16:16.971 [DEBUG][org.jetbrains.research.kex.asm.transform.LoopDeroller] - Method java/lang/ThreadLocal$ThreadLocalMap::set(java/lang/ThreadLocal, java/lang/Object): void, unrolling loop org.jetbrains.research.kfg.analysis.Loop@54d5cfad to 1 iterations
2021-06-11 17:16:16.971 [DEBUG][org.jetbrains.research.kex.asm.transform.LoopDeroller] - Method java/lang/ThreadLocal$ThreadLocalMap::remove(java/lang/ThreadLocal): void, unrolling loop org.jetbrains.research.kfg.analysis.Loop@2491f021 to 1 iterations
2021-06-11 17:16:16.972 [DEBUG][org.jetbrains.research.kex.asm.transform.LoopDeroller] - Method java/lang/ThreadLocal$ThreadLocalMap::replaceStaleEntry(java/lang/ThreadLocal, java/lang/Object, int): void, unrolling loop org.jetbrains.research.kfg.analysis.Loop@5f5d8062 to 1 iterations
2021-06-11 17:16:16.974 [DEBUG][org.jetbrains.research.kex.asm.transform.LoopDeroller] - Method java/lang/ThreadLocal$ThreadLocalMap::replaceStaleEntry(java/lang/ThreadLocal, java/lang/Object, int): void, unrolling loop org.jetbrains.research.kfg.analysis.Loop@63356e8a to 1 iterations
2021-06-11 17:16:16.975 [DEBUG][org.jetbrains.research.kex.asm.transform.LoopDeroller] - Method java/lang/ThreadLocal$ThreadLocalMap::expungeStaleEntry(int): int, unrolling loop org.jetbrains.research.kfg.analysis.Loop@10045b41 to 1 iterations
2021-06-11 17:16:16.975 [DEBUG][org.jetbrains.research.kex.asm.transform.LoopDeroller] - Method java/lang/ThreadLocal$ThreadLocalMap::expungeStaleEntry(int): int, unrolling loop org.jetbrains.research.kfg.analysis.Loop@20dfab40 to 1 iterations
2021-06-11 17:16:16.976 [DEBUG][org.jetbrains.research.kex.asm.transform.LoopDeroller] - Method java/lang/ThreadLocal$ThreadLocalMap::cleanSomeSlots(int, int): bool, unrolling loop org.jetbrains.research.kfg.analysis.Loop@6b8ea107 to 1 iterations
2021-06-11 17:16:16.977 [DEBUG][org.jetbrains.research.kex.asm.transform.LoopDeroller] - Method java/lang/ThreadLocal$ThreadLocalMap::resize(): void, unrolling loop org.jetbrains.research.kfg.analysis.Loop@3b629c33 to 1 iterations
2021-06-11 17:16:16.978 [DEBUG][org.jetbrains.research.kex.asm.transform.LoopDeroller] - Method java/lang/ThreadLocal$ThreadLocalMap::resize(): void, unrolling loop org.jetbrains.research.kfg.analysis.Loop@394e84d9 to 1 iterations
2021-06-11 17:16:16.979 [DEBUG][org.jetbrains.research.kex.asm.transform.LoopDeroller] - Method java/lang/ThreadLocal$ThreadLocalMap::expungeStaleEntries(): void, unrolling loop org.jetbrains.research.kfg.analysis.Loop@119f6e88 to 1 iterations
2021-06-11 17:16:16.980 [DEBUG][org.jetbrains.research.kex.asm.transform.LoopDeroller] - Method java/util/PropertyPermission::getMask(java/lang/String): int, unrolling loop org.jetbrains.research.kfg.analysis.Loop@30e89b9b to 1 iterations
2021-06-11 17:16:16.981 [DEBUG][org.jetbrains.research.kex.asm.transform.LoopDeroller] - Method java/util/PropertyPermission::getMask(java/lang/String): int, unrolling loop org.jetbrains.research.kfg.analysis.Loop@348b7caf to 1 iterations
2021-06-11 17:16:16.982 [DEBUG][org.jetbrains.research.kex.asm.transform.LoopDeroller] - Method java/util/PropertyPermission::getMask(java/lang/String): int, unrolling loop org.jetbrains.research.kfg.analysis.Loop@7c17ed79 to 1 iterations
2021-06-11 17:16:16.985 [DEBUG][org.jetbrains.research.kex.asm.transform.LoopDeroller] - Method java/util/concurrent/ThreadLocalRandom::initialSeed(): long, unrolling loop org.jetbrains.research.kfg.analysis.Loop@2727fb62 to 1 iterations
2021-06-11 17:16:16.986 [DEBUG][org.jetbrains.research.kex.asm.transform.LoopDeroller] - Method java/util/concurrent/ThreadLocalRandom::internalNextLong(long, long): long, unrolling loop org.jetbrains.research.kfg.analysis.Loop@3107ddf5 to 1 iterations
2021-06-11 17:16:16.986 [DEBUG][org.jetbrains.research.kex.asm.transform.LoopDeroller] - Method java/util/concurrent/ThreadLocalRandom::internalNextLong(long, long): long, unrolling loop org.jetbrains.research.kfg.analysis.Loop@2e475f6e to 1 iterations
2021-06-11 17:16:16.996 [DEBUG][org.jetbrains.research.kex.asm.transform.LoopDeroller] - Method java/util/concurrent/ThreadLocalRandom::internalNextInt(int, int): int, unrolling loop org.jetbrains.research.kfg.analysis.Loop@47afff0a to 1 iterations
2021-06-11 17:16:16.997 [DEBUG][org.jetbrains.research.kex.asm.transform.LoopDeroller] - Method java/util/concurrent/ThreadLocalRandom::internalNextInt(int, int): int, unrolling loop org.jetbrains.research.kfg.analysis.Loop@1ea0740b to 1 iterations
2021-06-11 17:16:16.997 [DEBUG][org.jetbrains.research.kex.asm.transform.LoopDeroller] - Method java/util/concurrent/ThreadLocalRandom::nextInt(int): int, unrolling loop org.jetbrains.research.kfg.analysis.Loop@5ced73ca to 1 iterations
2021-06-11 17:16:16.998 [DEBUG][org.jetbrains.research.kex.asm.transform.LoopDeroller] - Method java/util/concurrent/ThreadLocalRandom::nextLong(long): long, unrolling loop org.jetbrains.research.kfg.analysis.Loop@5bd496bb to 1 iterations
2021-06-11 17:16:16.999 [DEBUG][org.jetbrains.research.kex.asm.transform.LoopDeroller] - Method java/util/concurrent/ThreadLocalRandom::nextGaussian(): double, unrolling loop org.jetbrains.research.kfg.analysis.Loop@67305402 to 1 iterations
2021-06-11 17:16:17.000 [DEBUG][org.jetbrains.research.kex.asm.transform.LoopDeroller] - Method java/lang/invoke/LambdaForm::buildEmptyNames(int, java/lang/String): java/lang/invoke/LambdaForm$Name[], unrolling loop org.jetbrains.research.kfg.analysis.Loop@2eee1c28 to 1 iterations
2021-06-11 17:16:17.001 [DEBUG][org.jetbrains.research.kex.asm.transform.LoopDeroller] - Method java/lang/invoke/LambdaForm::fixDebugName(java/lang/String): java/lang/String, unrolling loop org.jetbrains.research.kfg.analysis.Loop@5ed694d0 to 1 iterations
2021-06-11 17:16:17.001 [DEBUG][org.jetbrains.research.kex.asm.transform.LoopDeroller] - Method java/lang/invoke/LambdaForm::fixDebugName(java/lang/String): java/lang/String, unrolling loop org.jetbrains.research.kfg.analysis.Loop@df74dcd to 1 iterations
2021-06-11 17:16:17.001 [DEBUG][org.jetbrains.research.kex.asm.transform.LoopDeroller] - Method java/lang/invoke/LambdaForm::namesOK(int, java/lang/invoke/LambdaForm$Name[]): bool, unrolling loop org.jetbrains.research.kfg.analysis.Loop@1460c3bc to 1 iterations
2021-06-11 17:16:17.002 [DEBUG][org.jetbrains.research.kex.asm.transform.LoopDeroller] - Method java/lang/invoke/LambdaForm::normalize(): int, unrolling loop org.jetbrains.research.kfg.analysis.Loop@733bdd1b to 1 iterations
2021-06-11 17:16:17.003 [DEBUG][org.jetbrains.research.kex.asm.transform.LoopDeroller] - Method java/lang/invoke/LambdaForm::normalize(): int, unrolling loop org.jetbrains.research.kfg.analysis.Loop@25e474 to 1 iterations
2021-06-11 17:16:17.003 [DEBUG][org.jetbrains.research.kex.asm.transform.LoopDeroller] - Method java/lang/invoke/LambdaForm::normalize(): int, unrolling loop org.jetbrains.research.kfg.analysis.Loop@786db29e to 1 iterations
2021-06-11 17:16:17.005 [DEBUG][org.jetbrains.research.kex.asm.transform.LoopDeroller] - Method java/lang/invoke/LambdaForm::normalize(): int, unrolling loop org.jetbrains.research.kfg.analysis.Loop@5bc48773 to 1 iterations
2021-06-11 17:16:17.006 [DEBUG][org.jetbrains.research.kex.asm.transform.LoopDeroller] - Method java/lang/invoke/LambdaForm::nameRefsAreLegal(): bool, unrolling loop org.jetbrains.research.kfg.analysis.Loop@25dbfa62 to 1 iterations
2021-06-11 17:16:17.010 [DEBUG][org.jetbrains.research.kex.asm.transform.LoopDeroller] - Method java/lang/invoke/LambdaForm::nameRefsAreLegal(): bool, unrolling loop org.jetbrains.research.kfg.analysis.Loop@74a87179 to 1 iterations
2021-06-11 17:16:17.011 [DEBUG][org.jetbrains.research.kex.asm.transform.LoopDeroller] - Method java/lang/invoke/LambdaForm::nameRefsAreLegal(): bool, unrolling loop org.jetbrains.research.kfg.analysis.Loop@6f4d61c5 to 1 iterations
2021-06-11 17:16:17.012 [DEBUG][org.jetbrains.research.kex.asm.transform.LoopDeroller] - Method java/lang/invoke/LambdaForm::basicTypeSignature(): java/lang/String, unrolling loop org.jetbrains.research.kfg.analysis.Loop@7b1a293d to 1 iterations
2021-06-11 17:16:17.013 [DEBUG][org.jetbrains.research.kex.asm.transform.LoopDeroller] - Method java/lang/invoke/LambdaForm::isValidSignature(java/lang/String): bool, unrolling loop org.jetbrains.research.kfg.analysis.Loop@5a84a76c to 1 iterations
2021-06-11 17:16:17.013 [DEBUG][org.jetbrains.research.kex.asm.transform.LoopDeroller] - Method java/lang/invoke/LambdaForm::signatureType(java/lang/String): java/lang/invoke/MethodType, unrolling loop org.jetbrains.research.kfg.analysis.Loop@33bd2aec to 1 iterations
2021-06-11 17:16:17.016 [DEBUG][org.jetbrains.research.kex.asm.transform.LoopDeroller] - Method java/lang/invoke/LambdaForm::computeInitialPreparedForms(): void, unrolling loop org.jetbrains.research.kfg.analysis.Loop@2968208d to 1 iterations
2021-06-11 17:16:17.017 [DEBUG][org.jetbrains.research.kex.asm.transform.LoopDeroller] - Method java/lang/invoke/LambdaForm::argumentTypesMatch(java/lang/String, java/lang/Object[]): bool, unrolling loop org.jetbrains.research.kfg.analysis.Loop@56b4c71e to 1 iterations
2021-06-11 17:16:17.018 [DEBUG][org.jetbrains.research.kex.asm.transform.LoopDeroller] - Method java/lang/invoke/LambdaForm::interpretWithArguments(java/lang/Object[]): java/lang/Object, unrolling loop org.jetbrains.research.kfg.analysis.Loop@70db306f to 1 iterations
2021-06-11 17:16:17.019 [DEBUG][org.jetbrains.research.kex.asm.transform.LoopDeroller] - Method java/lang/invoke/LambdaForm::interpretName(java/lang/invoke/LambdaForm$Name, java/lang/Object[]): java/lang/Object, unrolling loop org.jetbrains.research.kfg.analysis.Loop@1e06b3fb to 1 iterations
2021-06-11 17:16:17.020 [DEBUG][org.jetbrains.research.kex.asm.transform.LoopDeroller] - Method java/lang/invoke/LambdaForm::interpretWithArgumentsTracing(java/lang/Object[]): java/lang/Object, unrolling loop org.jetbrains.research.kfg.analysis.Loop@3c2f3555 to 1 iterations
2021-06-11 17:16:17.021 [DEBUG][org.jetbrains.research.kex.asm.transform.LoopDeroller] - Method java/lang/invoke/LambdaForm::toString(): java/lang/String, unrolling loop org.jetbrains.research.kfg.analysis.Loop@1b31bbe7 to 1 iterations
2021-06-11 17:16:17.021 [DEBUG][org.jetbrains.research.kex.asm.transform.LoopDeroller] - Method java/lang/invoke/LambdaForm::contains(java/lang/invoke/LambdaForm$Name): bool, unrolling loop org.jetbrains.research.kfg.analysis.Loop@35ff6831 to 1 iterations
2021-06-11 17:16:17.022 [DEBUG][org.jetbrains.research.kex.asm.transform.LoopDeroller] - Method java/lang/invoke/LambdaForm::addArguments(int, java/lang/invoke/LambdaForm$BasicType[]): java/lang/invoke/LambdaForm, unrolling loop org.jetbrains.research.kfg.analysis.Loop@1c496938 to 1 iterations
2021-06-11 17:16:17.023 [DEBUG][org.jetbrains.research.kex.asm.transform.LoopDeroller] - Method java/lang/invoke/LambdaForm::permuteArguments(int, int[], java/lang/invoke/LambdaForm$BasicType[]): java/lang/invoke/LambdaForm, unrolling loop org.jetbrains.research.kfg.analysis.Loop@567eec0b to 1 iterations
2021-06-11 17:16:17.023 [DEBUG][org.jetbrains.research.kex.asm.transform.LoopDeroller] - Method java/lang/invoke/LambdaForm::permuteArguments(int, int[], java/lang/invoke/LambdaForm$BasicType[]): java/lang/invoke/LambdaForm, unrolling loop org.jetbrains.research.kfg.analysis.Loop@2859e458 to 1 iterations
2021-06-11 17:16:17.024 [DEBUG][org.jetbrains.research.kex.asm.transform.LoopDeroller] - Method java/lang/invoke/LambdaForm::permuteArguments(int, int[], java/lang/invoke/LambdaForm$BasicType[]): java/lang/invoke/LambdaForm, unrolling loop org.jetbrains.research.kfg.analysis.Loop@523c8a1e to 1 iterations
2021-06-11 17:16:17.025 [DEBUG][org.jetbrains.research.kex.asm.transform.LoopDeroller] - Method java/lang/invoke/LambdaForm::permuteArguments(int, int[], java/lang/invoke/LambdaForm$BasicType[]): java/lang/invoke/LambdaForm, unrolling loop org.jetbrains.research.kfg.analysis.Loop@7d5c196f to 1 iterations
2021-06-11 17:16:17.025 [DEBUG][org.jetbrains.research.kex.asm.transform.LoopDeroller] - Method java/lang/invoke/LambdaForm::permuteArguments(int, int[], java/lang/invoke/LambdaForm$BasicType[]): java/lang/invoke/LambdaForm, unrolling loop org.jetbrains.research.kfg.analysis.Loop@3b7fe04f to 1 iterations
2021-06-11 17:16:17.026 [DEBUG][org.jetbrains.research.kex.asm.transform.LoopDeroller] - Method java/lang/invoke/LambdaForm::permuteArguments(int, int[], java/lang/invoke/LambdaForm$BasicType[]): java/lang/invoke/LambdaForm, unrolling loop org.jetbrains.research.kfg.analysis.Loop@5c63b85c to 1 iterations
2021-06-11 17:16:17.027 [DEBUG][org.jetbrains.research.kex.asm.transform.LoopDeroller] - Method java/lang/invoke/LambdaForm::permutedTypesMatch(int[], java/lang/invoke/LambdaForm$BasicType[], java/lang/invoke/LambdaForm$Name[], int): bool, unrolling loop org.jetbrains.research.kfg.analysis.Loop@327ca9b8 to 1 iterations
2021-06-11 17:16:17.027 [DEBUG][org.jetbrains.research.kex.asm.transform.LoopDeroller] - Method java/lang/invoke/LambdaForm::basicTypeSignature(java/lang/invoke/MethodType): java/lang/String, unrolling loop org.jetbrains.research.kfg.analysis.Loop@5ab6a68 to 1 iterations
2021-06-11 17:16:17.028 [DEBUG][org.jetbrains.research.kex.asm.transform.LoopDeroller] - Method java/lang/invoke/LambdaForm::shortenSignature(java/lang/String): java/lang/String, unrolling loop org.jetbrains.research.kfg.analysis.Loop@1f1a5206 to 1 iterations
2021-06-11 17:16:17.029 [DEBUG][org.jetbrains.research.kex.asm.transform.LoopDeroller] - Method java/lang/invoke/LambdaForm::shortenSignature(java/lang/String): java/lang/String, unrolling loop org.jetbrains.research.kfg.analysis.Loop@f41c0c8 to 1 iterations
2021-06-11 17:16:17.032 [DEBUG][org.jetbrains.research.kex.asm.transform.LoopDeroller] - Method java/lang/invoke/LambdaForm::lastUseIndex(java/lang/invoke/LambdaForm$Name): int, unrolling loop org.jetbrains.research.kfg.analysis.Loop@5e3c3769 to 1 iterations
2021-06-11 17:16:17.032 [DEBUG][org.jetbrains.research.kex.asm.transform.LoopDeroller] - Method java/lang/invoke/LambdaForm::useCount(java/lang/invoke/LambdaForm$Name): int, unrolling loop org.jetbrains.research.kfg.analysis.Loop@370719e1 to 1 iterations
2021-06-11 17:16:17.033 [DEBUG][org.jetbrains.research.kex.asm.transform.LoopDeroller] - Method java/lang/invoke/LambdaForm::arguments(int, java/lang/String): java/lang/invoke/LambdaForm$Name[], unrolling loop org.jetbrains.research.kfg.analysis.Loop@32c30bd7 to 1 iterations
2021-06-11 17:16:17.035 [DEBUG][org.jetbrains.research.kex.asm.transform.LoopDeroller] - Method java/lang/invoke/LambdaForm::arguments(int, char[]): java/lang/invoke/LambdaForm$Name[], unrolling loop org.jetbrains.research.kfg.analysis.Loop@241e611e to 1 iterations
2021-06-11 17:16:17.037 [DEBUG][org.jetbrains.research.kex.asm.transform.LoopDeroller] - Method java/lang/invoke/LambdaForm::arguments(int, java/util/List): java/lang/invoke/LambdaForm$Name[], unrolling loop org.jetbrains.research.kfg.analysis.Loop@29923e17 to 1 iterations
2021-06-11 17:16:17.037 [DEBUG][org.jetbrains.research.kex.asm.transform.LoopDeroller] - Method java/lang/invoke/LambdaForm::arguments(int, java/lang/Class[]): java/lang/invoke/LambdaForm$Name[], unrolling loop org.jetbrains.research.kfg.analysis.Loop@63cb1a5e to 1 iterations
2021-06-11 17:16:17.038 [DEBUG][org.jetbrains.research.kex.asm.transform.LoopDeroller] - Method java/lang/invoke/LambdaForm::arguments(int, java/lang/invoke/MethodType): java/lang/invoke/LambdaForm$Name[], unrolling loop org.jetbrains.research.kfg.analysis.Loop@2df65fb0 to 1 iterations
2021-06-11 17:16:17.039 [DEBUG][org.jetbrains.research.kex.asm.transform.LoopDeroller] - Method java/lang/invoke/LambdaForm::createIdentityForms(): void, unrolling loop org.jetbrains.research.kfg.analysis.Loop@6c1ec4fe to 1 iterations
2021-06-11 17:16:17.043 [DEBUG][org.jetbrains.research.kex.asm.transform.LoopDeroller] - Method java/lang/invoke/LambdaForm::createIdentityForms(): void, unrolling loop org.jetbrains.research.kfg.analysis.Loop@1afebe98 to 1 iterations
2021-06-11 17:16:17.044 [DEBUG][org.jetbrains.research.kex.asm.transform.LoopDeroller] - Method java/lang/invoke/LambdaForm::<clinit>(): void, unrolling loop org.jetbrains.research.kfg.analysis.Loop@18db2332 to 1 iterations
2021-06-11 17:16:17.045 [DEBUG][org.jetbrains.research.kex.asm.transform.LoopDeroller] - Method java/lang/invoke/LambdaForm::<clinit>(): void, unrolling loop org.jetbrains.research.kfg.analysis.Loop@7ef90d45 to 1 iterations
2021-06-11 17:16:17.046 [DEBUG][org.jetbrains.research.kex.asm.transform.LoopDeroller] - Method java/lang/invoke/InvokerBytecodeGenerator::<init>(java/lang/String, java/lang/String, java/lang/invoke/MethodType): void, unrolling loop org.jetbrains.research.kfg.analysis.Loop@2d62b0d9 to 1 iterations
2021-06-11 17:16:17.046 [DEBUG][org.jetbrains.research.kex.asm.transform.LoopDeroller] - Method java/lang/invoke/InvokerBytecodeGenerator::<init>(java/lang/String, java/lang/invoke/LambdaForm, java/lang/invoke/MethodType): void, unrolling loop org.jetbrains.research.kfg.analysis.Loop@672c7d84 to 1 iterations
2021-06-11 17:16:17.047 [DEBUG][org.jetbrains.research.kex.asm.transform.LoopDeroller] - Method java/lang/invoke/InvokerBytecodeGenerator::makeDumpableClassName(java/lang/String): java/lang/String, unrolling loop org.jetbrains.research.kfg.analysis.Loop@4ae67746 to 1 iterations
2021-06-11 17:16:17.047 [DEBUG][org.jetbrains.research.kex.asm.transform.LoopDeroller] - Method java/lang/invoke/InvokerBytecodeGenerator::cpPatches(byte[]): java/lang/Object[], unrolling loop org.jetbrains.research.kfg.analysis.Loop@5df39582 to 1 iterations
2021-06-11 17:16:17.048 [DEBUG][org.jetbrains.research.kex.asm.transform.LoopDeroller] - Method java/lang/invoke/InvokerBytecodeGenerator::indexForFrameLocal(int): int, unrolling loop org.jetbrains.research.kfg.analysis.Loop@7a077d1e to 1 iterations
2021-06-11 17:16:17.052 [DEBUG][org.jetbrains.research.kex.asm.transform.LoopDeroller] - Method java/lang/invoke/InvokerBytecodeGenerator::generateCustomizedCodeBytes(): byte[], unrolling loop org.jetbrains.research.kfg.analysis.Loop@30e1e130 to 1 iterations
2021-06-11 17:16:17.057 [DEBUG][org.jetbrains.research.kex.asm.transform.LoopDeroller] - Method java/lang/invoke/InvokerBytecodeGenerator::isStaticallyInvocable(java/lang/invoke/MemberName): bool, unrolling loop org.jetbrains.research.kfg.analysis.Loop@49efc960 to 1 iterations
2021-06-11 17:16:17.058 [DEBUG][org.jetbrains.research.kex.asm.transform.LoopDeroller] - Method java/lang/invoke/InvokerBytecodeGenerator::isStaticallyNameable(java/lang/Class): bool, unrolling loop org.jetbrains.research.kfg.analysis.Loop@2c58ac79 to 1 iterations
2021-06-11 17:16:17.058 [DEBUG][org.jetbrains.research.kex.asm.transform.LoopDeroller] - Method java/lang/invoke/InvokerBytecodeGenerator::isStaticallyNameable(java/lang/Class): bool, unrolling loop org.jetbrains.research.kfg.analysis.Loop@5d5f7eb to 1 iterations
2021-06-11 17:16:17.059 [DEBUG][org.jetbrains.research.kex.asm.transform.LoopDeroller] - Method java/lang/invoke/InvokerBytecodeGenerator::emitPushArguments(java/lang/invoke/LambdaForm$Name, int): void, unrolling loop org.jetbrains.research.kfg.analysis.Loop@3e4e01b7 to 1 iterations
2021-06-11 17:16:17.061 [DEBUG][org.jetbrains.research.kex.asm.transform.LoopDeroller] - Method java/lang/invoke/InvokerBytecodeGenerator::generateLambdaFormInterpreterEntryPointBytes(): byte[], unrolling loop org.jetbrains.research.kfg.analysis.Loop@3fbd0ae4 to 1 iterations
2021-06-11 17:16:17.061 [DEBUG][org.jetbrains.research.kex.asm.transform.LoopDeroller] - Method java/lang/invoke/InvokerBytecodeGenerator::generateNamedFunctionInvokerImpl(java/lang/invoke/MethodTypeForm): byte[], unrolling loop org.jetbrains.research.kfg.analysis.Loop@748d1e3d to 1 iterations
2021-06-11 17:16:17.062 [DEBUG][org.jetbrains.research.kex.asm.transform.LoopDeroller] - Method java/lang/invoke/InvokerBytecodeGenerator::bogusMethod(java/lang/Object[]): void, unrolling loop org.jetbrains.research.kfg.analysis.Loop@253474eb to 1 iterations
2021-06-11 17:16:17.063 [DEBUG][org.jetbrains.research.kex.asm.transform.LoopDeroller] - Method java/util/TreeMap::containsValue(java/lang/Object): bool, unrolling loop org.jetbrains.research.kfg.analysis.Loop@3708b27c to 1 iterations
2021-06-11 17:16:17.064 [DEBUG][org.jetbrains.research.kex.asm.transform.LoopDeroller] - Method java/util/TreeMap::getEntry(java/lang/Object): java/util/TreeMap$Entry, unrolling loop org.jetbrains.research.kfg.analysis.Loop@103df302 to 1 iterations
2021-06-11 17:16:17.065 [DEBUG][org.jetbrains.research.kex.asm.transform.LoopDeroller] - Method java/util/TreeMap::getEntryUsingComparator(java/lang/Object): java/util/TreeMap$Entry, unrolling loop org.jetbrains.research.kfg.analysis.Loop@2c2d1c62 to 1 iterations
2021-06-11 17:16:17.066 [DEBUG][org.jetbrains.research.kex.asm.transform.LoopDeroller] - Method java/util/TreeMap::getCeilingEntry(java/lang/Object): java/util/TreeMap$Entry, unrolling loop org.jetbrains.research.kfg.analysis.Loop@29a38ed1 to 1 iterations
2021-06-11 17:16:17.067 [DEBUG][org.jetbrains.research.kex.asm.transform.LoopDeroller] - Method java/util/TreeMap::getCeilingEntry(java/lang/Object): java/util/TreeMap$Entry, unrolling loop org.jetbrains.research.kfg.analysis.Loop@6976689b to 1 iterations
2021-06-11 17:16:17.068 [DEBUG][org.jetbrains.research.kex.asm.transform.LoopDeroller] - Method java/util/TreeMap::getFloorEntry(java/lang/Object): java/util/TreeMap$Entry, unrolling loop org.jetbrains.research.kfg.analysis.Loop@1ac13e08 to 1 iterations
2021-06-11 17:16:17.068 [DEBUG][org.jetbrains.research.kex.asm.transform.LoopDeroller] - Method java/util/TreeMap::getFloorEntry(java/lang/Object): java/util/TreeMap$Entry, unrolling loop org.jetbrains.research.kfg.analysis.Loop@5b00c47a to 1 iterations
2021-06-11 17:16:17.069 [DEBUG][org.jetbrains.research.kex.asm.transform.LoopDeroller] - Method java/util/TreeMap::getHigherEntry(java/lang/Object): java/util/TreeMap$Entry, unrolling loop org.jetbrains.research.kfg.analysis.Loop@3291bc3a to 1 iterations
2021-06-11 17:16:17.069 [DEBUG][org.jetbrains.research.kex.asm.transform.LoopDeroller] - Method java/util/TreeMap::getHigherEntry(java/lang/Object): java/util/TreeMap$Entry, unrolling loop org.jetbrains.research.kfg.analysis.Loop@1b8cdfe7 to 1 iterations
2021-06-11 17:16:17.072 [DEBUG][org.jetbrains.research.kex.asm.transform.LoopDeroller] - Method java/util/TreeMap::getLowerEntry(java/lang/Object): java/util/TreeMap$Entry, unrolling loop org.jetbrains.research.kfg.analysis.Loop@66432b9a to 1 iterations
2021-06-11 17:16:17.074 [DEBUG][org.jetbrains.research.kex.asm.transform.LoopDeroller] - Method java/util/TreeMap::getLowerEntry(java/lang/Object): java/util/TreeMap$Entry, unrolling loop org.jetbrains.research.kfg.analysis.Loop@6f8015b9 to 1 iterations
2021-06-11 17:16:17.074 [DEBUG][org.jetbrains.research.kex.asm.transform.LoopDeroller] - Method java/util/TreeMap::put(java/lang/Object, java/lang/Object): java/lang/Object, unrolling loop org.jetbrains.research.kfg.analysis.Loop@36b08995 to 1 iterations
2021-06-11 17:16:17.075 [DEBUG][org.jetbrains.research.kex.asm.transform.LoopDeroller] - Method java/util/TreeMap::put(java/lang/Object, java/lang/Object): java/lang/Object, unrolling loop org.jetbrains.research.kfg.analysis.Loop@687f3179 to 1 iterations
2021-06-11 17:16:17.076 [DEBUG][org.jetbrains.research.kex.asm.transform.LoopDeroller] - Method java/util/TreeMap::forEach(java/util/function/BiConsumer): void, unrolling loop org.jetbrains.research.kfg.analysis.Loop@4421b83d to 1 iterations
2021-06-11 17:16:17.076 [DEBUG][org.jetbrains.research.kex.asm.transform.LoopDeroller] - Method java/util/TreeMap::replaceAll(java/util/function/BiFunction): void, unrolling loop org.jetbrains.research.kfg.analysis.Loop@3ed9a900 to 1 iterations
2021-06-11 17:16:17.077 [DEBUG][org.jetbrains.research.kex.asm.transform.LoopDeroller] - Method java/util/TreeMap::getFirstEntry(): java/util/TreeMap$Entry, unrolling loop org.jetbrains.research.kfg.analysis.Loop@52c95256 to 1 iterations
2021-06-11 17:16:17.077 [DEBUG][org.jetbrains.research.kex.asm.transform.LoopDeroller] - Method java/util/TreeMap::getLastEntry(): java/util/TreeMap$Entry, unrolling loop org.jetbrains.research.kfg.analysis.Loop@4b03f0d6 to 1 iterations
2021-06-11 17:16:17.078 [DEBUG][org.jetbrains.research.kex.asm.transform.LoopDeroller] - Method java/util/TreeMap::successor(java/util/TreeMap$Entry): java/util/TreeMap$Entry, unrolling loop org.jetbrains.research.kfg.analysis.Loop@5aa5fb8b to 1 iterations
2021-06-11 17:16:17.079 [DEBUG][org.jetbrains.research.kex.asm.transform.LoopDeroller] - Method java/util/TreeMap::successor(java/util/TreeMap$Entry): java/util/TreeMap$Entry, unrolling loop org.jetbrains.research.kfg.analysis.Loop@10e65709 to 1 iterations
2021-06-11 17:16:17.079 [DEBUG][org.jetbrains.research.kex.asm.transform.LoopDeroller] - Method java/util/TreeMap::predecessor(java/util/TreeMap$Entry): java/util/TreeMap$Entry, unrolling loop org.jetbrains.research.kfg.analysis.Loop@6ae79cbd to 1 iterations
2021-06-11 17:16:17.079 [DEBUG][org.jetbrains.research.kex.asm.transform.LoopDeroller] - Method java/util/TreeMap::predecessor(java/util/TreeMap$Entry): java/util/TreeMap$Entry, unrolling loop org.jetbrains.research.kfg.analysis.Loop@5d83441d to 1 iterations
2021-06-11 17:16:17.081 [DEBUG][org.jetbrains.research.kex.asm.transform.LoopDeroller] - Method java/util/TreeMap::fixAfterInsertion(java/util/TreeMap$Entry): void, unrolling loop org.jetbrains.research.kfg.analysis.Loop@482b0806 to 1 iterations
2021-06-11 17:16:17.085 [DEBUG][org.jetbrains.research.kex.asm.transform.LoopDeroller] - Method java/util/TreeMap::fixAfterDeletion(java/util/TreeMap$Entry): void, unrolling loop org.jetbrains.research.kfg.analysis.Loop@55b50643 to 1 iterations
2021-06-11 17:16:17.089 [DEBUG][org.jetbrains.research.kex.asm.transform.LoopDeroller] - Method java/util/TreeMap::writeObject(java/io/ObjectOutputStream): void, unrolling loop org.jetbrains.research.kfg.analysis.Loop@108b6351 to 1 iterations
2021-06-11 17:16:17.092 [DEBUG][org.jetbrains.research.kex.asm.transform.LoopDeroller] - Method java/util/TreeMap::computeRedLevel(int): int, unrolling loop org.jetbrains.research.kfg.analysis.Loop@7af6b4ae to 1 iterations
2021-06-11 17:16:17.093 [DEBUG][org.jetbrains.research.kex.asm.transform.LoopDeroller] - Method java/util/Collections::indexedBinarySearch(java/util/List, java/lang/Object): int, unrolling loop org.jetbrains.research.kfg.analysis.Loop@3874d136 to 1 iterations
2021-06-11 17:16:17.094 [DEBUG][org.jetbrains.research.kex.asm.transform.LoopDeroller] - Method java/util/Collections::iteratorBinarySearch(java/util/List, java/lang/Object): int, unrolling loop org.jetbrains.research.kfg.analysis.Loop@428c7e62 to 1 iterations
2021-06-11 17:16:17.094 [DEBUG][org.jetbrains.research.kex.asm.transform.LoopDeroller] - Method java/util/Collections::get(java/util/ListIterator, int): java/lang/Object, unrolling loop org.jetbrains.research.kfg.analysis.Loop@62a9bf4d to 1 iterations
2021-06-11 17:16:17.095 [DEBUG][org.jetbrains.research.kex.asm.transform.LoopDeroller] - Method java/util/Collections::get(java/util/ListIterator, int): java/lang/Object, unrolling loop org.jetbrains.research.kfg.analysis.Loop@32fce780 to 1 iterations
2021-06-11 17:16:17.095 [DEBUG][org.jetbrains.research.kex.asm.transform.LoopDeroller] - Method java/util/Collections::indexedBinarySearch(java/util/List, java/lang/Object, java/util/Comparator): int, unrolling loop org.jetbrains.research.kfg.analysis.Loop@4f5b859 to 1 iterations
2021-06-11 17:16:17.096 [DEBUG][org.jetbrains.research.kex.asm.transform.LoopDeroller] - Method java/util/Collections::iteratorBinarySearch(java/util/List, java/lang/Object, java/util/Comparator): int, unrolling loop org.jetbrains.research.kfg.analysis.Loop@49aa1ee4 to 1 iterations
2021-06-11 17:16:17.097 [DEBUG][org.jetbrains.research.kex.asm.transform.LoopDeroller] - Method java/util/Collections::reverse(java/util/List): void, unrolling loop org.jetbrains.research.kfg.analysis.Loop@1f4616a7 to 1 iterations
2021-06-11 17:16:17.098 [DEBUG][org.jetbrains.research.kex.asm.transform.LoopDeroller] - Method java/util/Collections::reverse(java/util/List): void, unrolling loop org.jetbrains.research.kfg.analysis.Loop@dd8d573 to 1 iterations
2021-06-11 17:16:17.099 [DEBUG][org.jetbrains.research.kex.asm.transform.LoopDeroller] - Method java/util/Collections::shuffle(java/util/List, java/util/Random): void, unrolling loop org.jetbrains.research.kfg.analysis.Loop@20d826cb to 1 iterations
2021-06-11 17:16:17.099 [DEBUG][org.jetbrains.research.kex.asm.transform.LoopDeroller] - Method java/util/Collections::shuffle(java/util/List, java/util/Random): void, unrolling loop org.jetbrains.research.kfg.analysis.Loop@c80bc8b to 1 iterations
2021-06-11 17:16:17.099 [DEBUG][org.jetbrains.research.kex.asm.transform.LoopDeroller] - Method java/util/Collections::shuffle(java/util/List, java/util/Random): void, unrolling loop org.jetbrains.research.kfg.analysis.Loop@34bd1982 to 1 iterations
2021-06-11 17:16:17.100 [DEBUG][org.jetbrains.research.kex.asm.transform.LoopDeroller] - Method java/util/Collections::fill(java/util/List, java/lang/Object): void, unrolling loop org.jetbrains.research.kfg.analysis.Loop@424bf56b to 1 iterations
2021-06-11 17:16:17.100 [DEBUG][org.jetbrains.research.kex.asm.transform.LoopDeroller] - Method java/util/Collections::fill(java/util/List, java/lang/Object): void, unrolling loop org.jetbrains.research.kfg.analysis.Loop@769254eb to 1 iterations
2021-06-11 17:16:17.103 [DEBUG][org.jetbrains.research.kex.asm.transform.LoopDeroller] - Method java/util/Collections::copy(java/util/List, java/util/List): void, unrolling loop org.jetbrains.research.kfg.analysis.Loop@3ca5b7e7 to 1 iterations
2021-06-11 17:16:17.104 [DEBUG][org.jetbrains.research.kex.asm.transform.LoopDeroller] - Method java/util/Collections::copy(java/util/List, java/util/List): void, unrolling loop org.jetbrains.research.kfg.analysis.Loop@7baeb0b2 to 1 iterations
2021-06-11 17:16:17.104 [DEBUG][org.jetbrains.research.kex.asm.transform.LoopDeroller] - Method java/util/Collections::min(java/util/Collection): java/lang/Object, unrolling loop org.jetbrains.research.kfg.analysis.Loop@48f93276 to 1 iterations
2021-06-11 17:16:17.105 [DEBUG][org.jetbrains.research.kex.asm.transform.LoopDeroller] - Method java/util/Collections::min(java/util/Collection, java/util/Comparator): java/lang/Object, unrolling loop org.jetbrains.research.kfg.analysis.Loop@2040ea25 to 1 iterations
2021-06-11 17:16:17.105 [DEBUG][org.jetbrains.research.kex.asm.transform.LoopDeroller] - Method java/util/Collections::max(java/util/Collection): java/lang/Object, unrolling loop org.jetbrains.research.kfg.analysis.Loop@70c588e to 1 iterations
2021-06-11 17:16:17.106 [DEBUG][org.jetbrains.research.kex.asm.transform.LoopDeroller] - Method java/util/Collections::max(java/util/Collection, java/util/Comparator): java/lang/Object, unrolling loop org.jetbrains.research.kfg.analysis.Loop@40c8c408 to 1 iterations
2021-06-11 17:16:17.106 [DEBUG][org.jetbrains.research.kex.asm.transform.LoopDeroller] - Method java/util/Collections::rotate1(java/util/List, int): void, unrolling loop org.jetbrains.research.kfg.analysis.Loop@2ec65d60 to 1 iterations
2021-06-11 17:16:17.107 [DEBUG][org.jetbrains.research.kex.asm.transform.LoopDeroller] - Method java/util/Collections::rotate1(java/util/List, int): void, unrolling loop org.jetbrains.research.kfg.analysis.Loop@420ce08b to 1 iterations
2021-06-11 17:16:17.108 [DEBUG][org.jetbrains.research.kex.asm.transform.LoopDeroller] - Method java/util/Collections::replaceAll(java/util/List, java/lang/Object, java/lang/Object): bool, unrolling loop org.jetbrains.research.kfg.analysis.Loop@6c2db4df to 1 iterations
2021-06-11 17:16:17.108 [DEBUG][org.jetbrains.research.kex.asm.transform.LoopDeroller] - Method java/util/Collections::replaceAll(java/util/List, java/lang/Object, java/lang/Object): bool, unrolling loop org.jetbrains.research.kfg.analysis.Loop@460f58d5 to 1 iterations
2021-06-11 17:16:17.109 [DEBUG][org.jetbrains.research.kex.asm.transform.LoopDeroller] - Method java/util/Collections::replaceAll(java/util/List, java/lang/Object, java/lang/Object): bool, unrolling loop org.jetbrains.research.kfg.analysis.Loop@27cdc856 to 1 iterations
2021-06-11 17:16:17.109 [DEBUG][org.jetbrains.research.kex.asm.transform.LoopDeroller] - Method java/util/Collections::replaceAll(java/util/List, java/lang/Object, java/lang/Object): bool, unrolling loop org.jetbrains.research.kfg.analysis.Loop@119bd7f0 to 1 iterations
2021-06-11 17:16:17.110 [DEBUG][org.jetbrains.research.kex.asm.transform.LoopDeroller] - Method java/util/Collections::indexOfSubList(java/util/List, java/util/List): int, unrolling loop org.jetbrains.research.kfg.analysis.Loop@461a7d1c to 1 iterations
2021-06-11 17:16:17.110 [DEBUG][org.jetbrains.research.kex.asm.transform.LoopDeroller] - Method java/util/Collections::indexOfSubList(java/util/List, java/util/List): int, unrolling loop org.jetbrains.research.kfg.analysis.Loop@16bbc043 to 1 iterations
2021-06-11 17:16:17.110 [DEBUG][org.jetbrains.research.kex.asm.transform.LoopDeroller] - Method java/util/Collections::indexOfSubList(java/util/List, java/util/List): int, unrolling loop org.jetbrains.research.kfg.analysis.Loop@51488e08 to 1 iterations
2021-06-11 17:16:17.111 [DEBUG][org.jetbrains.research.kex.asm.transform.LoopDeroller] - Method java/util/Collections::indexOfSubList(java/util/List, java/util/List): int, unrolling loop org.jetbrains.research.kfg.analysis.Loop@51e25702 to 1 iterations
2021-06-11 17:16:17.114 [DEBUG][org.jetbrains.research.kex.asm.transform.LoopDeroller] - Method java/util/Collections::indexOfSubList(java/util/List, java/util/List): int, unrolling loop org.jetbrains.research.kfg.analysis.Loop@2907dd00 to 1 iterations
2021-06-11 17:16:17.115 [DEBUG][org.jetbrains.research.kex.asm.transform.LoopDeroller] - Method java/util/Collections::lastIndexOfSubList(java/util/List, java/util/List): int, unrolling loop org.jetbrains.research.kfg.analysis.Loop@6ea684f1 to 1 iterations
2021-06-11 17:16:17.115 [DEBUG][org.jetbrains.research.kex.asm.transform.LoopDeroller] - Method java/util/Collections::lastIndexOfSubList(java/util/List, java/util/List): int, unrolling loop org.jetbrains.research.kfg.analysis.Loop@737b552b to 1 iterations
2021-06-11 17:16:17.115 [DEBUG][org.jetbrains.research.kex.asm.transform.LoopDeroller] - Method java/util/Collections::lastIndexOfSubList(java/util/List, java/util/List): int, unrolling loop org.jetbrains.research.kfg.analysis.Loop@525546e7 to 1 iterations
2021-06-11 17:16:17.119 [DEBUG][org.jetbrains.research.kex.asm.transform.LoopDeroller] - Method java/util/Collections::lastIndexOfSubList(java/util/List, java/util/List): int, unrolling loop org.jetbrains.research.kfg.analysis.Loop@4ab7cd6c to 1 iterations
2021-06-11 17:16:17.119 [DEBUG][org.jetbrains.research.kex.asm.transform.LoopDeroller] - Method java/util/Collections::lastIndexOfSubList(java/util/List, java/util/List): int, unrolling loop org.jetbrains.research.kfg.analysis.Loop@634c0e23 to 1 iterations
2021-06-11 17:16:17.120 [DEBUG][org.jetbrains.research.kex.asm.transform.LoopDeroller] - Method java/util/Collections::list(java/util/Enumeration): java/util/ArrayList, unrolling loop org.jetbrains.research.kfg.analysis.Loop@65ad4c8f to 1 iterations
2021-06-11 17:16:17.121 [DEBUG][org.jetbrains.research.kex.asm.transform.LoopDeroller] - Method java/util/Collections::frequency(java/util/Collection, java/lang/Object): int, unrolling loop org.jetbrains.research.kfg.analysis.Loop@4c3ff28e to 1 iterations
2021-06-11 17:16:17.122 [DEBUG][org.jetbrains.research.kex.asm.transform.LoopDeroller] - Method java/util/Collections::frequency(java/util/Collection, java/lang/Object): int, unrolling loop org.jetbrains.research.kfg.analysis.Loop@73a9f718 to 1 iterations
2021-06-11 17:16:17.122 [DEBUG][org.jetbrains.research.kex.asm.transform.LoopDeroller] - Method java/util/Collections::disjoint(java/util/Collection, java/util/Collection): bool, unrolling loop org.jetbrains.research.kfg.analysis.Loop@506806bf to 1 iterations
2021-06-11 17:16:17.122 [DEBUG][org.jetbrains.research.kex.asm.transform.LoopDeroller] - Method java/util/Collections::addAll(java/util/Collection, java/lang/Object[]): bool, unrolling loop org.jetbrains.research.kfg.analysis.Loop@1f7ee821 to 1 iterations
2021-06-11 17:16:17.124 [DEBUG][org.jetbrains.research.kex.asm.transform.LoopDeroller] - Method java/util/HashMap$EntrySpliterator::forEachRemaining(java/util/function/Consumer): void, unrolling loop org.jetbrains.research.kfg.analysis.Loop@3562426b to 1 iterations
2021-06-11 17:16:17.125 [DEBUG][org.jetbrains.research.kex.asm.transform.LoopDeroller] - Method java/util/HashMap$EntrySpliterator::tryAdvance(java/util/function/Consumer): bool, unrolling loop org.jetbrains.research.kfg.analysis.Loop@57028d06 to 1 iterations
2021-06-11 17:16:17.126 [DEBUG][org.jetbrains.research.kex.asm.transform.LoopDeroller] - Method java/util/TimerThread::mainLoop(): void, unrolling loop org.jetbrains.research.kfg.analysis.Loop@682fbbc5 to 1 iterations
2021-06-11 17:16:17.126 [DEBUG][org.jetbrains.research.kex.asm.transform.LoopDeroller] - Method java/util/TimerThread::mainLoop(): void, unrolling loop org.jetbrains.research.kfg.analysis.Loop@48f4df98 to 1 iterations
2021-06-11 17:16:17.130 [DEBUG][org.jetbrains.research.kex.asm.transform.LoopDeroller] - Method java/lang/CharacterDataLatin1::<clinit>(): void, unrolling loop org.jetbrains.research.kfg.analysis.Loop@3153e61f to 1 iterations
2021-06-11 17:16:17.130 [DEBUG][org.jetbrains.research.kex.asm.transform.LoopDeroller] - Method java/lang/Short$ShortCache::<clinit>(): void, unrolling loop org.jetbrains.research.kfg.analysis.Loop@6af7ac0 to 1 iterations
2021-06-11 17:16:17.131 [DEBUG][org.jetbrains.research.kex.asm.transform.LoopDeroller] - Method java/util/concurrent/atomic/AtomicLongFieldUpdater::getAndSet(java/lang/Object, long): long, unrolling loop org.jetbrains.research.kfg.analysis.Loop@6a9cdfc8 to 1 iterations
2021-06-11 17:16:17.131 [DEBUG][org.jetbrains.research.kex.asm.transform.LoopDeroller] - Method java/util/concurrent/atomic/AtomicLongFieldUpdater::getAndIncrement(java/lang/Object): long, unrolling loop org.jetbrains.research.kfg.analysis.Loop@1a3d82fa to 1 iterations
2021-06-11 17:16:17.132 [DEBUG][org.jetbrains.research.kex.asm.transform.LoopDeroller] - Method java/util/concurrent/atomic/AtomicLongFieldUpdater::getAndDecrement(java/lang/Object): long, unrolling loop org.jetbrains.research.kfg.analysis.Loop@7f8fe54c to 1 iterations
2021-06-11 17:16:17.134 [DEBUG][org.jetbrains.research.kex.asm.transform.LoopDeroller] - Method java/util/concurrent/atomic/AtomicLongFieldUpdater::getAndAdd(java/lang/Object, long): long, unrolling loop org.jetbrains.research.kfg.analysis.Loop@675ca4bd to 1 iterations
2021-06-11 17:16:17.135 [DEBUG][org.jetbrains.research.kex.asm.transform.LoopDeroller] - Method java/util/concurrent/atomic/AtomicLongFieldUpdater::incrementAndGet(java/lang/Object): long, unrolling loop org.jetbrains.research.kfg.analysis.Loop@4b80157c to 1 iterations
2021-06-11 17:16:17.135 [DEBUG][org.jetbrains.research.kex.asm.transform.LoopDeroller] - Method java/util/concurrent/atomic/AtomicLongFieldUpdater::decrementAndGet(java/lang/Object): long, unrolling loop org.jetbrains.research.kfg.analysis.Loop@24568b71 to 1 iterations
2021-06-11 17:16:17.135 [DEBUG][org.jetbrains.research.kex.asm.transform.LoopDeroller] - Method java/util/concurrent/atomic/AtomicLongFieldUpdater::addAndGet(java/lang/Object, long): long, unrolling loop org.jetbrains.research.kfg.analysis.Loop@1ed6f7e1 to 1 iterations
2021-06-11 17:16:17.136 [DEBUG][org.jetbrains.research.kex.asm.transform.LoopDeroller] - Method java/util/concurrent/atomic/AtomicLongFieldUpdater::getAndUpdate(java/lang/Object, java/util/function/LongUnaryOperator): long, unrolling loop org.jetbrains.research.kfg.analysis.Loop@7d7422fe to 1 iterations
2021-06-11 17:16:17.136 [DEBUG][org.jetbrains.research.kex.asm.transform.LoopDeroller] - Method java/util/concurrent/atomic/AtomicLongFieldUpdater::updateAndGet(java/lang/Object, java/util/function/LongUnaryOperator): long, unrolling loop org.jetbrains.research.kfg.analysis.Loop@710e0040 to 1 iterations
2021-06-11 17:16:17.138 [DEBUG][org.jetbrains.research.kex.asm.transform.LoopDeroller] - Method java/util/concurrent/atomic/AtomicLongFieldUpdater::getAndAccumulate(java/lang/Object, long, java/util/function/LongBinaryOperator): long, unrolling loop org.jetbrains.research.kfg.analysis.Loop@7756e505 to 1 iterations
2021-06-11 17:16:17.140 [DEBUG][org.jetbrains.research.kex.asm.transform.LoopDeroller] - Method java/util/concurrent/atomic/AtomicLongFieldUpdater::accumulateAndGet(java/lang/Object, long, java/util/function/LongBinaryOperator): long, unrolling loop org.jetbrains.research.kfg.analysis.Loop@1c99ad8d to 1 iterations
2021-06-11 17:16:17.140 [DEBUG][org.jetbrains.research.kex.asm.transform.LoopDeroller] - Method java/util/concurrent/atomic/AtomicLongFieldUpdater::isAncestor(java/lang/ClassLoader, java/lang/ClassLoader): bool, unrolling loop org.jetbrains.research.kfg.analysis.Loop@4e788e21 to 1 iterations
2021-06-11 17:16:17.141 [DEBUG][org.jetbrains.research.kex.asm.transform.LoopDeroller] - Method java/util/ArrayList$Itr::forEachRemaining(java/util/function/Consumer): void, unrolling loop org.jetbrains.research.kfg.analysis.Loop@1f72bdda to 1 iterations
2021-06-11 17:16:17.142 [DEBUG][org.jetbrains.research.kex.asm.transform.LoopDeroller] - Method java/util/spi/LocaleServiceProvider::isSupportedLocale(java/util/Locale): bool, unrolling loop org.jetbrains.research.kfg.analysis.Loop@3c9015e2 to 1 iterations
2021-06-11 17:16:17.143 [DEBUG][org.jetbrains.research.kex.asm.transform.LoopDeroller] - Method java/util/concurrent/locks/AbstractQueuedLongSynchronizer::enq(java/util/concurrent/locks/AbstractQueuedLongSynchronizer$Node): java/util/concurrent/locks/AbstractQueuedLongSynchronizer$Node, unrolling loop org.jetbrains.research.kfg.analysis.Loop@595e345f to 1 iterations
2021-06-11 17:16:17.143 [DEBUG][org.jetbrains.research.kex.asm.transform.LoopDeroller] - Method java/util/concurrent/locks/AbstractQueuedLongSynchronizer::unparkSuccessor(java/util/concurrent/locks/AbstractQueuedLongSynchronizer$Node): void, unrolling loop org.jetbrains.research.kfg.analysis.Loop@19320fa7 to 1 iterations
2021-06-11 17:16:17.144 [DEBUG][org.jetbrains.research.kex.asm.transform.LoopDeroller] - Method java/util/concurrent/locks/AbstractQueuedLongSynchronizer::doReleaseShared(): void, unrolling loop org.jetbrains.research.kfg.analysis.Loop@5d4e319b to 1 iterations
2021-06-11 17:16:17.145 [DEBUG][org.jetbrains.research.kex.asm.transform.LoopDeroller] - Method java/util/concurrent/locks/AbstractQueuedLongSynchronizer::cancelAcquire(java/util/concurrent/locks/AbstractQueuedLongSynchronizer$Node): void, unrolling loop org.jetbrains.research.kfg.analysis.Loop@3bbb6c87 to 1 iterations
2021-06-11 17:16:17.145 [DEBUG][org.jetbrains.research.kex.asm.transform.LoopDeroller] - Method java/util/concurrent/locks/AbstractQueuedLongSynchronizer::shouldParkAfterFailedAcquire(java/util/concurrent/locks/AbstractQueuedLongSynchronizer$Node, java/util/concurrent/locks/AbstractQueuedLongSynchronizer$Node): bool, unrolling loop org.jetbrains.research.kfg.analysis.Loop@339f652f to 1 iterations
2021-06-11 17:16:17.146 [DEBUG][org.jetbrains.research.kex.asm.transform.LoopDeroller] - Method java/util/concurrent/locks/AbstractQueuedLongSynchronizer::acquireQueued(java/util/concurrent/locks/AbstractQueuedLongSynchronizer$Node, long): bool, unrolling loop org.jetbrains.research.kfg.analysis.Loop@119f4f69 to 1 iterations
2021-06-11 17:16:17.147 [DEBUG][org.jetbrains.research.kex.asm.transform.LoopDeroller] - Method java/util/concurrent/locks/AbstractQueuedLongSynchronizer::doAcquireInterruptibly(long): void, unrolling loop org.jetbrains.research.kfg.analysis.Loop@7c67e864 to 1 iterations
2021-06-11 17:16:17.148 [DEBUG][org.jetbrains.research.kex.asm.transform.LoopDeroller] - Method java/util/concurrent/locks/AbstractQueuedLongSynchronizer::doAcquireNanos(long, long): bool, unrolling loop org.jetbrains.research.kfg.analysis.Loop@7c11293e to 1 iterations
2021-06-11 17:16:17.150 [DEBUG][org.jetbrains.research.kex.asm.transform.LoopDeroller] - Method java/util/concurrent/locks/AbstractQueuedLongSynchronizer::doAcquireShared(long): void, unrolling loop org.jetbrains.research.kfg.analysis.Loop@4055ac72 to 1 iterations
2021-06-11 17:16:17.151 [DEBUG][org.jetbrains.research.kex.asm.transform.LoopDeroller] - Method java/util/concurrent/locks/AbstractQueuedLongSynchronizer::doAcquireSharedInterruptibly(long): void, unrolling loop org.jetbrains.research.kfg.analysis.Loop@6e8e65b4 to 1 iterations
2021-06-11 17:16:17.151 [DEBUG][org.jetbrains.research.kex.asm.transform.LoopDeroller] - Method java/util/concurrent/locks/AbstractQueuedLongSynchronizer::doAcquireSharedNanos(long, long): bool, unrolling loop org.jetbrains.research.kfg.analysis.Loop@213dc8d2 to 1 iterations
2021-06-11 17:16:17.152 [DEBUG][org.jetbrains.research.kex.asm.transform.LoopDeroller] - Method java/util/concurrent/locks/AbstractQueuedLongSynchronizer::fullGetFirstQueuedThread(): java/lang/Thread, unrolling loop org.jetbrains.research.kfg.analysis.Loop@5f876a08 to 1 iterations
2021-06-11 17:16:17.153 [DEBUG][org.jetbrains.research.kex.asm.transform.LoopDeroller] - Method java/util/concurrent/locks/AbstractQueuedLongSynchronizer::isQueued(java/lang/Thread): bool, unrolling loop org.jetbrains.research.kfg.analysis.Loop@49c109f to 1 iterations
2021-06-11 17:16:17.156 [DEBUG][org.jetbrains.research.kex.asm.transform.LoopDeroller] - Method java/util/concurrent/locks/AbstractQueuedLongSynchronizer::getQueueLength(): int, unrolling loop org.jetbrains.research.kfg.analysis.Loop@28de862 to 1 iterations
2021-06-11 17:16:17.157 [DEBUG][org.jetbrains.research.kex.asm.transform.LoopDeroller] - Method java/util/concurrent/locks/AbstractQueuedLongSynchronizer::getQueuedThreads(): java/util/Collection, unrolling loop org.jetbrains.research.kfg.analysis.Loop@6ba17f19 to 1 iterations
2021-06-11 17:16:17.157 [DEBUG][org.jetbrains.research.kex.asm.transform.LoopDeroller] - Method java/util/concurrent/locks/AbstractQueuedLongSynchronizer::getExclusiveQueuedThreads(): java/util/Collection, unrolling loop org.jetbrains.research.kfg.analysis.Loop@1b2595a9 to 1 iterations
2021-06-11 17:16:17.158 [DEBUG][org.jetbrains.research.kex.asm.transform.LoopDeroller] - Method java/util/concurrent/locks/AbstractQueuedLongSynchronizer::getSharedQueuedThreads(): java/util/Collection, unrolling loop org.jetbrains.research.kfg.analysis.Loop@11ca6a2b to 1 iterations
2021-06-11 17:16:17.160 [DEBUG][org.jetbrains.research.kex.asm.transform.LoopDeroller] - Method java/util/concurrent/locks/AbstractQueuedLongSynchronizer::findNodeFromTail(java/util/concurrent/locks/AbstractQueuedLongSynchronizer$Node): bool, unrolling loop org.jetbrains.research.kfg.analysis.Loop@4279ff02 to 1 iterations
2021-06-11 17:16:17.162 [DEBUG][org.jetbrains.research.kex.asm.transform.LoopDeroller] - Method java/util/concurrent/locks/AbstractQueuedLongSynchronizer::transferAfterCancelledWait(java/util/concurrent/locks/AbstractQueuedLongSynchronizer$Node): bool, unrolling loop org.jetbrains.research.kfg.analysis.Loop@22d99e77 to 1 iterations
2021-06-11 17:16:17.163 [DEBUG][org.jetbrains.research.kex.asm.transform.LoopDeroller] - Method java/util/TreeMap$NavigableSubMap$SubMapKeyIterator::forEachRemaining(java/util/function/Consumer): void, unrolling loop org.jetbrains.research.kfg.analysis.Loop@f49b4d9 to 1 iterations
2021-06-11 17:16:17.164 [DEBUG][org.jetbrains.research.kex.asm.transform.LoopDeroller] - Method java/util/regex/Pattern$BnM::optimize(java/util/regex/Pattern$Node): java/util/regex/Pattern$Node, unrolling loop org.jetbrains.research.kfg.analysis.Loop@292b0b0e to 1 iterations
2021-06-11 17:16:17.166 [DEBUG][org.jetbrains.research.kex.asm.transform.LoopDeroller] - Method java/util/regex/Pattern$BnM::optimize(java/util/regex/Pattern$Node): java/util/regex/Pattern$Node, unrolling loop org.jetbrains.research.kfg.analysis.Loop@70f89c22 to 1 iterations
2021-06-11 17:16:17.167 [DEBUG][org.jetbrains.research.kex.asm.transform.LoopDeroller] - Method java/util/regex/Pattern$BnM::optimize(java/util/regex/Pattern$Node): java/util/regex/Pattern$Node, unrolling loop org.jetbrains.research.kfg.analysis.Loop@252213fe to 1 iterations
2021-06-11 17:16:17.168 [DEBUG][org.jetbrains.research.kex.asm.transform.LoopDeroller] - Method java/util/regex/Pattern$BnM::optimize(java/util/regex/Pattern$Node): java/util/regex/Pattern$Node, unrolling loop org.jetbrains.research.kfg.analysis.Loop@6f447c1a to 1 iterations
2021-06-11 17:16:17.168 [DEBUG][org.jetbrains.research.kex.asm.transform.LoopDeroller] - Method java/util/regex/Pattern$BnM::match(java/util/regex/Matcher, int, java/lang/CharSequence): bool, unrolling loop org.jetbrains.research.kfg.analysis.Loop@68b37fae to 1 iterations
2021-06-11 17:16:17.169 [DEBUG][org.jetbrains.research.kex.asm.transform.LoopDeroller] - Method java/util/regex/Pattern$BnM::match(java/util/regex/Matcher, int, java/lang/CharSequence): bool, unrolling loop org.jetbrains.research.kfg.analysis.Loop@400c81fd to 1 iterations
2021-06-11 17:16:17.170 [DEBUG][org.jetbrains.research.kex.asm.transform.LoopDeroller] - Method java/util/SplittableRandom$RandomIntsSpliterator::forEachRemaining(java/util/function/IntConsumer): void, unrolling loop org.jetbrains.research.kfg.analysis.Loop@38e91da4 to 1 iterations
2021-06-11 17:16:17.171 [DEBUG][org.jetbrains.research.kex.asm.transform.LoopDeroller] - Method java/util/concurrent/ConcurrentHashMap$CollectionView::toArray(): java/lang/Object[], unrolling loop org.jetbrains.research.kfg.analysis.Loop@36906c27 to 1 iterations
2021-06-11 17:16:17.171 [DEBUG][org.jetbrains.research.kex.asm.transform.LoopDeroller] - Method java/util/concurrent/ConcurrentHashMap$CollectionView::toArray(java/lang/Object[]): java/lang/Object[], unrolling loop org.jetbrains.research.kfg.analysis.Loop@593869f3 to 1 iterations
2021-06-11 17:16:17.172 [DEBUG][org.jetbrains.research.kex.asm.transform.LoopDeroller] - Method java/util/concurrent/ConcurrentHashMap$CollectionView::toString(): java/lang/String, unrolling loop org.jetbrains.research.kfg.analysis.Loop@7ffb83e1 to 1 iterations
2021-06-11 17:16:17.172 [DEBUG][org.jetbrains.research.kex.asm.transform.LoopDeroller] - Method java/util/concurrent/ConcurrentHashMap$CollectionView::containsAll(java/util/Collection): bool, unrolling loop org.jetbrains.research.kfg.analysis.Loop@53d86390 to 1 iterations
2021-06-11 17:16:17.173 [DEBUG][org.jetbrains.research.kex.asm.transform.LoopDeroller] - Method java/util/concurrent/ConcurrentHashMap$CollectionView::removeAll(java/util/Collection): bool, unrolling loop org.jetbrains.research.kfg.analysis.Loop@7f2f54de to 1 iterations
2021-06-11 17:16:17.173 [DEBUG][org.jetbrains.research.kex.asm.transform.LoopDeroller] - Method java/util/concurrent/ConcurrentHashMap$CollectionView::retainAll(java/util/Collection): bool, unrolling loop org.jetbrains.research.kfg.analysis.Loop@91071ff to 1 iterations
2021-06-11 17:16:17.176 [DEBUG][org.jetbrains.research.kex.asm.transform.LoopDeroller] - Method java/lang/SecurityManager::getRootGroup(): java/lang/ThreadGroup, unrolling loop org.jetbrains.research.kfg.analysis.Loop@1611742a to 1 iterations
2021-06-11 17:16:17.178 [DEBUG][org.jetbrains.research.kex.asm.transform.LoopDeroller] - Method java/lang/SecurityManager::getPackages(java/lang/String): java/lang/String[], unrolling loop org.jetbrains.research.kfg.analysis.Loop@250a5115 to 1 iterations
2021-06-11 17:16:17.179 [DEBUG][org.jetbrains.research.kex.asm.transform.LoopDeroller] - Method java/lang/SecurityManager::checkPackageAccess(java/lang/String): void, unrolling loop org.jetbrains.research.kfg.analysis.Loop@5e5c3bba to 1 iterations
2021-06-11 17:16:17.181 [DEBUG][org.jetbrains.research.kex.asm.transform.LoopDeroller] - Method java/lang/SecurityManager::checkPackageDefinition(java/lang/String): void, unrolling loop org.jetbrains.research.kfg.analysis.Loop@fb2b734 to 1 iterations
2021-06-11 17:16:17.183 [DEBUG][org.jetbrains.research.kex.asm.transform.LoopDeroller] - Method java/util/ArraysParallelSortHelpers$FJDouble$Merger::compute(): void, unrolling loop org.jetbrains.research.kfg.analysis.Loop@5a197720 to 1 iterations
2021-06-11 17:16:17.184 [DEBUG][org.jetbrains.research.kex.asm.transform.LoopDeroller] - Method java/util/ArraysParallelSortHelpers$FJDouble$Merger::compute(): void, unrolling loop org.jetbrains.research.kfg.analysis.Loop@6b51efc0 to 1 iterations
2021-06-11 17:16:17.185 [DEBUG][org.jetbrains.research.kex.asm.transform.LoopDeroller] - Method java/util/ArraysParallelSortHelpers$FJDouble$Merger::compute(): void, unrolling loop org.jetbrains.research.kfg.analysis.Loop@2872fb8a to 1 iterations
2021-06-11 17:16:17.185 [DEBUG][org.jetbrains.research.kex.asm.transform.LoopDeroller] - Method java/util/ArraysParallelSortHelpers$FJDouble$Merger::compute(): void, unrolling loop org.jetbrains.research.kfg.analysis.Loop@4d0e9e64 to 1 iterations
2021-06-11 17:16:17.187 [DEBUG][org.jetbrains.research.kex.asm.transform.LoopDeroller] - Method java/io/DataInputStream::readFully(byte[], int, int): void, unrolling loop org.jetbrains.research.kfg.analysis.Loop@60d0fdff to 1 iterations
2021-06-11 17:16:17.187 [DEBUG][org.jetbrains.research.kex.asm.transform.LoopDeroller] - Method java/io/DataInputStream::skipBytes(int): int, unrolling loop org.jetbrains.research.kfg.analysis.Loop@5bf32dd1 to 1 iterations
2021-06-11 17:16:17.188 [DEBUG][org.jetbrains.research.kex.asm.transform.LoopDeroller] - Method java/io/DataInputStream::readLine(): java/lang/String, unrolling loop org.jetbrains.research.kfg.analysis.Loop@2f028aa6 to 1 iterations
2021-06-11 17:16:17.189 [DEBUG][org.jetbrains.research.kex.asm.transform.LoopDeroller] - Method java/io/DataInputStream::readUTF(java/io/DataInput): java/lang/String, unrolling loop org.jetbrains.research.kfg.analysis.Loop@231ebe67 to 1 iterations
2021-06-11 17:16:17.190 [DEBUG][org.jetbrains.research.kex.asm.transform.LoopDeroller] - Method java/io/DataInputStream::readUTF(java/io/DataInput): java/lang/String, unrolling loop org.jetbrains.research.kfg.analysis.Loop@58346a2e to 1 iterations
2021-06-11 17:16:17.190 [DEBUG][org.jetbrains.research.kex.asm.transform.LoopDeroller] - Method java/util/stream/ReferencePipeline::forEachWithCancel(java/util/Spliterator, java/util/stream/Sink): void, unrolling loop org.jetbrains.research.kfg.analysis.Loop@48a1461a to 1 iterations
2021-06-11 17:16:17.192 [DEBUG][org.jetbrains.research.kex.asm.transform.LoopDeroller] - Method java/util/logging/LogRecord::writeObject(java/io/ObjectOutputStream): void, unrolling loop org.jetbrains.research.kfg.analysis.Loop@42130247 to 1 iterations
2021-06-11 17:16:17.192 [DEBUG][org.jetbrains.research.kex.asm.transform.LoopDeroller] - Method java/util/logging/LogRecord::readObject(java/io/ObjectInputStream): void, unrolling loop org.jetbrains.research.kfg.analysis.Loop@2ab78811 to 1 iterations
2021-06-11 17:16:17.193 [DEBUG][org.jetbrains.research.kex.asm.transform.LoopDeroller] - Method java/util/logging/LogRecord::readObject(java/io/ObjectInputStream): void, unrolling loop org.jetbrains.research.kfg.analysis.Loop@4ffe3a31 to 1 iterations
2021-06-11 17:16:17.193 [DEBUG][org.jetbrains.research.kex.asm.transform.LoopDeroller] - Method java/util/logging/LogRecord::inferCaller(): void, unrolling loop org.jetbrains.research.kfg.analysis.Loop@e1c1e3 to 1 iterations
2021-06-11 17:16:17.195 [DEBUG][org.jetbrains.research.kex.asm.transform.LoopDeroller] - Method java/util/concurrent/ConcurrentHashMap$Traverser::advance(): java/util/concurrent/ConcurrentHashMap$Node, unrolling loop org.jetbrains.research.kfg.analysis.Loop@21ad3f3a to 1 iterations
2021-06-11 17:16:17.198 [DEBUG][org.jetbrains.research.kex.asm.transform.LoopDeroller] - Method java/util/concurrent/ConcurrentHashMap$Traverser::recoverState(int): void, unrolling loop org.jetbrains.research.kfg.analysis.Loop@434a593b to 1 iterations
2021-06-11 17:16:17.199 [DEBUG][org.jetbrains.research.kex.asm.transform.LoopDeroller] - Method java/util/Spliterators$IteratorSpliterator::trySplit(): java/util/Spliterator, unrolling loop org.jetbrains.research.kfg.analysis.Loop@3f305ea9 to 1 iterations
2021-06-11 17:16:17.201 [DEBUG][org.jetbrains.research.kex.asm.transform.LoopDeroller] - Method java/lang/CharSequence$1CodePointIterator::forEachRemaining(java/util/function/IntConsumer): void, unrolling loop org.jetbrains.research.kfg.analysis.Loop@7d543e8b to 1 iterations
2021-06-11 17:16:17.203 [DEBUG][org.jetbrains.research.kex.asm.transform.LoopDeroller] - Method java/util/JumboEnumSet::addRange(java/lang/Enum, java/lang/Enum): void, unrolling loop org.jetbrains.research.kfg.analysis.Loop@17860f1d to 1 iterations
2021-06-11 17:16:17.203 [DEBUG][org.jetbrains.research.kex.asm.transform.LoopDeroller] - Method java/util/JumboEnumSet::addAll(): void, unrolling loop org.jetbrains.research.kfg.analysis.Loop@42a8564a to 1 iterations
2021-06-11 17:16:17.203 [DEBUG][org.jetbrains.research.kex.asm.transform.LoopDeroller] - Method java/util/JumboEnumSet::complement(): void, unrolling loop org.jetbrains.research.kfg.analysis.Loop@8c5475e to 1 iterations
2021-06-11 17:16:17.204 [DEBUG][org.jetbrains.research.kex.asm.transform.LoopDeroller] - Method java/util/JumboEnumSet::containsAll(java/util/Collection): bool, unrolling loop org.jetbrains.research.kfg.analysis.Loop@30e4ec78 to 1 iterations
2021-06-11 17:16:17.205 [DEBUG][org.jetbrains.research.kex.asm.transform.LoopDeroller] - Method java/util/JumboEnumSet::addAll(java/util/Collection): bool, unrolling loop org.jetbrains.research.kfg.analysis.Loop@289bc761 to 1 iterations
2021-06-11 17:16:17.206 [DEBUG][org.jetbrains.research.kex.asm.transform.LoopDeroller] - Method java/util/JumboEnumSet::removeAll(java/util/Collection): bool, unrolling loop org.jetbrains.research.kfg.analysis.Loop@7aa0496b to 1 iterations
2021-06-11 17:16:17.206 [DEBUG][org.jetbrains.research.kex.asm.transform.LoopDeroller] - Method java/util/JumboEnumSet::retainAll(java/util/Collection): bool, unrolling loop org.jetbrains.research.kfg.analysis.Loop@877d855 to 1 iterations
2021-06-11 17:16:17.207 [DEBUG][org.jetbrains.research.kex.asm.transform.LoopDeroller] - Method java/util/JumboEnumSet::recalculateSize(): bool, unrolling loop org.jetbrains.research.kfg.analysis.Loop@3791632d to 1 iterations
2021-06-11 17:16:17.208 [DEBUG][org.jetbrains.research.kex.asm.transform.LoopDeroller] - Method java/util/concurrent/ConcurrentHashMap$MapReduceEntriesToDoubleTask::compute(): void, unrolling loop org.jetbrains.research.kfg.analysis.Loop@222c81ed to 1 iterations
2021-06-11 17:16:17.209 [DEBUG][org.jetbrains.research.kex.asm.transform.LoopDeroller] - Method java/util/concurrent/ConcurrentHashMap$MapReduceEntriesToDoubleTask::compute(): void, unrolling loop org.jetbrains.research.kfg.analysis.Loop@6c0dbbbe to 1 iterations
2021-06-11 17:16:17.210 [DEBUG][org.jetbrains.research.kex.asm.transform.LoopDeroller] - Method java/util/concurrent/ConcurrentHashMap$MapReduceEntriesToDoubleTask::compute(): void, unrolling loop org.jetbrains.research.kfg.analysis.Loop@285e636a to 1 iterations
2021-06-11 17:16:17.210 [DEBUG][org.jetbrains.research.kex.asm.transform.LoopDeroller] - Method java/util/concurrent/ConcurrentHashMap$MapReduceEntriesToDoubleTask::compute(): void, unrolling loop org.jetbrains.research.kfg.analysis.Loop@76b33ad9 to 1 iterations
2021-06-11 17:16:17.212 [DEBUG][org.jetbrains.research.kex.asm.transform.LoopDeroller] - Method java/util/concurrent/ArrayBlockingQueue::removeAt(int): void, unrolling loop org.jetbrains.research.kfg.analysis.Loop@95e2dfd to 1 iterations
2021-06-11 17:16:17.212 [DEBUG][org.jetbrains.research.kex.asm.transform.LoopDeroller] - Method java/util/concurrent/ArrayBlockingQueue::<init>(int, bool, java/util/Collection): void, unrolling loop org.jetbrains.research.kfg.analysis.Loop@3423b2e2 to 1 iterations
2021-06-11 17:16:17.213 [DEBUG][org.jetbrains.research.kex.asm.transform.LoopDeroller] - Method java/util/concurrent/ArrayBlockingQueue::put(java/lang/Object): void, unrolling loop org.jetbrains.research.kfg.analysis.Loop@75157b0f to 1 iterations
2021-06-11 17:16:17.213 [DEBUG][org.jetbrains.research.kex.asm.transform.LoopDeroller] - Method java/util/concurrent/ArrayBlockingQueue::offer(java/lang/Object, long, java/util/concurrent/TimeUnit): bool, unrolling loop org.jetbrains.research.kfg.analysis.Loop@15003f85 to 1 iterations
2021-06-11 17:16:17.213 [DEBUG][org.jetbrains.research.kex.asm.transform.LoopDeroller] - Method java/util/concurrent/ArrayBlockingQueue::take(): java/lang/Object, unrolling loop org.jetbrains.research.kfg.analysis.Loop@117632ec to 1 iterations
2021-06-11 17:16:17.214 [DEBUG][org.jetbrains.research.kex.asm.transform.LoopDeroller] - Method java/util/concurrent/ArrayBlockingQueue::poll(long, java/util/concurrent/TimeUnit): java/lang/Object, unrolling loop org.jetbrains.research.kfg.analysis.Loop@32275509 to 1 iterations
2021-06-11 17:16:17.214 [DEBUG][org.jetbrains.research.kex.asm.transform.LoopDeroller] - Method java/util/concurrent/ArrayBlockingQueue::remove(java/lang/Object): bool, unrolling loop org.jetbrains.research.kfg.analysis.Loop@6ff5721f to 1 iterations
2021-06-11 17:16:17.217 [DEBUG][org.jetbrains.research.kex.asm.transform.LoopDeroller] - Method java/util/concurrent/ArrayBlockingQueue::contains(java/lang/Object): bool, unrolling loop org.jetbrains.research.kfg.analysis.Loop@2d384364 to 1 iterations
2021-06-11 17:16:17.218 [DEBUG][org.jetbrains.research.kex.asm.transform.LoopDeroller] - Method java/util/concurrent/ArrayBlockingQueue::toString(): java/lang/String, unrolling loop org.jetbrains.research.kfg.analysis.Loop@4419d605 to 1 iterations
2021-06-11 17:16:17.218 [DEBUG][org.jetbrains.research.kex.asm.transform.LoopDeroller] - Method java/util/concurrent/ArrayBlockingQueue::clear(): void, unrolling loop org.jetbrains.research.kfg.analysis.Loop@4a65b292 to 1 iterations
2021-06-11 17:16:17.219 [DEBUG][org.jetbrains.research.kex.asm.transform.LoopDeroller] - Method java/util/concurrent/ArrayBlockingQueue::clear(): void, unrolling loop org.jetbrains.research.kfg.analysis.Loop@78687563 to 1 iterations
2021-06-11 17:16:17.221 [DEBUG][org.jetbrains.research.kex.asm.transform.LoopDeroller] - Method java/util/concurrent/ArrayBlockingQueue::drainTo(java/util/Collection, int): int, unrolling loop org.jetbrains.research.kfg.analysis.Loop@359c83b to 1 iterations
2021-06-11 17:16:17.223 [DEBUG][org.jetbrains.research.kex.asm.transform.LoopDeroller] - Method java/util/concurrent/ArrayBlockingQueue::drainTo(java/util/Collection, int): int, unrolling loop org.jetbrains.research.kfg.analysis.Loop@1d7888f4 to 1 iterations
2021-06-11 17:16:17.224 [DEBUG][org.jetbrains.research.kex.asm.transform.LoopDeroller] - Method java/util/concurrent/ArrayBlockingQueue::drainTo(java/util/Collection, int): int, unrolling loop org.jetbrains.research.kfg.analysis.Loop@7c4b0976 to 1 iterations
2021-06-11 17:16:17.224 [DEBUG][org.jetbrains.research.kex.asm.transform.LoopDeroller] - Method java/util/regex/Pattern$BehindS::match(java/util/regex/Matcher, int, java/lang/CharSequence): bool, unrolling loop org.jetbrains.research.kfg.analysis.Loop@285cf65a to 1 iterations
2021-06-11 17:16:17.226 [DEBUG][org.jetbrains.research.kex.asm.transform.LoopDeroller] - Method java/lang/management/ThreadInfo::<init>(java/lang/Thread, int, java/lang/Object, java/lang/Thread, long, long, long, long, java/lang/StackTraceElement[], java/lang/Object[], int[], java/lang/Object[]): void, unrolling loop org.jetbrains.research.kfg.analysis.Loop@722e39ac to 1 iterations
2021-06-11 17:16:17.226 [DEBUG][org.jetbrains.research.kex.asm.transform.LoopDeroller] - Method java/lang/management/ThreadInfo::<init>(java/lang/Thread, int, java/lang/Object, java/lang/Thread, long, long, long, long, java/lang/StackTraceElement[], java/lang/Object[], int[], java/lang/Object[]): void, unrolling loop org.jetbrains.research.kfg.analysis.Loop@64438260 to 1 iterations
2021-06-11 17:16:17.228 [DEBUG][org.jetbrains.research.kex.asm.transform.LoopDeroller] - Method java/lang/management/ThreadInfo::toString(): java/lang/String, unrolling loop org.jetbrains.research.kfg.analysis.Loop@7bb0923b to 1 iterations
2021-06-11 17:16:17.229 [DEBUG][org.jetbrains.research.kex.asm.transform.LoopDeroller] - Method java/lang/management/ThreadInfo::toString(): java/lang/String, unrolling loop org.jetbrains.research.kfg.analysis.Loop@3af1b389 to 1 iterations
2021-06-11 17:16:17.231 [DEBUG][org.jetbrains.research.kex.asm.transform.LoopDeroller] - Method java/lang/management/ThreadInfo::toString(): java/lang/String, unrolling loop org.jetbrains.research.kfg.analysis.Loop@797eff66 to 1 iterations
2021-06-11 17:16:17.233 [DEBUG][org.jetbrains.research.kex.asm.transform.LoopDeroller] - Method java/lang/invoke/TypeConvertingMethodAdapter::initWidening(sun/invoke/util/Wrapper, int, sun/invoke/util/Wrapper[]): void, unrolling loop org.jetbrains.research.kfg.analysis.Loop@45971ad0 to 1 iterations
2021-06-11 17:16:17.235 [DEBUG][org.jetbrains.research.kex.asm.transform.LoopDeroller] - Method java/lang/invoke/TypeConvertingMethodAdapter::<clinit>(): void, unrolling loop org.jetbrains.research.kfg.analysis.Loop@e693876 to 1 iterations
2021-06-11 17:16:17.236 [DEBUG][org.jetbrains.research.kex.asm.transform.LoopDeroller] - Method java/lang/invoke/TypeConvertingMethodAdapter::<clinit>(): void, unrolling loop org.jetbrains.research.kfg.analysis.Loop@7aeb41f9 to 1 iterations
2021-06-11 17:16:17.239 [DEBUG][org.jetbrains.research.kex.asm.transform.LoopDeroller] - Method java/lang/invoke/TypeConvertingMethodAdapter::<clinit>(): void, unrolling loop org.jetbrains.research.kfg.analysis.Loop@15309419 to 1 iterations
2021-06-11 17:16:17.240 [DEBUG][org.jetbrains.research.kex.asm.transform.LoopDeroller] - Method java/util/stream/DoublePipeline::forEachWithCancel(java/util/Spliterator, java/util/stream/Sink): void, unrolling loop org.jetbrains.research.kfg.analysis.Loop@13fc9fdb to 1 iterations
2021-06-11 17:16:17.241 [DEBUG][org.jetbrains.research.kex.asm.transform.LoopDeroller] - Method java/lang/invoke/MemberName$Factory::getMembers(java/lang/Class, java/lang/String, java/lang/Object, int, java/lang/Class): java/util/List, unrolling loop org.jetbrains.research.kfg.analysis.Loop@42d05010 to 1 iterations
2021-06-11 17:16:17.241 [DEBUG][org.jetbrains.research.kex.asm.transform.LoopDeroller] - Method java/lang/invoke/MemberName$Factory::getMembers(java/lang/Class, java/lang/String, java/lang/Object, int, java/lang/Class): java/util/List, unrolling loop org.jetbrains.research.kfg.analysis.Loop@2cdddbef to 1 iterations
2021-06-11 17:16:17.242 [DEBUG][org.jetbrains.research.kex.asm.transform.LoopDeroller] - Method java/lang/invoke/MemberName$Factory::getMembers(java/lang/Class, java/lang/String, java/lang/Object, int, java/lang/Class): java/util/List, unrolling loop org.jetbrains.research.kfg.analysis.Loop@1ff6a9e5 to 1 iterations
2021-06-11 17:16:17.243 [DEBUG][org.jetbrains.research.kex.asm.transform.LoopDeroller] - Method java/lang/invoke/MemberName$Factory::newMemberBuffer(int): java/lang/invoke/MemberName[], unrolling loop org.jetbrains.research.kfg.analysis.Loop@4c17cbe8 to 1 iterations
2021-06-11 17:16:17.243 [DEBUG][org.jetbrains.research.kex.asm.transform.LoopDeroller] - Method java/lang/ClassValue$ClassValueMap::probeBackupLocations(java/lang/ClassValue$Entry[], java/lang/ClassValue): java/lang/ClassValue$Entry, unrolling loop org.jetbrains.research.kfg.analysis.Loop@5093c0a5 to 1 iterations
2021-06-11 17:16:17.247 [DEBUG][org.jetbrains.research.kex.asm.transform.LoopDeroller] - Method java/lang/ClassValue$ClassValueMap::reduceCacheLoad(): void, unrolling loop org.jetbrains.research.kfg.analysis.Loop@37bba85 to 1 iterations
2021-06-11 17:16:17.248 [DEBUG][org.jetbrains.research.kex.asm.transform.LoopDeroller] - Method java/lang/ClassValue$ClassValueMap::removeStaleEntries(java/lang/ClassValue$Entry[], int, int): void, unrolling loop org.jetbrains.research.kfg.analysis.Loop@26057315 to 1 iterations
2021-06-11 17:16:17.249 [DEBUG][org.jetbrains.research.kex.asm.transform.LoopDeroller] - Method java/lang/ClassValue$ClassValueMap::findReplacement(java/lang/ClassValue$Entry[], int): java/lang/ClassValue$Entry, unrolling loop org.jetbrains.research.kfg.analysis.Loop@5edc2a6f to 1 iterations
2021-06-11 17:16:17.251 [DEBUG][org.jetbrains.research.kex.asm.transform.LoopDeroller] - Method java/lang/ClassValue$ClassValueMap::addToCache(java/lang/ClassValue, java/lang/ClassValue$Entry): void, unrolling loop org.jetbrains.research.kfg.analysis.Loop@7db935d to 1 iterations
2021-06-11 17:16:17.251 [DEBUG][org.jetbrains.research.kex.asm.transform.LoopDeroller] - Method java/util/stream/SortedOps$SizedDoubleSortingSink::end(): void, unrolling loop org.jetbrains.research.kfg.analysis.Loop@a4a1adf to 1 iterations
2021-06-11 17:16:17.252 [DEBUG][org.jetbrains.research.kex.asm.transform.LoopDeroller] - Method java/util/stream/SortedOps$SizedDoubleSortingSink::end(): void, unrolling loop org.jetbrains.research.kfg.analysis.Loop@5dedb2e1 to 1 iterations
2021-06-11 17:16:17.252 [DEBUG][org.jetbrains.research.kex.asm.transform.LoopDeroller] - Method java/util/stream/SortedOps$SizedLongSortingSink::end(): void, unrolling loop org.jetbrains.research.kfg.analysis.Loop@76969454 to 1 iterations
2021-06-11 17:16:17.253 [DEBUG][org.jetbrains.research.kex.asm.transform.LoopDeroller] - Method java/util/stream/SortedOps$SizedLongSortingSink::end(): void, unrolling loop org.jetbrains.research.kfg.analysis.Loop@3d71dacc to 1 iterations
2021-06-11 17:16:17.253 [DEBUG][org.jetbrains.research.kex.asm.transform.LoopDeroller] - Method java/util/Collections$UnmodifiableMap$UnmodifiableEntrySet::toArray(): java/lang/Object[], unrolling loop org.jetbrains.research.kfg.analysis.Loop@436be527 to 1 iterations
2021-06-11 17:16:17.254 [DEBUG][org.jetbrains.research.kex.asm.transform.LoopDeroller] - Method java/util/Collections$UnmodifiableMap$UnmodifiableEntrySet::toArray(java/lang/Object[]): java/lang/Object[], unrolling loop org.jetbrains.research.kfg.analysis.Loop@44906fc7 to 1 iterations
2021-06-11 17:16:17.254 [DEBUG][org.jetbrains.research.kex.asm.transform.LoopDeroller] - Method java/util/Collections$UnmodifiableMap$UnmodifiableEntrySet::containsAll(java/util/Collection): bool, unrolling loop org.jetbrains.research.kfg.analysis.Loop@35f5f071 to 1 iterations
2021-06-11 17:16:17.255 [DEBUG][org.jetbrains.research.kex.asm.transform.LoopDeroller] - Method java/io/ObjectStreamField::getClassSignature(java/lang/Class): java/lang/String, unrolling loop org.jetbrains.research.kfg.analysis.Loop@11e85098 to 1 iterations
2021-06-11 17:16:17.256 [DEBUG][org.jetbrains.research.kex.asm.transform.LoopDeroller] - Method java/util/prefs/WindowsPreferences::WindowsRegOpenKey1(int, byte[], int): int[], unrolling loop org.jetbrains.research.kfg.analysis.Loop@5db12b10 to 1 iterations
2021-06-11 17:16:17.259 [DEBUG][org.jetbrains.research.kex.asm.transform.LoopDeroller] - Method java/util/prefs/WindowsPreferences::WindowsRegCreateKeyEx1(int, byte[]): int[], unrolling loop org.jetbrains.research.kfg.analysis.Loop@495da5e9 to 1 iterations
2021-06-11 17:16:17.259 [DEBUG][org.jetbrains.research.kex.asm.transform.LoopDeroller] - Method java/util/prefs/WindowsPreferences::WindowsRegFlushKey1(int): int, unrolling loop org.jetbrains.research.kfg.analysis.Loop@375c0d88 to 1 iterations
2021-06-11 17:16:17.260 [DEBUG][org.jetbrains.research.kex.asm.transform.LoopDeroller] - Method java/util/prefs/WindowsPreferences::WindowsRegSetValueEx1(int, byte[], byte[]): int, unrolling loop org.jetbrains.research.kfg.analysis.Loop@4693db55 to 1 iterations
2021-06-11 17:16:17.260 [DEBUG][org.jetbrains.research.kex.asm.transform.LoopDeroller] - Method java/util/prefs/WindowsPreferences::WindowsRegQueryInfoKey1(int): int[], unrolling loop org.jetbrains.research.kfg.analysis.Loop@5b9869ff to 1 iterations
2021-06-11 17:16:17.261 [DEBUG][org.jetbrains.research.kex.asm.transform.LoopDeroller] - Method java/util/prefs/WindowsPreferences::WindowsRegEnumKeyEx1(int, int, int): byte[], unrolling loop org.jetbrains.research.kfg.analysis.Loop@8ab07fd to 1 iterations
2021-06-11 17:16:17.263 [DEBUG][org.jetbrains.research.kex.asm.transform.LoopDeroller] - Method java/util/prefs/WindowsPreferences::WindowsRegEnumValue1(int, int, int): byte[], unrolling loop org.jetbrains.research.kfg.analysis.Loop@2d0e2985 to 1 iterations
2021-06-11 17:16:17.263 [DEBUG][org.jetbrains.research.kex.asm.transform.LoopDeroller] - Method java/util/prefs/WindowsPreferences::windowsAbsolutePath(): byte[], unrolling loop org.jetbrains.research.kfg.analysis.Loop@6b197d35 to 1 iterations
2021-06-11 17:16:17.264 [DEBUG][org.jetbrains.research.kex.asm.transform.LoopDeroller] - Method java/util/prefs/WindowsPreferences::openKey(int, byte[], int, int): int, unrolling loop org.jetbrains.research.kfg.analysis.Loop@408dba42 to 1 iterations
2021-06-11 17:16:17.265 [DEBUG][org.jetbrains.research.kex.asm.transform.LoopDeroller] - Method java/util/prefs/WindowsPreferences::keysSpi(): java/lang/String[], unrolling loop org.jetbrains.research.kfg.analysis.Loop@2e3ce3b2 to 1 iterations
2021-06-11 17:16:17.266 [DEBUG][org.jetbrains.research.kex.asm.transform.LoopDeroller] - Method java/util/prefs/WindowsPreferences::childrenNamesSpi(): java/lang/String[], unrolling loop org.jetbrains.research.kfg.analysis.Loop@d52742e to 1 iterations
2021-06-11 17:16:17.267 [DEBUG][org.jetbrains.research.kex.asm.transform.LoopDeroller] - Method java/util/prefs/WindowsPreferences::toJavaName(byte[]): java/lang/String, unrolling loop org.jetbrains.research.kfg.analysis.Loop@32cf7ad to 1 iterations
2021-06-11 17:16:17.268 [DEBUG][org.jetbrains.research.kex.asm.transform.LoopDeroller] - Method java/util/prefs/WindowsPreferences::toJavaAlt64Name(java/lang/String): java/lang/String, unrolling loop org.jetbrains.research.kfg.analysis.Loop@5a25e475 to 1 iterations
2021-06-11 17:16:17.268 [DEBUG][org.jetbrains.research.kex.asm.transform.LoopDeroller] - Method java/util/prefs/WindowsPreferences::toWindowsName(java/lang/String): byte[], unrolling loop org.jetbrains.research.kfg.analysis.Loop@43d6b712 to 1 iterations
2021-06-11 17:16:17.269 [DEBUG][org.jetbrains.research.kex.asm.transform.LoopDeroller] - Method java/util/prefs/WindowsPreferences::toWindowsAlt64Name(java/lang/String): byte[], unrolling loop org.jetbrains.research.kfg.analysis.Loop@f55ffae to 1 iterations
2021-06-11 17:16:17.270 [DEBUG][org.jetbrains.research.kex.asm.transform.LoopDeroller] - Method java/util/prefs/WindowsPreferences::toJavaValueString(byte[]): java/lang/String, unrolling loop org.jetbrains.research.kfg.analysis.Loop@3aa08db7 to 1 iterations
2021-06-11 17:16:17.272 [DEBUG][org.jetbrains.research.kex.asm.transform.LoopDeroller] - Method java/util/prefs/WindowsPreferences::toWindowsValueString(java/lang/String): byte[], unrolling loop org.jetbrains.research.kfg.analysis.Loop@5a4de2fe to 1 iterations
2021-06-11 17:16:17.272 [DEBUG][org.jetbrains.research.kex.asm.transform.LoopDeroller] - Method java/util/prefs/WindowsPreferences::toWindowsValueString(java/lang/String): byte[], unrolling loop org.jetbrains.research.kfg.analysis.Loop@219da193 to 1 iterations
2021-06-11 17:16:17.273 [DEBUG][org.jetbrains.research.kex.asm.transform.LoopDeroller] - Method java/util/prefs/WindowsPreferences::toWindowsValueString(java/lang/String): byte[], unrolling loop org.jetbrains.research.kfg.analysis.Loop@54f4ed18 to 1 iterations
2021-06-11 17:16:17.274 [DEBUG][org.jetbrains.research.kex.asm.transform.LoopDeroller] - Method java/util/prefs/WindowsPreferences::stringToByteArray(java/lang/String): byte[], unrolling loop org.jetbrains.research.kfg.analysis.Loop@4869c49a to 1 iterations
2021-06-11 17:16:17.274 [DEBUG][org.jetbrains.research.kex.asm.transform.LoopDeroller] - Method java/util/prefs/WindowsPreferences::byteArrayToString(byte[]): java/lang/String, unrolling loop org.jetbrains.research.kfg.analysis.Loop@15f484dd to 1 iterations
2021-06-11 17:16:17.276 [DEBUG][org.jetbrains.research.kex.asm.transform.LoopDeroller] - Method java/util/ArraysParallelSortHelpers$FJShort$Sorter::compute(): void, unrolling loop org.jetbrains.research.kfg.analysis.Loop@542b2a6e to 1 iterations
2021-06-11 17:16:17.277 [DEBUG][org.jetbrains.research.kex.asm.transform.LoopDeroller] - Method java/util/JumboEnumSet$EnumSetIterator::hasNext(): bool, unrolling loop org.jetbrains.research.kfg.analysis.Loop@4bdceff5 to 1 iterations
2021-06-11 17:16:17.277 [DEBUG][org.jetbrains.research.kex.asm.transform.LoopDeroller] - Method java/util/ArrayList$ArrayListSpliterator::forEachRemaining(java/util/function/Consumer): void, unrolling loop org.jetbrains.research.kfg.analysis.Loop@54a0df2d to 1 iterations
2021-06-11 17:16:17.281 [DEBUG][org.jetbrains.research.kex.asm.transform.LoopDeroller] - Method java/util/regex/Pattern$Curly::match(java/util/regex/Matcher, int, java/lang/CharSequence): bool, unrolling loop org.jetbrains.research.kfg.analysis.Loop@21488a10 to 1 iterations
2021-06-11 17:16:17.281 [DEBUG][org.jetbrains.research.kex.asm.transform.LoopDeroller] - Method java/util/regex/Pattern$Curly::match0(java/util/regex/Matcher, int, int, java/lang/CharSequence): bool, unrolling loop org.jetbrains.research.kfg.analysis.Loop@5c2a9f2a to 1 iterations
2021-06-11 17:16:17.282 [DEBUG][org.jetbrains.research.kex.asm.transform.LoopDeroller] - Method java/util/regex/Pattern$Curly::match0(java/util/regex/Matcher, int, int, java/lang/CharSequence): bool, unrolling loop org.jetbrains.research.kfg.analysis.Loop@2fe77151 to 1 iterations
2021-06-11 17:16:17.282 [DEBUG][org.jetbrains.research.kex.asm.transform.LoopDeroller] - Method java/util/regex/Pattern$Curly::match1(java/util/regex/Matcher, int, int, java/lang/CharSequence): bool, unrolling loop org.jetbrains.research.kfg.analysis.Loop@679398d0 to 1 iterations
2021-06-11 17:16:17.284 [DEBUG][org.jetbrains.research.kex.asm.transform.LoopDeroller] - Method java/util/regex/Pattern$Curly::match2(java/util/regex/Matcher, int, int, java/lang/CharSequence): bool, unrolling loop org.jetbrains.research.kfg.analysis.Loop@712c4efd to 1 iterations
2021-06-11 17:16:17.288 [DEBUG][org.jetbrains.research.kex.asm.transform.LoopDeroller] - Method java/lang/invoke/LambdaForm$NamedFunction::initializeInvokers(): void, unrolling loop org.jetbrains.research.kfg.analysis.Loop@51fee550 to 1 iterations
2021-06-11 17:16:17.292 [DEBUG][org.jetbrains.research.kex.asm.transform.LoopDeroller] - Method java/io/InputStream::read(byte[], int, int): int, unrolling loop org.jetbrains.research.kfg.analysis.Loop@7b446c8b to 1 iterations
2021-06-11 17:16:17.292 [DEBUG][org.jetbrains.research.kex.asm.transform.LoopDeroller] - Method java/io/InputStream::skip(long): long, unrolling loop org.jetbrains.research.kfg.analysis.Loop@55449fec to 1 iterations
2021-06-11 17:16:17.293 [DEBUG][org.jetbrains.research.kex.asm.transform.LoopDeroller] - Method java/lang/Character::codePointCount(java/lang/CharSequence, int, int): int, unrolling loop org.jetbrains.research.kfg.analysis.Loop@3728a977 to 1 iterations
2021-06-11 17:16:17.294 [DEBUG][org.jetbrains.research.kex.asm.transform.LoopDeroller] - Method java/lang/Character::codePointCountImpl(char[], int, int): int, unrolling loop org.jetbrains.research.kfg.analysis.Loop@427ac151 to 1 iterations
2021-06-11 17:16:17.295 [DEBUG][org.jetbrains.research.kex.asm.transform.LoopDeroller] - Method java/lang/Character::offsetByCodePoints(java/lang/CharSequence, int, int): int, unrolling loop org.jetbrains.research.kfg.analysis.Loop@697c26cd to 1 iterations
2021-06-11 17:16:17.295 [DEBUG][org.jetbrains.research.kex.asm.transform.LoopDeroller] - Method java/lang/Character::offsetByCodePoints(java/lang/CharSequence, int, int): int, unrolling loop org.jetbrains.research.kfg.analysis.Loop@60e7a21d to 1 iterations
2021-06-11 17:16:17.296 [DEBUG][org.jetbrains.research.kex.asm.transform.LoopDeroller] - Method java/lang/Character::offsetByCodePointsImpl(char[], int, int, int, int): int, unrolling loop org.jetbrains.research.kfg.analysis.Loop@2ad1f743 to 1 iterations
2021-06-11 17:16:17.296 [DEBUG][org.jetbrains.research.kex.asm.transform.LoopDeroller] - Method java/lang/Character::offsetByCodePointsImpl(char[], int, int, int, int): int, unrolling loop org.jetbrains.research.kfg.analysis.Loop@69512bd4 to 1 iterations
2021-06-11 17:16:17.302 [DEBUG][org.jetbrains.research.kex.asm.transform.LoopDeroller] - Method java/util/SimpleTimeZone::makeRulesCompatible(): void, unrolling loop org.jetbrains.research.kfg.analysis.Loop@7a16f517 to 1 iterations
2021-06-11 17:16:17.302 [DEBUG][org.jetbrains.research.kex.asm.transform.LoopDeroller] - Method java/util/SimpleTimeZone::makeRulesCompatible(): void, unrolling loop org.jetbrains.research.kfg.analysis.Loop@14ffa77a to 1 iterations
2021-06-11 17:16:17.303 [DEBUG][org.jetbrains.research.kex.asm.transform.LoopDeroller] - Method java/util/SimpleTimeZone::makeRulesCompatible(): void, unrolling loop org.jetbrains.research.kfg.analysis.Loop@5f48f9e4 to 1 iterations
2021-06-11 17:16:17.303 [DEBUG][org.jetbrains.research.kex.asm.transform.LoopDeroller] - Method java/util/SimpleTimeZone::makeRulesCompatible(): void, unrolling loop org.jetbrains.research.kfg.analysis.Loop@22962799 to 1 iterations
2021-06-11 17:16:17.305 [DEBUG][org.jetbrains.research.kex.asm.transform.LoopDeroller] - Method java/lang/ProcessBuilder::<init>(java/lang/String[]): void, unrolling loop org.jetbrains.research.kfg.analysis.Loop@61823ee9 to 1 iterations
2021-06-11 17:16:17.306 [DEBUG][org.jetbrains.research.kex.asm.transform.LoopDeroller] - Method java/lang/ProcessBuilder::command(java/lang/String[]): java/lang/ProcessBuilder, unrolling loop org.jetbrains.research.kfg.analysis.Loop@1401aa3b to 1 iterations
2021-06-11 17:16:17.306 [DEBUG][org.jetbrains.research.kex.asm.transform.LoopDeroller] - Method java/lang/ProcessBuilder::environment(java/lang/String[]): java/lang/ProcessBuilder, unrolling loop org.jetbrains.research.kfg.analysis.Loop@69a02593 to 1 iterations
2021-06-11 17:16:17.308 [DEBUG][org.jetbrains.research.kex.asm.transform.LoopDeroller] - Method java/lang/ProcessBuilder::start(): java/lang/Process, unrolling loop org.jetbrains.research.kfg.analysis.Loop@3f5bde50 to 1 iterations
2021-06-11 17:16:17.308 [DEBUG][org.jetbrains.research.kex.asm.transform.LoopDeroller] - Method java/lang/ProcessBuilder::start(): java/lang/Process, unrolling loop org.jetbrains.research.kfg.analysis.Loop@168c98e0 to 1 iterations
2021-06-11 17:16:17.309 [DEBUG][org.jetbrains.research.kex.asm.transform.LoopDeroller] - Method java/util/stream/StreamSpliterators$AbstractWrappingSpliterator::fillBuffer(): bool, unrolling loop org.jetbrains.research.kfg.analysis.Loop@5cd570a5 to 1 iterations
2021-06-11 17:16:17.310 [DEBUG][org.jetbrains.research.kex.asm.transform.LoopDeroller] - Method java/util/concurrent/locks/AbstractQueuedSynchronizer::enq(java/util/concurrent/locks/AbstractQueuedSynchronizer$Node): java/util/concurrent/locks/AbstractQueuedSynchronizer$Node, unrolling loop org.jetbrains.research.kfg.analysis.Loop@278e5963 to 1 iterations
2021-06-11 17:16:17.310 [DEBUG][org.jetbrains.research.kex.asm.transform.LoopDeroller] - Method java/util/concurrent/locks/AbstractQueuedSynchronizer::unparkSuccessor(java/util/concurrent/locks/AbstractQueuedSynchronizer$Node): void, unrolling loop org.jetbrains.research.kfg.analysis.Loop@1963ac4e to 1 iterations
2021-06-11 17:16:17.311 [DEBUG][org.jetbrains.research.kex.asm.transform.LoopDeroller] - Method java/util/concurrent/locks/AbstractQueuedSynchronizer::doReleaseShared(): void, unrolling loop org.jetbrains.research.kfg.analysis.Loop@32b5a107 to 1 iterations
2021-06-11 17:16:17.312 [DEBUG][org.jetbrains.research.kex.asm.transform.LoopDeroller] - Method java/util/concurrent/locks/AbstractQueuedSynchronizer::cancelAcquire(java/util/concurrent/locks/AbstractQueuedSynchronizer$Node): void, unrolling loop org.jetbrains.research.kfg.analysis.Loop@2835bafb to 1 iterations
2021-06-11 17:16:17.312 [DEBUG][org.jetbrains.research.kex.asm.transform.LoopDeroller] - Method java/util/concurrent/locks/AbstractQueuedSynchronizer::shouldParkAfterFailedAcquire(java/util/concurrent/locks/AbstractQueuedSynchronizer$Node, java/util/concurrent/locks/AbstractQueuedSynchronizer$Node): bool, unrolling loop org.jetbrains.research.kfg.analysis.Loop@6d468ab1 to 1 iterations
2021-06-11 17:16:17.312 [DEBUG][org.jetbrains.research.kex.asm.transform.LoopDeroller] - Method java/util/concurrent/locks/AbstractQueuedSynchronizer::acquireQueued(java/util/concurrent/locks/AbstractQueuedSynchronizer$Node, int): bool, unrolling loop org.jetbrains.research.kfg.analysis.Loop@41c17aaf to 1 iterations
2021-06-11 17:16:17.313 [DEBUG][org.jetbrains.research.kex.asm.transform.LoopDeroller] - Method java/util/concurrent/locks/AbstractQueuedSynchronizer::doAcquireInterruptibly(int): void, unrolling loop org.jetbrains.research.kfg.analysis.Loop@3e6887a2 to 1 iterations
2021-06-11 17:16:17.314 [DEBUG][org.jetbrains.research.kex.asm.transform.LoopDeroller] - Method java/util/concurrent/locks/AbstractQueuedSynchronizer::doAcquireNanos(int, long): bool, unrolling loop org.jetbrains.research.kfg.analysis.Loop@2a8ab3e0 to 1 iterations
2021-06-11 17:16:17.316 [DEBUG][org.jetbrains.research.kex.asm.transform.LoopDeroller] - Method java/util/concurrent/locks/AbstractQueuedSynchronizer::doAcquireShared(int): void, unrolling loop org.jetbrains.research.kfg.analysis.Loop@2e1a6b65 to 1 iterations
2021-06-11 17:16:17.318 [DEBUG][org.jetbrains.research.kex.asm.transform.LoopDeroller] - Method java/util/concurrent/locks/AbstractQueuedSynchronizer::doAcquireSharedInterruptibly(int): void, unrolling loop org.jetbrains.research.kfg.analysis.Loop@1c37a119 to 1 iterations
2021-06-11 17:16:17.318 [DEBUG][org.jetbrains.research.kex.asm.transform.LoopDeroller] - Method java/util/concurrent/locks/AbstractQueuedSynchronizer::doAcquireSharedNanos(int, long): bool, unrolling loop org.jetbrains.research.kfg.analysis.Loop@3696a67c to 1 iterations
2021-06-11 17:16:17.320 [DEBUG][org.jetbrains.research.kex.asm.transform.LoopDeroller] - Method java/util/concurrent/locks/AbstractQueuedSynchronizer::fullGetFirstQueuedThread(): java/lang/Thread, unrolling loop org.jetbrains.research.kfg.analysis.Loop@3249a7d2 to 1 iterations
2021-06-11 17:16:17.323 [DEBUG][org.jetbrains.research.kex.asm.transform.LoopDeroller] - Method java/util/concurrent/locks/AbstractQueuedSynchronizer::isQueued(java/lang/Thread): bool, unrolling loop org.jetbrains.research.kfg.analysis.Loop@71c467ae to 1 iterations
2021-06-11 17:16:17.324 [DEBUG][org.jetbrains.research.kex.asm.transform.LoopDeroller] - Method java/util/concurrent/locks/AbstractQueuedSynchronizer::getQueueLength(): int, unrolling loop org.jetbrains.research.kfg.analysis.Loop@62f6a946 to 1 iterations
2021-06-11 17:16:17.324 [DEBUG][org.jetbrains.research.kex.asm.transform.LoopDeroller] - Method java/util/concurrent/locks/AbstractQueuedSynchronizer::getQueuedThreads(): java/util/Collection, unrolling loop org.jetbrains.research.kfg.analysis.Loop@3a7fbf63 to 1 iterations
2021-06-11 17:16:17.325 [DEBUG][org.jetbrains.research.kex.asm.transform.LoopDeroller] - Method java/util/concurrent/locks/AbstractQueuedSynchronizer::getExclusiveQueuedThreads(): java/util/Collection, unrolling loop org.jetbrains.research.kfg.analysis.Loop@5693e9b2 to 1 iterations
2021-06-11 17:16:17.327 [DEBUG][org.jetbrains.research.kex.asm.transform.LoopDeroller] - Method java/util/concurrent/locks/AbstractQueuedSynchronizer::getSharedQueuedThreads(): java/util/Collection, unrolling loop org.jetbrains.research.kfg.analysis.Loop@70141dd2 to 1 iterations
2021-06-11 17:16:17.329 [DEBUG][org.jetbrains.research.kex.asm.transform.LoopDeroller] - Method java/util/concurrent/locks/AbstractQueuedSynchronizer::findNodeFromTail(java/util/concurrent/locks/AbstractQueuedSynchronizer$Node): bool, unrolling loop org.jetbrains.research.kfg.analysis.Loop@7f894052 to 1 iterations
2021-06-11 17:16:17.329 [DEBUG][org.jetbrains.research.kex.asm.transform.LoopDeroller] - Method java/util/concurrent/locks/AbstractQueuedSynchronizer::transferAfterCancelledWait(java/util/concurrent/locks/AbstractQueuedSynchronizer$Node): bool, unrolling loop org.jetbrains.research.kfg.analysis.Loop@72c33de to 1 iterations
2021-06-11 17:16:17.331 [DEBUG][org.jetbrains.research.kex.asm.transform.LoopDeroller] - Method java/util/Iterator::forEachRemaining(java/util/function/Consumer): void, unrolling loop org.jetbrains.research.kfg.analysis.Loop@7d5aad5b to 1 iterations
2021-06-11 17:16:17.333 [DEBUG][org.jetbrains.research.kex.asm.transform.LoopDeroller] - Method java/util/EnumSet$SerializationProxy::readResolve(): java/lang/Object, unrolling loop org.jetbrains.research.kfg.analysis.Loop@3f8044b to 1 iterations
2021-06-11 17:16:17.335 [DEBUG][org.jetbrains.research.kex.asm.transform.LoopDeroller] - Method java/io/BufferedWriter::write(char[], int, int): void, unrolling loop org.jetbrains.research.kfg.analysis.Loop@312afe36 to 1 iterations
2021-06-11 17:16:17.336 [DEBUG][org.jetbrains.research.kex.asm.transform.LoopDeroller] - Method java/io/BufferedWriter::write(java/lang/String, int, int): void, unrolling loop org.jetbrains.research.kfg.analysis.Loop@63595532 to 1 iterations
2021-06-11 17:16:17.337 [DEBUG][org.jetbrains.research.kex.asm.transform.LoopDeroller] - Method java/util/TreeMap$NavigableSubMap$DescendingSubMapKeyIterator::forEachRemaining(java/util/function/Consumer): void, unrolling loop org.jetbrains.research.kfg.analysis.Loop@6087624a to 1 iterations
2021-06-11 17:16:17.338 [DEBUG][org.jetbrains.research.kex.asm.transform.LoopDeroller] - Method java/util/stream/Nodes$SizedCollectorTask::compute(): void, unrolling loop org.jetbrains.research.kfg.analysis.Loop@194cb007 to 1 iterations
2021-06-11 17:16:17.339 [DEBUG][org.jetbrains.research.kex.asm.transform.LoopDeroller] - Method java/util/regex/Pattern$BackRef::match(java/util/regex/Matcher, int, java/lang/CharSequence): bool, unrolling loop org.jetbrains.research.kfg.analysis.Loop@45eaa0f6 to 1 iterations
2021-06-11 17:16:17.340 [DEBUG][org.jetbrains.research.kex.asm.transform.LoopDeroller] - Method java/util/Hashtable::contains(java/lang/Object): bool, unrolling loop org.jetbrains.research.kfg.analysis.Loop@35142849 to 1 iterations
2021-06-11 17:16:17.343 [DEBUG][org.jetbrains.research.kex.asm.transform.LoopDeroller] - Method java/util/Hashtable::contains(java/lang/Object): bool, unrolling loop org.jetbrains.research.kfg.analysis.Loop@3f5f6bc1 to 1 iterations
2021-06-11 17:16:17.344 [DEBUG][org.jetbrains.research.kex.asm.transform.LoopDeroller] - Method java/util/Hashtable::containsKey(java/lang/Object): bool, unrolling loop org.jetbrains.research.kfg.analysis.Loop@696ea895 to 1 iterations
2021-06-11 17:16:17.344 [DEBUG][org.jetbrains.research.kex.asm.transform.LoopDeroller] - Method java/util/Hashtable::get(java/lang/Object): java/lang/Object, unrolling loop org.jetbrains.research.kfg.analysis.Loop@5fdc2233 to 1 iterations
2021-06-11 17:16:17.345 [DEBUG][org.jetbrains.research.kex.asm.transform.LoopDeroller] - Method java/util/Hashtable::rehash(): void, unrolling loop org.jetbrains.research.kfg.analysis.Loop@94bce4e to 1 iterations
2021-06-11 17:16:17.345 [DEBUG][org.jetbrains.research.kex.asm.transform.LoopDeroller] - Method java/util/Hashtable::rehash(): void, unrolling loop org.jetbrains.research.kfg.analysis.Loop@7b1d5769 to 1 iterations
2021-06-11 17:16:17.348 [DEBUG][org.jetbrains.research.kex.asm.transform.LoopDeroller] - Method java/util/Hashtable::put(java/lang/Object, java/lang/Object): java/lang/Object, unrolling loop org.jetbrains.research.kfg.analysis.Loop@60716498 to 1 iterations
2021-06-11 17:16:17.351 [DEBUG][org.jetbrains.research.kex.asm.transform.LoopDeroller] - Method java/util/Hashtable::remove(java/lang/Object): java/lang/Object, unrolling loop org.jetbrains.research.kfg.analysis.Loop@4860501f to 1 iterations
2021-06-11 17:16:17.351 [DEBUG][org.jetbrains.research.kex.asm.transform.LoopDeroller] - Method java/util/Hashtable::putAll(java/util/Map): void, unrolling loop org.jetbrains.research.kfg.analysis.Loop@69384c53 to 1 iterations
2021-06-11 17:16:17.352 [DEBUG][org.jetbrains.research.kex.asm.transform.LoopDeroller] - Method java/util/Hashtable::clear(): void, unrolling loop org.jetbrains.research.kfg.analysis.Loop@407b67ff to 1 iterations
2021-06-11 17:16:17.352 [DEBUG][org.jetbrains.research.kex.asm.transform.LoopDeroller] - Method java/util/Hashtable::clone(): java/lang/Object, unrolling loop org.jetbrains.research.kfg.analysis.Loop@61c813ac to 1 iterations
2021-06-11 17:16:17.353 [DEBUG][org.jetbrains.research.kex.asm.transform.LoopDeroller] - Method java/util/Hashtable::toString(): java/lang/String, unrolling loop org.jetbrains.research.kfg.analysis.Loop@5e4577b4 to 1 iterations
2021-06-11 17:16:17.354 [DEBUG][org.jetbrains.research.kex.asm.transform.LoopDeroller] - Method java/util/Hashtable::equals(java/lang/Object): bool, unrolling loop org.jetbrains.research.kfg.analysis.Loop@5861f936 to 1 iterations
2021-06-11 17:16:17.355 [DEBUG][org.jetbrains.research.kex.asm.transform.LoopDeroller] - Method java/util/Hashtable::hashCode(): int, unrolling loop org.jetbrains.research.kfg.analysis.Loop@19d46228 to 1 iterations
2021-06-11 17:16:17.355 [DEBUG][org.jetbrains.research.kex.asm.transform.LoopDeroller] - Method java/util/Hashtable::hashCode(): int, unrolling loop org.jetbrains.research.kfg.analysis.Loop@2d6c5700 to 1 iterations
2021-06-11 17:16:17.356 [DEBUG][org.jetbrains.research.kex.asm.transform.LoopDeroller] - Method java/util/Hashtable::forEach(java/util/function/BiConsumer): void, unrolling loop org.jetbrains.research.kfg.analysis.Loop@500e3a4b to 1 iterations
2021-06-11 17:16:17.356 [DEBUG][org.jetbrains.research.kex.asm.transform.LoopDeroller] - Method java/util/Hashtable::forEach(java/util/function/BiConsumer): void, unrolling loop org.jetbrains.research.kfg.analysis.Loop@4cda91e to 1 iterations
2021-06-11 17:16:17.357 [DEBUG][org.jetbrains.research.kex.asm.transform.LoopDeroller] - Method java/util/Hashtable::replaceAll(java/util/function/BiFunction): void, unrolling loop org.jetbrains.research.kfg.analysis.Loop@31a39235 to 1 iterations
2021-06-11 17:16:17.357 [DEBUG][org.jetbrains.research.kex.asm.transform.LoopDeroller] - Method java/util/Hashtable::replaceAll(java/util/function/BiFunction): void, unrolling loop org.jetbrains.research.kfg.analysis.Loop@1dbcdfea to 1 iterations
2021-06-11 17:16:17.358 [DEBUG][org.jetbrains.research.kex.asm.transform.LoopDeroller] - Method java/util/Hashtable::putIfAbsent(java/lang/Object, java/lang/Object): java/lang/Object, unrolling loop org.jetbrains.research.kfg.analysis.Loop@bc4aff8 to 1 iterations
2021-06-11 17:16:17.358 [DEBUG][org.jetbrains.research.kex.asm.transform.LoopDeroller] - Method java/util/Hashtable::remove(java/lang/Object, java/lang/Object): bool, unrolling loop org.jetbrains.research.kfg.analysis.Loop@40c45528 to 1 iterations
2021-06-11 17:16:17.359 [DEBUG][org.jetbrains.research.kex.asm.transform.LoopDeroller] - Method java/util/Hashtable::replace(java/lang/Object, java/lang/Object, java/lang/Object): bool, unrolling loop org.jetbrains.research.kfg.analysis.Loop@2f4eabed to 1 iterations
2021-06-11 17:16:17.359 [DEBUG][org.jetbrains.research.kex.asm.transform.LoopDeroller] - Method java/util/Hashtable::replace(java/lang/Object, java/lang/Object): java/lang/Object, unrolling loop org.jetbrains.research.kfg.analysis.Loop@6d81ecb2 to 1 iterations
2021-06-11 17:16:17.360 [DEBUG][org.jetbrains.research.kex.asm.transform.LoopDeroller] - Method java/util/Hashtable::computeIfAbsent(java/lang/Object, java/util/function/Function): java/lang/Object, unrolling loop org.jetbrains.research.kfg.analysis.Loop@7e9f1645 to 1 iterations
2021-06-11 17:16:17.360 [DEBUG][org.jetbrains.research.kex.asm.transform.LoopDeroller] - Method java/util/Hashtable::computeIfPresent(java/lang/Object, java/util/function/BiFunction): java/lang/Object, unrolling loop org.jetbrains.research.kfg.analysis.Loop@2b0f9b84 to 1 iterations
2021-06-11 17:16:17.361 [DEBUG][org.jetbrains.research.kex.asm.transform.LoopDeroller] - Method java/util/Hashtable::compute(java/lang/Object, java/util/function/BiFunction): java/lang/Object, unrolling loop org.jetbrains.research.kfg.analysis.Loop@24c1767 to 1 iterations
2021-06-11 17:16:17.363 [DEBUG][org.jetbrains.research.kex.asm.transform.LoopDeroller] - Method java/util/Hashtable::merge(java/lang/Object, java/lang/Object, java/util/function/BiFunction): java/lang/Object, unrolling loop org.jetbrains.research.kfg.analysis.Loop@1ba3d22a to 1 iterations
2021-06-11 17:16:17.364 [DEBUG][org.jetbrains.research.kex.asm.transform.LoopDeroller] - Method java/util/Hashtable::writeObject(java/io/ObjectOutputStream): void, unrolling loop org.jetbrains.research.kfg.analysis.Loop@7354a83b to 1 iterations
2021-06-11 17:16:17.365 [DEBUG][org.jetbrains.research.kex.asm.transform.LoopDeroller] - Method java/util/Hashtable::writeObject(java/io/ObjectOutputStream): void, unrolling loop org.jetbrains.research.kfg.analysis.Loop@77f0da98 to 1 iterations
2021-06-11 17:16:17.365 [DEBUG][org.jetbrains.research.kex.asm.transform.LoopDeroller] - Method java/util/Hashtable::writeObject(java/io/ObjectOutputStream): void, unrolling loop org.jetbrains.research.kfg.analysis.Loop@4c9a3e61 to 1 iterations
2021-06-11 17:16:17.366 [DEBUG][org.jetbrains.research.kex.asm.transform.LoopDeroller] - Method java/util/Hashtable::readObject(java/io/ObjectInputStream): void, unrolling loop org.jetbrains.research.kfg.analysis.Loop@48253224 to 1 iterations
2021-06-11 17:16:17.369 [DEBUG][org.jetbrains.research.kex.asm.transform.LoopDeroller] - Method java/util/Hashtable::reconstitutionPut(java/util/Hashtable$Entry[], java/lang/Object, java/lang/Object): void, unrolling loop org.jetbrains.research.kfg.analysis.Loop@2bd4a5ef to 1 iterations
2021-06-11 17:16:17.371 [DEBUG][org.jetbrains.research.kex.asm.transform.LoopDeroller] - Method java/util/concurrent/ConcurrentHashMap$KeySetView::addAll(java/util/Collection): bool, unrolling loop org.jetbrains.research.kfg.analysis.Loop@6e6062a9 to 1 iterations
2021-06-11 17:16:17.372 [DEBUG][org.jetbrains.research.kex.asm.transform.LoopDeroller] - Method java/util/concurrent/ConcurrentHashMap$KeySetView::hashCode(): int, unrolling loop org.jetbrains.research.kfg.analysis.Loop@46203b1c to 1 iterations
2021-06-11 17:16:17.373 [DEBUG][org.jetbrains.research.kex.asm.transform.LoopDeroller] - Method java/util/concurrent/ConcurrentHashMap$KeySetView::forEach(java/util/function/Consumer): void, unrolling loop org.jetbrains.research.kfg.analysis.Loop@7c24a4fe to 1 iterations
2021-06-11 17:16:17.374 [DEBUG][org.jetbrains.research.kex.asm.transform.LoopDeroller] - Method java/lang/invoke/AbstractValidatingLambdaMetafactory::<init>(java/lang/invoke/MethodHandles$Lookup, java/lang/invoke/MethodType, java/lang/String, java/lang/invoke/MethodType, java/lang/invoke/MethodHandle, java/lang/invoke/MethodType, bool, java/lang/Class[], java/lang/invoke/MethodType[]): void, unrolling loop org.jetbrains.research.kfg.analysis.Loop@5239e146 to 1 iterations
2021-06-11 17:16:17.375 [DEBUG][org.jetbrains.research.kex.asm.transform.LoopDeroller] - Method java/lang/invoke/AbstractValidatingLambdaMetafactory::validateMetafactoryArgs(): void, unrolling loop org.jetbrains.research.kfg.analysis.Loop@234e4dc to 1 iterations
2021-06-11 17:16:17.376 [DEBUG][org.jetbrains.research.kex.asm.transform.LoopDeroller] - Method java/lang/invoke/AbstractValidatingLambdaMetafactory::validateMetafactoryArgs(): void, unrolling loop org.jetbrains.research.kfg.analysis.Loop@2cca2cf3 to 1 iterations
2021-06-11 17:16:17.376 [DEBUG][org.jetbrains.research.kex.asm.transform.LoopDeroller] - Method java/lang/invoke/AbstractValidatingLambdaMetafactory::validateMetafactoryArgs(): void, unrolling loop org.jetbrains.research.kfg.analysis.Loop@32c4677e to 1 iterations
2021-06-11 17:16:17.377 [DEBUG][org.jetbrains.research.kex.asm.transform.LoopDeroller] - Method java/lang/invoke/AbstractValidatingLambdaMetafactory::validateMetafactoryArgs(): void, unrolling loop org.jetbrains.research.kfg.analysis.Loop@22a5c25e to 1 iterations
2021-06-11 17:16:17.378 [DEBUG][org.jetbrains.research.kex.asm.transform.LoopDeroller] - Method java/util/concurrent/ConcurrentSkipListMap$SubMap$SubMapIter::<init>(java/util/concurrent/ConcurrentSkipListMap$SubMap): void, unrolling loop org.jetbrains.research.kfg.analysis.Loop@11e33eeb to 1 iterations
2021-06-11 17:16:17.379 [DEBUG][org.jetbrains.research.kex.asm.transform.LoopDeroller] - Method java/util/concurrent/ConcurrentSkipListMap$SubMap$SubMapIter::ascend(): void, unrolling loop org.jetbrains.research.kfg.analysis.Loop@537b7a91 to 1 iterations
2021-06-11 17:16:17.379 [DEBUG][org.jetbrains.research.kex.asm.transform.LoopDeroller] - Method java/util/concurrent/ConcurrentSkipListMap$SubMap$SubMapIter::descend(): void, unrolling loop org.jetbrains.research.kfg.analysis.Loop@28750ac8 to 1 iterations
2021-06-11 17:16:17.380 [DEBUG][org.jetbrains.research.kex.asm.transform.LoopDeroller] - Method java/util/concurrent/ConcurrentSkipListMap$SubMap$SubMapIter::forEachRemaining(java/util/function/Consumer): void, unrolling loop org.jetbrains.research.kfg.analysis.Loop@6dd16822 to 1 iterations
2021-06-11 17:16:17.380 [DEBUG][org.jetbrains.research.kex.asm.transform.LoopDeroller] - Method java/util/concurrent/SynchronousQueue::drainTo(java/util/Collection): int, unrolling loop org.jetbrains.research.kfg.analysis.Loop@7523db37 to 1 iterations
2021-06-11 17:16:17.381 [DEBUG][org.jetbrains.research.kex.asm.transform.LoopDeroller] - Method java/util/concurrent/SynchronousQueue::drainTo(java/util/Collection, int): int, unrolling loop org.jetbrains.research.kfg.analysis.Loop@50ea3609 to 1 iterations
2021-06-11 17:16:17.382 [DEBUG][org.jetbrains.research.kex.asm.transform.LoopDeroller] - Method java/util/Properties::load0(java/util/Properties$LineReader): void, unrolling loop org.jetbrains.research.kfg.analysis.Loop@5842ccc1 to 1 iterations
2021-06-11 17:16:17.385 [DEBUG][org.jetbrains.research.kex.asm.transform.LoopDeroller] - Method java/util/Properties::load0(java/util/Properties$LineReader): void, unrolling loop org.jetbrains.research.kfg.analysis.Loop@77fc1057 to 1 iterations
2021-06-11 17:16:17.386 [DEBUG][org.jetbrains.research.kex.asm.transform.LoopDeroller] - Method java/util/Properties::load0(java/util/Properties$LineReader): void, unrolling loop org.jetbrains.research.kfg.analysis.Loop@19649971 to 1 iterations
2021-06-11 17:16:17.389 [DEBUG][org.jetbrains.research.kex.asm.transform.LoopDeroller] - Method java/util/Properties::loadConvert(char[], int, int, char[]): java/lang/String, unrolling loop org.jetbrains.research.kfg.analysis.Loop@10dbe39 to 1 iterations
2021-06-11 17:16:17.390 [DEBUG][org.jetbrains.research.kex.asm.transform.LoopDeroller] - Method java/util/Properties::loadConvert(char[], int, int, char[]): java/lang/String, unrolling loop org.jetbrains.research.kfg.analysis.Loop@6ef12ec to 1 iterations
2021-06-11 17:16:17.392 [DEBUG][org.jetbrains.research.kex.asm.transform.LoopDeroller] - Method java/util/Properties::saveConvert(java/lang/String, bool, bool): java/lang/String, unrolling loop org.jetbrains.research.kfg.analysis.Loop@e74ab3c to 1 iterations
2021-06-11 17:16:17.393 [DEBUG][org.jetbrains.research.kex.asm.transform.LoopDeroller] - Method java/util/Properties::writeComments(java/io/BufferedWriter, java/lang/String): void, unrolling loop org.jetbrains.research.kfg.analysis.Loop@4ce3041 to 1 iterations
2021-06-11 17:16:17.395 [DEBUG][org.jetbrains.research.kex.asm.transform.LoopDeroller] - Method java/util/Properties::store0(java/io/BufferedWriter, java/lang/String, bool): void, unrolling loop org.jetbrains.research.kfg.analysis.Loop@3a4797ee to 1 iterations
2021-06-11 17:16:17.395 [DEBUG][org.jetbrains.research.kex.asm.transform.LoopDeroller] - Method java/util/Properties::list(java/io/PrintStream): void, unrolling loop org.jetbrains.research.kfg.analysis.Loop@4148659b to 1 iterations
2021-06-11 17:16:17.396 [DEBUG][org.jetbrains.research.kex.asm.transform.LoopDeroller] - Method java/util/Properties::list(java/io/PrintWriter): void, unrolling loop org.jetbrains.research.kfg.analysis.Loop@7187ae9 to 1 iterations
2021-06-11 17:16:17.397 [DEBUG][org.jetbrains.research.kex.asm.transform.LoopDeroller] - Method java/util/Properties::enumerate(java/util/Hashtable): void, unrolling loop org.jetbrains.research.kfg.analysis.Loop@671f64db to 1 iterations
2021-06-11 17:16:17.398 [DEBUG][org.jetbrains.research.kex.asm.transform.LoopDeroller] - Method java/util/Properties::enumerateStringProperties(java/util/Hashtable): void, unrolling loop org.jetbrains.research.kfg.analysis.Loop@96236b8 to 1 iterations
2021-06-11 17:16:17.401 [DEBUG][org.jetbrains.research.kex.asm.transform.LoopDeroller] - Method java/util/ArraysParallelSortHelpers$FJFloat$Sorter::compute(): void, unrolling loop org.jetbrains.research.kfg.analysis.Loop@34f22614 to 1 iterations
2021-06-11 17:16:17.402 [DEBUG][org.jetbrains.research.kex.asm.transform.LoopDeroller] - Method java/util/concurrent/locks/AbstractQueuedSynchronizer$ConditionObject::doSignal(java/util/concurrent/locks/AbstractQueuedSynchronizer$Node): void, unrolling loop org.jetbrains.research.kfg.analysis.Loop@15268a7c to 1 iterations
2021-06-11 17:16:17.403 [DEBUG][org.jetbrains.research.kex.asm.transform.LoopDeroller] - Method java/util/concurrent/locks/AbstractQueuedSynchronizer$ConditionObject::doSignalAll(java/util/concurrent/locks/AbstractQueuedSynchronizer$Node): void, unrolling loop org.jetbrains.research.kfg.analysis.Loop@5f390559 to 1 iterations
2021-06-11 17:16:17.406 [DEBUG][org.jetbrains.research.kex.asm.transform.LoopDeroller] - Method java/util/concurrent/locks/AbstractQueuedSynchronizer$ConditionObject::unlinkCancelledWaiters(): void, unrolling loop org.jetbrains.research.kfg.analysis.Loop@571c2632 to 1 iterations
2021-06-11 17:16:17.407 [DEBUG][org.jetbrains.research.kex.asm.transform.LoopDeroller] - Method java/util/concurrent/locks/AbstractQueuedSynchronizer$ConditionObject::awaitUninterruptibly(): void, unrolling loop org.jetbrains.research.kfg.analysis.Loop@6dda7fd3 to 1 iterations
2021-06-11 17:16:17.408 [DEBUG][org.jetbrains.research.kex.asm.transform.LoopDeroller] - Method java/util/concurrent/locks/AbstractQueuedSynchronizer$ConditionObject::await(): void, unrolling loop org.jetbrains.research.kfg.analysis.Loop@1e1b3323 to 1 iterations
2021-06-11 17:16:17.408 [DEBUG][org.jetbrains.research.kex.asm.transform.LoopDeroller] - Method java/util/concurrent/locks/AbstractQueuedSynchronizer$ConditionObject::awaitNanos(long): long, unrolling loop org.jetbrains.research.kfg.analysis.Loop@7b4a0bff to 1 iterations
2021-06-11 17:16:17.410 [DEBUG][org.jetbrains.research.kex.asm.transform.LoopDeroller] - Method java/util/concurrent/locks/AbstractQueuedSynchronizer$ConditionObject::awaitUntil(java/util/Date): bool, unrolling loop org.jetbrains.research.kfg.analysis.Loop@40e4f967 to 1 iterations
2021-06-11 17:16:17.412 [DEBUG][org.jetbrains.research.kex.asm.transform.LoopDeroller] - Method java/util/concurrent/locks/AbstractQueuedSynchronizer$ConditionObject::await(long, java/util/concurrent/TimeUnit): bool, unrolling loop org.jetbrains.research.kfg.analysis.Loop@5ba436a7 to 1 iterations
2021-06-11 17:16:17.413 [DEBUG][org.jetbrains.research.kex.asm.transform.LoopDeroller] - Method java/util/concurrent/locks/AbstractQueuedSynchronizer$ConditionObject::hasWaiters(): bool, unrolling loop org.jetbrains.research.kfg.analysis.Loop@66d8aa0f to 1 iterations
2021-06-11 17:16:17.414 [DEBUG][org.jetbrains.research.kex.asm.transform.LoopDeroller] - Method java/util/concurrent/locks/AbstractQueuedSynchronizer$ConditionObject::getWaitQueueLength(): int, unrolling loop org.jetbrains.research.kfg.analysis.Loop@5e7369f4 to 1 iterations
2021-06-11 17:16:17.415 [DEBUG][org.jetbrains.research.kex.asm.transform.LoopDeroller] - Method java/util/concurrent/locks/AbstractQueuedSynchronizer$ConditionObject::getWaitingThreads(): java/util/Collection, unrolling loop org.jetbrains.research.kfg.analysis.Loop@712e1db9 to 1 iterations
2021-06-11 17:16:17.417 [DEBUG][org.jetbrains.research.kex.asm.transform.LoopDeroller] - Method java/util/stream/Nodes$InternalNodeSpliterator$OfRef::forEachRemaining(java/util/function/Consumer): void, unrolling loop org.jetbrains.research.kfg.analysis.Loop@70614f73 to 1 iterations
2021-06-11 17:16:17.417 [DEBUG][org.jetbrains.research.kex.asm.transform.LoopDeroller] - Method java/util/stream/Nodes$InternalNodeSpliterator$OfRef::forEachRemaining(java/util/function/Consumer): void, unrolling loop org.jetbrains.research.kfg.analysis.Loop@dda8a08 to 1 iterations
2021-06-11 17:16:17.418 [DEBUG][org.jetbrains.research.kex.asm.transform.LoopDeroller] - Method java/util/regex/Pattern$BnMS::<init>(int[], int[], int[], java/util/regex/Pattern$Node): void, unrolling loop org.jetbrains.research.kfg.analysis.Loop@4bc0eb04 to 1 iterations
2021-06-11 17:16:17.419 [DEBUG][org.jetbrains.research.kex.asm.transform.LoopDeroller] - Method java/util/regex/Pattern$BnMS::match(java/util/regex/Matcher, int, java/lang/CharSequence): bool, unrolling loop org.jetbrains.research.kfg.analysis.Loop@40e1eb44 to 1 iterations
2021-06-11 17:16:17.419 [DEBUG][org.jetbrains.research.kex.asm.transform.LoopDeroller] - Method java/util/regex/Pattern$BnMS::match(java/util/regex/Matcher, int, java/lang/CharSequence): bool, unrolling loop org.jetbrains.research.kfg.analysis.Loop@27331bb0 to 1 iterations
2021-06-11 17:16:17.421 [DEBUG][org.jetbrains.research.kex.asm.transform.LoopDeroller] - Method java/io/ExpiringCache::cleanup(): void, unrolling loop org.jetbrains.research.kfg.analysis.Loop@37205c0a to 1 iterations
2021-06-11 17:16:17.422 [DEBUG][org.jetbrains.research.kex.asm.transform.LoopDeroller] - Method java/io/ExpiringCache::cleanup(): void, unrolling loop org.jetbrains.research.kfg.analysis.Loop@392bb9d5 to 1 iterations
2021-06-11 17:16:17.422 [DEBUG][org.jetbrains.research.kex.asm.transform.LoopDeroller] - Method java/util/Vector$VectorSpliterator::forEachRemaining(java/util/function/Consumer): void, unrolling loop org.jetbrains.research.kfg.analysis.Loop@2c97211d to 1 iterations
2021-06-11 17:16:17.423 [DEBUG][org.jetbrains.research.kex.asm.transform.LoopDeroller] - Method java/util/stream/SortedOps$DoubleSortingSink::end(): void, unrolling loop org.jetbrains.research.kfg.analysis.Loop@686cc0cd to 1 iterations
2021-06-11 17:16:17.424 [DEBUG][org.jetbrains.research.kex.asm.transform.LoopDeroller] - Method java/util/stream/SortedOps$DoubleSortingSink::end(): void, unrolling loop org.jetbrains.research.kfg.analysis.Loop@6302c560 to 1 iterations
2021-06-11 17:16:17.425 [DEBUG][org.jetbrains.research.kex.asm.transform.LoopDeroller] - Method java/util/HashMap$Values::forEach(java/util/function/Consumer): void, unrolling loop org.jetbrains.research.kfg.analysis.Loop@7d2e8a7c to 1 iterations
2021-06-11 17:16:17.427 [DEBUG][org.jetbrains.research.kex.asm.transform.LoopDeroller] - Method java/util/HashMap$Values::forEach(java/util/function/Consumer): void, unrolling loop org.jetbrains.research.kfg.analysis.Loop@1162f05f to 1 iterations
2021-06-11 17:16:17.433 [DEBUG][org.jetbrains.research.kex.asm.transform.LoopDeroller] - Method java/lang/invoke/MethodHandles$Lookup::getDirectMethodCommon(byte, java/lang/Class, java/lang/invoke/MemberName, bool, bool, java/lang/Class): java/lang/invoke/MethodHandle, unrolling loop org.jetbrains.research.kfg.analysis.Loop@51c95458 to 1 iterations
2021-06-11 17:16:17.435 [DEBUG][org.jetbrains.research.kex.asm.transform.LoopDeroller] - Method java/lang/invoke/MethodHandles$Lookup::canBeCached(byte, java/lang/Class, java/lang/invoke/MemberName): bool, unrolling loop org.jetbrains.research.kfg.analysis.Loop@40c9b66e to 1 iterations
2021-06-11 17:16:17.436 [DEBUG][org.jetbrains.research.kex.asm.transform.LoopDeroller] - Method java/util/stream/Node$OfDouble::copyInto(java/lang/Double[], int): void, unrolling loop org.jetbrains.research.kfg.analysis.Loop@3969b273 to 1 iterations
2021-06-11 17:16:17.437 [DEBUG][org.jetbrains.research.kex.asm.transform.LoopDeroller] - Method java/lang/invoke/LambdaForm$Name::<init>(java/lang/invoke/LambdaForm$NamedFunction, java/lang/Object[]): void, unrolling loop org.jetbrains.research.kfg.analysis.Loop@65dd6512 to 1 iterations
2021-06-11 17:16:17.438 [DEBUG][org.jetbrains.research.kex.asm.transform.LoopDeroller] - Method java/lang/invoke/LambdaForm$Name::replaceName(java/lang/invoke/LambdaForm$Name, java/lang/invoke/LambdaForm$Name): java/lang/invoke/LambdaForm$Name, unrolling loop org.jetbrains.research.kfg.analysis.Loop@17c9f225 to 1 iterations
2021-06-11 17:16:17.439 [DEBUG][org.jetbrains.research.kex.asm.transform.LoopDeroller] - Method java/lang/invoke/LambdaForm$Name::replaceNames(java/lang/invoke/LambdaForm$Name[], java/lang/invoke/LambdaForm$Name[], int, int): java/lang/invoke/LambdaForm$Name, unrolling loop org.jetbrains.research.kfg.analysis.Loop@233974f1 to 1 iterations
2021-06-11 17:16:17.439 [DEBUG][org.jetbrains.research.kex.asm.transform.LoopDeroller] - Method java/lang/invoke/LambdaForm$Name::replaceNames(java/lang/invoke/LambdaForm$Name[], java/lang/invoke/LambdaForm$Name[], int, int): java/lang/invoke/LambdaForm$Name, unrolling loop org.jetbrains.research.kfg.analysis.Loop@7a2d9d70 to 1 iterations
2021-06-11 17:16:17.441 [DEBUG][org.jetbrains.research.kex.asm.transform.LoopDeroller] - Method java/lang/invoke/LambdaForm$Name::internArguments(): void, unrolling loop org.jetbrains.research.kfg.analysis.Loop@7125c13f to 1 iterations
2021-06-11 17:16:17.441 [DEBUG][org.jetbrains.research.kex.asm.transform.LoopDeroller] - Method java/lang/invoke/LambdaForm$Name::exprString(): java/lang/String, unrolling loop org.jetbrains.research.kfg.analysis.Loop@7141cb62 to 1 iterations
2021-06-11 17:16:17.442 [DEBUG][org.jetbrains.research.kex.asm.transform.LoopDeroller] - Method java/lang/invoke/LambdaForm$Name::lastUseIndex(java/lang/invoke/LambdaForm$Name): int, unrolling loop org.jetbrains.research.kfg.analysis.Loop@5c353f6d to 1 iterations
2021-06-11 17:16:17.442 [DEBUG][org.jetbrains.research.kex.asm.transform.LoopDeroller] - Method java/lang/invoke/LambdaForm$Name::useCount(java/lang/invoke/LambdaForm$Name): int, unrolling loop org.jetbrains.research.kfg.analysis.Loop@1fafbebb to 1 iterations
2021-06-11 17:16:17.443 [DEBUG][org.jetbrains.research.kex.asm.transform.LoopDeroller] - Method java/util/HashMap::comparableClassFor(java/lang/Object): java/lang/Class, unrolling loop org.jetbrains.research.kfg.analysis.Loop@1ae87375 to 1 iterations
2021-06-11 17:16:17.444 [DEBUG][org.jetbrains.research.kex.asm.transform.LoopDeroller] - Method java/util/HashMap::putMapEntries(java/util/Map, bool): void, unrolling loop org.jetbrains.research.kfg.analysis.Loop@1ab87746 to 1 iterations
2021-06-11 17:16:17.444 [DEBUG][org.jetbrains.research.kex.asm.transform.LoopDeroller] - Method java/util/HashMap::getNode(int, java/lang/Object): java/util/HashMap$Node, unrolling loop org.jetbrains.research.kfg.analysis.Loop@3700d773 to 1 iterations
2021-06-11 17:16:17.447 [DEBUG][org.jetbrains.research.kex.asm.transform.LoopDeroller] - Method java/util/HashMap::putVal(int, java/lang/Object, java/lang/Object, bool, bool): java/lang/Object, unrolling loop org.jetbrains.research.kfg.analysis.Loop@3d024727 to 1 iterations
2021-06-11 17:16:17.448 [DEBUG][org.jetbrains.research.kex.asm.transform.LoopDeroller] - Method java/util/HashMap::resize(): java/util/HashMap$Node[], unrolling loop org.jetbrains.research.kfg.analysis.Loop@428b5f4e to 1 iterations
2021-06-11 17:16:17.449 [DEBUG][org.jetbrains.research.kex.asm.transform.LoopDeroller] - Method java/util/HashMap::resize(): java/util/HashMap$Node[], unrolling loop org.jetbrains.research.kfg.analysis.Loop@2f790e99 to 1 iterations
2021-06-11 17:16:17.454 [DEBUG][org.jetbrains.research.kex.asm.transform.LoopDeroller] - Method java/util/HashMap::treeifyBin(java/util/HashMap$Node[], int): void, unrolling loop org.jetbrains.research.kfg.analysis.Loop@7d25e294 to 1 iterations
2021-06-11 17:16:17.455 [DEBUG][org.jetbrains.research.kex.asm.transform.LoopDeroller] - Method java/util/HashMap::removeNode(int, java/lang/Object, java/lang/Object, bool, bool): java/util/HashMap$Node, unrolling loop org.jetbrains.research.kfg.analysis.Loop@aeb071f to 1 iterations
2021-06-11 17:16:17.456 [DEBUG][org.jetbrains.research.kex.asm.transform.LoopDeroller] - Method java/util/HashMap::clear(): void, unrolling loop org.jetbrains.research.kfg.analysis.Loop@296f5f04 to 1 iterations
2021-06-11 17:16:17.457 [DEBUG][org.jetbrains.research.kex.asm.transform.LoopDeroller] - Method java/util/HashMap::containsValue(java/lang/Object): bool, unrolling loop org.jetbrains.research.kfg.analysis.Loop@378ecc5f to 1 iterations
2021-06-11 17:16:17.457 [DEBUG][org.jetbrains.research.kex.asm.transform.LoopDeroller] - Method java/util/HashMap::containsValue(java/lang/Object): bool, unrolling loop org.jetbrains.research.kfg.analysis.Loop@45e343b4 to 1 iterations
2021-06-11 17:16:17.459 [DEBUG][org.jetbrains.research.kex.asm.transform.LoopDeroller] - Method java/util/HashMap::computeIfAbsent(java/lang/Object, java/util/function/Function): java/lang/Object, unrolling loop org.jetbrains.research.kfg.analysis.Loop@319d0425 to 1 iterations
2021-06-11 17:16:17.460 [DEBUG][org.jetbrains.research.kex.asm.transform.LoopDeroller] - Method java/util/HashMap::compute(java/lang/Object, java/util/function/BiFunction): java/lang/Object, unrolling loop org.jetbrains.research.kfg.analysis.Loop@711524bd to 1 iterations
2021-06-11 17:16:17.461 [DEBUG][org.jetbrains.research.kex.asm.transform.LoopDeroller] - Method java/util/HashMap::merge(java/lang/Object, java/lang/Object, java/util/function/BiFunction): java/lang/Object, unrolling loop org.jetbrains.research.kfg.analysis.Loop@6820cd56 to 1 iterations
2021-06-11 17:16:17.461 [DEBUG][org.jetbrains.research.kex.asm.transform.LoopDeroller] - Method java/util/HashMap::forEach(java/util/function/BiConsumer): void, unrolling loop org.jetbrains.research.kfg.analysis.Loop@7191d644 to 1 iterations
2021-06-11 17:16:17.462 [DEBUG][org.jetbrains.research.kex.asm.transform.LoopDeroller] - Method java/util/HashMap::forEach(java/util/function/BiConsumer): void, unrolling loop org.jetbrains.research.kfg.analysis.Loop@204122e2 to 1 iterations
2021-06-11 17:16:17.462 [DEBUG][org.jetbrains.research.kex.asm.transform.LoopDeroller] - Method java/util/HashMap::replaceAll(java/util/function/BiFunction): void, unrolling loop org.jetbrains.research.kfg.analysis.Loop@12a69add to 1 iterations
2021-06-11 17:16:17.463 [DEBUG][org.jetbrains.research.kex.asm.transform.LoopDeroller] - Method java/util/HashMap::replaceAll(java/util/function/BiFunction): void, unrolling loop org.jetbrains.research.kfg.analysis.Loop@54ea5a45 to 1 iterations
2021-06-11 17:16:17.463 [DEBUG][org.jetbrains.research.kex.asm.transform.LoopDeroller] - Method java/util/HashMap::readObject(java/io/ObjectInputStream): void, unrolling loop org.jetbrains.research.kfg.analysis.Loop@10aa9b9 to 1 iterations
2021-06-11 17:16:17.464 [DEBUG][org.jetbrains.research.kex.asm.transform.LoopDeroller] - Method java/util/HashMap::internalWriteEntries(java/io/ObjectOutputStream): void, unrolling loop org.jetbrains.research.kfg.analysis.Loop@57bc39ba to 1 iterations
2021-06-11 17:16:17.464 [DEBUG][org.jetbrains.research.kex.asm.transform.LoopDeroller] - Method java/util/HashMap::internalWriteEntries(java/io/ObjectOutputStream): void, unrolling loop org.jetbrains.research.kfg.analysis.Loop@291e1dd0 to 1 iterations
2021-06-11 17:16:17.465 [DEBUG][org.jetbrains.research.kex.asm.transform.LoopDeroller] - Method java/util/ArraysParallelSortHelpers$FJInt$Merger::compute(): void, unrolling loop org.jetbrains.research.kfg.analysis.Loop@62422837 to 1 iterations
2021-06-11 17:16:17.465 [DEBUG][org.jetbrains.research.kex.asm.transform.LoopDeroller] - Method java/util/ArraysParallelSortHelpers$FJInt$Merger::compute(): void, unrolling loop org.jetbrains.research.kfg.analysis.Loop@3f9f0c26 to 1 iterations
2021-06-11 17:16:17.466 [DEBUG][org.jetbrains.research.kex.asm.transform.LoopDeroller] - Method java/util/ArraysParallelSortHelpers$FJInt$Merger::compute(): void, unrolling loop org.jetbrains.research.kfg.analysis.Loop@118ccc65 to 1 iterations
2021-06-11 17:16:17.471 [DEBUG][org.jetbrains.research.kex.asm.transform.LoopDeroller] - Method java/util/ArraysParallelSortHelpers$FJInt$Merger::compute(): void, unrolling loop org.jetbrains.research.kfg.analysis.Loop@620d8b72 to 1 iterations
2021-06-11 17:16:17.473 [DEBUG][org.jetbrains.research.kex.asm.transform.LoopDeroller] - Method java/nio/charset/Charset$3::run(): java/util/SortedMap, unrolling loop org.jetbrains.research.kfg.analysis.Loop@404eb03f to 1 iterations
2021-06-11 17:16:17.476 [DEBUG][org.jetbrains.research.kex.asm.transform.LoopDeroller] - Method java/nio/charset/Charset$1::getNext(): bool, unrolling loop org.jetbrains.research.kfg.analysis.Loop@736644cc to 1 iterations
2021-06-11 17:16:17.478 [DEBUG][org.jetbrains.research.kex.asm.transform.LoopDeroller] - Method java/nio/charset/Charset$2::run(): java/nio/charset/Charset, unrolling loop org.jetbrains.research.kfg.analysis.Loop@587c0981 to 1 iterations
2021-06-11 17:16:17.478 [DEBUG][org.jetbrains.research.kex.asm.transform.LoopDeroller] - Method java/util/stream/LongPipeline::forEachWithCancel(java/util/Spliterator, java/util/stream/Sink): void, unrolling loop org.jetbrains.research.kfg.analysis.Loop@229dfa1a to 1 iterations
2021-06-11 17:16:17.480 [DEBUG][org.jetbrains.research.kex.asm.transform.LoopDeroller] - Method java/util/concurrent/ConcurrentHashMap::comparableClassFor(java/lang/Object): java/lang/Class, unrolling loop org.jetbrains.research.kfg.analysis.Loop@771eceb5 to 1 iterations
2021-06-11 17:16:17.481 [DEBUG][org.jetbrains.research.kex.asm.transform.LoopDeroller] - Method java/util/concurrent/ConcurrentHashMap::get(java/lang/Object): java/lang/Object, unrolling loop org.jetbrains.research.kfg.analysis.Loop@388d2e3 to 1 iterations
2021-06-11 17:16:17.482 [DEBUG][org.jetbrains.research.kex.asm.transform.LoopDeroller] - Method java/util/concurrent/ConcurrentHashMap::containsValue(java/lang/Object): bool, unrolling loop org.jetbrains.research.kfg.analysis.Loop@1d294765 to 1 iterations
2021-06-11 17:16:17.484 [DEBUG][org.jetbrains.research.kex.asm.transform.LoopDeroller] - Method java/util/concurrent/ConcurrentHashMap::putVal(java/lang/Object, java/lang/Object, bool): java/lang/Object, unrolling loop org.jetbrains.research.kfg.analysis.Loop@57472e2b to 1 iterations
2021-06-11 17:16:17.485 [DEBUG][org.jetbrains.research.kex.asm.transform.LoopDeroller] - Method java/util/concurrent/ConcurrentHashMap::putVal(java/lang/Object, java/lang/Object, bool): java/lang/Object, unrolling loop org.jetbrains.research.kfg.analysis.Loop@4ea78fba to 1 iterations
2021-06-11 17:16:17.489 [DEBUG][org.jetbrains.research.kex.asm.transform.LoopDeroller] - Method java/util/concurrent/ConcurrentHashMap::putAll(java/util/Map): void, unrolling loop org.jetbrains.research.kfg.analysis.Loop@3ae1b3bd to 1 iterations
2021-06-11 17:16:17.490 [DEBUG][org.jetbrains.research.kex.asm.transform.LoopDeroller] - Method java/util/concurrent/ConcurrentHashMap::replaceNode(java/lang/Object, java/lang/Object, java/lang/Object): java/lang/Object, unrolling loop org.jetbrains.research.kfg.analysis.Loop@7a21fdb8 to 1 iterations
2021-06-11 17:16:17.491 [DEBUG][org.jetbrains.research.kex.asm.transform.LoopDeroller] - Method java/util/concurrent/ConcurrentHashMap::replaceNode(java/lang/Object, java/lang/Object, java/lang/Object): java/lang/Object, unrolling loop org.jetbrains.research.kfg.analysis.Loop@3e34036 to 1 iterations
2021-06-11 17:16:17.496 [DEBUG][org.jetbrains.research.kex.asm.transform.LoopDeroller] - Method java/util/concurrent/ConcurrentHashMap::clear(): void, unrolling loop org.jetbrains.research.kfg.analysis.Loop@433baf10 to 1 iterations
2021-06-11 17:16:17.497 [DEBUG][org.jetbrains.research.kex.asm.transform.LoopDeroller] - Method java/util/concurrent/ConcurrentHashMap::clear(): void, unrolling loop org.jetbrains.research.kfg.analysis.Loop@2663f151 to 1 iterations
2021-06-11 17:16:17.498 [DEBUG][org.jetbrains.research.kex.asm.transform.LoopDeroller] - Method java/util/concurrent/ConcurrentHashMap::hashCode(): int, unrolling loop org.jetbrains.research.kfg.analysis.Loop@2be86616 to 1 iterations
2021-06-11 17:16:17.498 [DEBUG][org.jetbrains.research.kex.asm.transform.LoopDeroller] - Method java/util/concurrent/ConcurrentHashMap::toString(): java/lang/String, unrolling loop org.jetbrains.research.kfg.analysis.Loop@36b9a82a to 1 iterations
2021-06-11 17:16:17.499 [DEBUG][org.jetbrains.research.kex.asm.transform.LoopDeroller] - Method java/util/concurrent/ConcurrentHashMap::equals(java/lang/Object): bool, unrolling loop org.jetbrains.research.kfg.analysis.Loop@1fcd57fc to 1 iterations
2021-06-11 17:16:17.501 [DEBUG][org.jetbrains.research.kex.asm.transform.LoopDeroller] - Method java/util/concurrent/ConcurrentHashMap::equals(java/lang/Object): bool, unrolling loop org.jetbrains.research.kfg.analysis.Loop@13383bd3 to 1 iterations
2021-06-11 17:16:17.503 [DEBUG][org.jetbrains.research.kex.asm.transform.LoopDeroller] - Method java/util/concurrent/ConcurrentHashMap::writeObject(java/io/ObjectOutputStream): void, unrolling loop org.jetbrains.research.kfg.analysis.Loop@2f5ef12d to 1 iterations
2021-06-11 17:16:17.503 [DEBUG][org.jetbrains.research.kex.asm.transform.LoopDeroller] - Method java/util/concurrent/ConcurrentHashMap::writeObject(java/io/ObjectOutputStream): void, unrolling loop org.jetbrains.research.kfg.analysis.Loop@3f8f62f2 to 1 iterations
2021-06-11 17:16:17.504 [DEBUG][org.jetbrains.research.kex.asm.transform.LoopDeroller] - Method java/util/concurrent/ConcurrentHashMap::writeObject(java/io/ObjectOutputStream): void, unrolling loop org.jetbrains.research.kfg.analysis.Loop@4c1f9200 to 1 iterations
2021-06-11 17:16:17.505 [DEBUG][org.jetbrains.research.kex.asm.transform.LoopDeroller] - Method java/util/concurrent/ConcurrentHashMap::readObject(java/io/ObjectInputStream): void, unrolling loop org.jetbrains.research.kfg.analysis.Loop@7d98b3a5 to 1 iterations
2021-06-11 17:16:17.505 [DEBUG][org.jetbrains.research.kex.asm.transform.LoopDeroller] - Method java/util/concurrent/ConcurrentHashMap::readObject(java/io/ObjectInputStream): void, unrolling loop org.jetbrains.research.kfg.analysis.Loop@4ca9aee6 to 1 iterations
2021-06-11 17:16:17.506 [DEBUG][org.jetbrains.research.kex.asm.transform.LoopDeroller] - Method java/util/concurrent/ConcurrentHashMap::readObject(java/io/ObjectInputStream): void, unrolling loop org.jetbrains.research.kfg.analysis.Loop@1cd27061 to 1 iterations
2021-06-11 17:16:17.511 [DEBUG][org.jetbrains.research.kex.asm.transform.LoopDeroller] - Method java/util/concurrent/ConcurrentHashMap::readObject(java/io/ObjectInputStream): void, unrolling loop org.jetbrains.research.kfg.analysis.Loop@2c1e1989 to 1 iterations
2021-06-11 17:16:17.512 [DEBUG][org.jetbrains.research.kex.asm.transform.LoopDeroller] - Method java/util/concurrent/ConcurrentHashMap::forEach(java/util/function/BiConsumer): void, unrolling loop org.jetbrains.research.kfg.analysis.Loop@396ba469 to 1 iterations
2021-06-11 17:16:17.513 [DEBUG][org.jetbrains.research.kex.asm.transform.LoopDeroller] - Method java/util/concurrent/ConcurrentHashMap::replaceAll(java/util/function/BiFunction): void, unrolling loop org.jetbrains.research.kfg.analysis.Loop@7d38b95f to 1 iterations
2021-06-11 17:16:17.513 [DEBUG][org.jetbrains.research.kex.asm.transform.LoopDeroller] - Method java/util/concurrent/ConcurrentHashMap::replaceAll(java/util/function/BiFunction): void, unrolling loop org.jetbrains.research.kfg.analysis.Loop@5f41f742 to 1 iterations
2021-06-11 17:16:17.515 [DEBUG][org.jetbrains.research.kex.asm.transform.LoopDeroller] - Method java/util/concurrent/ConcurrentHashMap::computeIfAbsent(java/lang/Object, java/util/function/Function): java/lang/Object, unrolling loop org.jetbrains.research.kfg.analysis.Loop@be83766 to 1 iterations
2021-06-11 17:16:17.518 [DEBUG][org.jetbrains.research.kex.asm.transform.LoopDeroller] - Method java/util/concurrent/ConcurrentHashMap::computeIfAbsent(java/lang/Object, java/util/function/Function): java/lang/Object, unrolling loop org.jetbrains.research.kfg.analysis.Loop@5f23aa7c to 1 iterations
2021-06-11 17:16:17.523 [DEBUG][org.jetbrains.research.kex.asm.transform.LoopDeroller] - Method java/util/concurrent/ConcurrentHashMap::computeIfPresent(java/lang/Object, java/util/function/BiFunction): java/lang/Object, unrolling loop org.jetbrains.research.kfg.analysis.Loop@46180711 to 1 iterations
2021-06-11 17:16:17.524 [DEBUG][org.jetbrains.research.kex.asm.transform.LoopDeroller] - Method java/util/concurrent/ConcurrentHashMap::computeIfPresent(java/lang/Object, java/util/function/BiFunction): java/lang/Object, unrolling loop org.jetbrains.research.kfg.analysis.Loop@67bea027 to 1 iterations
2021-06-11 17:16:17.527 [DEBUG][org.jetbrains.research.kex.asm.transform.LoopDeroller] - Method java/util/concurrent/ConcurrentHashMap::compute(java/lang/Object, java/util/function/BiFunction): java/lang/Object, unrolling loop org.jetbrains.research.kfg.analysis.Loop@16da7feb to 1 iterations
2021-06-11 17:16:17.528 [DEBUG][org.jetbrains.research.kex.asm.transform.LoopDeroller] - Method java/util/concurrent/ConcurrentHashMap::compute(java/lang/Object, java/util/function/BiFunction): java/lang/Object, unrolling loop org.jetbrains.research.kfg.analysis.Loop@6e0cacaa to 1 iterations
2021-06-11 17:16:17.555 [DEBUG][org.jetbrains.research.kex.asm.transform.LoopDeroller] - Method java/util/concurrent/ConcurrentHashMap::merge(java/lang/Object, java/lang/Object, java/util/function/BiFunction): java/lang/Object, unrolling loop org.jetbrains.research.kfg.analysis.Loop@7139dbe3 to 1 iterations
2021-06-11 17:16:17.556 [DEBUG][org.jetbrains.research.kex.asm.transform.LoopDeroller] - Method java/util/concurrent/ConcurrentHashMap::merge(java/lang/Object, java/lang/Object, java/util/function/BiFunction): java/lang/Object, unrolling loop org.jetbrains.research.kfg.analysis.Loop@3de983f6 to 1 iterations
2021-06-11 17:16:17.559 [DEBUG][org.jetbrains.research.kex.asm.transform.LoopDeroller] - Method java/util/concurrent/ConcurrentHashMap::initTable(): java/util/concurrent/ConcurrentHashMap$Node[], unrolling loop org.jetbrains.research.kfg.analysis.Loop@2b0831b0 to 1 iterations
2021-06-11 17:16:17.567 [DEBUG][org.jetbrains.research.kex.asm.transform.LoopDeroller] - Method java/util/concurrent/ConcurrentHashMap::addCount(long, int): void, unrolling loop org.jetbrains.research.kfg.analysis.Loop@2c11da53 to 1 iterations
2021-06-11 17:16:17.568 [DEBUG][org.jetbrains.research.kex.asm.transform.LoopDeroller] - Method java/util/concurrent/ConcurrentHashMap::helpTransfer(java/util/concurrent/ConcurrentHashMap$Node[], java/util/concurrent/ConcurrentHashMap$Node): java/util/concurrent/ConcurrentHashMap$Node[], unrolling loop org.jetbrains.research.kfg.analysis.Loop@49d715b1 to 1 iterations
2021-06-11 17:16:17.569 [DEBUG][org.jetbrains.research.kex.asm.transform.LoopDeroller] - Method java/util/concurrent/ConcurrentHashMap::tryPresize(int): void, unrolling loop org.jetbrains.research.kfg.analysis.Loop@6120839a to 1 iterations
2021-06-11 17:16:17.574 [DEBUG][org.jetbrains.research.kex.asm.transform.LoopDeroller] - Method java/util/concurrent/ConcurrentHashMap::transfer(java/util/concurrent/ConcurrentHashMap$Node[], java/util/concurrent/ConcurrentHashMap$Node[]): void, unrolling loop org.jetbrains.research.kfg.analysis.Loop@11162d83 to 1 iterations
2021-06-11 17:16:17.580 [DEBUG][org.jetbrains.research.kex.asm.transform.LoopDeroller] - Method java/util/concurrent/ConcurrentHashMap::transfer(java/util/concurrent/ConcurrentHashMap$Node[], java/util/concurrent/ConcurrentHashMap$Node[]): void, unrolling loop org.jetbrains.research.kfg.analysis.Loop@3b9b0886 to 1 iterations
2021-06-11 17:16:17.581 [DEBUG][org.jetbrains.research.kex.asm.transform.LoopDeroller] - Method java/util/concurrent/ConcurrentHashMap::transfer(java/util/concurrent/ConcurrentHashMap$Node[], java/util/concurrent/ConcurrentHashMap$Node[]): void, unrolling loop org.jetbrains.research.kfg.analysis.Loop@2c94f6ea to 1 iterations
2021-06-11 17:16:17.582 [DEBUG][org.jetbrains.research.kex.asm.transform.LoopDeroller] - Method java/util/concurrent/ConcurrentHashMap::transfer(java/util/concurrent/ConcurrentHashMap$Node[], java/util/concurrent/ConcurrentHashMap$Node[]): void, unrolling loop org.jetbrains.research.kfg.analysis.Loop@125eebf4 to 1 iterations
2021-06-11 17:16:17.597 [DEBUG][org.jetbrains.research.kex.asm.transform.LoopDeroller] - Method java/util/concurrent/ConcurrentHashMap::sumCount(): long, unrolling loop org.jetbrains.research.kfg.analysis.Loop@3f61969 to 1 iterations
2021-06-11 17:16:17.598 [DEBUG][org.jetbrains.research.kex.asm.transform.LoopDeroller] - Method java/util/concurrent/ConcurrentHashMap::fullAddCount(long, bool): void, unrolling loop org.jetbrains.research.kfg.analysis.Loop@55754d07 to 1 iterations
2021-06-11 17:16:17.599 [DEBUG][org.jetbrains.research.kex.asm.transform.LoopDeroller] - Method java/util/concurrent/ConcurrentHashMap::fullAddCount(long, bool): void, unrolling loop org.jetbrains.research.kfg.analysis.Loop@32a6eca9 to 1 iterations
2021-06-11 17:16:17.602 [DEBUG][org.jetbrains.research.kex.asm.transform.LoopDeroller] - Method java/util/concurrent/ConcurrentHashMap::treeifyBin(java/util/concurrent/ConcurrentHashMap$Node[], int): void, unrolling loop org.jetbrains.research.kfg.analysis.Loop@19356f11 to 1 iterations
2021-06-11 17:16:17.603 [DEBUG][org.jetbrains.research.kex.asm.transform.LoopDeroller] - Method java/util/concurrent/ConcurrentHashMap::untreeify(java/util/concurrent/ConcurrentHashMap$Node): java/util/concurrent/ConcurrentHashMap$Node, unrolling loop org.jetbrains.research.kfg.analysis.Loop@aeae4c6 to 1 iterations
2021-06-11 17:16:17.606 [DEBUG][org.jetbrains.research.kex.asm.transform.LoopDeroller] - Method java/io/BufferedInputStream::read(byte[], int, int): int, unrolling loop org.jetbrains.research.kfg.analysis.Loop@266842b0 to 1 iterations
2021-06-11 17:16:17.609 [DEBUG][org.jetbrains.research.kex.asm.transform.LoopDeroller] - Method java/io/BufferedInputStream::close(): void, unrolling loop org.jetbrains.research.kfg.analysis.Loop@116fab9 to 1 iterations
2021-06-11 17:16:17.610 [DEBUG][org.jetbrains.research.kex.asm.transform.LoopDeroller] - Method java/util/stream/StreamSpliterators$DistinctSpliterator::tryAdvance(java/util/function/Consumer): bool, unrolling loop org.jetbrains.research.kfg.analysis.Loop@678d4c6e to 1 iterations
2021-06-11 17:16:17.610 [DEBUG][org.jetbrains.research.kex.asm.transform.LoopDeroller] - Method java/util/concurrent/ConcurrentHashMap$ForEachMappingTask::compute(): void, unrolling loop org.jetbrains.research.kfg.analysis.Loop@58d24653 to 1 iterations
2021-06-11 17:16:17.611 [DEBUG][org.jetbrains.research.kex.asm.transform.LoopDeroller] - Method java/util/concurrent/ConcurrentHashMap$ForEachMappingTask::compute(): void, unrolling loop org.jetbrains.research.kfg.analysis.Loop@d3efe97 to 1 iterations
2021-06-11 17:16:17.616 [DEBUG][org.jetbrains.research.kex.asm.transform.LoopDeroller] - Method java/util/concurrent/atomic/DoubleAdder::sum(): double, unrolling loop org.jetbrains.research.kfg.analysis.Loop@668e32d7 to 1 iterations
2021-06-11 17:16:17.617 [DEBUG][org.jetbrains.research.kex.asm.transform.LoopDeroller] - Method java/util/concurrent/atomic/DoubleAdder::reset(): void, unrolling loop org.jetbrains.research.kfg.analysis.Loop@7b5ba6da to 1 iterations
2021-06-11 17:16:17.618 [DEBUG][org.jetbrains.research.kex.asm.transform.LoopDeroller] - Method java/util/concurrent/atomic/DoubleAdder::sumThenReset(): double, unrolling loop org.jetbrains.research.kfg.analysis.Loop@2a79a703 to 1 iterations
2021-06-11 17:16:17.620 [DEBUG][org.jetbrains.research.kex.asm.transform.LoopDeroller] - Method java/util/Date::parse(java/lang/String): long, unrolling loop org.jetbrains.research.kfg.analysis.Loop@28cc6ace to 1 iterations
2021-06-11 17:16:17.621 [DEBUG][org.jetbrains.research.kex.asm.transform.LoopDeroller] - Method java/util/Date::parse(java/lang/String): long, unrolling loop org.jetbrains.research.kfg.analysis.Loop@395faeac to 1 iterations
2021-06-11 17:16:17.622 [DEBUG][org.jetbrains.research.kex.asm.transform.LoopDeroller] - Method java/util/Date::parse(java/lang/String): long, unrolling loop org.jetbrains.research.kfg.analysis.Loop@650e8188 to 1 iterations
2021-06-11 17:16:17.623 [DEBUG][org.jetbrains.research.kex.asm.transform.LoopDeroller] - Method java/util/Date::parse(java/lang/String): long, unrolling loop org.jetbrains.research.kfg.analysis.Loop@18246b33 to 1 iterations
2021-06-11 17:16:17.625 [DEBUG][org.jetbrains.research.kex.asm.transform.LoopDeroller] - Method java/util/Date::parse(java/lang/String): long, unrolling loop org.jetbrains.research.kfg.analysis.Loop@34fd44e3 to 1 iterations
2021-06-11 17:16:17.643 [DEBUG][org.jetbrains.research.kex.asm.transform.LoopDeroller] - Method java/math/BigDecimal$StringBuilderHelper::putIntCompact(long): int, unrolling loop org.jetbrains.research.kfg.analysis.Loop@14a3b589 to 1 iterations
2021-06-11 17:16:17.643 [DEBUG][org.jetbrains.research.kex.asm.transform.LoopDeroller] - Method java/math/BigDecimal$StringBuilderHelper::putIntCompact(long): int, unrolling loop org.jetbrains.research.kfg.analysis.Loop@13bd5d16 to 1 iterations
2021-06-11 17:16:17.646 [DEBUG][org.jetbrains.research.kex.asm.transform.LoopDeroller] - Method java/util/concurrent/locks/StampedLock::tryReadLock(): long, unrolling loop org.jetbrains.research.kfg.analysis.Loop@4e289f5e to 1 iterations
2021-06-11 17:16:17.647 [DEBUG][org.jetbrains.research.kex.asm.transform.LoopDeroller] - Method java/util/concurrent/locks/StampedLock::unlockRead(long): void, unrolling loop org.jetbrains.research.kfg.analysis.Loop@19f9e32a to 1 iterations
2021-06-11 17:16:17.647 [DEBUG][org.jetbrains.research.kex.asm.transform.LoopDeroller] - Method java/util/concurrent/locks/StampedLock::unlock(long): void, unrolling loop org.jetbrains.research.kfg.analysis.Loop@f8e2d26 to 1 iterations
2021-06-11 17:16:17.648 [DEBUG][org.jetbrains.research.kex.asm.transform.LoopDeroller] - Method java/util/concurrent/locks/StampedLock::tryConvertToWriteLock(long): long, unrolling loop org.jetbrains.research.kfg.analysis.Loop@2cb52ff2 to 1 iterations
2021-06-11 17:16:17.651 [DEBUG][org.jetbrains.research.kex.asm.transform.LoopDeroller] - Method java/util/concurrent/locks/StampedLock::tryConvertToReadLock(long): long, unrolling loop org.jetbrains.research.kfg.analysis.Loop@a80d4b5 to 1 iterations
2021-06-11 17:16:17.652 [DEBUG][org.jetbrains.research.kex.asm.transform.LoopDeroller] - Method java/util/concurrent/locks/StampedLock::tryConvertToOptimisticRead(long): long, unrolling loop org.jetbrains.research.kfg.analysis.Loop@1f04f9c1 to 1 iterations
2021-06-11 17:16:17.652 [DEBUG][org.jetbrains.research.kex.asm.transform.LoopDeroller] - Method java/util/concurrent/locks/StampedLock::tryUnlockRead(): bool, unrolling loop org.jetbrains.research.kfg.analysis.Loop@2373f3ad to 1 iterations
2021-06-11 17:16:17.653 [DEBUG][org.jetbrains.research.kex.asm.transform.LoopDeroller] - Method java/util/concurrent/locks/StampedLock::unstampedUnlockRead(): void, unrolling loop org.jetbrains.research.kfg.analysis.Loop@d8a3b70 to 1 iterations
2021-06-11 17:16:17.655 [DEBUG][org.jetbrains.research.kex.asm.transform.LoopDeroller] - Method java/util/concurrent/locks/StampedLock::release(java/util/concurrent/locks/StampedLock$WNode): void, unrolling loop org.jetbrains.research.kfg.analysis.Loop@7c31ade5 to 1 iterations
2021-06-11 17:16:17.657 [DEBUG][org.jetbrains.research.kex.asm.transform.LoopDeroller] - Method java/util/concurrent/locks/StampedLock::acquireWrite(bool, long): long, unrolling loop org.jetbrains.research.kfg.analysis.Loop@28f49143 to 1 iterations
2021-06-11 17:16:17.659 [DEBUG][org.jetbrains.research.kex.asm.transform.LoopDeroller] - Method java/util/concurrent/locks/StampedLock::acquireWrite(bool, long): long, unrolling loop org.jetbrains.research.kfg.analysis.Loop@37206a26 to 1 iterations
2021-06-11 17:16:17.660 [DEBUG][org.jetbrains.research.kex.asm.transform.LoopDeroller] - Method java/util/concurrent/locks/StampedLock::acquireWrite(bool, long): long, unrolling loop org.jetbrains.research.kfg.analysis.Loop@d21e438 to 1 iterations
2021-06-11 17:16:17.660 [DEBUG][org.jetbrains.research.kex.asm.transform.LoopDeroller] - Method java/util/concurrent/locks/StampedLock::acquireWrite(bool, long): long, unrolling loop org.jetbrains.research.kfg.analysis.Loop@71fd0651 to 1 iterations
2021-06-11 17:16:17.666 [DEBUG][org.jetbrains.research.kex.asm.transform.LoopDeroller] - Method java/util/concurrent/locks/StampedLock::acquireRead(bool, long): long, unrolling loop org.jetbrains.research.kfg.analysis.Loop@7021385e to 1 iterations
2021-06-11 17:16:17.668 [DEBUG][org.jetbrains.research.kex.asm.transform.LoopDeroller] - Method java/util/concurrent/locks/StampedLock::acquireRead(bool, long): long, unrolling loop org.jetbrains.research.kfg.analysis.Loop@98d60a8 to 1 iterations
2021-06-11 17:16:17.674 [DEBUG][org.jetbrains.research.kex.asm.transform.LoopDeroller] - Method java/util/concurrent/locks/StampedLock::acquireRead(bool, long): long, unrolling loop org.jetbrains.research.kfg.analysis.Loop@5975e822 to 1 iterations
2021-06-11 17:16:17.676 [DEBUG][org.jetbrains.research.kex.asm.transform.LoopDeroller] - Method java/util/concurrent/locks/StampedLock::acquireRead(bool, long): long, unrolling loop org.jetbrains.research.kfg.analysis.Loop@19618762 to 1 iterations
2021-06-11 17:16:17.697 [DEBUG][org.jetbrains.research.kex.asm.transform.LoopDeroller] - Method java/util/concurrent/locks/StampedLock::acquireRead(bool, long): long, unrolling loop org.jetbrains.research.kfg.analysis.Loop@35a01162 to 1 iterations
2021-06-11 17:16:17.698 [DEBUG][org.jetbrains.research.kex.asm.transform.LoopDeroller] - Method java/util/concurrent/locks/StampedLock::acquireRead(bool, long): long, unrolling loop org.jetbrains.research.kfg.analysis.Loop@2108796d to 1 iterations
2021-06-11 17:16:17.699 [DEBUG][org.jetbrains.research.kex.asm.transform.LoopDeroller] - Method java/util/concurrent/locks/StampedLock::acquireRead(bool, long): long, unrolling loop org.jetbrains.research.kfg.analysis.Loop@574aaf5e to 1 iterations
2021-06-11 17:16:17.704 [DEBUG][org.jetbrains.research.kex.asm.transform.LoopDeroller] - Method java/util/concurrent/locks/StampedLock::acquireRead(bool, long): long, unrolling loop org.jetbrains.research.kfg.analysis.Loop@206fd89a to 1 iterations
2021-06-11 17:16:17.706 [DEBUG][org.jetbrains.research.kex.asm.transform.LoopDeroller] - Method java/util/concurrent/locks/StampedLock::cancelWaiter(java/util/concurrent/locks/StampedLock$WNode, java/util/concurrent/locks/StampedLock$WNode, bool): long, unrolling loop org.jetbrains.research.kfg.analysis.Loop@3dc05672 to 1 iterations
2021-06-11 17:16:17.706 [DEBUG][org.jetbrains.research.kex.asm.transform.LoopDeroller] - Method java/util/concurrent/locks/StampedLock::cancelWaiter(java/util/concurrent/locks/StampedLock$WNode, java/util/concurrent/locks/StampedLock$WNode, bool): long, unrolling loop org.jetbrains.research.kfg.analysis.Loop@361a851e to 1 iterations
2021-06-11 17:16:17.707 [DEBUG][org.jetbrains.research.kex.asm.transform.LoopDeroller] - Method java/util/concurrent/locks/StampedLock::cancelWaiter(java/util/concurrent/locks/StampedLock$WNode, java/util/concurrent/locks/StampedLock$WNode, bool): long, unrolling loop org.jetbrains.research.kfg.analysis.Loop@315af19e to 1 iterations
2021-06-11 17:16:17.708 [DEBUG][org.jetbrains.research.kex.asm.transform.LoopDeroller] - Method java/util/concurrent/locks/StampedLock::cancelWaiter(java/util/concurrent/locks/StampedLock$WNode, java/util/concurrent/locks/StampedLock$WNode, bool): long, unrolling loop org.jetbrains.research.kfg.analysis.Loop@5b709655 to 1 iterations
2021-06-11 17:16:17.708 [DEBUG][org.jetbrains.research.kex.asm.transform.LoopDeroller] - Method java/util/concurrent/locks/StampedLock::cancelWaiter(java/util/concurrent/locks/StampedLock$WNode, java/util/concurrent/locks/StampedLock$WNode, bool): long, unrolling loop org.jetbrains.research.kfg.analysis.Loop@16e28aed to 1 iterations
2021-06-11 17:16:17.709 [DEBUG][org.jetbrains.research.kex.asm.transform.LoopDeroller] - Method java/util/concurrent/locks/StampedLock::cancelWaiter(java/util/concurrent/locks/StampedLock$WNode, java/util/concurrent/locks/StampedLock$WNode, bool): long, unrolling loop org.jetbrains.research.kfg.analysis.Loop@309fa80e to 1 iterations
2021-06-11 17:16:17.710 [DEBUG][org.jetbrains.research.kex.asm.transform.LoopDeroller] - Method java/util/concurrent/locks/StampedLock::cancelWaiter(java/util/concurrent/locks/StampedLock$WNode, java/util/concurrent/locks/StampedLock$WNode, bool): long, unrolling loop org.jetbrains.research.kfg.analysis.Loop@38f3156a to 1 iterations
2021-06-11 17:16:17.714 [DEBUG][org.jetbrains.research.kex.asm.transform.LoopDeroller] - Method java/util/concurrent/ForkJoinTask::setCompletion(int): int, unrolling loop org.jetbrains.research.kfg.analysis.Loop@fb48cf5 to 1 iterations
2021-06-11 17:16:17.715 [DEBUG][org.jetbrains.research.kex.asm.transform.LoopDeroller] - Method java/util/concurrent/ForkJoinTask::externalAwaitDone(): int, unrolling loop org.jetbrains.research.kfg.analysis.Loop@72ebf8f8 to 1 iterations
2021-06-11 17:16:17.719 [DEBUG][org.jetbrains.research.kex.asm.transform.LoopDeroller] - Method java/util/concurrent/ForkJoinTask::externalInterruptibleAwaitDone(): int, unrolling loop org.jetbrains.research.kfg.analysis.Loop@642b4ae to 1 iterations
2021-06-11 17:16:17.720 [DEBUG][org.jetbrains.research.kex.asm.transform.LoopDeroller] - Method java/util/concurrent/ForkJoinTask::recordExceptionalCompletion(java/lang/Throwable): int, unrolling loop org.jetbrains.research.kfg.analysis.Loop@71755d4 to 1 iterations
2021-06-11 17:16:17.721 [DEBUG][org.jetbrains.research.kex.asm.transform.LoopDeroller] - Method java/util/concurrent/ForkJoinTask::clearExceptionalCompletion(): void, unrolling loop org.jetbrains.research.kfg.analysis.Loop@cbe2bf8 to 1 iterations
2021-06-11 17:16:17.722 [DEBUG][org.jetbrains.research.kex.asm.transform.LoopDeroller] - Method java/util/concurrent/ForkJoinTask::getThrowableException(): java/lang/Throwable, unrolling loop org.jetbrains.research.kfg.analysis.Loop@66d38b69 to 1 iterations
2021-06-11 17:16:17.723 [DEBUG][org.jetbrains.research.kex.asm.transform.LoopDeroller] - Method java/util/concurrent/ForkJoinTask::getThrowableException(): java/lang/Throwable, unrolling loop org.jetbrains.research.kfg.analysis.Loop@7e6582d8 to 1 iterations
2021-06-11 17:16:17.724 [DEBUG][org.jetbrains.research.kex.asm.transform.LoopDeroller] - Method java/util/concurrent/ForkJoinTask::expungeStaleExceptions(): void, unrolling loop org.jetbrains.research.kfg.analysis.Loop@74a250b0 to 1 iterations
2021-06-11 17:16:17.724 [DEBUG][org.jetbrains.research.kex.asm.transform.LoopDeroller] - Method java/util/concurrent/ForkJoinTask::expungeStaleExceptions(): void, unrolling loop org.jetbrains.research.kfg.analysis.Loop@2907bc8 to 1 iterations
2021-06-11 17:16:17.725 [DEBUG][org.jetbrains.research.kex.asm.transform.LoopDeroller] - Method java/util/concurrent/ForkJoinTask::invokeAll(java/util/concurrent/ForkJoinTask[]): void, unrolling loop org.jetbrains.research.kfg.analysis.Loop@6da0294b to 1 iterations
2021-06-11 17:16:17.726 [DEBUG][org.jetbrains.research.kex.asm.transform.LoopDeroller] - Method java/util/concurrent/ForkJoinTask::invokeAll(java/util/concurrent/ForkJoinTask[]): void, unrolling loop org.jetbrains.research.kfg.analysis.Loop@40f0672d to 1 iterations
2021-06-11 17:16:17.726 [DEBUG][org.jetbrains.research.kex.asm.transform.LoopDeroller] - Method java/util/concurrent/ForkJoinTask::invokeAll(java/util/Collection): java/util/Collection, unrolling loop org.jetbrains.research.kfg.analysis.Loop@70934d61 to 1 iterations
2021-06-11 17:16:17.727 [DEBUG][org.jetbrains.research.kex.asm.transform.LoopDeroller] - Method java/util/concurrent/ForkJoinTask::invokeAll(java/util/Collection): java/util/Collection, unrolling loop org.jetbrains.research.kfg.analysis.Loop@784a1a76 to 1 iterations
2021-06-11 17:16:17.728 [DEBUG][org.jetbrains.research.kex.asm.transform.LoopDeroller] - Method java/util/concurrent/ForkJoinTask::get(long, java/util/concurrent/TimeUnit): java/lang/Object, unrolling loop org.jetbrains.research.kfg.analysis.Loop@75d1f02b to 1 iterations
2021-06-11 17:16:17.729 [DEBUG][org.jetbrains.research.kex.asm.transform.LoopDeroller] - Method java/util/concurrent/ForkJoinTask::setForkJoinTaskTag(short): short, unrolling loop org.jetbrains.research.kfg.analysis.Loop@6689b012 to 1 iterations
2021-06-11 17:16:17.729 [DEBUG][org.jetbrains.research.kex.asm.transform.LoopDeroller] - Method java/util/concurrent/ForkJoinTask::compareAndSetForkJoinTaskTag(short, short): bool, unrolling loop org.jetbrains.research.kfg.analysis.Loop@4322fbd to 1 iterations
2021-06-11 17:16:17.732 [DEBUG][org.jetbrains.research.kex.asm.transform.LoopDeroller] - Method java/util/logging/LogManager::demandLogger(java/lang/String, java/lang/String, java/lang/Class): java/util/logging/Logger, unrolling loop org.jetbrains.research.kfg.analysis.Loop@3c0bd14 to 1 iterations
2021-06-11 17:16:17.734 [DEBUG][org.jetbrains.research.kex.asm.transform.LoopDeroller] - Method java/util/logging/LogManager::demandSystemLogger(java/lang/String, java/lang/String): java/util/logging/Logger, unrolling loop org.jetbrains.research.kfg.analysis.Loop@2b510bc5 to 1 iterations
2021-06-11 17:16:17.735 [DEBUG][org.jetbrains.research.kex.asm.transform.LoopDeroller] - Method java/util/logging/LogManager::drainLoggerRefQueueBounded(): void, unrolling loop org.jetbrains.research.kfg.analysis.Loop@4385d5f to 1 iterations
2021-06-11 17:16:17.736 [DEBUG][org.jetbrains.research.kex.asm.transform.LoopDeroller] - Method java/util/logging/LogManager::reset(): void, unrolling loop org.jetbrains.research.kfg.analysis.Loop@75b35b48 to 1 iterations
2021-06-11 17:16:17.736 [DEBUG][org.jetbrains.research.kex.asm.transform.LoopDeroller] - Method java/util/logging/LogManager::reset(): void, unrolling loop org.jetbrains.research.kfg.analysis.Loop@366c1c41 to 1 iterations
2021-06-11 17:16:17.739 [DEBUG][org.jetbrains.research.kex.asm.transform.LoopDeroller] - Method java/util/logging/LogManager::resetLogger(java/util/logging/Logger): void, unrolling loop org.jetbrains.research.kfg.analysis.Loop@29f6c6c to 1 iterations
2021-06-11 17:16:17.739 [DEBUG][org.jetbrains.research.kex.asm.transform.LoopDeroller] - Method java/util/logging/LogManager::parseClassNames(java/lang/String): java/lang/String[], unrolling loop org.jetbrains.research.kfg.analysis.Loop@81ec36a to 1 iterations
2021-06-11 17:16:17.740 [DEBUG][org.jetbrains.research.kex.asm.transform.LoopDeroller] - Method java/util/logging/LogManager::parseClassNames(java/lang/String): java/lang/String[], unrolling loop org.jetbrains.research.kfg.analysis.Loop@69b8ce03 to 1 iterations
2021-06-11 17:16:17.741 [DEBUG][org.jetbrains.research.kex.asm.transform.LoopDeroller] - Method java/util/logging/LogManager::readConfiguration(java/io/InputStream): void, unrolling loop org.jetbrains.research.kfg.analysis.Loop@1e303a7 to 1 iterations
2021-06-11 17:16:17.742 [DEBUG][org.jetbrains.research.kex.asm.transform.LoopDeroller] - Method java/util/logging/LogManager::readConfiguration(java/io/InputStream): void, unrolling loop org.jetbrains.research.kfg.analysis.Loop@3615ba9c to 1 iterations
2021-06-11 17:16:17.743 [DEBUG][org.jetbrains.research.kex.asm.transform.LoopDeroller] - Method java/util/logging/LogManager::readConfiguration(java/io/InputStream): void, unrolling loop org.jetbrains.research.kfg.analysis.Loop@7e093110 to 1 iterations
2021-06-11 17:16:17.744 [DEBUG][org.jetbrains.research.kex.asm.transform.LoopDeroller] - Method java/util/logging/LogManager::setLevelsOnExistingLoggers(): void, unrolling loop org.jetbrains.research.kfg.analysis.Loop@34bc0106 to 1 iterations
2021-06-11 17:16:17.745 [DEBUG][org.jetbrains.research.kex.asm.transform.LoopDeroller] - Method java/util/logging/LogManager::setLevelsOnExistingLoggers(): void, unrolling loop org.jetbrains.research.kfg.analysis.Loop@6547d506 to 1 iterations
2021-06-11 17:16:17.746 [DEBUG][org.jetbrains.research.kex.asm.transform.LoopDeroller] - Method java/io/DeleteOnExitHook::runHooks(): void, unrolling loop org.jetbrains.research.kfg.analysis.Loop@5f287372 to 1 iterations
2021-06-11 17:16:17.747 [DEBUG][org.jetbrains.research.kex.asm.transform.LoopDeroller] - Method java/util/ArraysParallelSortHelpers$FJObject$Merger::compute(): void, unrolling loop org.jetbrains.research.kfg.analysis.Loop@2d42f4e7 to 1 iterations
2021-06-11 17:16:17.748 [DEBUG][org.jetbrains.research.kex.asm.transform.LoopDeroller] - Method java/util/ArraysParallelSortHelpers$FJObject$Merger::compute(): void, unrolling loop org.jetbrains.research.kfg.analysis.Loop@661f5cd0 to 1 iterations
2021-06-11 17:16:17.751 [DEBUG][org.jetbrains.research.kex.asm.transform.LoopDeroller] - Method java/util/ArraysParallelSortHelpers$FJObject$Merger::compute(): void, unrolling loop org.jetbrains.research.kfg.analysis.Loop@2c55bfa6 to 1 iterations
2021-06-11 17:16:17.755 [DEBUG][org.jetbrains.research.kex.asm.transform.LoopDeroller] - Method java/util/ArraysParallelSortHelpers$FJObject$Merger::compute(): void, unrolling loop org.jetbrains.research.kfg.analysis.Loop@13a45262 to 1 iterations
2021-06-11 17:16:17.756 [DEBUG][org.jetbrains.research.kex.asm.transform.LoopDeroller] - Method java/util/concurrent/SynchronousQueue$TransferQueue::transfer(java/lang/Object, bool, long): java/lang/Object, unrolling loop org.jetbrains.research.kfg.analysis.Loop@3cf6c080 to 1 iterations
2021-06-11 17:16:17.759 [DEBUG][org.jetbrains.research.kex.asm.transform.LoopDeroller] - Method java/util/concurrent/SynchronousQueue$TransferQueue::awaitFulfill(java/util/concurrent/SynchronousQueue$TransferQueue$QNode, java/lang/Object, bool, long): java/lang/Object, unrolling loop org.jetbrains.research.kfg.analysis.Loop@3fb1bbbf to 1 iterations
2021-06-11 17:16:17.761 [DEBUG][org.jetbrains.research.kex.asm.transform.LoopDeroller] - Method java/util/concurrent/SynchronousQueue$TransferQueue::clean(java/util/concurrent/SynchronousQueue$TransferQueue$QNode, java/util/concurrent/SynchronousQueue$TransferQueue$QNode): void, unrolling loop org.jetbrains.research.kfg.analysis.Loop@a8fe33f to 1 iterations
2021-06-11 17:16:17.763 [DEBUG][org.jetbrains.research.kex.asm.transform.LoopDeroller] - Method java/util/concurrent/ConcurrentSkipListMap$KeySpliterator::trySplit(): java/util/Spliterator, unrolling loop org.jetbrains.research.kfg.analysis.Loop@6285080e to 1 iterations
2021-06-11 17:16:17.764 [DEBUG][org.jetbrains.research.kex.asm.transform.LoopDeroller] - Method java/util/concurrent/ConcurrentSkipListMap$KeySpliterator::forEachRemaining(java/util/function/Consumer): void, unrolling loop org.jetbrains.research.kfg.analysis.Loop@71dcfbba to 1 iterations
2021-06-11 17:16:17.764 [DEBUG][org.jetbrains.research.kex.asm.transform.LoopDeroller] - Method java/util/concurrent/ConcurrentSkipListMap$KeySpliterator::tryAdvance(java/util/function/Consumer): bool, unrolling loop org.jetbrains.research.kfg.analysis.Loop@60c2c63e to 1 iterations
2021-06-11 17:16:17.765 [DEBUG][org.jetbrains.research.kex.asm.transform.LoopDeroller] - Method java/io/OutputStream::write(byte[], int, int): void, unrolling loop org.jetbrains.research.kfg.analysis.Loop@66bcd20d to 1 iterations
2021-06-11 17:16:17.766 [DEBUG][org.jetbrains.research.kex.asm.transform.LoopDeroller] - Method java/util/logging/MemoryHandler::push(): void, unrolling loop org.jetbrains.research.kfg.analysis.Loop@8bc1b43 to 1 iterations
2021-06-11 17:16:17.767 [DEBUG][org.jetbrains.research.kex.asm.transform.LoopDeroller] - Method java/util/HashMap$KeySpliterator::forEachRemaining(java/util/function/Consumer): void, unrolling loop org.jetbrains.research.kfg.analysis.Loop@53954459 to 1 iterations
2021-06-11 17:16:17.768 [DEBUG][org.jetbrains.research.kex.asm.transform.LoopDeroller] - Method java/util/HashMap$KeySpliterator::tryAdvance(java/util/function/Consumer): bool, unrolling loop org.jetbrains.research.kfg.analysis.Loop@41e150fd to 1 iterations
2021-06-11 17:16:17.771 [DEBUG][org.jetbrains.research.kex.asm.transform.LoopDeroller] - Method java/util/GregorianCalendar::getActualMaximum(int): int, unrolling loop org.jetbrains.research.kfg.analysis.Loop@6852b165 to 1 iterations
2021-06-11 17:16:17.771 [DEBUG][org.jetbrains.research.kex.asm.transform.LoopDeroller] - Method java/util/GregorianCalendar::getActualMaximum(int): int, unrolling loop org.jetbrains.research.kfg.analysis.Loop@3cf8e9f5 to 1 iterations
2021-06-11 17:16:17.777 [DEBUG][org.jetbrains.research.kex.asm.transform.LoopDeroller] - Method java/util/GregorianCalendar::computeFields(int, int): int, unrolling loop org.jetbrains.research.kfg.analysis.Loop@362dfd1c to 1 iterations
2021-06-11 17:16:17.780 [DEBUG][org.jetbrains.research.kex.asm.transform.LoopDeroller] - Method java/util/GregorianCalendar::computeTime(): void, unrolling loop org.jetbrains.research.kfg.analysis.Loop@2708e489 to 1 iterations
2021-06-11 17:16:17.784 [DEBUG][org.jetbrains.research.kex.asm.transform.LoopDeroller] - Method java/util/GregorianCalendar::computeTime(): void, unrolling loop org.jetbrains.research.kfg.analysis.Loop@1c3c0c04 to 1 iterations
2021-06-11 17:16:17.785 [DEBUG][org.jetbrains.research.kex.asm.transform.LoopDeroller] - Method java/util/GregorianCalendar::computeTime(): void, unrolling loop org.jetbrains.research.kfg.analysis.Loop@541c5f95 to 1 iterations
2021-06-11 17:16:17.788 [DEBUG][org.jetbrains.research.kex.asm.transform.LoopDeroller] - Method java/util/ServiceLoader$LazyIterator::hasNextService(): bool, unrolling loop org.jetbrains.research.kfg.analysis.Loop@53e3e255 to 1 iterations
2021-06-11 17:16:17.789 [DEBUG][org.jetbrains.research.kex.asm.transform.LoopDeroller] - Method java/util/Spliterators$LongArraySpliterator::forEachRemaining(java/util/function/LongConsumer): void, unrolling loop org.jetbrains.research.kfg.analysis.Loop@19aaec0f to 1 iterations
2021-06-11 17:16:17.790 [DEBUG][org.jetbrains.research.kex.asm.transform.LoopDeroller] - Method java/util/stream/SpinedBuffer$OfDouble::arrayForEach(double[], int, int, java/util/function/DoubleConsumer): void, unrolling loop org.jetbrains.research.kfg.analysis.Loop@7326c906 to 1 iterations
2021-06-11 17:16:17.791 [DEBUG][org.jetbrains.research.kex.asm.transform.LoopDeroller] - Method java/util/PrimitiveIterator$OfDouble::forEachRemaining(java/util/function/DoubleConsumer): void, unrolling loop org.jetbrains.research.kfg.analysis.Loop@70acdf7d to 1 iterations
2021-06-11 17:16:17.792 [DEBUG][org.jetbrains.research.kex.asm.transform.LoopDeroller] - Method java/io/ObjectStreamClass$EntryFuture::get(): java/lang/Object, unrolling loop org.jetbrains.research.kfg.analysis.Loop@70198c43 to 1 iterations
2021-06-11 17:16:17.793 [DEBUG][org.jetbrains.research.kex.asm.transform.LoopDeroller] - Method java/util/concurrent/ConcurrentLinkedDeque$CLDSpliterator::trySplit(): java/util/Spliterator, unrolling loop org.jetbrains.research.kfg.analysis.Loop@51215648 to 1 iterations
2021-06-11 17:16:17.795 [DEBUG][org.jetbrains.research.kex.asm.transform.LoopDeroller] - Method java/util/concurrent/ConcurrentLinkedDeque$CLDSpliterator::forEachRemaining(java/util/function/Consumer): void, unrolling loop org.jetbrains.research.kfg.analysis.Loop@4739989 to 1 iterations
2021-06-11 17:16:17.796 [DEBUG][org.jetbrains.research.kex.asm.transform.LoopDeroller] - Method java/util/concurrent/ConcurrentLinkedDeque$CLDSpliterator::tryAdvance(java/util/function/Consumer): bool, unrolling loop org.jetbrains.research.kfg.analysis.Loop@7f753043 to 1 iterations
2021-06-11 17:16:17.796 [DEBUG][org.jetbrains.research.kex.asm.transform.LoopDeroller] - Method java/util/List::replaceAll(java/util/function/UnaryOperator): void, unrolling loop org.jetbrains.research.kfg.analysis.Loop@1ea61d36 to 1 iterations
2021-06-11 17:16:17.797 [DEBUG][org.jetbrains.research.kex.asm.transform.LoopDeroller] - Method java/util/List::sort(java/util/Comparator): void, unrolling loop org.jetbrains.research.kfg.analysis.Loop@72545317 to 1 iterations
2021-06-11 17:16:17.800 [DEBUG][org.jetbrains.research.kex.asm.transform.LoopDeroller] - Method java/util/concurrent/ConcurrentHashMap$ForEachTransformedEntryTask::compute(): void, unrolling loop org.jetbrains.research.kfg.analysis.Loop@71b67b17 to 1 iterations
2021-06-11 17:16:17.801 [DEBUG][org.jetbrains.research.kex.asm.transform.LoopDeroller] - Method java/util/concurrent/ConcurrentHashMap$ForEachTransformedEntryTask::compute(): void, unrolling loop org.jetbrains.research.kfg.analysis.Loop@60e19af2 to 1 iterations
2021-06-11 17:16:17.802 [DEBUG][org.jetbrains.research.kex.asm.transform.LoopDeroller] - Method java/util/EnumMap$Values::remove(java/lang/Object): bool, unrolling loop org.jetbrains.research.kfg.analysis.Loop@414181cc to 1 iterations
2021-06-11 17:16:17.803 [DEBUG][org.jetbrains.research.kex.asm.transform.LoopDeroller] - Method java/lang/ApplicationShutdownHooks::runHooks(): void, unrolling loop org.jetbrains.research.kfg.analysis.Loop@3bbcacd8 to 1 iterations
2021-06-11 17:16:17.803 [DEBUG][org.jetbrains.research.kex.asm.transform.LoopDeroller] - Method java/lang/ApplicationShutdownHooks::runHooks(): void, unrolling loop org.jetbrains.research.kfg.analysis.Loop@d98c962 to 1 iterations
2021-06-11 17:16:17.804 [DEBUG][org.jetbrains.research.kex.asm.transform.LoopDeroller] - Method java/util/stream/Nodes$IntArrayNode::forEach(java/util/function/IntConsumer): void, unrolling loop org.jetbrains.research.kfg.analysis.Loop@6180a061 to 1 iterations
2021-06-11 17:16:17.805 [DEBUG][org.jetbrains.research.kex.asm.transform.LoopDeroller] - Method java/util/concurrent/ConcurrentLinkedQueue$CLQSpliterator::trySplit(): java/util/Spliterator, unrolling loop org.jetbrains.research.kfg.analysis.Loop@44c9a20b to 1 iterations
2021-06-11 17:16:17.806 [DEBUG][org.jetbrains.research.kex.asm.transform.LoopDeroller] - Method java/util/concurrent/ConcurrentLinkedQueue$CLQSpliterator::forEachRemaining(java/util/function/Consumer): void, unrolling loop org.jetbrains.research.kfg.analysis.Loop@65ae2406 to 1 iterations
2021-06-11 17:16:17.807 [DEBUG][org.jetbrains.research.kex.asm.transform.LoopDeroller] - Method java/util/concurrent/ConcurrentLinkedQueue$CLQSpliterator::tryAdvance(java/util/function/Consumer): bool, unrolling loop org.jetbrains.research.kfg.analysis.Loop@425dec7f to 1 iterations
2021-06-11 17:16:17.808 [DEBUG][org.jetbrains.research.kex.asm.transform.LoopDeroller] - Method java/util/Observable::notifyObservers(java/lang/Object): void, unrolling loop org.jetbrains.research.kfg.analysis.Loop@456a04c4 to 1 iterations
2021-06-11 17:16:17.809 [DEBUG][org.jetbrains.research.kex.asm.transform.LoopDeroller] - Method java/lang/invoke/BoundMethodHandle$Factory::generateConcreteBMHClass(java/lang/String): java/lang/Class, unrolling loop org.jetbrains.research.kfg.analysis.Loop@62822212 to 1 iterations
2021-06-11 17:16:17.810 [DEBUG][org.jetbrains.research.kex.asm.transform.LoopDeroller] - Method java/lang/invoke/BoundMethodHandle$Factory::generateConcreteBMHClass(java/lang/String): java/lang/Class, unrolling loop org.jetbrains.research.kfg.analysis.Loop@6d5f700c to 1 iterations
2021-06-11 17:16:17.811 [DEBUG][org.jetbrains.research.kex.asm.transform.LoopDeroller] - Method java/lang/invoke/BoundMethodHandle$Factory::generateConcreteBMHClass(java/lang/String): java/lang/Class, unrolling loop org.jetbrains.research.kfg.analysis.Loop@3e2f4a8 to 1 iterations
2021-06-11 17:16:17.812 [DEBUG][org.jetbrains.research.kex.asm.transform.LoopDeroller] - Method java/lang/invoke/BoundMethodHandle$Factory::generateConcreteBMHClass(java/lang/String): java/lang/Class, unrolling loop org.jetbrains.research.kfg.analysis.Loop@6ba598da to 1 iterations
2021-06-11 17:16:17.812 [DEBUG][org.jetbrains.research.kex.asm.transform.LoopDeroller] - Method java/lang/invoke/BoundMethodHandle$Factory::emitPushFields(java/lang/String, java/lang/String, jdk/internal/org/objectweb/asm/MethodVisitor): void, unrolling loop org.jetbrains.research.kfg.analysis.Loop@41cfab58 to 1 iterations
2021-06-11 17:16:17.813 [DEBUG][org.jetbrains.research.kex.asm.transform.LoopDeroller] - Method java/lang/invoke/BoundMethodHandle$Factory::makeGetters(java/lang/Class, java/lang/String, java/lang/invoke/MethodHandle[]): java/lang/invoke/MethodHandle[], unrolling loop org.jetbrains.research.kfg.analysis.Loop@286f166f to 1 iterations
2021-06-11 17:16:17.814 [DEBUG][org.jetbrains.research.kex.asm.transform.LoopDeroller] - Method java/lang/invoke/BoundMethodHandle$Factory::makeNominalGetters(java/lang/String, java/lang/invoke/LambdaForm$NamedFunction[], java/lang/invoke/MethodHandle[]): java/lang/invoke/LambdaForm$NamedFunction[], unrolling loop org.jetbrains.research.kfg.analysis.Loop@36dc149 to 1 iterations
2021-06-11 17:16:17.818 [DEBUG][org.jetbrains.research.kex.asm.transform.LoopDeroller] - Method java/lang/invoke/BoundMethodHandle$Factory::makeSignature(java/lang/String, bool): java/lang/String, unrolling loop org.jetbrains.research.kfg.analysis.Loop@2b52d6ea to 1 iterations
2021-06-11 17:16:17.819 [DEBUG][org.jetbrains.research.kex.asm.transform.LoopDeroller] - Method java/util/concurrent/atomic/AtomicIntegerArray::getAndUpdate(int, java/util/function/IntUnaryOperator): int, unrolling loop org.jetbrains.research.kfg.analysis.Loop@2ad62500 to 1 iterations
2021-06-11 17:16:17.819 [DEBUG][org.jetbrains.research.kex.asm.transform.LoopDeroller] - Method java/util/concurrent/atomic/AtomicIntegerArray::updateAndGet(int, java/util/function/IntUnaryOperator): int, unrolling loop org.jetbrains.research.kfg.analysis.Loop@73b4b329 to 1 iterations
2021-06-11 17:16:17.820 [DEBUG][org.jetbrains.research.kex.asm.transform.LoopDeroller] - Method java/util/concurrent/atomic/AtomicIntegerArray::getAndAccumulate(int, int, java/util/function/IntBinaryOperator): int, unrolling loop org.jetbrains.research.kfg.analysis.Loop@54b4fca4 to 1 iterations
2021-06-11 17:16:17.820 [DEBUG][org.jetbrains.research.kex.asm.transform.LoopDeroller] - Method java/util/concurrent/atomic/AtomicIntegerArray::accumulateAndGet(int, int, java/util/function/IntBinaryOperator): int, unrolling loop org.jetbrains.research.kfg.analysis.Loop@3851258f to 1 iterations
2021-06-11 17:16:17.820 [DEBUG][org.jetbrains.research.kex.asm.transform.LoopDeroller] - Method java/util/concurrent/atomic/AtomicIntegerArray::toString(): java/lang/String, unrolling loop org.jetbrains.research.kfg.analysis.Loop@2cb1ccc5 to 1 iterations
2021-06-11 17:16:17.823 [DEBUG][org.jetbrains.research.kex.asm.transform.LoopDeroller] - Method java/util/Currency$1::run(): java/lang/Void, unrolling loop org.jetbrains.research.kfg.analysis.Loop@bec0297 to 1 iterations
2021-06-11 17:16:17.824 [DEBUG][org.jetbrains.research.kex.asm.transform.LoopDeroller] - Method java/lang/ThreadGroup::setMaxPriority(int): void, unrolling loop org.jetbrains.research.kfg.analysis.Loop@402718fb to 1 iterations
2021-06-11 17:16:17.825 [DEBUG][org.jetbrains.research.kex.asm.transform.LoopDeroller] - Method java/lang/ThreadGroup::parentOf(java/lang/ThreadGroup): bool, unrolling loop org.jetbrains.research.kfg.analysis.Loop@4c5bbf27 to 1 iterations
2021-06-11 17:16:17.825 [DEBUG][org.jetbrains.research.kex.asm.transform.LoopDeroller] - Method java/lang/ThreadGroup::activeCount(): int, unrolling loop org.jetbrains.research.kfg.analysis.Loop@7c4fbef5 to 1 iterations
2021-06-11 17:16:17.826 [DEBUG][org.jetbrains.research.kex.asm.transform.LoopDeroller] - Method java/lang/ThreadGroup::enumerate(java/lang/Thread[], int, bool): int, unrolling loop org.jetbrains.research.kfg.analysis.Loop@5f1d3c5f to 1 iterations
2021-06-11 17:16:17.826 [DEBUG][org.jetbrains.research.kex.asm.transform.LoopDeroller] - Method java/lang/ThreadGroup::enumerate(java/lang/Thread[], int, bool): int, unrolling loop org.jetbrains.research.kfg.analysis.Loop@30e165c4 to 1 iterations
2021-06-11 17:16:17.827 [DEBUG][org.jetbrains.research.kex.asm.transform.LoopDeroller] - Method java/lang/ThreadGroup::activeGroupCount(): int, unrolling loop org.jetbrains.research.kfg.analysis.Loop@6e1e9fbb to 1 iterations
2021-06-11 17:16:17.827 [DEBUG][org.jetbrains.research.kex.asm.transform.LoopDeroller] - Method java/lang/ThreadGroup::enumerate(java/lang/ThreadGroup[], int, bool): int, unrolling loop org.jetbrains.research.kfg.analysis.Loop@413c1dac to 1 iterations
2021-06-11 17:16:17.828 [DEBUG][org.jetbrains.research.kex.asm.transform.LoopDeroller] - Method java/lang/ThreadGroup::interrupt(): void, unrolling loop org.jetbrains.research.kfg.analysis.Loop@28ff4e5e to 1 iterations
2021-06-11 17:16:17.828 [DEBUG][org.jetbrains.research.kex.asm.transform.LoopDeroller] - Method java/lang/ThreadGroup::interrupt(): void, unrolling loop org.jetbrains.research.kfg.analysis.Loop@168083df to 1 iterations
2021-06-11 17:16:17.829 [DEBUG][org.jetbrains.research.kex.asm.transform.LoopDeroller] - Method java/lang/ThreadGroup::stopOrSuspend(bool): bool, unrolling loop org.jetbrains.research.kfg.analysis.Loop@60819154 to 1 iterations
2021-06-11 17:16:17.829 [DEBUG][org.jetbrains.research.kex.asm.transform.LoopDeroller] - Method java/lang/ThreadGroup::stopOrSuspend(bool): bool, unrolling loop org.jetbrains.research.kfg.analysis.Loop@51a13d4f to 1 iterations
2021-06-11 17:16:17.830 [DEBUG][org.jetbrains.research.kex.asm.transform.LoopDeroller] - Method java/lang/ThreadGroup::resume(): void, unrolling loop org.jetbrains.research.kfg.analysis.Loop@14910800 to 1 iterations
2021-06-11 17:16:17.830 [DEBUG][org.jetbrains.research.kex.asm.transform.LoopDeroller] - Method java/lang/ThreadGroup::resume(): void, unrolling loop org.jetbrains.research.kfg.analysis.Loop@1750b3c to 1 iterations
2021-06-11 17:16:17.831 [DEBUG][org.jetbrains.research.kex.asm.transform.LoopDeroller] - Method java/lang/ThreadGroup::destroy(): void, unrolling loop org.jetbrains.research.kfg.analysis.Loop@33e3c837 to 1 iterations
2021-06-11 17:16:17.832 [DEBUG][org.jetbrains.research.kex.asm.transform.LoopDeroller] - Method java/lang/ThreadGroup::remove(java/lang/ThreadGroup): void, unrolling loop org.jetbrains.research.kfg.analysis.Loop@1ab0a95 to 1 iterations
2021-06-11 17:16:17.834 [DEBUG][org.jetbrains.research.kex.asm.transform.LoopDeroller] - Method java/lang/ThreadGroup::remove(java/lang/Thread): void, unrolling loop org.jetbrains.research.kfg.analysis.Loop@7922ed1c to 1 iterations
2021-06-11 17:16:17.834 [DEBUG][org.jetbrains.research.kex.asm.transform.LoopDeroller] - Method java/lang/ThreadGroup::list(java/io/PrintStream, int): void, unrolling loop org.jetbrains.research.kfg.analysis.Loop@c77d0fc to 1 iterations
2021-06-11 17:16:17.835 [DEBUG][org.jetbrains.research.kex.asm.transform.LoopDeroller] - Method java/lang/ThreadGroup::list(java/io/PrintStream, int): void, unrolling loop org.jetbrains.research.kfg.analysis.Loop@29be57cc to 1 iterations
2021-06-11 17:16:17.836 [DEBUG][org.jetbrains.research.kex.asm.transform.LoopDeroller] - Method java/lang/ThreadGroup::list(java/io/PrintStream, int): void, unrolling loop org.jetbrains.research.kfg.analysis.Loop@73e0f04c to 1 iterations
2021-06-11 17:16:17.839 [DEBUG][org.jetbrains.research.kex.asm.transform.LoopDeroller] - Method java/lang/ThreadGroup::list(java/io/PrintStream, int): void, unrolling loop org.jetbrains.research.kfg.analysis.Loop@8a3f2ed to 1 iterations
2021-06-11 17:16:17.840 [DEBUG][org.jetbrains.research.kex.asm.transform.LoopDeroller] - Method java/lang/invoke/InnerClassLambdaMetafactory$ForwardingMethodGenerator::generate(java/lang/invoke/MethodType): void, unrolling loop org.jetbrains.research.kfg.analysis.Loop@6d5726f2 to 1 iterations
2021-06-11 17:16:17.840 [DEBUG][org.jetbrains.research.kex.asm.transform.LoopDeroller] - Method java/lang/invoke/InnerClassLambdaMetafactory$ForwardingMethodGenerator::convertArgumentTypes(java/lang/invoke/MethodType): void, unrolling loop org.jetbrains.research.kfg.analysis.Loop@4ea33986 to 1 iterations
2021-06-11 17:16:17.843 [DEBUG][org.jetbrains.research.kex.asm.transform.LoopDeroller] - Method java/util/concurrent/ConcurrentHashMap$TreeBin::<init>(java/util/concurrent/ConcurrentHashMap$TreeNode): void, unrolling loop org.jetbrains.research.kfg.analysis.Loop@33b59d33 to 1 iterations
2021-06-11 17:16:17.844 [DEBUG][org.jetbrains.research.kex.asm.transform.LoopDeroller] - Method java/util/concurrent/ConcurrentHashMap$TreeBin::<init>(java/util/concurrent/ConcurrentHashMap$TreeNode): void, unrolling loop org.jetbrains.research.kfg.analysis.Loop@5e136371 to 1 iterations
2021-06-11 17:16:17.846 [DEBUG][org.jetbrains.research.kex.asm.transform.LoopDeroller] - Method java/util/concurrent/ConcurrentHashMap$TreeBin::contendedLock(): void, unrolling loop org.jetbrains.research.kfg.analysis.Loop@75d3d7f6 to 1 iterations
2021-06-11 17:16:17.847 [DEBUG][org.jetbrains.research.kex.asm.transform.LoopDeroller] - Method java/util/concurrent/ConcurrentHashMap$TreeBin::find(int, java/lang/Object): java/util/concurrent/ConcurrentHashMap$Node, unrolling loop org.jetbrains.research.kfg.analysis.Loop@2798a669 to 1 iterations
2021-06-11 17:16:17.849 [DEBUG][org.jetbrains.research.kex.asm.transform.LoopDeroller] - Method java/util/concurrent/ConcurrentHashMap$TreeBin::putTreeVal(int, java/lang/Object, java/lang/Object): java/util/concurrent/ConcurrentHashMap$TreeNode, unrolling loop org.jetbrains.research.kfg.analysis.Loop@5532c232 to 1 iterations
2021-06-11 17:16:17.851 [DEBUG][org.jetbrains.research.kex.asm.transform.LoopDeroller] - Method java/util/concurrent/ConcurrentHashMap$TreeBin::removeTreeNode(java/util/concurrent/ConcurrentHashMap$TreeNode): bool, unrolling loop org.jetbrains.research.kfg.analysis.Loop@210c3bf6 to 1 iterations
2021-06-11 17:16:17.852 [DEBUG][org.jetbrains.research.kex.asm.transform.LoopDeroller] - Method java/util/concurrent/ConcurrentHashMap$TreeBin::balanceInsertion(java/util/concurrent/ConcurrentHashMap$TreeNode, java/util/concurrent/ConcurrentHashMap$TreeNode): java/util/concurrent/ConcurrentHashMap$TreeNode, unrolling loop org.jetbrains.research.kfg.analysis.Loop@7467d74e to 1 iterations
2021-06-11 17:16:17.855 [DEBUG][org.jetbrains.research.kex.asm.transform.LoopDeroller] - Method java/util/concurrent/ConcurrentHashMap$TreeBin::balanceDeletion(java/util/concurrent/ConcurrentHashMap$TreeNode, java/util/concurrent/ConcurrentHashMap$TreeNode): java/util/concurrent/ConcurrentHashMap$TreeNode, unrolling loop org.jetbrains.research.kfg.analysis.Loop@49ebe51a to 1 iterations
2021-06-11 17:16:17.864 [DEBUG][org.jetbrains.research.kex.asm.transform.LoopDeroller] - Method java/io/StringBufferInputStream::read(byte[], int, int): int, unrolling loop org.jetbrains.research.kfg.analysis.Loop@3612b6af to 1 iterations
2021-06-11 17:16:17.866 [DEBUG][org.jetbrains.research.kex.asm.transform.LoopDeroller] - Method java/lang/CharacterData00::findInCharMap(int): int, unrolling loop org.jetbrains.research.kfg.analysis.Loop@37026c92 to 1 iterations
2021-06-11 17:16:17.910 [DEBUG][org.jetbrains.research.kex.asm.transform.LoopDeroller] - Method java/lang/CharacterData00::<clinit>(): void, unrolling loop org.jetbrains.research.kfg.analysis.Loop@12dad931 to 1 iterations
2021-06-11 17:16:17.911 [DEBUG][org.jetbrains.research.kex.asm.transform.LoopDeroller] - Method java/util/regex/Pattern$Behind::match(java/util/regex/Matcher, int, java/lang/CharSequence): bool, unrolling loop org.jetbrains.research.kfg.analysis.Loop@1c322636 to 1 iterations
2021-06-11 17:16:17.912 [DEBUG][org.jetbrains.research.kex.asm.transform.LoopDeroller] - Method java/util/zip/ZipEntry::setExtra0(byte[], bool): void, unrolling loop org.jetbrains.research.kfg.analysis.Loop@bcec031 to 1 iterations
2021-06-11 17:16:17.916 [DEBUG][org.jetbrains.research.kex.asm.transform.LoopDeroller] - Method java/lang/invoke/SwitchPoint::invalidateAll(java/lang/invoke/SwitchPoint[]): void, unrolling loop org.jetbrains.research.kfg.analysis.Loop@20a8620d to 1 iterations
2021-06-11 17:16:17.917 [DEBUG][org.jetbrains.research.kex.asm.transform.LoopDeroller] - Method java/util/concurrent/atomic/AtomicIntegerFieldUpdater::getAndSet(java/lang/Object, int): int, unrolling loop org.jetbrains.research.kfg.analysis.Loop@56ce38b to 1 iterations
2021-06-11 17:16:17.917 [DEBUG][org.jetbrains.research.kex.asm.transform.LoopDeroller] - Method java/util/concurrent/atomic/AtomicIntegerFieldUpdater::getAndIncrement(java/lang/Object): int, unrolling loop org.jetbrains.research.kfg.analysis.Loop@24be694e to 1 iterations
2021-06-11 17:16:17.917 [DEBUG][org.jetbrains.research.kex.asm.transform.LoopDeroller] - Method java/util/concurrent/atomic/AtomicIntegerFieldUpdater::getAndDecrement(java/lang/Object): int, unrolling loop org.jetbrains.research.kfg.analysis.Loop@692d195d to 1 iterations
2021-06-11 17:16:17.918 [DEBUG][org.jetbrains.research.kex.asm.transform.LoopDeroller] - Method java/util/concurrent/atomic/AtomicIntegerFieldUpdater::getAndAdd(java/lang/Object, int): int, unrolling loop org.jetbrains.research.kfg.analysis.Loop@5b9b28a4 to 1 iterations
2021-06-11 17:16:17.918 [DEBUG][org.jetbrains.research.kex.asm.transform.LoopDeroller] - Method java/util/concurrent/atomic/AtomicIntegerFieldUpdater::incrementAndGet(java/lang/Object): int, unrolling loop org.jetbrains.research.kfg.analysis.Loop@6e28797a to 1 iterations
2021-06-11 17:16:17.921 [DEBUG][org.jetbrains.research.kex.asm.transform.LoopDeroller] - Method java/util/concurrent/atomic/AtomicIntegerFieldUpdater::decrementAndGet(java/lang/Object): int, unrolling loop org.jetbrains.research.kfg.analysis.Loop@592f5747 to 1 iterations
2021-06-11 17:16:17.922 [DEBUG][org.jetbrains.research.kex.asm.transform.LoopDeroller] - Method java/util/concurrent/atomic/AtomicIntegerFieldUpdater::addAndGet(java/lang/Object, int): int, unrolling loop org.jetbrains.research.kfg.analysis.Loop@6800e51f to 1 iterations
2021-06-11 17:16:17.922 [DEBUG][org.jetbrains.research.kex.asm.transform.LoopDeroller] - Method java/util/concurrent/atomic/AtomicIntegerFieldUpdater::getAndUpdate(java/lang/Object, java/util/function/IntUnaryOperator): int, unrolling loop org.jetbrains.research.kfg.analysis.Loop@4a8684f0 to 1 iterations
2021-06-11 17:16:17.923 [DEBUG][org.jetbrains.research.kex.asm.transform.LoopDeroller] - Method java/util/concurrent/atomic/AtomicIntegerFieldUpdater::updateAndGet(java/lang/Object, java/util/function/IntUnaryOperator): int, unrolling loop org.jetbrains.research.kfg.analysis.Loop@13bbe3a5 to 1 iterations
2021-06-11 17:16:17.923 [DEBUG][org.jetbrains.research.kex.asm.transform.LoopDeroller] - Method java/util/concurrent/atomic/AtomicIntegerFieldUpdater::getAndAccumulate(java/lang/Object, int, java/util/function/IntBinaryOperator): int, unrolling loop org.jetbrains.research.kfg.analysis.Loop@66fa0b52 to 1 iterations
2021-06-11 17:16:17.924 [DEBUG][org.jetbrains.research.kex.asm.transform.LoopDeroller] - Method java/util/concurrent/atomic/AtomicIntegerFieldUpdater::accumulateAndGet(java/lang/Object, int, java/util/function/IntBinaryOperator): int, unrolling loop org.jetbrains.research.kfg.analysis.Loop@c82d6ff to 1 iterations
2021-06-11 17:16:17.925 [DEBUG][org.jetbrains.research.kex.asm.transform.LoopDeroller] - Method java/util/stream/StreamSpliterators$ArrayBuffer$OfLong::forEach(java/util/function/LongConsumer, long): void, unrolling loop org.jetbrains.research.kfg.analysis.Loop@41292038 to 1 iterations
2021-06-11 17:16:17.927 [DEBUG][org.jetbrains.research.kex.asm.transform.LoopDeroller] - Method java/util/concurrent/LinkedBlockingDeque::<init>(java/util/Collection): void, unrolling loop org.jetbrains.research.kfg.analysis.Loop@561551f8 to 1 iterations
2021-06-11 17:16:17.930 [DEBUG][org.jetbrains.research.kex.asm.transform.LoopDeroller] - Method java/util/concurrent/LinkedBlockingDeque::putFirst(java/lang/Object): void, unrolling loop org.jetbrains.research.kfg.analysis.Loop@762de020 to 1 iterations
2021-06-11 17:16:17.933 [DEBUG][org.jetbrains.research.kex.asm.transform.LoopDeroller] - Method java/util/concurrent/LinkedBlockingDeque::putLast(java/lang/Object): void, unrolling loop org.jetbrains.research.kfg.analysis.Loop@9f9122 to 1 iterations
2021-06-11 17:16:17.933 [DEBUG][org.jetbrains.research.kex.asm.transform.LoopDeroller] - Method java/util/concurrent/LinkedBlockingDeque::offerFirst(java/lang/Object, long, java/util/concurrent/TimeUnit): bool, unrolling loop org.jetbrains.research.kfg.analysis.Loop@3a763fed to 1 iterations
2021-06-11 17:16:17.934 [DEBUG][org.jetbrains.research.kex.asm.transform.LoopDeroller] - Method java/util/concurrent/LinkedBlockingDeque::offerLast(java/lang/Object, long, java/util/concurrent/TimeUnit): bool, unrolling loop org.jetbrains.research.kfg.analysis.Loop@4a971add to 1 iterations
2021-06-11 17:16:17.935 [DEBUG][org.jetbrains.research.kex.asm.transform.LoopDeroller] - Method java/util/concurrent/LinkedBlockingDeque::takeFirst(): java/lang/Object, unrolling loop org.jetbrains.research.kfg.analysis.Loop@3e2f6ef7 to 1 iterations
2021-06-11 17:16:17.935 [DEBUG][org.jetbrains.research.kex.asm.transform.LoopDeroller] - Method java/util/concurrent/LinkedBlockingDeque::takeLast(): java/lang/Object, unrolling loop org.jetbrains.research.kfg.analysis.Loop@4c46b566 to 1 iterations
2021-06-11 17:16:17.936 [DEBUG][org.jetbrains.research.kex.asm.transform.LoopDeroller] - Method java/util/concurrent/LinkedBlockingDeque::pollFirst(long, java/util/concurrent/TimeUnit): java/lang/Object, unrolling loop org.jetbrains.research.kfg.analysis.Loop@38336943 to 1 iterations
2021-06-11 17:16:17.936 [DEBUG][org.jetbrains.research.kex.asm.transform.LoopDeroller] - Method java/util/concurrent/LinkedBlockingDeque::pollLast(long, java/util/concurrent/TimeUnit): java/lang/Object, unrolling loop org.jetbrains.research.kfg.analysis.Loop@4f5a8e57 to 1 iterations
2021-06-11 17:16:17.937 [DEBUG][org.jetbrains.research.kex.asm.transform.LoopDeroller] - Method java/util/concurrent/LinkedBlockingDeque::removeFirstOccurrence(java/lang/Object): bool, unrolling loop org.jetbrains.research.kfg.analysis.Loop@7cc625b4 to 1 iterations
2021-06-11 17:16:17.937 [DEBUG][org.jetbrains.research.kex.asm.transform.LoopDeroller] - Method java/util/concurrent/LinkedBlockingDeque::removeLastOccurrence(java/lang/Object): bool, unrolling loop org.jetbrains.research.kfg.analysis.Loop@592aea04 to 1 iterations
2021-06-11 17:16:17.938 [DEBUG][org.jetbrains.research.kex.asm.transform.LoopDeroller] - Method java/util/concurrent/LinkedBlockingDeque::drainTo(java/util/Collection, int): int, unrolling loop org.jetbrains.research.kfg.analysis.Loop@5edaa1c8 to 1 iterations
2021-06-11 17:16:17.939 [DEBUG][org.jetbrains.research.kex.asm.transform.LoopDeroller] - Method java/util/concurrent/LinkedBlockingDeque::contains(java/lang/Object): bool, unrolling loop org.jetbrains.research.kfg.analysis.Loop@7754eb3 to 1 iterations
2021-06-11 17:16:17.941 [DEBUG][org.jetbrains.research.kex.asm.transform.LoopDeroller] - Method java/util/concurrent/LinkedBlockingDeque::toArray(): java/lang/Object[], unrolling loop org.jetbrains.research.kfg.analysis.Loop@1b7acd8b to 1 iterations
2021-06-11 17:16:17.942 [DEBUG][org.jetbrains.research.kex.asm.transform.LoopDeroller] - Method java/util/concurrent/LinkedBlockingDeque::toArray(java/lang/Object[]): java/lang/Object[], unrolling loop org.jetbrains.research.kfg.analysis.Loop@39c19c6d to 1 iterations
2021-06-11 17:16:17.942 [DEBUG][org.jetbrains.research.kex.asm.transform.LoopDeroller] - Method java/util/concurrent/LinkedBlockingDeque::toString(): java/lang/String, unrolling loop org.jetbrains.research.kfg.analysis.Loop@516b2868 to 1 iterations
2021-06-11 17:16:17.943 [DEBUG][org.jetbrains.research.kex.asm.transform.LoopDeroller] - Method java/util/concurrent/LinkedBlockingDeque::clear(): void, unrolling loop org.jetbrains.research.kfg.analysis.Loop@774294ef to 1 iterations
2021-06-11 17:16:17.945 [DEBUG][org.jetbrains.research.kex.asm.transform.LoopDeroller] - Method java/util/concurrent/LinkedBlockingDeque::writeObject(java/io/ObjectOutputStream): void, unrolling loop org.jetbrains.research.kfg.analysis.Loop@617b4c6 to 1 iterations
2021-06-11 17:16:17.946 [DEBUG][org.jetbrains.research.kex.asm.transform.LoopDeroller] - Method java/util/concurrent/LinkedBlockingDeque::readObject(java/io/ObjectInputStream): void, unrolling loop org.jetbrains.research.kfg.analysis.Loop@6d955c6e to 1 iterations
2021-06-11 17:16:17.948 [DEBUG][org.jetbrains.research.kex.asm.transform.LoopDeroller] - Method java/util/LinkedHashMap$LinkedKeySet::forEach(java/util/function/Consumer): void, unrolling loop org.jetbrains.research.kfg.analysis.Loop@6f37cfb2 to 1 iterations
2021-06-11 17:16:17.950 [DEBUG][org.jetbrains.research.kex.asm.transform.LoopDeroller] - Method java/util/concurrent/CopyOnWriteArrayList$COWSubListIterator::forEachRemaining(java/util/function/Consumer): void, unrolling loop org.jetbrains.research.kfg.analysis.Loop@4e8423cc to 1 iterations
2021-06-11 17:16:17.951 [DEBUG][org.jetbrains.research.kex.asm.transform.LoopDeroller] - Method java/util/EnumMap$EnumMapIterator::hasNext(): bool, unrolling loop org.jetbrains.research.kfg.analysis.Loop@7914dd63 to 1 iterations
2021-06-11 17:16:17.953 [DEBUG][org.jetbrains.research.kex.asm.transform.LoopDeroller] - Method java/nio/charset/CharsetDecoder::decode(java/nio/ByteBuffer, java/nio/CharBuffer, bool): java/nio/charset/CoderResult, unrolling loop org.jetbrains.research.kfg.analysis.Loop@2b2ea892 to 1 iterations
2021-06-11 17:16:17.955 [DEBUG][org.jetbrains.research.kex.asm.transform.LoopDeroller] - Method java/nio/charset/CharsetDecoder::decode(java/nio/ByteBuffer): java/nio/CharBuffer, unrolling loop org.jetbrains.research.kfg.analysis.Loop@1c1ec22b to 1 iterations
2021-06-11 17:16:17.956 [DEBUG][org.jetbrains.research.kex.asm.transform.LoopDeroller] - Method java/util/concurrent/CopyOnWriteArrayList$COWIterator::forEachRemaining(java/util/function/Consumer): void, unrolling loop org.jetbrains.research.kfg.analysis.Loop@5baed1c5 to 1 iterations
2021-06-11 17:16:17.957 [DEBUG][org.jetbrains.research.kex.asm.transform.LoopDeroller] - Method java/util/concurrent/FutureTask::handlePossibleCancellationInterrupt(int): void, unrolling loop org.jetbrains.research.kfg.analysis.Loop@29e2f39c to 1 iterations
2021-06-11 17:16:17.957 [DEBUG][org.jetbrains.research.kex.asm.transform.LoopDeroller] - Method java/util/concurrent/FutureTask::finishCompletion(): void, unrolling loop org.jetbrains.research.kfg.analysis.Loop@15ddcb7 to 1 iterations
2021-06-11 17:16:17.957 [DEBUG][org.jetbrains.research.kex.asm.transform.LoopDeroller] - Method java/util/concurrent/FutureTask::finishCompletion(): void, unrolling loop org.jetbrains.research.kfg.analysis.Loop@8c84d35 to 1 iterations
2021-06-11 17:16:17.958 [DEBUG][org.jetbrains.research.kex.asm.transform.LoopDeroller] - Method java/util/concurrent/FutureTask::awaitDone(bool, long): int, unrolling loop org.jetbrains.research.kfg.analysis.Loop@15245d6b to 1 iterations
2021-06-11 17:16:17.959 [DEBUG][org.jetbrains.research.kex.asm.transform.LoopDeroller] - Method java/util/concurrent/FutureTask::removeWaiter(java/util/concurrent/FutureTask$WaitNode): void, unrolling loop org.jetbrains.research.kfg.analysis.Loop@2ca09d80 to 1 iterations
2021-06-11 17:16:17.959 [DEBUG][org.jetbrains.research.kex.asm.transform.LoopDeroller] - Method java/util/concurrent/FutureTask::removeWaiter(java/util/concurrent/FutureTask$WaitNode): void, unrolling loop org.jetbrains.research.kfg.analysis.Loop@72e85f3f to 1 iterations
2021-06-11 17:16:17.962 [DEBUG][org.jetbrains.research.kex.asm.transform.LoopDeroller] - Method java/lang/AbstractStringBuilder::append(java/lang/CharSequence, int, int): java/lang/AbstractStringBuilder, unrolling loop org.jetbrains.research.kfg.analysis.Loop@f9fae63 to 1 iterations
2021-06-11 17:16:17.964 [DEBUG][org.jetbrains.research.kex.asm.transform.LoopDeroller] - Method java/lang/AbstractStringBuilder::insert(int, java/lang/CharSequence, int, int): java/lang/AbstractStringBuilder, unrolling loop org.jetbrains.research.kfg.analysis.Loop@5efd1c04 to 1 iterations
2021-06-11 17:16:17.968 [DEBUG][org.jetbrains.research.kex.asm.transform.LoopDeroller] - Method java/lang/AbstractStringBuilder::reverse(): java/lang/AbstractStringBuilder, unrolling loop org.jetbrains.research.kfg.analysis.Loop@2a6ea0fb to 1 iterations
2021-06-11 17:16:17.969 [DEBUG][org.jetbrains.research.kex.asm.transform.LoopDeroller] - Method java/lang/AbstractStringBuilder::reverseAllValidSurrogatePairs(): void, unrolling loop org.jetbrains.research.kfg.analysis.Loop@7b24f535 to 1 iterations
2021-06-11 17:16:18.274 [DEBUG][org.jetbrains.research.kex.asm.transform.LoopDeroller] - Method java/util/concurrent/ConcurrentHashMap$ReduceKeysTask::compute(): void, unrolling loop org.jetbrains.research.kfg.analysis.Loop@5bc584d4 to 1 iterations
2021-06-11 17:16:18.274 [DEBUG][org.jetbrains.research.kex.asm.transform.LoopDeroller] - Method java/util/concurrent/ConcurrentHashMap$ReduceKeysTask::compute(): void, unrolling loop org.jetbrains.research.kfg.analysis.Loop@338cbc56 to 1 iterations
2021-06-11 17:16:18.274 [DEBUG][org.jetbrains.research.kex.asm.transform.LoopDeroller] - Method java/util/concurrent/ConcurrentHashMap$ReduceKeysTask::compute(): void, unrolling loop org.jetbrains.research.kfg.analysis.Loop@78e993b7 to 1 iterations
2021-06-11 17:16:18.275 [DEBUG][org.jetbrains.research.kex.asm.transform.LoopDeroller] - Method java/util/concurrent/ConcurrentHashMap$ReduceKeysTask::compute(): void, unrolling loop org.jetbrains.research.kfg.analysis.Loop@23a5892a to 1 iterations
2021-06-11 17:16:18.275 [DEBUG][org.jetbrains.research.kex.asm.transform.LoopDeroller] - Method java/util/Spliterator$OfPrimitive::forEachRemaining(java/lang/Object): void, unrolling loop org.jetbrains.research.kfg.analysis.Loop@2861fbca to 1 iterations
2021-06-11 17:16:18.275 [DEBUG][org.jetbrains.research.kex.asm.transform.LoopDeroller] - Method java/util/stream/SpinedBuffer$OfLong::arrayForEach(long[], int, int, java/util/function/LongConsumer): void, unrolling loop org.jetbrains.research.kfg.analysis.Loop@649b6cd4 to 1 iterations
2021-06-11 17:16:18.278 [DEBUG][org.jetbrains.research.kex.asm.transform.LoopDeroller] - Method java/util/JapaneseImperialCalendar::getDisplayNames(int, int, java/util/Locale): java/util/Map, unrolling loop org.jetbrains.research.kfg.analysis.Loop@6eba1cc3 to 1 iterations
2021-06-11 17:16:18.278 [DEBUG][org.jetbrains.research.kex.asm.transform.LoopDeroller] - Method java/util/JapaneseImperialCalendar::getDisplayNames(int, int, java/util/Locale): java/util/Map, unrolling loop org.jetbrains.research.kfg.analysis.Loop@1356522d to 1 iterations
2021-06-11 17:16:18.282 [DEBUG][org.jetbrains.research.kex.asm.transform.LoopDeroller] - Method java/util/JapaneseImperialCalendar::computeFields(int, int): int, unrolling loop org.jetbrains.research.kfg.analysis.Loop@38597ed to 1 iterations
2021-06-11 17:16:18.283 [DEBUG][org.jetbrains.research.kex.asm.transform.LoopDeroller] - Method java/util/JapaneseImperialCalendar::computeTime(): void, unrolling loop org.jetbrains.research.kfg.analysis.Loop@68ca6aee to 1 iterations
2021-06-11 17:16:18.284 [DEBUG][org.jetbrains.research.kex.asm.transform.LoopDeroller] - Method java/util/JapaneseImperialCalendar::computeTime(): void, unrolling loop org.jetbrains.research.kfg.analysis.Loop@494b3cee to 1 iterations
2021-06-11 17:16:18.284 [DEBUG][org.jetbrains.research.kex.asm.transform.LoopDeroller] - Method java/util/JapaneseImperialCalendar::computeTime(): void, unrolling loop org.jetbrains.research.kfg.analysis.Loop@27e35a05 to 1 iterations
2021-06-11 17:16:18.285 [DEBUG][org.jetbrains.research.kex.asm.transform.LoopDeroller] - Method java/util/JapaneseImperialCalendar::getFixedDateJan1(sun/util/calendar/LocalGregorianCalendar$Date, long): long, unrolling loop org.jetbrains.research.kfg.analysis.Loop@48e70dac to 1 iterations
2021-06-11 17:16:18.286 [DEBUG][org.jetbrains.research.kex.asm.transform.LoopDeroller] - Method java/util/JapaneseImperialCalendar::isTransitionYear(int): bool, unrolling loop org.jetbrains.research.kfg.analysis.Loop@95b9237 to 1 iterations
2021-06-11 17:16:18.286 [DEBUG][org.jetbrains.research.kex.asm.transform.LoopDeroller] - Method java/util/JapaneseImperialCalendar::getEraIndex(sun/util/calendar/LocalGregorianCalendar$Date): int, unrolling loop org.jetbrains.research.kfg.analysis.Loop@3f2c7c83 to 1 iterations
2021-06-11 17:16:18.287 [DEBUG][org.jetbrains.research.kex.asm.transform.LoopDeroller] - Method java/util/JapaneseImperialCalendar::<clinit>(): void, unrolling loop org.jetbrains.research.kfg.analysis.Loop@6af8df54 to 1 iterations
2021-06-11 17:16:18.288 [DEBUG][org.jetbrains.research.kex.asm.transform.LoopDeroller] - Method java/util/JapaneseImperialCalendar::<clinit>(): void, unrolling loop org.jetbrains.research.kfg.analysis.Loop@883344e to 1 iterations
2021-06-11 17:16:18.289 [DEBUG][org.jetbrains.research.kex.asm.transform.LoopDeroller] - Method java/lang/CharacterData02::<clinit>(): void, unrolling loop org.jetbrains.research.kfg.analysis.Loop@4a60fa4f to 1 iterations
2021-06-11 17:16:18.290 [DEBUG][org.jetbrains.research.kex.asm.transform.LoopDeroller] - Method java/lang/CharacterData01::<clinit>(): void, unrolling loop org.jetbrains.research.kfg.analysis.Loop@4ffbbdcd to 1 iterations
2021-06-11 17:16:18.291 [DEBUG][org.jetbrains.research.kex.asm.transform.LoopDeroller] - Method java/lang/CharacterData0E::<clinit>(): void, unrolling loop org.jetbrains.research.kfg.analysis.Loop@f9cea94 to 1 iterations
2021-06-11 17:16:18.292 [DEBUG][org.jetbrains.research.kex.asm.transform.LoopDeroller] - Method java/util/Hashtable$Enumerator::hasMoreElements(): bool, unrolling loop org.jetbrains.research.kfg.analysis.Loop@56b60580 to 1 iterations
2021-06-11 17:16:18.292 [DEBUG][org.jetbrains.research.kex.asm.transform.LoopDeroller] - Method java/util/Hashtable$Enumerator::nextElement(): java/lang/Object, unrolling loop org.jetbrains.research.kfg.analysis.Loop@5e7ca076 to 1 iterations
2021-06-11 17:16:18.293 [DEBUG][org.jetbrains.research.kex.asm.transform.LoopDeroller] - Method java/util/Hashtable$Enumerator::remove(): void, unrolling loop org.jetbrains.research.kfg.analysis.Loop@1962668d to 1 iterations
2021-06-11 17:16:18.293 [DEBUG][org.jetbrains.research.kex.asm.transform.LoopDeroller] - Method java/util/ArrayDeque$DeqIterator::forEachRemaining(java/util/function/Consumer): void, unrolling loop org.jetbrains.research.kfg.analysis.Loop@7406b2d8 to 1 iterations
2021-06-11 17:16:18.296 [DEBUG][org.jetbrains.research.kex.asm.transform.LoopDeroller] - Method java/util/TreeMap$KeySpliterator::forEachRemaining(java/util/function/Consumer): void, unrolling loop org.jetbrains.research.kfg.analysis.Loop@69e25ab0 to 1 iterations
2021-06-11 17:16:18.297 [DEBUG][org.jetbrains.research.kex.asm.transform.LoopDeroller] - Method java/util/TreeMap$KeySpliterator::forEachRemaining(java/util/function/Consumer): void, unrolling loop org.jetbrains.research.kfg.analysis.Loop@40b27ed9 to 1 iterations
2021-06-11 17:16:18.297 [DEBUG][org.jetbrains.research.kex.asm.transform.LoopDeroller] - Method java/util/TreeMap$KeySpliterator::forEachRemaining(java/util/function/Consumer): void, unrolling loop org.jetbrains.research.kfg.analysis.Loop@28c21215 to 1 iterations
2021-06-11 17:16:18.298 [DEBUG][org.jetbrains.research.kex.asm.transform.LoopDeroller] - Method java/util/regex/Pattern$1MatcherIterator::hasNext(): bool, unrolling loop org.jetbrains.research.kfg.analysis.Loop@11efa5f9 to 1 iterations
2021-06-11 17:16:18.300 [DEBUG][org.jetbrains.research.kex.asm.transform.LoopDeroller] - Method java/util/StringTokenizer::setMaxDelimCodePoint(): void, unrolling loop org.jetbrains.research.kfg.analysis.Loop@2622f7ca to 1 iterations
2021-06-11 17:16:18.301 [DEBUG][org.jetbrains.research.kex.asm.transform.LoopDeroller] - Method java/util/StringTokenizer::setMaxDelimCodePoint(): void, unrolling loop org.jetbrains.research.kfg.analysis.Loop@744aca40 to 1 iterations
2021-06-11 17:16:18.301 [DEBUG][org.jetbrains.research.kex.asm.transform.LoopDeroller] - Method java/util/StringTokenizer::skipDelimiters(int): int, unrolling loop org.jetbrains.research.kfg.analysis.Loop@19c3a8f4 to 1 iterations
2021-06-11 17:16:18.302 [DEBUG][org.jetbrains.research.kex.asm.transform.LoopDeroller] - Method java/util/StringTokenizer::scanToken(int): int, unrolling loop org.jetbrains.research.kfg.analysis.Loop@1e09f0fe to 1 iterations
2021-06-11 17:16:18.303 [DEBUG][org.jetbrains.research.kex.asm.transform.LoopDeroller] - Method java/util/StringTokenizer::isDelimiter(int): bool, unrolling loop org.jetbrains.research.kfg.analysis.Loop@116c30f6 to 1 iterations
2021-06-11 17:16:18.304 [DEBUG][org.jetbrains.research.kex.asm.transform.LoopDeroller] - Method java/util/StringTokenizer::countTokens(): int, unrolling loop org.jetbrains.research.kfg.analysis.Loop@46d1214a to 1 iterations
2021-06-11 17:16:18.305 [DEBUG][org.jetbrains.research.kex.asm.transform.LoopDeroller] - Method java/lang/ProcessEnvironment::toEnvironmentBlock(): java/lang/String, unrolling loop org.jetbrains.research.kfg.analysis.Loop@4e89a0e8 to 1 iterations
2021-06-11 17:16:18.306 [DEBUG][org.jetbrains.research.kex.asm.transform.LoopDeroller] - Method java/lang/ProcessEnvironment::<clinit>(): void, unrolling loop org.jetbrains.research.kfg.analysis.Loop@5969eeb0 to 1 iterations
2021-06-11 17:16:18.306 [DEBUG][org.jetbrains.research.kex.asm.transform.LoopDeroller] - Method java/util/Spliterators$AbstractLongSpliterator::trySplit(): java/util/Spliterator$OfLong, unrolling loop org.jetbrains.research.kfg.analysis.Loop@1bb84eb4 to 1 iterations
2021-06-11 17:16:18.307 [DEBUG][org.jetbrains.research.kex.asm.transform.LoopDeroller] - Method java/util/concurrent/ConcurrentHashMap$MapReduceEntriesTask::compute(): void, unrolling loop org.jetbrains.research.kfg.analysis.Loop@796fb0bd to 1 iterations
2021-06-11 17:16:18.308 [DEBUG][org.jetbrains.research.kex.asm.transform.LoopDeroller] - Method java/util/concurrent/ConcurrentHashMap$MapReduceEntriesTask::compute(): void, unrolling loop org.jetbrains.research.kfg.analysis.Loop@4a4432d3 to 1 iterations
2021-06-11 17:16:18.308 [DEBUG][org.jetbrains.research.kex.asm.transform.LoopDeroller] - Method java/util/concurrent/ConcurrentHashMap$MapReduceEntriesTask::compute(): void, unrolling loop org.jetbrains.research.kfg.analysis.Loop@681eca8c to 1 iterations
2021-06-11 17:16:18.309 [DEBUG][org.jetbrains.research.kex.asm.transform.LoopDeroller] - Method java/util/concurrent/ConcurrentHashMap$MapReduceEntriesTask::compute(): void, unrolling loop org.jetbrains.research.kfg.analysis.Loop@6468d863 to 1 iterations
2021-06-11 17:16:18.310 [DEBUG][org.jetbrains.research.kex.asm.transform.LoopDeroller] - Method java/util/concurrent/ConcurrentHashMap$MapReduceMappingsToLongTask::compute(): void, unrolling loop org.jetbrains.research.kfg.analysis.Loop@61418b57 to 1 iterations
2021-06-11 17:16:18.310 [DEBUG][org.jetbrains.research.kex.asm.transform.LoopDeroller] - Method java/util/concurrent/ConcurrentHashMap$MapReduceMappingsToLongTask::compute(): void, unrolling loop org.jetbrains.research.kfg.analysis.Loop@4747dbb7 to 1 iterations
2021-06-11 17:16:18.311 [DEBUG][org.jetbrains.research.kex.asm.transform.LoopDeroller] - Method java/util/concurrent/ConcurrentHashMap$MapReduceMappingsToLongTask::compute(): void, unrolling loop org.jetbrains.research.kfg.analysis.Loop@47ab7d63 to 1 iterations
2021-06-11 17:16:18.311 [DEBUG][org.jetbrains.research.kex.asm.transform.LoopDeroller] - Method java/util/concurrent/ConcurrentHashMap$MapReduceMappingsToLongTask::compute(): void, unrolling loop org.jetbrains.research.kfg.analysis.Loop@1ed931e3 to 1 iterations
2021-06-11 17:16:18.312 [DEBUG][org.jetbrains.research.kex.asm.transform.LoopDeroller] - Method java/util/concurrent/atomic/AtomicBoolean::getAndSet(bool): bool, unrolling loop org.jetbrains.research.kfg.analysis.Loop@5e7abcf0 to 1 iterations
2021-06-11 17:16:18.313 [DEBUG][org.jetbrains.research.kex.asm.transform.LoopDeroller] - Method java/util/ArraysParallelSortHelpers$FJChar$Merger::compute(): void, unrolling loop org.jetbrains.research.kfg.analysis.Loop@32dbdd2a to 1 iterations
2021-06-11 17:16:18.313 [DEBUG][org.jetbrains.research.kex.asm.transform.LoopDeroller] - Method java/util/ArraysParallelSortHelpers$FJChar$Merger::compute(): void, unrolling loop org.jetbrains.research.kfg.analysis.Loop@20454d1f to 1 iterations
2021-06-11 17:16:18.316 [DEBUG][org.jetbrains.research.kex.asm.transform.LoopDeroller] - Method java/util/ArraysParallelSortHelpers$FJChar$Merger::compute(): void, unrolling loop org.jetbrains.research.kfg.analysis.Loop@32a5ae53 to 1 iterations
2021-06-11 17:16:18.320 [DEBUG][org.jetbrains.research.kex.asm.transform.LoopDeroller] - Method java/util/ArraysParallelSortHelpers$FJChar$Merger::compute(): void, unrolling loop org.jetbrains.research.kfg.analysis.Loop@6b0c2085 to 1 iterations
2021-06-11 17:16:18.322 [DEBUG][org.jetbrains.research.kex.asm.transform.LoopDeroller] - Method java/util/concurrent/ConcurrentHashMap$MapReduceEntriesToLongTask::compute(): void, unrolling loop org.jetbrains.research.kfg.analysis.Loop@19c0de81 to 1 iterations
2021-06-11 17:16:18.323 [DEBUG][org.jetbrains.research.kex.asm.transform.LoopDeroller] - Method java/util/concurrent/ConcurrentHashMap$MapReduceEntriesToLongTask::compute(): void, unrolling loop org.jetbrains.research.kfg.analysis.Loop@1d014a95 to 1 iterations
2021-06-11 17:16:18.323 [DEBUG][org.jetbrains.research.kex.asm.transform.LoopDeroller] - Method java/util/concurrent/ConcurrentHashMap$MapReduceEntriesToLongTask::compute(): void, unrolling loop org.jetbrains.research.kfg.analysis.Loop@5c8e222d to 1 iterations
2021-06-11 17:16:18.324 [DEBUG][org.jetbrains.research.kex.asm.transform.LoopDeroller] - Method java/util/concurrent/ConcurrentHashMap$MapReduceEntriesToLongTask::compute(): void, unrolling loop org.jetbrains.research.kfg.analysis.Loop@1583f215 to 1 iterations
2021-06-11 17:16:18.325 [DEBUG][org.jetbrains.research.kex.asm.transform.LoopDeroller] - Method java/io/ObjectInputStream$PeekInputStream::readFully(byte[], int, int): void, unrolling loop org.jetbrains.research.kfg.analysis.Loop@9e92b16 to 1 iterations
2021-06-11 17:16:18.325 [DEBUG][org.jetbrains.research.kex.asm.transform.LoopDeroller] - Method java/util/concurrent/atomic/LongAccumulator::get(): long, unrolling loop org.jetbrains.research.kfg.analysis.Loop@793d2d31 to 1 iterations
2021-06-11 17:16:18.326 [DEBUG][org.jetbrains.research.kex.asm.transform.LoopDeroller] - Method java/util/concurrent/atomic/LongAccumulator::reset(): void, unrolling loop org.jetbrains.research.kfg.analysis.Loop@1eeb7579 to 1 iterations
2021-06-11 17:16:18.328 [DEBUG][org.jetbrains.research.kex.asm.transform.LoopDeroller] - Method java/util/concurrent/atomic/LongAccumulator::getThenReset(): long, unrolling loop org.jetbrains.research.kfg.analysis.Loop@196e20ff to 1 iterations
2021-06-11 17:16:18.330 [DEBUG][org.jetbrains.research.kex.asm.transform.LoopDeroller] - Method java/util/concurrent/atomic/AtomicReferenceFieldUpdater::getAndSet(java/lang/Object, java/lang/Object): java/lang/Object, unrolling loop org.jetbrains.research.kfg.analysis.Loop@2e12f1bc to 1 iterations
2021-06-11 17:16:18.330 [DEBUG][org.jetbrains.research.kex.asm.transform.LoopDeroller] - Method java/util/concurrent/atomic/AtomicReferenceFieldUpdater::getAndUpdate(java/lang/Object, java/util/function/UnaryOperator): java/lang/Object, unrolling loop org.jetbrains.research.kfg.analysis.Loop@896e529 to 1 iterations
2021-06-11 17:16:18.331 [DEBUG][org.jetbrains.research.kex.asm.transform.LoopDeroller] - Method java/util/concurrent/atomic/AtomicReferenceFieldUpdater::updateAndGet(java/lang/Object, java/util/function/UnaryOperator): java/lang/Object, unrolling loop org.jetbrains.research.kfg.analysis.Loop@321e8f87 to 1 iterations
2021-06-11 17:16:18.331 [DEBUG][org.jetbrains.research.kex.asm.transform.LoopDeroller] - Method java/util/concurrent/atomic/AtomicReferenceFieldUpdater::getAndAccumulate(java/lang/Object, java/lang/Object, java/util/function/BinaryOperator): java/lang/Object, unrolling loop org.jetbrains.research.kfg.analysis.Loop@3765eb4 to 1 iterations
2021-06-11 17:16:18.332 [DEBUG][org.jetbrains.research.kex.asm.transform.LoopDeroller] - Method java/util/concurrent/atomic/AtomicReferenceFieldUpdater::accumulateAndGet(java/lang/Object, java/lang/Object, java/util/function/BinaryOperator): java/lang/Object, unrolling loop org.jetbrains.research.kfg.analysis.Loop@64b951b2 to 1 iterations
2021-06-11 17:16:18.334 [DEBUG][org.jetbrains.research.kex.asm.transform.LoopDeroller] - Method java/util/concurrent/ConcurrentHashMap$SearchValuesTask::compute(): void, unrolling loop org.jetbrains.research.kfg.analysis.Loop@fc14604 to 1 iterations
2021-06-11 17:16:18.334 [DEBUG][org.jetbrains.research.kex.asm.transform.LoopDeroller] - Method java/util/concurrent/ConcurrentHashMap$SearchValuesTask::compute(): void, unrolling loop org.jetbrains.research.kfg.analysis.Loop@984a832 to 1 iterations
2021-06-11 17:16:18.337 [DEBUG][org.jetbrains.research.kex.asm.transform.LoopDeroller] - Method java/util/concurrent/Exchanger::arenaExchange(java/lang/Object, bool, long): java/lang/Object, unrolling loop org.jetbrains.research.kfg.analysis.Loop@51ca42f5 to 1 iterations
2021-06-11 17:16:18.341 [DEBUG][org.jetbrains.research.kex.asm.transform.LoopDeroller] - Method java/util/concurrent/Exchanger::arenaExchange(java/lang/Object, bool, long): java/lang/Object, unrolling loop org.jetbrains.research.kfg.analysis.Loop@20e89112 to 1 iterations
2021-06-11 17:16:18.348 [DEBUG][org.jetbrains.research.kex.asm.transform.LoopDeroller] - Method java/util/concurrent/Exchanger::slotExchange(java/lang/Object, bool, long): java/lang/Object, unrolling loop org.jetbrains.research.kfg.analysis.Loop@46f14ab3 to 1 iterations
2021-06-11 17:16:18.350 [DEBUG][org.jetbrains.research.kex.asm.transform.LoopDeroller] - Method java/util/concurrent/Exchanger::slotExchange(java/lang/Object, bool, long): java/lang/Object, unrolling loop org.jetbrains.research.kfg.analysis.Loop@2ee488d1 to 1 iterations
2021-06-11 17:16:18.354 [DEBUG][org.jetbrains.research.kex.asm.transform.LoopDeroller] - Method java/util/concurrent/DelayQueue::take(): java/util/concurrent/Delayed, unrolling loop org.jetbrains.research.kfg.analysis.Loop@25653d6f to 1 iterations
2021-06-11 17:16:18.355 [DEBUG][org.jetbrains.research.kex.asm.transform.LoopDeroller] - Method java/util/concurrent/DelayQueue::poll(long, java/util/concurrent/TimeUnit): java/util/concurrent/Delayed, unrolling loop org.jetbrains.research.kfg.analysis.Loop@39fea08a to 1 iterations
2021-06-11 17:16:18.358 [DEBUG][org.jetbrains.research.kex.asm.transform.LoopDeroller] - Method java/util/concurrent/DelayQueue::drainTo(java/util/Collection): int, unrolling loop org.jetbrains.research.kfg.analysis.Loop@27aac916 to 1 iterations
2021-06-11 17:16:18.359 [DEBUG][org.jetbrains.research.kex.asm.transform.LoopDeroller] - Method java/util/concurrent/DelayQueue::drainTo(java/util/Collection, int): int, unrolling loop org.jetbrains.research.kfg.analysis.Loop@2980aa01 to 1 iterations
2021-06-11 17:16:18.360 [DEBUG][org.jetbrains.research.kex.asm.transform.LoopDeroller] - Method java/util/concurrent/DelayQueue::removeEQ(java/lang/Object): void, unrolling loop org.jetbrains.research.kfg.analysis.Loop@338bf0fd to 1 iterations
2021-06-11 17:16:18.361 [DEBUG][org.jetbrains.research.kex.asm.transform.LoopDeroller] - Method java/util/concurrent/ConcurrentHashMap$SearchKeysTask::compute(): void, unrolling loop org.jetbrains.research.kfg.analysis.Loop@28188c2 to 1 iterations
2021-06-11 17:16:18.362 [DEBUG][org.jetbrains.research.kex.asm.transform.LoopDeroller] - Method java/util/concurrent/ConcurrentHashMap$SearchKeysTask::compute(): void, unrolling loop org.jetbrains.research.kfg.analysis.Loop@739932a5 to 1 iterations
2021-06-11 17:16:18.363 [DEBUG][org.jetbrains.research.kex.asm.transform.LoopDeroller] - Method java/io/WinNTFileSystem::normalize(java/lang/String): java/lang/String, unrolling loop org.jetbrains.research.kfg.analysis.Loop@45d59f23 to 1 iterations
2021-06-11 17:16:18.364 [DEBUG][org.jetbrains.research.kex.asm.transform.LoopDeroller] - Method java/io/WinNTFileSystem::normalize(java/lang/String, int, int): java/lang/String, unrolling loop org.jetbrains.research.kfg.analysis.Loop@100eb04e to 1 iterations
2021-06-11 17:16:18.364 [DEBUG][org.jetbrains.research.kex.asm.transform.LoopDeroller] - Method java/io/WinNTFileSystem::normalize(java/lang/String, int, int): java/lang/String, unrolling loop org.jetbrains.research.kfg.analysis.Loop@2f913d6d to 1 iterations
2021-06-11 17:16:18.366 [DEBUG][org.jetbrains.research.kex.asm.transform.LoopDeroller] - Method java/io/WinNTFileSystem::normalizePrefix(java/lang/String, int, java/lang/StringBuffer): int, unrolling loop org.jetbrains.research.kfg.analysis.Loop@5cb1c609 to 1 iterations
2021-06-11 17:16:18.369 [DEBUG][org.jetbrains.research.kex.asm.transform.LoopDeroller] - Method java/io/WinNTFileSystem::parentOrNull(java/lang/String): java/lang/String, unrolling loop org.jetbrains.research.kfg.analysis.Loop@45bdca24 to 1 iterations
2021-06-11 17:16:18.371 [DEBUG][org.jetbrains.research.kex.asm.transform.LoopDeroller] - Method java/io/WinNTFileSystem::listRoots(): java/io/File[], unrolling loop org.jetbrains.research.kfg.analysis.Loop@18f4feb6 to 1 iterations
2021-06-11 17:16:18.372 [DEBUG][org.jetbrains.research.kex.asm.transform.LoopDeroller] - Method java/io/WinNTFileSystem::listRoots(): java/io/File[], unrolling loop org.jetbrains.research.kfg.analysis.Loop@4f60f4a8 to 1 iterations
2021-06-11 17:16:18.373 [DEBUG][org.jetbrains.research.kex.asm.transform.LoopDeroller] - Method java/util/Vector::setSize(int): void, unrolling loop org.jetbrains.research.kfg.analysis.Loop@475c2d80 to 1 iterations
2021-06-11 17:16:18.373 [DEBUG][org.jetbrains.research.kex.asm.transform.LoopDeroller] - Method java/util/Vector::indexOf(java/lang/Object, int): int, unrolling loop org.jetbrains.research.kfg.analysis.Loop@5eafd69d to 1 iterations
2021-06-11 17:16:18.374 [DEBUG][org.jetbrains.research.kex.asm.transform.LoopDeroller] - Method java/util/Vector::indexOf(java/lang/Object, int): int, unrolling loop org.jetbrains.research.kfg.analysis.Loop@53771648 to 1 iterations
2021-06-11 17:16:18.374 [DEBUG][org.jetbrains.research.kex.asm.transform.LoopDeroller] - Method java/util/Vector::lastIndexOf(java/lang/Object, int): int, unrolling loop org.jetbrains.research.kfg.analysis.Loop@de794c to 1 iterations
2021-06-11 17:16:18.375 [DEBUG][org.jetbrains.research.kex.asm.transform.LoopDeroller] - Method java/util/Vector::lastIndexOf(java/lang/Object, int): int, unrolling loop org.jetbrains.research.kfg.analysis.Loop@54f95c03 to 1 iterations
2021-06-11 17:16:18.375 [DEBUG][org.jetbrains.research.kex.asm.transform.LoopDeroller] - Method java/util/Vector::removeAllElements(): void, unrolling loop org.jetbrains.research.kfg.analysis.Loop@76e20202 to 1 iterations
2021-06-11 17:16:18.376 [DEBUG][org.jetbrains.research.kex.asm.transform.LoopDeroller] - Method java/util/Vector::removeRange(int, int): void, unrolling loop org.jetbrains.research.kfg.analysis.Loop@276294d4 to 1 iterations
2021-06-11 17:16:18.377 [DEBUG][org.jetbrains.research.kex.asm.transform.LoopDeroller] - Method java/util/Vector::forEach(java/util/function/Consumer): void, unrolling loop org.jetbrains.research.kfg.analysis.Loop@4ec1bef3 to 1 iterations
2021-06-11 17:16:18.380 [DEBUG][org.jetbrains.research.kex.asm.transform.LoopDeroller] - Method java/util/Vector::removeIf(java/util/function/Predicate): bool, unrolling loop org.jetbrains.research.kfg.analysis.Loop@2c54e727 to 1 iterations
2021-06-11 17:16:18.380 [DEBUG][org.jetbrains.research.kex.asm.transform.LoopDeroller] - Method java/util/Vector::removeIf(java/util/function/Predicate): bool, unrolling loop org.jetbrains.research.kfg.analysis.Loop@3dc166f to 1 iterations
2021-06-11 17:16:18.382 [DEBUG][org.jetbrains.research.kex.asm.transform.LoopDeroller] - Method java/util/Vector::removeIf(java/util/function/Predicate): bool, unrolling loop org.jetbrains.research.kfg.analysis.Loop@4393e686 to 1 iterations
2021-06-11 17:16:18.383 [DEBUG][org.jetbrains.research.kex.asm.transform.LoopDeroller] - Method java/util/Vector::replaceAll(java/util/function/UnaryOperator): void, unrolling loop org.jetbrains.research.kfg.analysis.Loop@7687ac6c to 1 iterations
2021-06-11 17:16:18.384 [DEBUG][org.jetbrains.research.kex.asm.transform.LoopDeroller] - Method java/io/StreamTokenizer::resetSyntax(): void, unrolling loop org.jetbrains.research.kfg.analysis.Loop@5636ef67 to 1 iterations
2021-06-11 17:16:18.388 [DEBUG][org.jetbrains.research.kex.asm.transform.LoopDeroller] - Method java/io/StreamTokenizer::wordChars(int, int): void, unrolling loop org.jetbrains.research.kfg.analysis.Loop@43d72bd8 to 1 iterations
2021-06-11 17:16:18.389 [DEBUG][org.jetbrains.research.kex.asm.transform.LoopDeroller] - Method java/io/StreamTokenizer::whitespaceChars(int, int): void, unrolling loop org.jetbrains.research.kfg.analysis.Loop@48334b44 to 1 iterations
2021-06-11 17:16:18.390 [DEBUG][org.jetbrains.research.kex.asm.transform.LoopDeroller] - Method java/io/StreamTokenizer::ordinaryChars(int, int): void, unrolling loop org.jetbrains.research.kfg.analysis.Loop@5c89c020 to 1 iterations
2021-06-11 17:16:18.390 [DEBUG][org.jetbrains.research.kex.asm.transform.LoopDeroller] - Method java/io/StreamTokenizer::parseNumbers(): void, unrolling loop org.jetbrains.research.kfg.analysis.Loop@3593adf5 to 1 iterations
2021-06-11 17:16:18.393 [DEBUG][org.jetbrains.research.kex.asm.transform.LoopDeroller] - Method java/io/StreamTokenizer::nextToken(): int, unrolling loop org.jetbrains.research.kfg.analysis.Loop@3dd49c85 to 1 iterations
2021-06-11 17:16:18.396 [DEBUG][org.jetbrains.research.kex.asm.transform.LoopDeroller] - Method java/io/StreamTokenizer::nextToken(): int, unrolling loop org.jetbrains.research.kfg.analysis.Loop@448f7fbb to 1 iterations
2021-06-11 17:16:18.397 [DEBUG][org.jetbrains.research.kex.asm.transform.LoopDeroller] - Method java/io/StreamTokenizer::nextToken(): int, unrolling loop org.jetbrains.research.kfg.analysis.Loop@c430015 to 1 iterations
2021-06-11 17:16:18.398 [DEBUG][org.jetbrains.research.kex.asm.transform.LoopDeroller] - Method java/io/StreamTokenizer::nextToken(): int, unrolling loop org.jetbrains.research.kfg.analysis.Loop@57828e6b to 1 iterations
2021-06-11 17:16:18.402 [DEBUG][org.jetbrains.research.kex.asm.transform.LoopDeroller] - Method java/io/StreamTokenizer::nextToken(): int, unrolling loop org.jetbrains.research.kfg.analysis.Loop@566f0fe6 to 1 iterations
2021-06-11 17:16:18.403 [DEBUG][org.jetbrains.research.kex.asm.transform.LoopDeroller] - Method java/io/StreamTokenizer::nextToken(): int, unrolling loop org.jetbrains.research.kfg.analysis.Loop@2995e23 to 1 iterations
2021-06-11 17:16:18.405 [DEBUG][org.jetbrains.research.kex.asm.transform.LoopDeroller] - Method java/io/StreamTokenizer::nextToken(): int, unrolling loop org.jetbrains.research.kfg.analysis.Loop@136ab131 to 1 iterations
2021-06-11 17:16:18.406 [DEBUG][org.jetbrains.research.kex.asm.transform.LoopDeroller] - Method java/io/StreamTokenizer::nextToken(): int, unrolling loop org.jetbrains.research.kfg.analysis.Loop@20b65888 to 1 iterations
2021-06-11 17:16:18.407 [DEBUG][org.jetbrains.research.kex.asm.transform.LoopDeroller] - Method java/io/StreamTokenizer::nextToken(): int, unrolling loop org.jetbrains.research.kfg.analysis.Loop@50d89c97 to 1 iterations
2021-06-11 17:16:18.408 [DEBUG][org.jetbrains.research.kex.asm.transform.LoopDeroller] - Method java/util/concurrent/ConcurrentSkipListSet::removeAll(java/util/Collection): bool, unrolling loop org.jetbrains.research.kfg.analysis.Loop@2ec843a2 to 1 iterations
2021-06-11 17:16:18.409 [DEBUG][org.jetbrains.research.kex.asm.transform.LoopDeroller] - Method java/util/concurrent/CountedCompleter::decrementPendingCountUnlessZero(): int, unrolling loop org.jetbrains.research.kfg.analysis.Loop@4ce36d69 to 1 iterations
2021-06-11 17:16:18.409 [DEBUG][org.jetbrains.research.kex.asm.transform.LoopDeroller] - Method java/util/concurrent/CountedCompleter::getRoot(): java/util/concurrent/CountedCompleter, unrolling loop org.jetbrains.research.kfg.analysis.Loop@7b99d133 to 1 iterations
2021-06-11 17:16:18.410 [DEBUG][org.jetbrains.research.kex.asm.transform.LoopDeroller] - Method java/util/concurrent/CountedCompleter::tryComplete(): void, unrolling loop org.jetbrains.research.kfg.analysis.Loop@ba158b0 to 1 iterations
2021-06-11 17:16:18.410 [DEBUG][org.jetbrains.research.kex.asm.transform.LoopDeroller] - Method java/util/concurrent/CountedCompleter::propagateCompletion(): void, unrolling loop org.jetbrains.research.kfg.analysis.Loop@5607b81 to 1 iterations
2021-06-11 17:16:18.411 [DEBUG][org.jetbrains.research.kex.asm.transform.LoopDeroller] - Method java/util/concurrent/CountedCompleter::firstComplete(): java/util/concurrent/CountedCompleter, unrolling loop org.jetbrains.research.kfg.analysis.Loop@39851568 to 1 iterations
2021-06-11 17:16:18.411 [DEBUG][org.jetbrains.research.kex.asm.transform.LoopDeroller] - Method java/util/concurrent/CountedCompleter::quietlyCompleteRoot(): void, unrolling loop org.jetbrains.research.kfg.analysis.Loop@409292e7 to 1 iterations
2021-06-11 17:16:18.411 [DEBUG][org.jetbrains.research.kex.asm.transform.LoopDeroller] - Method java/util/concurrent/CountedCompleter::internalPropagateException(java/lang/Throwable): void, unrolling loop org.jetbrains.research.kfg.analysis.Loop@3b24e13f to 1 iterations
2021-06-11 17:16:18.412 [DEBUG][org.jetbrains.research.kex.asm.transform.LoopDeroller] - Method java/io/RandomAccessFile::readFully(byte[], int, int): void, unrolling loop org.jetbrains.research.kfg.analysis.Loop@7831e47c to 1 iterations
2021-06-11 17:16:18.413 [DEBUG][org.jetbrains.research.kex.asm.transform.LoopDeroller] - Method java/io/RandomAccessFile::readLine(): java/lang/String, unrolling loop org.jetbrains.research.kfg.analysis.Loop@5f0dbbdc to 1 iterations
2021-06-11 17:16:18.414 [DEBUG][org.jetbrains.research.kex.asm.transform.LoopDeroller] - Method java/io/RandomAccessFile::writeChars(java/lang/String): void, unrolling loop org.jetbrains.research.kfg.analysis.Loop@151da810 to 1 iterations
2021-06-11 17:16:18.416 [DEBUG][org.jetbrains.research.kex.asm.transform.LoopDeroller] - Method java/util/IdentityHashMap$EntrySpliterator::forEachRemaining(java/util/function/Consumer): void, unrolling loop org.jetbrains.research.kfg.analysis.Loop@74546f15 to 1 iterations
2021-06-11 17:16:18.418 [DEBUG][org.jetbrains.research.kex.asm.transform.LoopDeroller] - Method java/util/IdentityHashMap$EntrySpliterator::tryAdvance(java/util/function/Consumer): bool, unrolling loop org.jetbrains.research.kfg.analysis.Loop@2befdef8 to 1 iterations
2021-06-11 17:16:18.422 [DEBUG][org.jetbrains.research.kex.asm.transform.LoopDeroller] - Method java/util/zip/InflaterOutputStream::flush(): void, unrolling loop org.jetbrains.research.kfg.analysis.Loop@49252a5d to 1 iterations
2021-06-11 17:16:18.423 [DEBUG][org.jetbrains.research.kex.asm.transform.LoopDeroller] - Method java/util/zip/InflaterOutputStream::write(byte[], int, int): void, unrolling loop org.jetbrains.research.kfg.analysis.Loop@4f16fdf8 to 1 iterations
2021-06-11 17:16:18.423 [DEBUG][org.jetbrains.research.kex.asm.transform.LoopDeroller] - Method java/util/zip/InflaterOutputStream::write(byte[], int, int): void, unrolling loop org.jetbrains.research.kfg.analysis.Loop@44cf44fd to 1 iterations
2021-06-11 17:16:18.426 [DEBUG][org.jetbrains.research.kex.asm.transform.LoopDeroller] - Method java/util/Random$RandomDoublesSpliterator::forEachRemaining(java/util/function/DoubleConsumer): void, unrolling loop org.jetbrains.research.kfg.analysis.Loop@485be071 to 1 iterations
2021-06-11 17:16:18.427 [DEBUG][org.jetbrains.research.kex.asm.transform.LoopDeroller] - Method java/util/LinkedHashMap::internalWriteEntries(java/io/ObjectOutputStream): void, unrolling loop org.jetbrains.research.kfg.analysis.Loop@284f0e30 to 1 iterations
2021-06-11 17:16:18.428 [DEBUG][org.jetbrains.research.kex.asm.transform.LoopDeroller] - Method java/util/LinkedHashMap::containsValue(java/lang/Object): bool, unrolling loop org.jetbrains.research.kfg.analysis.Loop@27db9d85 to 1 iterations
2021-06-11 17:16:18.430 [DEBUG][org.jetbrains.research.kex.asm.transform.LoopDeroller] - Method java/util/LinkedHashMap::forEach(java/util/function/BiConsumer): void, unrolling loop org.jetbrains.research.kfg.analysis.Loop@4cb1cae9 to 1 iterations
2021-06-11 17:16:18.432 [DEBUG][org.jetbrains.research.kex.asm.transform.LoopDeroller] - Method java/util/LinkedHashMap::replaceAll(java/util/function/BiFunction): void, unrolling loop org.jetbrains.research.kfg.analysis.Loop@635ece80 to 1 iterations
2021-06-11 17:16:18.434 [DEBUG][org.jetbrains.research.kex.asm.transform.LoopDeroller] - Method java/lang/invoke/MutableCallSite::syncAll(java/lang/invoke/MutableCallSite[]): void, unrolling loop org.jetbrains.research.kfg.analysis.Loop@156b3c37 to 1 iterations
2021-06-11 17:16:18.435 [DEBUG][org.jetbrains.research.kex.asm.transform.LoopDeroller] - Method java/lang/invoke/Invokers::impliedRestargType(java/lang/invoke/MethodType, int): java/lang/Class, unrolling loop org.jetbrains.research.kfg.analysis.Loop@95db5ae to 1 iterations
2021-06-11 17:16:18.436 [DEBUG][org.jetbrains.research.kex.asm.transform.LoopDeroller] - Method java/lang/invoke/Invokers::<clinit>(): void, unrolling loop org.jetbrains.research.kfg.analysis.Loop@6c601ede to 1 iterations
2021-06-11 17:16:18.437 [DEBUG][org.jetbrains.research.kex.asm.transform.LoopDeroller] - Method java/util/PropertyPermissionCollection::implies(java/security/Permission): bool, unrolling loop org.jetbrains.research.kfg.analysis.Loop@7bdde7d5 to 1 iterations
2021-06-11 17:16:18.438 [DEBUG][org.jetbrains.research.kex.asm.transform.LoopDeroller] - Method java/lang/Character$CharacterCache::<clinit>(): void, unrolling loop org.jetbrains.research.kfg.analysis.Loop@159a3860 to 1 iterations
2021-06-11 17:16:18.439 [DEBUG][org.jetbrains.research.kex.asm.transform.LoopDeroller] - Method java/util/TreeSet::writeObject(java/io/ObjectOutputStream): void, unrolling loop org.jetbrains.research.kfg.analysis.Loop@7755b70b to 1 iterations
2021-06-11 17:16:18.442 [DEBUG][org.jetbrains.research.kex.asm.transform.LoopDeroller] - Method java/lang/Iterable::forEach(java/util/function/Consumer): void, unrolling loop org.jetbrains.research.kfg.analysis.Loop@47663d55 to 1 iterations
2021-06-11 17:16:18.443 [DEBUG][org.jetbrains.research.kex.asm.transform.LoopDeroller] - Method java/util/concurrent/ConcurrentHashMap$ForEachTransformedValueTask::compute(): void, unrolling loop org.jetbrains.research.kfg.analysis.Loop@2f3428a5 to 1 iterations
2021-06-11 17:16:18.443 [DEBUG][org.jetbrains.research.kex.asm.transform.LoopDeroller] - Method java/util/concurrent/ConcurrentHashMap$ForEachTransformedValueTask::compute(): void, unrolling loop org.jetbrains.research.kfg.analysis.Loop@4398cb49 to 1 iterations
2021-06-11 17:16:18.444 [DEBUG][org.jetbrains.research.kex.asm.transform.LoopDeroller] - Method java/util/concurrent/ConcurrentHashMap$MapReduceMappingsTask::compute(): void, unrolling loop org.jetbrains.research.kfg.analysis.Loop@79ceefbf to 1 iterations
2021-06-11 17:16:18.446 [DEBUG][org.jetbrains.research.kex.asm.transform.LoopDeroller] - Method java/util/concurrent/ConcurrentHashMap$MapReduceMappingsTask::compute(): void, unrolling loop org.jetbrains.research.kfg.analysis.Loop@4721a64f to 1 iterations
2021-06-11 17:16:18.447 [DEBUG][org.jetbrains.research.kex.asm.transform.LoopDeroller] - Method java/util/concurrent/ConcurrentHashMap$MapReduceMappingsTask::compute(): void, unrolling loop org.jetbrains.research.kfg.analysis.Loop@50d97a3b to 1 iterations
2021-06-11 17:16:18.447 [DEBUG][org.jetbrains.research.kex.asm.transform.LoopDeroller] - Method java/util/concurrent/ConcurrentHashMap$MapReduceMappingsTask::compute(): void, unrolling loop org.jetbrains.research.kfg.analysis.Loop@4037b8c8 to 1 iterations
2021-06-11 17:16:18.448 [DEBUG][org.jetbrains.research.kex.asm.transform.LoopDeroller] - Method java/util/ArrayList$SubList$1::forEachRemaining(java/util/function/Consumer): void, unrolling loop org.jetbrains.research.kfg.analysis.Loop@3f4f727e to 1 iterations
2021-06-11 17:16:18.454 [DEBUG][org.jetbrains.research.kex.asm.transform.LoopDeroller] - Method java/util/Scanner::hasNext(): bool, unrolling loop org.jetbrains.research.kfg.analysis.Loop@385af51e to 1 iterations
2021-06-11 17:16:18.455 [DEBUG][org.jetbrains.research.kex.asm.transform.LoopDeroller] - Method java/util/Scanner::next(): java/lang/String, unrolling loop org.jetbrains.research.kfg.analysis.Loop@1f2e9b84 to 1 iterations
2021-06-11 17:16:18.455 [DEBUG][org.jetbrains.research.kex.asm.transform.LoopDeroller] - Method java/util/Scanner::hasNext(java/util/regex/Pattern): bool, unrolling loop org.jetbrains.research.kfg.analysis.Loop@42938a7d to 1 iterations
2021-06-11 17:16:18.456 [DEBUG][org.jetbrains.research.kex.asm.transform.LoopDeroller] - Method java/util/Scanner::next(java/util/regex/Pattern): java/lang/String, unrolling loop org.jetbrains.research.kfg.analysis.Loop@1b17959c to 1 iterations
2021-06-11 17:16:18.457 [DEBUG][org.jetbrains.research.kex.asm.transform.LoopDeroller] - Method java/util/Scanner::findInLine(java/util/regex/Pattern): java/lang/String, unrolling loop org.jetbrains.research.kfg.analysis.Loop@55f4d94 to 1 iterations
2021-06-11 17:16:18.457 [DEBUG][org.jetbrains.research.kex.asm.transform.LoopDeroller] - Method java/util/Scanner::findWithinHorizon(java/util/regex/Pattern, int): java/lang/String, unrolling loop org.jetbrains.research.kfg.analysis.Loop@29597d81 to 1 iterations
2021-06-11 17:16:18.457 [DEBUG][org.jetbrains.research.kex.asm.transform.LoopDeroller] - Method java/util/Scanner::skip(java/util/regex/Pattern): java/util/Scanner, unrolling loop org.jetbrains.research.kfg.analysis.Loop@3e94b3c8 to 1 iterations
2021-06-11 17:16:18.459 [DEBUG][org.jetbrains.research.kex.asm.transform.LoopDeroller] - Method java/util/Scanner::processFloatToken(java/lang/String): java/lang/String, unrolling loop org.jetbrains.research.kfg.analysis.Loop@60ec7783 to 1 iterations
2021-06-11 17:16:18.460 [DEBUG][org.jetbrains.research.kex.asm.transform.LoopDeroller] - Method java/lang/invoke/LambdaForm$BasicType::basicTypes(java/util/List): java/lang/invoke/LambdaForm$BasicType[], unrolling loop org.jetbrains.research.kfg.analysis.Loop@79fd891 to 1 iterations
2021-06-11 17:16:18.463 [DEBUG][org.jetbrains.research.kex.asm.transform.LoopDeroller] - Method java/lang/invoke/LambdaForm$BasicType::basicTypes(java/lang/String): java/lang/invoke/LambdaForm$BasicType[], unrolling loop org.jetbrains.research.kfg.analysis.Loop@221b0172 to 1 iterations
2021-06-11 17:16:18.464 [DEBUG][org.jetbrains.research.kex.asm.transform.LoopDeroller] - Method java/lang/invoke/LambdaForm$BasicType::basicTypesOrd(java/lang/invoke/LambdaForm$BasicType[]): byte[], unrolling loop org.jetbrains.research.kfg.analysis.Loop@7a9d0bb2 to 1 iterations
2021-06-11 17:16:18.465 [DEBUG][org.jetbrains.research.kex.asm.transform.LoopDeroller] - Method java/lang/invoke/LambdaForm$BasicType::checkBasicType(): bool, unrolling loop org.jetbrains.research.kfg.analysis.Loop@265020f5 to 1 iterations
2021-06-11 17:16:18.465 [DEBUG][org.jetbrains.research.kex.asm.transform.LoopDeroller] - Method java/lang/invoke/LambdaForm$BasicType::checkBasicType(): bool, unrolling loop org.jetbrains.research.kfg.analysis.Loop@6bad6834 to 1 iterations
2021-06-11 17:16:18.470 [DEBUG][org.jetbrains.research.kex.asm.transform.LoopDeroller] - Method java/util/concurrent/LinkedTransferQueue::xfer(java/lang/Object, bool, int, long): java/lang/Object, unrolling loop org.jetbrains.research.kfg.analysis.Loop@1d3d5e0f to 1 iterations
2021-06-11 17:16:18.471 [DEBUG][org.jetbrains.research.kex.asm.transform.LoopDeroller] - Method java/util/concurrent/LinkedTransferQueue::xfer(java/lang/Object, bool, int, long): java/lang/Object, unrolling loop org.jetbrains.research.kfg.analysis.Loop@6369ce18 to 1 iterations
2021-06-11 17:16:18.472 [DEBUG][org.jetbrains.research.kex.asm.transform.LoopDeroller] - Method java/util/concurrent/LinkedTransferQueue::xfer(java/lang/Object, bool, int, long): java/lang/Object, unrolling loop org.jetbrains.research.kfg.analysis.Loop@239b2d5e to 1 iterations
2021-06-11 17:16:18.474 [DEBUG][org.jetbrains.research.kex.asm.transform.LoopDeroller] - Method java/util/concurrent/LinkedTransferQueue::tryAppend(java/util/concurrent/LinkedTransferQueue$Node, bool): java/util/concurrent/LinkedTransferQueue$Node, unrolling loop org.jetbrains.research.kfg.analysis.Loop@2ff475ae to 1 iterations
2021-06-11 17:16:18.475 [DEBUG][org.jetbrains.research.kex.asm.transform.LoopDeroller] - Method java/util/concurrent/LinkedTransferQueue::tryAppend(java/util/concurrent/LinkedTransferQueue$Node, bool): java/util/concurrent/LinkedTransferQueue$Node, unrolling loop org.jetbrains.research.kfg.analysis.Loop@3824247e to 1 iterations
2021-06-11 17:16:18.476 [DEBUG][org.jetbrains.research.kex.asm.transform.LoopDeroller] - Method java/util/concurrent/LinkedTransferQueue::awaitMatch(java/util/concurrent/LinkedTransferQueue$Node, java/util/concurrent/LinkedTransferQueue$Node, java/lang/Object, bool, long): java/lang/Object, unrolling loop org.jetbrains.research.kfg.analysis.Loop@7651d347 to 1 iterations
2021-06-11 17:16:18.478 [DEBUG][org.jetbrains.research.kex.asm.transform.LoopDeroller] - Method java/util/concurrent/LinkedTransferQueue::firstOfMode(bool): java/util/concurrent/LinkedTransferQueue$Node, unrolling loop org.jetbrains.research.kfg.analysis.Loop@70cc07aa to 1 iterations
2021-06-11 17:16:18.479 [DEBUG][org.jetbrains.research.kex.asm.transform.LoopDeroller] - Method java/util/concurrent/LinkedTransferQueue::firstDataNode(): java/util/concurrent/LinkedTransferQueue$Node, unrolling loop org.jetbrains.research.kfg.analysis.Loop@19cf0aab to 1 iterations
2021-06-11 17:16:18.479 [DEBUG][org.jetbrains.research.kex.asm.transform.LoopDeroller] - Method java/util/concurrent/LinkedTransferQueue::firstDataItem(): java/lang/Object, unrolling loop org.jetbrains.research.kfg.analysis.Loop@267e26a2 to 1 iterations
2021-06-11 17:16:18.480 [DEBUG][org.jetbrains.research.kex.asm.transform.LoopDeroller] - Method java/util/concurrent/LinkedTransferQueue::countOfMode(bool): int, unrolling loop org.jetbrains.research.kfg.analysis.Loop@320a4f80 to 1 iterations
2021-06-11 17:16:18.482 [DEBUG][org.jetbrains.research.kex.asm.transform.LoopDeroller] - Method java/util/concurrent/LinkedTransferQueue::unsplice(java/util/concurrent/LinkedTransferQueue$Node, java/util/concurrent/LinkedTransferQueue$Node): void, unrolling loop org.jetbrains.research.kfg.analysis.Loop@341da83d to 1 iterations
2021-06-11 17:16:18.484 [DEBUG][org.jetbrains.research.kex.asm.transform.LoopDeroller] - Method java/util/concurrent/LinkedTransferQueue::unsplice(java/util/concurrent/LinkedTransferQueue$Node, java/util/concurrent/LinkedTransferQueue$Node): void, unrolling loop org.jetbrains.research.kfg.analysis.Loop@403279da to 1 iterations
2021-06-11 17:16:18.485 [DEBUG][org.jetbrains.research.kex.asm.transform.LoopDeroller] - Method java/util/concurrent/LinkedTransferQueue::sweep(): void, unrolling loop org.jetbrains.research.kfg.analysis.Loop@1a1aa6ea to 1 iterations
2021-06-11 17:16:18.486 [DEBUG][org.jetbrains.research.kex.asm.transform.LoopDeroller] - Method java/util/concurrent/LinkedTransferQueue::findAndRemove(java/lang/Object): bool, unrolling loop org.jetbrains.research.kfg.analysis.Loop@3d279a13 to 1 iterations
2021-06-11 17:16:18.488 [DEBUG][org.jetbrains.research.kex.asm.transform.LoopDeroller] - Method java/util/concurrent/LinkedTransferQueue::drainTo(java/util/Collection): int, unrolling loop org.jetbrains.research.kfg.analysis.Loop@3cede9c8 to 1 iterations
2021-06-11 17:16:18.488 [DEBUG][org.jetbrains.research.kex.asm.transform.LoopDeroller] - Method java/util/concurrent/LinkedTransferQueue::drainTo(java/util/Collection, int): int, unrolling loop org.jetbrains.research.kfg.analysis.Loop@5851a637 to 1 iterations
2021-06-11 17:16:18.489 [DEBUG][org.jetbrains.research.kex.asm.transform.LoopDeroller] - Method java/util/concurrent/LinkedTransferQueue::isEmpty(): bool, unrolling loop org.jetbrains.research.kfg.analysis.Loop@5155e7d to 1 iterations
2021-06-11 17:16:18.489 [DEBUG][org.jetbrains.research.kex.asm.transform.LoopDeroller] - Method java/util/concurrent/LinkedTransferQueue::contains(java/lang/Object): bool, unrolling loop org.jetbrains.research.kfg.analysis.Loop@1408b95c to 1 iterations
2021-06-11 17:16:18.490 [DEBUG][org.jetbrains.research.kex.asm.transform.LoopDeroller] - Method java/util/concurrent/LinkedTransferQueue::writeObject(java/io/ObjectOutputStream): void, unrolling loop org.jetbrains.research.kfg.analysis.Loop@46fb6002 to 1 iterations
2021-06-11 17:16:18.491 [DEBUG][org.jetbrains.research.kex.asm.transform.LoopDeroller] - Method java/util/concurrent/LinkedTransferQueue::readObject(java/io/ObjectInputStream): void, unrolling loop org.jetbrains.research.kfg.analysis.Loop@52ff13a3 to 1 iterations
2021-06-11 17:16:18.492 [DEBUG][org.jetbrains.research.kex.asm.transform.LoopDeroller] - Method java/io/ObjectOutputStream::writeObject0(java/lang/Object, bool): void, unrolling loop org.jetbrains.research.kfg.analysis.Loop@a47e303 to 1 iterations
2021-06-11 17:16:18.493 [DEBUG][org.jetbrains.research.kex.asm.transform.LoopDeroller] - Method java/io/ObjectOutputStream::writeProxyDesc(java/io/ObjectStreamClass, bool): void, unrolling loop org.jetbrains.research.kfg.analysis.Loop@59c4f384 to 1 iterations
2021-06-11 17:16:18.494 [DEBUG][org.jetbrains.research.kex.asm.transform.LoopDeroller] - Method java/io/ObjectOutputStream::writeArray(java/lang/Object, java/io/ObjectStreamClass, bool): void, unrolling loop org.jetbrains.research.kfg.analysis.Loop@13224dd9 to 1 iterations
2021-06-11 17:16:18.496 [DEBUG][org.jetbrains.research.kex.asm.transform.LoopDeroller] - Method java/io/ObjectOutputStream::writeSerialData(java/lang/Object, java/io/ObjectStreamClass): void, unrolling loop org.jetbrains.research.kfg.analysis.Loop@201ece4 to 1 iterations
2021-06-11 17:16:18.497 [DEBUG][org.jetbrains.research.kex.asm.transform.LoopDeroller] - Method java/io/ObjectOutputStream::defaultWriteFields(java/lang/Object, java/io/ObjectStreamClass): void, unrolling loop org.jetbrains.research.kfg.analysis.Loop@32e62d45 to 1 iterations
2021-06-11 17:16:18.500 [DEBUG][org.jetbrains.research.kex.asm.transform.LoopDeroller] - Method java/util/prefs/XmlSupport::export(java/io/OutputStream, java/util/prefs/Preferences, bool): void, unrolling loop org.jetbrains.research.kfg.analysis.Loop@5ce1dc72 to 1 iterations
2021-06-11 17:16:18.501 [DEBUG][org.jetbrains.research.kex.asm.transform.LoopDeroller] - Method java/util/prefs/XmlSupport::export(java/io/OutputStream, java/util/prefs/Preferences, bool): void, unrolling loop org.jetbrains.research.kfg.analysis.Loop@21feaa1 to 1 iterations
2021-06-11 17:16:18.504 [DEBUG][org.jetbrains.research.kex.asm.transform.LoopDeroller] - Method java/util/prefs/XmlSupport::putPreferencesInXml(org/w3c/dom/Element, org/w3c/dom/Document, java/util/prefs/Preferences, bool): void, unrolling loop org.jetbrains.research.kfg.analysis.Loop@5f31a743 to 1 iterations
2021-06-11 17:16:18.505 [DEBUG][org.jetbrains.research.kex.asm.transform.LoopDeroller] - Method java/util/prefs/XmlSupport::putPreferencesInXml(org/w3c/dom/Element, org/w3c/dom/Document, java/util/prefs/Preferences, bool): void, unrolling loop org.jetbrains.research.kfg.analysis.Loop@2b57c624 to 1 iterations
2021-06-11 17:16:18.505 [DEBUG][org.jetbrains.research.kex.asm.transform.LoopDeroller] - Method java/util/prefs/XmlSupport::putPreferencesInXml(org/w3c/dom/Element, org/w3c/dom/Document, java/util/prefs/Preferences, bool): void, unrolling loop org.jetbrains.research.kfg.analysis.Loop@4f82e8ba to 1 iterations
2021-06-11 17:16:18.507 [DEBUG][org.jetbrains.research.kex.asm.transform.LoopDeroller] - Method java/util/prefs/XmlSupport::ImportSubtree(java/util/prefs/Preferences, org/w3c/dom/Element): void, unrolling loop org.jetbrains.research.kfg.analysis.Loop@5549c930 to 1 iterations
2021-06-11 17:16:18.509 [DEBUG][org.jetbrains.research.kex.asm.transform.LoopDeroller] - Method java/util/prefs/XmlSupport::ImportSubtree(java/util/prefs/Preferences, org/w3c/dom/Element): void, unrolling loop org.jetbrains.research.kfg.analysis.Loop@53a9d074 to 1 iterations
2021-06-11 17:16:18.510 [DEBUG][org.jetbrains.research.kex.asm.transform.LoopDeroller] - Method java/util/prefs/XmlSupport::ImportPrefs(java/util/prefs/Preferences, org/w3c/dom/Element): void, unrolling loop org.jetbrains.research.kfg.analysis.Loop@5cf03530 to 1 iterations
2021-06-11 17:16:18.511 [DEBUG][org.jetbrains.research.kex.asm.transform.LoopDeroller] - Method java/util/prefs/XmlSupport::exportMap(java/io/OutputStream, java/util/Map): void, unrolling loop org.jetbrains.research.kfg.analysis.Loop@10b9c003 to 1 iterations
2021-06-11 17:16:18.512 [DEBUG][org.jetbrains.research.kex.asm.transform.LoopDeroller] - Method java/util/prefs/XmlSupport::importMap(java/io/InputStream, java/util/Map): void, unrolling loop org.jetbrains.research.kfg.analysis.Loop@24554dfc to 1 iterations
2021-06-11 17:16:18.513 [DEBUG][org.jetbrains.research.kex.asm.transform.LoopDeroller] - Method java/util/HashMap$HashIterator::<init>(java/util/HashMap): void, unrolling loop org.jetbrains.research.kfg.analysis.Loop@76fc89bd to 1 iterations
2021-06-11 17:16:18.514 [DEBUG][org.jetbrains.research.kex.asm.transform.LoopDeroller] - Method java/util/HashMap$HashIterator::nextNode(): java/util/HashMap$Node, unrolling loop org.jetbrains.research.kfg.analysis.Loop@ae28a67 to 1 iterations
2021-06-11 17:16:18.515 [DEBUG][org.jetbrains.research.kex.asm.transform.LoopDeroller] - Method java/util/ArrayDeque$DeqSpliterator::forEachRemaining(java/util/function/Consumer): void, unrolling loop org.jetbrains.research.kfg.analysis.Loop@4eb6b25c to 1 iterations
2021-06-11 17:16:18.517 [DEBUG][org.jetbrains.research.kex.asm.transform.LoopDeroller] - Method java/io/ObjectOutputStream$DebugTraceInfoStack::toString(): java/lang/String, unrolling loop org.jetbrains.research.kfg.analysis.Loop@1dc7d9dd to 1 iterations
2021-06-11 17:16:18.518 [DEBUG][org.jetbrains.research.kex.asm.transform.LoopDeroller] - Method java/lang/ClassLoader$NativeLibrary::finalize(): void, unrolling loop org.jetbrains.research.kfg.analysis.Loop@19e44f95 to 1 iterations
2021-06-11 17:16:18.519 [DEBUG][org.jetbrains.research.kex.asm.transform.LoopDeroller] - Method java/util/concurrent/ConcurrentHashMap$ForEachTransformedKeyTask::compute(): void, unrolling loop org.jetbrains.research.kfg.analysis.Loop@4a1e82ee to 1 iterations
2021-06-11 17:16:18.520 [DEBUG][org.jetbrains.research.kex.asm.transform.LoopDeroller] - Method java/util/concurrent/ConcurrentHashMap$ForEachTransformedKeyTask::compute(): void, unrolling loop org.jetbrains.research.kfg.analysis.Loop@577246ca to 1 iterations
2021-06-11 17:16:18.521 [DEBUG][org.jetbrains.research.kex.asm.transform.LoopDeroller] - Method java/util/ArraysParallelSortHelpers$FJShort$Merger::compute(): void, unrolling loop org.jetbrains.research.kfg.analysis.Loop@1cd312d3 to 1 iterations
2021-06-11 17:16:18.521 [DEBUG][org.jetbrains.research.kex.asm.transform.LoopDeroller] - Method java/util/ArraysParallelSortHelpers$FJShort$Merger::compute(): void, unrolling loop org.jetbrains.research.kfg.analysis.Loop@44adcc44 to 1 iterations
2021-06-11 17:16:18.525 [DEBUG][org.jetbrains.research.kex.asm.transform.LoopDeroller] - Method java/util/ArraysParallelSortHelpers$FJShort$Merger::compute(): void, unrolling loop org.jetbrains.research.kfg.analysis.Loop@1036d90f to 1 iterations
2021-06-11 17:16:18.526 [DEBUG][org.jetbrains.research.kex.asm.transform.LoopDeroller] - Method java/util/ArraysParallelSortHelpers$FJShort$Merger::compute(): void, unrolling loop org.jetbrains.research.kfg.analysis.Loop@277f7ff5 to 1 iterations
2021-06-11 17:16:18.528 [DEBUG][org.jetbrains.research.kex.asm.transform.LoopDeroller] - Method java/util/stream/Nodes$InternalNodeSpliterator::initStack(): java/util/Deque, unrolling loop org.jetbrains.research.kfg.analysis.Loop@166b869a to 1 iterations
2021-06-11 17:16:18.529 [DEBUG][org.jetbrains.research.kex.asm.transform.LoopDeroller] - Method java/util/stream/Nodes$InternalNodeSpliterator::findNextLeafNode(java/util/Deque): java/util/stream/Node, unrolling loop org.jetbrains.research.kfg.analysis.Loop@125ed874 to 1 iterations
2021-06-11 17:16:18.529 [DEBUG][org.jetbrains.research.kex.asm.transform.LoopDeroller] - Method java/util/stream/Nodes$InternalNodeSpliterator::findNextLeafNode(java/util/Deque): java/util/stream/Node, unrolling loop org.jetbrains.research.kfg.analysis.Loop@6b27c4e1 to 1 iterations
2021-06-11 17:16:18.530 [DEBUG][org.jetbrains.research.kex.asm.transform.LoopDeroller] - Method java/util/stream/Nodes$InternalNodeSpliterator::estimateSize(): long, unrolling loop org.jetbrains.research.kfg.analysis.Loop@2de44670 to 1 iterations
2021-06-11 17:16:18.530 [DEBUG][org.jetbrains.research.kex.asm.transform.LoopDeroller] - Method java/util/Spliterator$OfLong::forEachRemaining(java/util/function/LongConsumer): void, unrolling loop org.jetbrains.research.kfg.analysis.Loop@255ecf8a to 1 iterations
2021-06-11 17:16:18.534 [DEBUG][org.jetbrains.research.kex.asm.transform.LoopDeroller] - Method java/util/concurrent/ScheduledThreadPoolExecutor$DelayedWorkQueue::siftUp(int, java/util/concurrent/RunnableScheduledFuture): void, unrolling loop org.jetbrains.research.kfg.analysis.Loop@3011d25 to 1 iterations
2021-06-11 17:16:18.535 [DEBUG][org.jetbrains.research.kex.asm.transform.LoopDeroller] - Method java/util/concurrent/ScheduledThreadPoolExecutor$DelayedWorkQueue::siftDown(int, java/util/concurrent/RunnableScheduledFuture): void, unrolling loop org.jetbrains.research.kfg.analysis.Loop@cf4f3cd to 1 iterations
2021-06-11 17:16:18.537 [DEBUG][org.jetbrains.research.kex.asm.transform.LoopDeroller] - Method java/util/concurrent/ScheduledThreadPoolExecutor$DelayedWorkQueue::indexOf(java/lang/Object): int, unrolling loop org.jetbrains.research.kfg.analysis.Loop@207904a3 to 1 iterations
2021-06-11 17:16:18.538 [DEBUG][org.jetbrains.research.kex.asm.transform.LoopDeroller] - Method java/util/concurrent/ScheduledThreadPoolExecutor$DelayedWorkQueue::take(): java/util/concurrent/RunnableScheduledFuture, unrolling loop org.jetbrains.research.kfg.analysis.Loop@760aca18 to 1 iterations
2021-06-11 17:16:18.539 [DEBUG][org.jetbrains.research.kex.asm.transform.LoopDeroller] - Method java/util/concurrent/ScheduledThreadPoolExecutor$DelayedWorkQueue::poll(long, java/util/concurrent/TimeUnit): java/util/concurrent/RunnableScheduledFuture, unrolling loop org.jetbrains.research.kfg.analysis.Loop@66faa95d to 1 iterations
2021-06-11 17:16:18.540 [DEBUG][org.jetbrains.research.kex.asm.transform.LoopDeroller] - Method java/util/concurrent/ScheduledThreadPoolExecutor$DelayedWorkQueue::clear(): void, unrolling loop org.jetbrains.research.kfg.analysis.Loop@713a8a5b to 1 iterations
2021-06-11 17:16:18.541 [DEBUG][org.jetbrains.research.kex.asm.transform.LoopDeroller] - Method java/util/concurrent/ScheduledThreadPoolExecutor$DelayedWorkQueue::drainTo(java/util/Collection): int, unrolling loop org.jetbrains.research.kfg.analysis.Loop@5dd42342 to 1 iterations
2021-06-11 17:16:18.542 [DEBUG][org.jetbrains.research.kex.asm.transform.LoopDeroller] - Method java/util/concurrent/ScheduledThreadPoolExecutor$DelayedWorkQueue::drainTo(java/util/Collection, int): int, unrolling loop org.jetbrains.research.kfg.analysis.Loop@1fb8f614 to 1 iterations
2021-06-11 17:16:18.550 [DEBUG][org.jetbrains.research.kex.asm.transform.LoopDeroller] - Method java/util/TreeMap$EntrySpliterator::forEachRemaining(java/util/function/Consumer): void, unrolling loop org.jetbrains.research.kfg.analysis.Loop@16f93c59 to 1 iterations
2021-06-11 17:16:18.557 [DEBUG][org.jetbrains.research.kex.asm.transform.LoopDeroller] - Method java/util/TreeMap$EntrySpliterator::forEachRemaining(java/util/function/Consumer): void, unrolling loop org.jetbrains.research.kfg.analysis.Loop@242cac77 to 1 iterations
2021-06-11 17:16:18.558 [DEBUG][org.jetbrains.research.kex.asm.transform.LoopDeroller] - Method java/util/TreeMap$EntrySpliterator::forEachRemaining(java/util/function/Consumer): void, unrolling loop org.jetbrains.research.kfg.analysis.Loop@488f95d0 to 1 iterations
2021-06-11 17:16:18.559 [DEBUG][org.jetbrains.research.kex.asm.transform.LoopDeroller] - Method java/util/zip/GZIPInputStream::readHeader(java/io/InputStream): int, unrolling loop org.jetbrains.research.kfg.analysis.Loop@241dc81d to 1 iterations
2021-06-11 17:16:18.559 [DEBUG][org.jetbrains.research.kex.asm.transform.LoopDeroller] - Method java/util/zip/GZIPInputStream::readHeader(java/io/InputStream): int, unrolling loop org.jetbrains.research.kfg.analysis.Loop@3332c606 to 1 iterations
2021-06-11 17:16:18.560 [DEBUG][org.jetbrains.research.kex.asm.transform.LoopDeroller] - Method java/util/zip/GZIPInputStream::skipBytes(java/io/InputStream, int): void, unrolling loop org.jetbrains.research.kfg.analysis.Loop@71c63a01 to 1 iterations
2021-06-11 17:16:18.561 [DEBUG][org.jetbrains.research.kex.asm.transform.LoopDeroller] - Method java/lang/Package::isCompatibleWith(java/lang/String): bool, unrolling loop org.jetbrains.research.kfg.analysis.Loop@48458e54 to 1 iterations
2021-06-11 17:16:18.567 [DEBUG][org.jetbrains.research.kex.asm.transform.LoopDeroller] - Method java/lang/Package::isCompatibleWith(java/lang/String): bool, unrolling loop org.jetbrains.research.kfg.analysis.Loop@7646cbd1 to 1 iterations
2021-06-11 17:16:18.568 [DEBUG][org.jetbrains.research.kex.asm.transform.LoopDeroller] - Method java/lang/Package::isCompatibleWith(java/lang/String): bool, unrolling loop org.jetbrains.research.kfg.analysis.Loop@1fe9b585 to 1 iterations
2021-06-11 17:16:18.569 [DEBUG][org.jetbrains.research.kex.asm.transform.LoopDeroller] - Method java/lang/Package::getSystemPackages(): java/lang/Package[], unrolling loop org.jetbrains.research.kfg.analysis.Loop@13ab7a55 to 1 iterations
2021-06-11 17:16:18.569 [DEBUG][org.jetbrains.research.kex.asm.transform.LoopDeroller] - Method java/util/concurrent/ConcurrentHashMap$MapReduceKeysToIntTask::compute(): void, unrolling loop org.jetbrains.research.kfg.analysis.Loop@6a3d4b7 to 1 iterations
2021-06-11 17:16:18.570 [DEBUG][org.jetbrains.research.kex.asm.transform.LoopDeroller] - Method java/util/concurrent/ConcurrentHashMap$MapReduceKeysToIntTask::compute(): void, unrolling loop org.jetbrains.research.kfg.analysis.Loop@46346205 to 1 iterations
2021-06-11 17:16:18.570 [DEBUG][org.jetbrains.research.kex.asm.transform.LoopDeroller] - Method java/util/concurrent/ConcurrentHashMap$MapReduceKeysToIntTask::compute(): void, unrolling loop org.jetbrains.research.kfg.analysis.Loop@5a40c288 to 1 iterations
2021-06-11 17:16:18.570 [DEBUG][org.jetbrains.research.kex.asm.transform.LoopDeroller] - Method java/util/concurrent/ConcurrentHashMap$MapReduceKeysToIntTask::compute(): void, unrolling loop org.jetbrains.research.kfg.analysis.Loop@6c141cce to 1 iterations
2021-06-11 17:16:18.571 [DEBUG][org.jetbrains.research.kex.asm.transform.LoopDeroller] - Method java/util/stream/SliceOps$SliceTask::isLeftCompleted(long): bool, unrolling loop org.jetbrains.research.kfg.analysis.Loop@739b5bbd to 1 iterations
2021-06-11 17:16:18.578 [DEBUG][org.jetbrains.research.kex.asm.transform.LoopDeroller] - Method java/util/concurrent/Semaphore$FairSync::tryAcquireShared(int): int, unrolling loop org.jetbrains.research.kfg.analysis.Loop@714649d6 to 1 iterations
2021-06-11 17:16:18.579 [ERROR][org.jetbrains.research.kex.asm.transform.LoopDeroller] - Can't deroll loops of method java/lang/invoke/MethodHandleNatives::verifyConstants(): bool
2021-06-11 17:16:18.580 [DEBUG][org.jetbrains.research.kex.asm.transform.LoopDeroller] - Method java/lang/invoke/MethodHandleNatives::<clinit>(): void, unrolling loop org.jetbrains.research.kfg.analysis.Loop@15730162 to 1 iterations
2021-06-11 17:16:18.581 [DEBUG][org.jetbrains.research.kex.asm.transform.LoopDeroller] - Method java/util/ArrayPrefixHelpers$CumulateTask::compute(): void, unrolling loop org.jetbrains.research.kfg.analysis.Loop@420f8729 to 1 iterations
2021-06-11 17:16:18.588 [DEBUG][org.jetbrains.research.kex.asm.transform.LoopDeroller] - Method java/util/ArrayPrefixHelpers$CumulateTask::compute(): void, unrolling loop org.jetbrains.research.kfg.analysis.Loop@5676ec5c to 1 iterations
2021-06-11 17:16:18.589 [DEBUG][org.jetbrains.research.kex.asm.transform.LoopDeroller] - Method java/util/ArrayPrefixHelpers$CumulateTask::compute(): void, unrolling loop org.jetbrains.research.kfg.analysis.Loop@361e1b1c to 1 iterations
2021-06-11 17:16:18.589 [DEBUG][org.jetbrains.research.kex.asm.transform.LoopDeroller] - Method java/util/ArrayPrefixHelpers$CumulateTask::compute(): void, unrolling loop org.jetbrains.research.kfg.analysis.Loop@4e864a30 to 1 iterations
2021-06-11 17:16:18.590 [DEBUG][org.jetbrains.research.kex.asm.transform.LoopDeroller] - Method java/util/ArrayPrefixHelpers$CumulateTask::compute(): void, unrolling loop org.jetbrains.research.kfg.analysis.Loop@57eb09b1 to 1 iterations
2021-06-11 17:16:18.591 [DEBUG][org.jetbrains.research.kex.asm.transform.LoopDeroller] - Method java/util/ArrayPrefixHelpers$CumulateTask::compute(): void, unrolling loop org.jetbrains.research.kfg.analysis.Loop@34356ff to 1 iterations
2021-06-11 17:16:18.597 [DEBUG][org.jetbrains.research.kex.asm.transform.LoopDeroller] - Method java/util/ArrayPrefixHelpers$CumulateTask::compute(): void, unrolling loop org.jetbrains.research.kfg.analysis.Loop@24051008 to 1 iterations
2021-06-11 17:16:18.599 [DEBUG][org.jetbrains.research.kex.asm.transform.LoopDeroller] - Method java/util/ArraysParallelSortHelpers$FJChar$Sorter::compute(): void, unrolling loop org.jetbrains.research.kfg.analysis.Loop@1a191740 to 1 iterations
2021-06-11 17:16:18.604 [DEBUG][org.jetbrains.research.kex.asm.transform.LoopDeroller] - Method java/lang/invoke/DirectMethodHandle::makePreparedFieldLambdaForm(byte, bool, int): java/lang/invoke/LambdaForm, unrolling loop org.jetbrains.research.kfg.analysis.Loop@4cf765a1 to 1 iterations
2021-06-11 17:16:18.605 [DEBUG][org.jetbrains.research.kex.asm.transform.LoopDeroller] - Method java/lang/invoke/DirectMethodHandle::makePreparedFieldLambdaForm(byte, bool, int): java/lang/invoke/LambdaForm, unrolling loop org.jetbrains.research.kfg.analysis.Loop@488118b7 to 1 iterations
2021-06-11 17:16:18.609 [DEBUG][org.jetbrains.research.kex.asm.transform.LoopDeroller] - Method java/util/ArrayDeque::removeFirstOccurrence(java/lang/Object): bool, unrolling loop org.jetbrains.research.kfg.analysis.Loop@5774c7bf to 1 iterations
2021-06-11 17:16:18.610 [DEBUG][org.jetbrains.research.kex.asm.transform.LoopDeroller] - Method java/util/ArrayDeque::removeLastOccurrence(java/lang/Object): bool, unrolling loop org.jetbrains.research.kfg.analysis.Loop@4b5b6cbe to 1 iterations
2021-06-11 17:16:18.612 [DEBUG][org.jetbrains.research.kex.asm.transform.LoopDeroller] - Method java/util/ArrayDeque::contains(java/lang/Object): bool, unrolling loop org.jetbrains.research.kfg.analysis.Loop@2f63824f to 1 iterations
2021-06-11 17:16:18.612 [DEBUG][org.jetbrains.research.kex.asm.transform.LoopDeroller] - Method java/util/ArrayDeque::clear(): void, unrolling loop org.jetbrains.research.kfg.analysis.Loop@578baf52 to 1 iterations
2021-06-11 17:16:18.613 [DEBUG][org.jetbrains.research.kex.asm.transform.LoopDeroller] - Method java/util/ArrayDeque::writeObject(java/io/ObjectOutputStream): void, unrolling loop org.jetbrains.research.kfg.analysis.Loop@555355e3 to 1 iterations
2021-06-11 17:16:18.613 [DEBUG][org.jetbrains.research.kex.asm.transform.LoopDeroller] - Method java/util/ArrayDeque::readObject(java/io/ObjectInputStream): void, unrolling loop org.jetbrains.research.kfg.analysis.Loop@189c07f5 to 1 iterations
2021-06-11 17:16:18.613 [DEBUG][org.jetbrains.research.kex.asm.transform.LoopDeroller] - Method java/util/concurrent/atomic/AtomicReferenceArray::getAndUpdate(int, java/util/function/UnaryOperator): java/lang/Object, unrolling loop org.jetbrains.research.kfg.analysis.Loop@34fee436 to 1 iterations
2021-06-11 17:16:18.614 [DEBUG][org.jetbrains.research.kex.asm.transform.LoopDeroller] - Method java/util/concurrent/atomic/AtomicReferenceArray::updateAndGet(int, java/util/function/UnaryOperator): java/lang/Object, unrolling loop org.jetbrains.research.kfg.analysis.Loop@2be9a68a to 1 iterations
2021-06-11 17:16:18.614 [DEBUG][org.jetbrains.research.kex.asm.transform.LoopDeroller] - Method java/util/concurrent/atomic/AtomicReferenceArray::getAndAccumulate(int, java/lang/Object, java/util/function/BinaryOperator): java/lang/Object, unrolling loop org.jetbrains.research.kfg.analysis.Loop@83f3c19 to 1 iterations
2021-06-11 17:16:18.614 [DEBUG][org.jetbrains.research.kex.asm.transform.LoopDeroller] - Method java/util/concurrent/atomic/AtomicReferenceArray::accumulateAndGet(int, java/lang/Object, java/util/function/BinaryOperator): java/lang/Object, unrolling loop org.jetbrains.research.kfg.analysis.Loop@278188f4 to 1 iterations
2021-06-11 17:16:18.614 [DEBUG][org.jetbrains.research.kex.asm.transform.LoopDeroller] - Method java/util/concurrent/atomic/AtomicReferenceArray::toString(): java/lang/String, unrolling loop org.jetbrains.research.kfg.analysis.Loop@4e2812e4 to 1 iterations
2021-06-11 17:16:18.616 [DEBUG][org.jetbrains.research.kex.asm.transform.LoopDeroller] - Method java/util/Base64$Decoder::outLength(byte[], int, int): int, unrolling loop org.jetbrains.research.kfg.analysis.Loop@60b9d5e2 to 1 iterations
2021-06-11 17:16:18.619 [DEBUG][org.jetbrains.research.kex.asm.transform.LoopDeroller] - Method java/util/Base64$Decoder::decode0(byte[], int, int, byte[]): int, unrolling loop org.jetbrains.research.kfg.analysis.Loop@523b401f to 1 iterations
2021-06-11 17:16:18.620 [DEBUG][org.jetbrains.research.kex.asm.transform.LoopDeroller] - Method java/util/Base64$Decoder::decode0(byte[], int, int, byte[]): int, unrolling loop org.jetbrains.research.kfg.analysis.Loop@24936499 to 1 iterations
2021-06-11 17:16:18.621 [DEBUG][org.jetbrains.research.kex.asm.transform.LoopDeroller] - Method java/util/Base64$Decoder::<clinit>(): void, unrolling loop org.jetbrains.research.kfg.analysis.Loop@454a2749 to 1 iterations
2021-06-11 17:16:18.622 [DEBUG][org.jetbrains.research.kex.asm.transform.LoopDeroller] - Method java/util/Base64$Decoder::<clinit>(): void, unrolling loop org.jetbrains.research.kfg.analysis.Loop@6e73e234 to 1 iterations
2021-06-11 17:16:18.623 [DEBUG][org.jetbrains.research.kex.asm.transform.LoopDeroller] - Method java/io/LineNumberReader::read(char[], int, int): int, unrolling loop org.jetbrains.research.kfg.analysis.Loop@3a6f2605 to 1 iterations
2021-06-11 17:16:18.624 [DEBUG][org.jetbrains.research.kex.asm.transform.LoopDeroller] - Method java/io/LineNumberReader::skip(long): long, unrolling loop org.jetbrains.research.kfg.analysis.Loop@3dbd998a to 1 iterations
2021-06-11 17:16:18.624 [DEBUG][org.jetbrains.research.kex.asm.transform.LoopDeroller] - Method java/lang/reflect/WeakCache$CacheKey::expungeFrom(java/util/concurrent/ConcurrentMap, java/util/concurrent/ConcurrentMap): void, unrolling loop org.jetbrains.research.kfg.analysis.Loop@7453d673 to 1 iterations
2021-06-11 17:16:18.625 [DEBUG][org.jetbrains.research.kex.asm.transform.LoopDeroller] - Method java/lang/ClassLoader::checkPackageAccess(java/lang/Class, java/security/ProtectionDomain): void, unrolling loop org.jetbrains.research.kfg.analysis.Loop@37a461ea to 1 iterations
2021-06-11 17:16:18.628 [DEBUG][org.jetbrains.research.kex.asm.transform.LoopDeroller] - Method java/lang/ClassLoader::compareCerts(java/security/cert/Certificate[], java/security/cert/Certificate[]): bool, unrolling loop org.jetbrains.research.kfg.analysis.Loop@2dd941bc to 1 iterations
2021-06-11 17:16:18.629 [DEBUG][org.jetbrains.research.kex.asm.transform.LoopDeroller] - Method java/lang/ClassLoader::compareCerts(java/security/cert/Certificate[], java/security/cert/Certificate[]): bool, unrolling loop org.jetbrains.research.kfg.analysis.Loop@4ae78a80 to 1 iterations
2021-06-11 17:16:18.630 [DEBUG][org.jetbrains.research.kex.asm.transform.LoopDeroller] - Method java/lang/ClassLoader::compareCerts(java/security/cert/Certificate[], java/security/cert/Certificate[]): bool, unrolling loop org.jetbrains.research.kfg.analysis.Loop@5a235101 to 1 iterations
2021-06-11 17:16:18.630 [DEBUG][org.jetbrains.research.kex.asm.transform.LoopDeroller] - Method java/lang/ClassLoader::compareCerts(java/security/cert/Certificate[], java/security/cert/Certificate[]): bool, unrolling loop org.jetbrains.research.kfg.analysis.Loop@2eef5c34 to 1 iterations
2021-06-11 17:16:18.634 [DEBUG][org.jetbrains.research.kex.asm.transform.LoopDeroller] - Method java/lang/ClassLoader::isAncestor(java/lang/ClassLoader): bool, unrolling loop org.jetbrains.research.kfg.analysis.Loop@655d1557 to 1 iterations
2021-06-11 17:16:18.635 [DEBUG][org.jetbrains.research.kex.asm.transform.LoopDeroller] - Method java/lang/ClassLoader::getPackages(): java/lang/Package[], unrolling loop org.jetbrains.research.kfg.analysis.Loop@5a32d29c to 1 iterations
2021-06-11 17:16:18.636 [DEBUG][org.jetbrains.research.kex.asm.transform.LoopDeroller] - Method java/lang/ClassLoader::initializePath(java/lang/String): java/lang/String[], unrolling loop org.jetbrains.research.kfg.analysis.Loop@79aaf65c to 1 iterations
2021-06-11 17:16:18.637 [DEBUG][org.jetbrains.research.kex.asm.transform.LoopDeroller] - Method java/lang/ClassLoader::initializePath(java/lang/String): java/lang/String[], unrolling loop org.jetbrains.research.kfg.analysis.Loop@418337d8 to 1 iterations
2021-06-11 17:16:18.637 [DEBUG][org.jetbrains.research.kex.asm.transform.LoopDeroller] - Method java/lang/ClassLoader::loadLibrary(java/lang/Class, java/lang/String, bool): void, unrolling loop org.jetbrains.research.kfg.analysis.Loop@59b1b036 to 1 iterations
2021-06-11 17:16:18.638 [DEBUG][org.jetbrains.research.kex.asm.transform.LoopDeroller] - Method java/lang/ClassLoader::loadLibrary(java/lang/Class, java/lang/String, bool): void, unrolling loop org.jetbrains.research.kfg.analysis.Loop@ec7196b to 1 iterations
2021-06-11 17:16:18.640 [DEBUG][org.jetbrains.research.kex.asm.transform.LoopDeroller] - Method java/lang/ClassLoader::loadLibrary0(java/lang/Class, java/io/File): bool, unrolling loop org.jetbrains.research.kfg.analysis.Loop@11dcd04d to 1 iterations
2021-06-11 17:16:18.640 [DEBUG][org.jetbrains.research.kex.asm.transform.LoopDeroller] - Method java/lang/ClassLoader::loadLibrary0(java/lang/Class, java/io/File): bool, unrolling loop org.jetbrains.research.kfg.analysis.Loop@5e6acb1c to 1 iterations
2021-06-11 17:16:18.641 [DEBUG][org.jetbrains.research.kex.asm.transform.LoopDeroller] - Method java/lang/ClassLoader::findNative(java/lang/ClassLoader, java/lang/String): long, unrolling loop org.jetbrains.research.kfg.analysis.Loop@59bf5f00 to 1 iterations
2021-06-11 17:16:18.642 [DEBUG][org.jetbrains.research.kex.asm.transform.LoopDeroller] - Method java/lang/ClassLoader::desiredAssertionStatus(java/lang/String): bool, unrolling loop org.jetbrains.research.kfg.analysis.Loop@3d86126f to 1 iterations
2021-06-11 17:16:18.642 [DEBUG][org.jetbrains.research.kex.asm.transform.LoopDeroller] - Method java/lang/ClassLoader::initializeJavaAssertionMaps(): void, unrolling loop org.jetbrains.research.kfg.analysis.Loop@65995011 to 1 iterations
2021-06-11 17:16:18.643 [DEBUG][org.jetbrains.research.kex.asm.transform.LoopDeroller] - Method java/lang/ClassLoader::initializeJavaAssertionMaps(): void, unrolling loop org.jetbrains.research.kfg.analysis.Loop@73a34598 to 1 iterations
2021-06-11 17:16:18.643 [DEBUG][org.jetbrains.research.kex.asm.transform.LoopDeroller] - Method java/util/regex/Pattern$First::match(java/util/regex/Matcher, int, java/lang/CharSequence): bool, unrolling loop org.jetbrains.research.kfg.analysis.Loop@15010bc8 to 1 iterations
2021-06-11 17:16:18.644 [DEBUG][org.jetbrains.research.kex.asm.transform.LoopDeroller] - Method java/io/SequenceInputStream::read(): int, unrolling loop org.jetbrains.research.kfg.analysis.Loop@2a53325 to 1 iterations
2021-06-11 17:16:18.645 [DEBUG][org.jetbrains.research.kex.asm.transform.LoopDeroller] - Method java/io/SequenceInputStream::read(byte[], int, int): int, unrolling loop org.jetbrains.research.kfg.analysis.Loop@31ed8337 to 1 iterations
2021-06-11 17:16:18.645 [DEBUG][org.jetbrains.research.kex.asm.transform.LoopDeroller] - Method java/io/SequenceInputStream::close(): void, unrolling loop org.jetbrains.research.kfg.analysis.Loop@8b5b386 to 1 iterations
2021-06-11 17:16:18.645 [DEBUG][org.jetbrains.research.kex.asm.transform.LoopDeroller] - Method java/util/PrimitiveIterator$OfInt::forEachRemaining(java/util/function/IntConsumer): void, unrolling loop org.jetbrains.research.kfg.analysis.Loop@66ef793 to 1 iterations
2021-06-11 17:16:18.646 [DEBUG][org.jetbrains.research.kex.asm.transform.LoopDeroller] - Method java/lang/ProcessEnvironment$NameComparator::compare(java/lang/String, java/lang/String): int, unrolling loop org.jetbrains.research.kfg.analysis.Loop@4cb04cf3 to 1 iterations
2021-06-11 17:16:18.647 [DEBUG][org.jetbrains.research.kex.asm.transform.LoopDeroller] - Method java/util/concurrent/atomic/AtomicInteger::getAndUpdate(java/util/function/IntUnaryOperator): int, unrolling loop org.jetbrains.research.kfg.analysis.Loop@6e32400d to 1 iterations
2021-06-11 17:16:18.651 [DEBUG][org.jetbrains.research.kex.asm.transform.LoopDeroller] - Method java/util/concurrent/atomic/AtomicInteger::updateAndGet(java/util/function/IntUnaryOperator): int, unrolling loop org.jetbrains.research.kfg.analysis.Loop@20d54b3a to 1 iterations
2021-06-11 17:16:18.652 [DEBUG][org.jetbrains.research.kex.asm.transform.LoopDeroller] - Method java/util/concurrent/atomic/AtomicInteger::getAndAccumulate(int, java/util/function/IntBinaryOperator): int, unrolling loop org.jetbrains.research.kfg.analysis.Loop@eb6ec8b to 1 iterations
2021-06-11 17:16:18.652 [DEBUG][org.jetbrains.research.kex.asm.transform.LoopDeroller] - Method java/util/concurrent/atomic/AtomicInteger::accumulateAndGet(int, java/util/function/IntBinaryOperator): int, unrolling loop org.jetbrains.research.kfg.analysis.Loop@4cc399fb to 1 iterations
2021-06-11 17:16:18.653 [DEBUG][org.jetbrains.research.kex.asm.transform.LoopDeroller] - Method java/util/regex/Pattern$Slice::match(java/util/regex/Matcher, int, java/lang/CharSequence): bool, unrolling loop org.jetbrains.research.kfg.analysis.Loop@398180e9 to 1 iterations
2021-06-11 17:16:18.653 [DEBUG][org.jetbrains.research.kex.asm.transform.LoopDeroller] - Method java/lang/String$CaseInsensitiveComparator::compare(java/lang/String, java/lang/String): int, unrolling loop org.jetbrains.research.kfg.analysis.Loop@4fd44c1 to 1 iterations
2021-06-11 17:16:18.654 [DEBUG][org.jetbrains.research.kex.asm.transform.LoopDeroller] - Method java/util/concurrent/ThreadPoolExecutor::decrementWorkerCount(): void, unrolling loop org.jetbrains.research.kfg.analysis.Loop@4acc8154 to 1 iterations
2021-06-11 17:16:18.654 [DEBUG][org.jetbrains.research.kex.asm.transform.LoopDeroller] - Method java/util/concurrent/ThreadPoolExecutor::advanceRunState(int): void, unrolling loop org.jetbrains.research.kfg.analysis.Loop@3e8cc13d to 1 iterations
2021-06-11 17:16:18.656 [DEBUG][org.jetbrains.research.kex.asm.transform.LoopDeroller] - Method java/util/concurrent/ThreadPoolExecutor::tryTerminate(): void, unrolling loop org.jetbrains.research.kfg.analysis.Loop@63bf6f78 to 1 iterations
2021-06-11 17:16:18.658 [DEBUG][org.jetbrains.research.kex.asm.transform.LoopDeroller] - Method java/util/concurrent/ThreadPoolExecutor::checkShutdownAccess(): void, unrolling loop org.jetbrains.research.kfg.analysis.Loop@14ccd143 to 1 iterations
2021-06-11 17:16:18.659 [DEBUG][org.jetbrains.research.kex.asm.transform.LoopDeroller] - Method java/util/concurrent/ThreadPoolExecutor::interruptWorkers(): void, unrolling loop org.jetbrains.research.kfg.analysis.Loop@67b6b2f7 to 1 iterations
2021-06-11 17:16:18.659 [DEBUG][org.jetbrains.research.kex.asm.transform.LoopDeroller] - Method java/util/concurrent/ThreadPoolExecutor::interruptIdleWorkers(bool): void, unrolling loop org.jetbrains.research.kfg.analysis.Loop@6ebc02c to 1 iterations
2021-06-11 17:16:18.660 [DEBUG][org.jetbrains.research.kex.asm.transform.LoopDeroller] - Method java/util/concurrent/ThreadPoolExecutor::drainQueue(): java/util/List, unrolling loop org.jetbrains.research.kfg.analysis.Loop@4a01994d to 1 iterations
2021-06-11 17:16:18.661 [DEBUG][org.jetbrains.research.kex.asm.transform.LoopDeroller] - Method java/util/concurrent/ThreadPoolExecutor::addWorker(java/lang/Runnable, bool): bool, unrolling loop org.jetbrains.research.kfg.analysis.Loop@db24024 to 1 iterations
2021-06-11 17:16:18.662 [DEBUG][org.jetbrains.research.kex.asm.transform.LoopDeroller] - Method java/util/concurrent/ThreadPoolExecutor::addWorker(java/lang/Runnable, bool): bool, unrolling loop org.jetbrains.research.kfg.analysis.Loop@401de34f to 1 iterations
2021-06-11 17:16:18.664 [ERROR][org.jetbrains.research.kex.asm.transform.LoopDeroller] - Can't deroll loops of method java/util/concurrent/ThreadPoolExecutor::getTask(): java/lang/Runnable
2021-06-11 17:16:18.665 [DEBUG][org.jetbrains.research.kex.asm.transform.LoopDeroller] - Method java/util/concurrent/ThreadPoolExecutor::runWorker(java/util/concurrent/ThreadPoolExecutor$Worker): void, unrolling loop org.jetbrains.research.kfg.analysis.Loop@3ecd9124 to 1 iterations
2021-06-11 17:16:18.668 [DEBUG][org.jetbrains.research.kex.asm.transform.LoopDeroller] - Method java/util/concurrent/ThreadPoolExecutor::awaitTermination(long, java/util/concurrent/TimeUnit): bool, unrolling loop org.jetbrains.research.kfg.analysis.Loop@508053c9 to 1 iterations
2021-06-11 17:16:18.671 [DEBUG][org.jetbrains.research.kex.asm.transform.LoopDeroller] - Method java/util/concurrent/ThreadPoolExecutor::setCorePoolSize(int): void, unrolling loop org.jetbrains.research.kfg.analysis.Loop@465e90c6 to 1 iterations
2021-06-11 17:16:18.671 [DEBUG][org.jetbrains.research.kex.asm.transform.LoopDeroller] - Method java/util/concurrent/ThreadPoolExecutor::prestartAllCoreThreads(): int, unrolling loop org.jetbrains.research.kfg.analysis.Loop@10187d59 to 1 iterations
2021-06-11 17:16:18.672 [DEBUG][org.jetbrains.research.kex.asm.transform.LoopDeroller] - Method java/util/concurrent/ThreadPoolExecutor::purge(): void, unrolling loop org.jetbrains.research.kfg.analysis.Loop@20ccbcc9 to 1 iterations
2021-06-11 17:16:18.672 [DEBUG][org.jetbrains.research.kex.asm.transform.LoopDeroller] - Method java/util/concurrent/ThreadPoolExecutor::purge(): void, unrolling loop org.jetbrains.research.kfg.analysis.Loop@652c9894 to 1 iterations
2021-06-11 17:16:18.673 [DEBUG][org.jetbrains.research.kex.asm.transform.LoopDeroller] - Method java/util/concurrent/ThreadPoolExecutor::getActiveCount(): int, unrolling loop org.jetbrains.research.kfg.analysis.Loop@108959e7 to 1 iterations
2021-06-11 17:16:18.674 [DEBUG][org.jetbrains.research.kex.asm.transform.LoopDeroller] - Method java/util/concurrent/ThreadPoolExecutor::getTaskCount(): long, unrolling loop org.jetbrains.research.kfg.analysis.Loop@39150fc5 to 1 iterations
2021-06-11 17:16:18.676 [DEBUG][org.jetbrains.research.kex.asm.transform.LoopDeroller] - Method java/util/concurrent/ThreadPoolExecutor::getCompletedTaskCount(): long, unrolling loop org.jetbrains.research.kfg.analysis.Loop@1a5fb25c to 1 iterations
2021-06-11 17:16:18.676 [DEBUG][org.jetbrains.research.kex.asm.transform.LoopDeroller] - Method java/util/concurrent/ThreadPoolExecutor::toString(): java/lang/String, unrolling loop org.jetbrains.research.kfg.analysis.Loop@3f5d3fbc to 1 iterations
2021-06-11 17:16:18.731 [DEBUG][org.jetbrains.research.kex.asm.transform.LoopDeroller] - Method java/util/jar/Manifest::write(java/io/OutputStream): void, unrolling loop org.jetbrains.research.kfg.analysis.Loop@396a672b to 1 iterations
2021-06-11 17:16:18.732 [DEBUG][org.jetbrains.research.kex.asm.transform.LoopDeroller] - Method java/util/jar/Manifest::make72Safe(java/lang/StringBuffer): void, unrolling loop org.jetbrains.research.kfg.analysis.Loop@179dd3a to 1 iterations
2021-06-11 17:16:18.733 [DEBUG][org.jetbrains.research.kex.asm.transform.LoopDeroller] - Method java/util/jar/Manifest::read(java/io/InputStream): void, unrolling loop org.jetbrains.research.kfg.analysis.Loop@2f7b9d47 to 1 iterations
2021-06-11 17:16:18.735 [DEBUG][org.jetbrains.research.kex.asm.transform.LoopDeroller] - Method java/util/AbstractSet::hashCode(): int, unrolling loop org.jetbrains.research.kfg.analysis.Loop@76b11e16 to 1 iterations
2021-06-11 17:16:18.735 [DEBUG][org.jetbrains.research.kex.asm.transform.LoopDeroller] - Method java/util/AbstractSet::removeAll(java/util/Collection): bool, unrolling loop org.jetbrains.research.kfg.analysis.Loop@25858781 to 1 iterations
2021-06-11 17:16:18.736 [DEBUG][org.jetbrains.research.kex.asm.transform.LoopDeroller] - Method java/util/AbstractSet::removeAll(java/util/Collection): bool, unrolling loop org.jetbrains.research.kfg.analysis.Loop@2cbad0d7 to 1 iterations
2021-06-11 17:16:18.737 [DEBUG][org.jetbrains.research.kex.asm.transform.LoopDeroller] - Method java/util/logging/Level$KnownLevel::findByLocalizedLevelName(java/lang/String): java/util/logging/Level$KnownLevel, unrolling loop org.jetbrains.research.kfg.analysis.Loop@6db0024c to 1 iterations
2021-06-11 17:16:18.737 [DEBUG][org.jetbrains.research.kex.asm.transform.LoopDeroller] - Method java/util/logging/Level$KnownLevel::findByLocalizedLevelName(java/lang/String): java/util/logging/Level$KnownLevel, unrolling loop org.jetbrains.research.kfg.analysis.Loop@611d995e to 1 iterations
2021-06-11 17:16:18.738 [DEBUG][org.jetbrains.research.kex.asm.transform.LoopDeroller] - Method java/util/logging/Level$KnownLevel::matches(java/util/logging/Level): java/util/logging/Level$KnownLevel, unrolling loop org.jetbrains.research.kfg.analysis.Loop@7bb5993a to 1 iterations
2021-06-11 17:16:18.739 [DEBUG][org.jetbrains.research.kex.asm.transform.LoopDeroller] - Method java/util/Currency::getAvailableCurrencies(): java/util/Set, unrolling loop org.jetbrains.research.kfg.analysis.Loop@6c6d890 to 1 iterations
2021-06-11 17:16:18.740 [DEBUG][org.jetbrains.research.kex.asm.transform.LoopDeroller] - Method java/util/Currency::getAvailableCurrencies(): java/util/Set, unrolling loop org.jetbrains.research.kfg.analysis.Loop@1f571eed to 1 iterations
2021-06-11 17:16:18.740 [DEBUG][org.jetbrains.research.kex.asm.transform.LoopDeroller] - Method java/util/Currency::getAvailableCurrencies(): java/util/Set, unrolling loop org.jetbrains.research.kfg.analysis.Loop@4a64974e to 1 iterations
2021-06-11 17:16:18.741 [DEBUG][org.jetbrains.research.kex.asm.transform.LoopDeroller] - Method java/util/Currency::readIntArray(java/io/DataInputStream, int): int[], unrolling loop org.jetbrains.research.kfg.analysis.Loop@3753c4b6 to 1 iterations
2021-06-11 17:16:18.741 [DEBUG][org.jetbrains.research.kex.asm.transform.LoopDeroller] - Method java/util/Currency::readLongArray(java/io/DataInputStream, int): long[], unrolling loop org.jetbrains.research.kfg.analysis.Loop@447fb87a to 1 iterations
2021-06-11 17:16:18.742 [DEBUG][org.jetbrains.research.kex.asm.transform.LoopDeroller] - Method java/util/Currency::readStringArray(java/io/DataInputStream, int): java/lang/String[], unrolling loop org.jetbrains.research.kfg.analysis.Loop@7b3d3d98 to 1 iterations
2021-06-11 17:16:18.742 [DEBUG][org.jetbrains.research.kex.asm.transform.LoopDeroller] - Method java/util/Currency::replaceCurrencyData(java/util/regex/Pattern, java/lang/String, java/lang/String): void, unrolling loop org.jetbrains.research.kfg.analysis.Loop@51b9b4ef to 1 iterations
2021-06-11 17:16:18.743 [DEBUG][org.jetbrains.research.kex.asm.transform.LoopDeroller] - Method java/util/Currency::countOccurrences(java/lang/String, char): int, unrolling loop org.jetbrains.research.kfg.analysis.Loop@73eb860c to 1 iterations
2021-06-11 17:16:18.745 [DEBUG][org.jetbrains.research.kex.asm.transform.LoopDeroller] - Method java/util/WeakHashMap$EntrySet::deepCopy(): java/util/List, unrolling loop org.jetbrains.research.kfg.analysis.Loop@742ea82d to 1 iterations
2021-06-11 17:16:18.746 [DEBUG][org.jetbrains.research.kex.asm.transform.LoopDeroller] - Method java/util/Spliterators$LongIteratorSpliterator::trySplit(): java/util/Spliterator$OfLong, unrolling loop org.jetbrains.research.kfg.analysis.Loop@33d90819 to 1 iterations
2021-06-11 17:16:18.747 [DEBUG][org.jetbrains.research.kex.asm.transform.LoopDeroller] - Method java/util/stream/SortedOps$LongSortingSink::end(): void, unrolling loop org.jetbrains.research.kfg.analysis.Loop@68ec062b to 1 iterations
2021-06-11 17:16:18.747 [DEBUG][org.jetbrains.research.kex.asm.transform.LoopDeroller] - Method java/util/stream/SortedOps$LongSortingSink::end(): void, unrolling loop org.jetbrains.research.kfg.analysis.Loop@2b7a0bc2 to 1 iterations
2021-06-11 17:16:18.747 [DEBUG][org.jetbrains.research.kex.asm.transform.LoopDeroller] - Method java/lang/invoke/MethodHandleProxies$1::invoke(java/lang/Object, java/lang/reflect/Method, java/lang/Object[]): java/lang/Object, unrolling loop org.jetbrains.research.kfg.analysis.Loop@4cd6b30f to 1 iterations
2021-06-11 17:16:18.748 [DEBUG][org.jetbrains.research.kex.asm.transform.LoopDeroller] - Method java/util/Spliterators$IntArraySpliterator::forEachRemaining(java/util/function/IntConsumer): void, unrolling loop org.jetbrains.research.kfg.analysis.Loop@53441ecd to 1 iterations
2021-06-11 17:16:18.749 [DEBUG][org.jetbrains.research.kex.asm.transform.LoopDeroller] - Method java/util/LinkedList$ListItr::forEachRemaining(java/util/function/Consumer): void, unrolling loop org.jetbrains.research.kfg.analysis.Loop@60033969 to 1 iterations
2021-06-11 17:16:18.750 [DEBUG][org.jetbrains.research.kex.asm.transform.LoopDeroller] - Method java/util/zip/DeflaterOutputStream::write(byte[], int, int): void, unrolling loop org.jetbrains.research.kfg.analysis.Loop@2019f672 to 1 iterations
2021-06-11 17:16:18.750 [DEBUG][org.jetbrains.research.kex.asm.transform.LoopDeroller] - Method java/util/zip/DeflaterOutputStream::finish(): void, unrolling loop org.jetbrains.research.kfg.analysis.Loop@170a4423 to 1 iterations
2021-06-11 17:16:18.750 [DEBUG][org.jetbrains.research.kex.asm.transform.LoopDeroller] - Method java/util/zip/DeflaterOutputStream::flush(): void, unrolling loop org.jetbrains.research.kfg.analysis.Loop@76de65cc to 1 iterations
2021-06-11 17:16:18.751 [DEBUG][org.jetbrains.research.kex.asm.transform.LoopDeroller] - Method java/util/concurrent/atomic/Striped64::longAccumulate(long, java/util/function/LongBinaryOperator, bool): void, unrolling loop org.jetbrains.research.kfg.analysis.Loop@2f9cd7ca to 1 iterations
2021-06-11 17:16:18.754 [DEBUG][org.jetbrains.research.kex.asm.transform.LoopDeroller] - Method java/util/concurrent/atomic/Striped64::longAccumulate(long, java/util/function/LongBinaryOperator, bool): void, unrolling loop org.jetbrains.research.kfg.analysis.Loop@68c14a0d to 1 iterations
2021-06-11 17:16:18.761 [DEBUG][org.jetbrains.research.kex.asm.transform.LoopDeroller] - Method java/util/concurrent/atomic/Striped64::doubleAccumulate(double, java/util/function/DoubleBinaryOperator, bool): void, unrolling loop org.jetbrains.research.kfg.analysis.Loop@3c30cc3b to 1 iterations
2021-06-11 17:16:18.762 [DEBUG][org.jetbrains.research.kex.asm.transform.LoopDeroller] - Method java/util/concurrent/atomic/Striped64::doubleAccumulate(double, java/util/function/DoubleBinaryOperator, bool): void, unrolling loop org.jetbrains.research.kfg.analysis.Loop@4b27531d to 1 iterations
2021-06-11 17:16:18.768 [DEBUG][org.jetbrains.research.kex.asm.transform.LoopDeroller] - Method java/util/PrimitiveIterator$OfLong::forEachRemaining(java/util/function/LongConsumer): void, unrolling loop org.jetbrains.research.kfg.analysis.Loop@44101d63 to 1 iterations
2021-06-11 17:16:18.769 [DEBUG][org.jetbrains.research.kex.asm.transform.LoopDeroller] - Method java/util/stream/Collectors::lambda$mapMerger$7(java/util/function/BinaryOperator, java/util/Map, java/util/Map): java/util/Map, unrolling loop org.jetbrains.research.kfg.analysis.Loop@5e5ae9e9 to 1 iterations
2021-06-11 17:16:18.770 [DEBUG][org.jetbrains.research.kex.asm.transform.LoopDeroller] - Method java/lang/ref/ReferenceQueue::remove(long): java/lang/ref/Reference, unrolling loop org.jetbrains.research.kfg.analysis.Loop@46d1ff62 to 1 iterations
2021-06-11 17:16:18.771 [DEBUG][org.jetbrains.research.kex.asm.transform.LoopDeroller] - Method java/util/IdentityHashMap$KeySet::removeAll(java/util/Collection): bool, unrolling loop org.jetbrains.research.kfg.analysis.Loop@1855e3c0 to 1 iterations
2021-06-11 17:16:18.774 [DEBUG][org.jetbrains.research.kex.asm.transform.LoopDeroller] - Method java/util/IdentityHashMap$KeySet::hashCode(): int, unrolling loop org.jetbrains.research.kfg.analysis.Loop@2a1b0791 to 1 iterations
2021-06-11 17:16:18.775 [DEBUG][org.jetbrains.research.kex.asm.transform.LoopDeroller] - Method java/util/IdentityHashMap$KeySet::toArray(java/lang/Object[]): java/lang/Object[], unrolling loop org.jetbrains.research.kfg.analysis.Loop@2714dc27 to 1 iterations
2021-06-11 17:16:18.776 [DEBUG][org.jetbrains.research.kex.asm.transform.LoopDeroller] - Method java/io/ObjectStreamClass$FieldReflectorKey::<init>(java/lang/Class, java/io/ObjectStreamField[], java/lang/ref/ReferenceQueue): void, unrolling loop org.jetbrains.research.kfg.analysis.Loop@50027ef3 to 1 iterations
2021-06-11 17:16:18.778 [DEBUG][org.jetbrains.research.kex.asm.transform.LoopDeroller] - Method java/util/jar/Manifest$FastInputStream::readLine(byte[], int, int): int, unrolling loop org.jetbrains.research.kfg.analysis.Loop@20fb4f2d to 1 iterations
2021-06-11 17:16:18.780 [DEBUG][org.jetbrains.research.kex.asm.transform.LoopDeroller] - Method java/util/jar/Manifest$FastInputStream::readLine(byte[], int, int): int, unrolling loop org.jetbrains.research.kfg.analysis.Loop@35b4f51a to 1 iterations
2021-06-11 17:16:18.781 [DEBUG][org.jetbrains.research.kex.asm.transform.LoopDeroller] - Method java/util/TreeMap$DescendingKeySpliterator::forEachRemaining(java/util/function/Consumer): void, unrolling loop org.jetbrains.research.kfg.analysis.Loop@717a1c3e to 1 iterations
2021-06-11 17:16:18.783 [DEBUG][org.jetbrains.research.kex.asm.transform.LoopDeroller] - Method java/util/TreeMap$DescendingKeySpliterator::forEachRemaining(java/util/function/Consumer): void, unrolling loop org.jetbrains.research.kfg.analysis.Loop@451eae69 to 1 iterations
2021-06-11 17:16:18.785 [DEBUG][org.jetbrains.research.kex.asm.transform.LoopDeroller] - Method java/util/TreeMap$DescendingKeySpliterator::forEachRemaining(java/util/function/Consumer): void, unrolling loop org.jetbrains.research.kfg.analysis.Loop@1d6f8e4f to 1 iterations
2021-06-11 17:16:18.785 [DEBUG][org.jetbrains.research.kex.asm.transform.LoopDeroller] - Method java/util/HashMap$TreeNode::root(): java/util/HashMap$TreeNode, unrolling loop org.jetbrains.research.kfg.analysis.Loop@3777c772 to 1 iterations
2021-06-11 17:16:18.786 [DEBUG][org.jetbrains.research.kex.asm.transform.LoopDeroller] - Method java/util/HashMap$TreeNode::find(int, java/lang/Object, java/lang/Class): java/util/HashMap$TreeNode, unrolling loop org.jetbrains.research.kfg.analysis.Loop@573a76ab to 1 iterations
2021-06-11 17:16:18.788 [DEBUG][org.jetbrains.research.kex.asm.transform.LoopDeroller] - Method java/util/HashMap$TreeNode::treeify(java/util/HashMap$Node[]): void, unrolling loop org.jetbrains.research.kfg.analysis.Loop@34b43b91 to 1 iterations
2021-06-11 17:16:18.789 [DEBUG][org.jetbrains.research.kex.asm.transform.LoopDeroller] - Method java/util/HashMap$TreeNode::treeify(java/util/HashMap$Node[]): void, unrolling loop org.jetbrains.research.kfg.analysis.Loop@deb04e1 to 1 iterations
2021-06-11 17:16:18.791 [DEBUG][org.jetbrains.research.kex.asm.transform.LoopDeroller] - Method java/util/HashMap$TreeNode::untreeify(java/util/HashMap): java/util/HashMap$Node, unrolling loop org.jetbrains.research.kfg.analysis.Loop@7ad19c0e to 1 iterations
2021-06-11 17:16:18.792 [DEBUG][org.jetbrains.research.kex.asm.transform.LoopDeroller] - Method java/util/HashMap$TreeNode::putTreeVal(java/util/HashMap, java/util/HashMap$Node[], int, java/lang/Object, java/lang/Object): java/util/HashMap$TreeNode, unrolling loop org.jetbrains.research.kfg.analysis.Loop@e8cee97 to 1 iterations
2021-06-11 17:16:18.796 [DEBUG][org.jetbrains.research.kex.asm.transform.LoopDeroller] - Method java/util/HashMap$TreeNode::removeTreeNode(java/util/HashMap, java/util/HashMap$Node[], bool): void, unrolling loop org.jetbrains.research.kfg.analysis.Loop@db0cc69 to 1 iterations
2021-06-11 17:16:18.797 [DEBUG][org.jetbrains.research.kex.asm.transform.LoopDeroller] - Method java/util/HashMap$TreeNode::split(java/util/HashMap, java/util/HashMap$Node[], int, int): void, unrolling loop org.jetbrains.research.kfg.analysis.Loop@c35d709 to 1 iterations
2021-06-11 17:16:18.801 [DEBUG][org.jetbrains.research.kex.asm.transform.LoopDeroller] - Method java/util/HashMap$TreeNode::balanceInsertion(java/util/HashMap$TreeNode, java/util/HashMap$TreeNode): java/util/HashMap$TreeNode, unrolling loop org.jetbrains.research.kfg.analysis.Loop@214c91b7 to 1 iterations
2021-06-11 17:16:18.804 [DEBUG][org.jetbrains.research.kex.asm.transform.LoopDeroller] - Method java/util/HashMap$TreeNode::balanceDeletion(java/util/HashMap$TreeNode, java/util/HashMap$TreeNode): java/util/HashMap$TreeNode, unrolling loop org.jetbrains.research.kfg.analysis.Loop@121bb6e8 to 1 iterations
2021-06-11 17:16:18.810 [DEBUG][org.jetbrains.research.kex.asm.transform.LoopDeroller] - Method java/util/LinkedList$LLSpliterator::trySplit(): java/util/Spliterator, unrolling loop org.jetbrains.research.kfg.analysis.Loop@c9da296 to 1 iterations
2021-06-11 17:16:18.811 [DEBUG][org.jetbrains.research.kex.asm.transform.LoopDeroller] - Method java/util/LinkedList$LLSpliterator::forEachRemaining(java/util/function/Consumer): void, unrolling loop org.jetbrains.research.kfg.analysis.Loop@5eb3716e to 1 iterations
2021-06-11 17:16:18.812 [DEBUG][org.jetbrains.research.kex.asm.transform.LoopDeroller] - Method java/util/Formatter$FormatSpecifier$BigDecimalLayout::layout(java/math/BigInteger, int, java/util/Formatter$BigDecimalLayoutForm): void, unrolling loop org.jetbrains.research.kfg.analysis.Loop@3fba071c to 1 iterations
2021-06-11 17:16:18.813 [DEBUG][org.jetbrains.research.kex.asm.transform.LoopDeroller] - Method java/util/Formatter$FormatSpecifier$BigDecimalLayout::layout(java/math/BigInteger, int, java/util/Formatter$BigDecimalLayoutForm): void, unrolling loop org.jetbrains.research.kfg.analysis.Loop@28f3f67d to 1 iterations
2021-06-11 17:16:18.815 [DEBUG][org.jetbrains.research.kex.asm.transform.LoopDeroller] - Method java/util/regex/Matcher::usePattern(java/util/regex/Pattern): java/util/regex/Matcher, unrolling loop org.jetbrains.research.kfg.analysis.Loop@26a1c051 to 1 iterations
2021-06-11 17:16:18.818 [DEBUG][org.jetbrains.research.kex.asm.transform.LoopDeroller] - Method java/util/regex/Matcher::usePattern(java/util/regex/Pattern): java/util/regex/Matcher, unrolling loop org.jetbrains.research.kfg.analysis.Loop@a867fcd to 1 iterations
2021-06-11 17:16:18.818 [DEBUG][org.jetbrains.research.kex.asm.transform.LoopDeroller] - Method java/util/regex/Matcher::reset(): java/util/regex/Matcher, unrolling loop org.jetbrains.research.kfg.analysis.Loop@2c5d44c9 to 1 iterations
2021-06-11 17:16:18.818 [DEBUG][org.jetbrains.research.kex.asm.transform.LoopDeroller] - Method java/util/regex/Matcher::reset(): java/util/regex/Matcher, unrolling loop org.jetbrains.research.kfg.analysis.Loop@1741c3a4 to 1 iterations
2021-06-11 17:16:18.819 [DEBUG][org.jetbrains.research.kex.asm.transform.LoopDeroller] - Method java/util/regex/Matcher::find(): bool, unrolling loop org.jetbrains.research.kfg.analysis.Loop@7c5524c2 to 1 iterations
2021-06-11 17:16:18.820 [DEBUG][org.jetbrains.research.kex.asm.transform.LoopDeroller] - Method java/util/regex/Matcher::quoteReplacement(java/lang/String): java/lang/String, unrolling loop org.jetbrains.research.kfg.analysis.Loop@41a9ab to 1 iterations
2021-06-11 17:16:18.822 [DEBUG][org.jetbrains.research.kex.asm.transform.LoopDeroller] - Method java/util/regex/Matcher::appendReplacement(java/lang/StringBuffer, java/lang/String): java/util/regex/Matcher, unrolling loop org.jetbrains.research.kfg.analysis.Loop@761b13ad to 1 iterations
2021-06-11 17:16:18.823 [DEBUG][org.jetbrains.research.kex.asm.transform.LoopDeroller] - Method java/util/regex/Matcher::appendReplacement(java/lang/StringBuffer, java/lang/String): java/util/regex/Matcher, unrolling loop org.jetbrains.research.kfg.analysis.Loop@6aaaab43 to 1 iterations
2021-06-11 17:16:18.824 [DEBUG][org.jetbrains.research.kex.asm.transform.LoopDeroller] - Method java/util/regex/Matcher::appendReplacement(java/lang/StringBuffer, java/lang/String): java/util/regex/Matcher, unrolling loop org.jetbrains.research.kfg.analysis.Loop@698a8058 to 1 iterations
2021-06-11 17:16:18.829 [DEBUG][org.jetbrains.research.kex.asm.transform.LoopDeroller] - Method java/util/regex/Matcher::replaceAll(java/lang/String): java/lang/String, unrolling loop org.jetbrains.research.kfg.analysis.Loop@47b67574 to 1 iterations
2021-06-11 17:16:18.830 [DEBUG][org.jetbrains.research.kex.asm.transform.LoopDeroller] - Method java/util/regex/Matcher::search(int): bool, unrolling loop org.jetbrains.research.kfg.analysis.Loop@2634852a to 1 iterations
2021-06-11 17:16:18.830 [DEBUG][org.jetbrains.research.kex.asm.transform.LoopDeroller] - Method java/util/regex/Matcher::match(int, int): bool, unrolling loop org.jetbrains.research.kfg.analysis.Loop@48dc3d5c to 1 iterations
2021-06-11 17:16:18.831 [DEBUG][org.jetbrains.research.kex.asm.transform.LoopDeroller] - Method java/util/LinkedHashMap$LinkedValues::forEach(java/util/function/Consumer): void, unrolling loop org.jetbrains.research.kfg.analysis.Loop@1e493fbc to 1 iterations
2021-06-11 17:16:18.832 [DEBUG][org.jetbrains.research.kex.asm.transform.LoopDeroller] - Method java/lang/reflect/Proxy$KeyX::<init>(java/lang/Class[]): void, unrolling loop org.jetbrains.research.kfg.analysis.Loop@23790351 to 1 iterations
2021-06-11 17:16:18.834 [DEBUG][org.jetbrains.research.kex.asm.transform.LoopDeroller] - Method java/lang/reflect/Proxy$KeyX::equals(java/lang/ref/WeakReference[], java/lang/ref/WeakReference[]): bool, unrolling loop org.jetbrains.research.kfg.analysis.Loop@4ec12968 to 1 iterations
2021-06-11 17:16:18.837 [DEBUG][org.jetbrains.research.kex.asm.transform.LoopDeroller] - Method java/lang/reflect/AnnotatedElement::getDeclaredAnnotation(java/lang/Class): java/lang/annotation/Annotation, unrolling loop org.jetbrains.research.kfg.analysis.Loop@7c024f9a to 1 iterations
2021-06-11 17:16:18.838 [DEBUG][org.jetbrains.research.kex.asm.transform.LoopDeroller] - Method java/util/LinkedHashMap$LinkedEntrySet::forEach(java/util/function/Consumer): void, unrolling loop org.jetbrains.research.kfg.analysis.Loop@42819f05 to 1 iterations
2021-06-11 17:16:18.839 [DEBUG][org.jetbrains.research.kex.asm.transform.LoopDeroller] - Method java/io/ObjectOutputStream$BlockDataOutputStream::write(byte[], int, int, bool): void, unrolling loop org.jetbrains.research.kfg.analysis.Loop@22ebe246 to 1 iterations
2021-06-11 17:16:18.841 [DEBUG][org.jetbrains.research.kex.asm.transform.LoopDeroller] - Method java/io/ObjectOutputStream$BlockDataOutputStream::writeBytes(java/lang/String): void, unrolling loop org.jetbrains.research.kfg.analysis.Loop@666fd46e to 1 iterations
2021-06-11 17:16:18.842 [DEBUG][org.jetbrains.research.kex.asm.transform.LoopDeroller] - Method java/io/ObjectOutputStream$BlockDataOutputStream::writeBytes(java/lang/String): void, unrolling loop org.jetbrains.research.kfg.analysis.Loop@4c67ee59 to 1 iterations
2021-06-11 17:16:18.843 [DEBUG][org.jetbrains.research.kex.asm.transform.LoopDeroller] - Method java/io/ObjectOutputStream$BlockDataOutputStream::writeChars(java/lang/String): void, unrolling loop org.jetbrains.research.kfg.analysis.Loop@47b21907 to 1 iterations
2021-06-11 17:16:18.844 [DEBUG][org.jetbrains.research.kex.asm.transform.LoopDeroller] - Method java/io/ObjectOutputStream$BlockDataOutputStream::writeBooleans(bool[], int, int): void, unrolling loop org.jetbrains.research.kfg.analysis.Loop@33a9827b to 1 iterations
2021-06-11 17:16:18.844 [DEBUG][org.jetbrains.research.kex.asm.transform.LoopDeroller] - Method java/io/ObjectOutputStream$BlockDataOutputStream::writeBooleans(bool[], int, int): void, unrolling loop org.jetbrains.research.kfg.analysis.Loop@101ededa to 1 iterations
2021-06-11 17:16:18.845 [DEBUG][org.jetbrains.research.kex.asm.transform.LoopDeroller] - Method java/io/ObjectOutputStream$BlockDataOutputStream::writeChars(char[], int, int): void, unrolling loop org.jetbrains.research.kfg.analysis.Loop@4ae3c796 to 1 iterations
2021-06-11 17:16:18.846 [DEBUG][org.jetbrains.research.kex.asm.transform.LoopDeroller] - Method java/io/ObjectOutputStream$BlockDataOutputStream::writeChars(char[], int, int): void, unrolling loop org.jetbrains.research.kfg.analysis.Loop@71c2f23f to 1 iterations
2021-06-11 17:16:18.846 [DEBUG][org.jetbrains.research.kex.asm.transform.LoopDeroller] - Method java/io/ObjectOutputStream$BlockDataOutputStream::writeShorts(short[], int, int): void, unrolling loop org.jetbrains.research.kfg.analysis.Loop@66f4a762 to 1 iterations
2021-06-11 17:16:18.847 [DEBUG][org.jetbrains.research.kex.asm.transform.LoopDeroller] - Method java/io/ObjectOutputStream$BlockDataOutputStream::writeShorts(short[], int, int): void, unrolling loop org.jetbrains.research.kfg.analysis.Loop@4e814f07 to 1 iterations
2021-06-11 17:16:18.847 [DEBUG][org.jetbrains.research.kex.asm.transform.LoopDeroller] - Method java/io/ObjectOutputStream$BlockDataOutputStream::writeInts(int[], int, int): void, unrolling loop org.jetbrains.research.kfg.analysis.Loop@11a190ac to 1 iterations
2021-06-11 17:16:18.848 [DEBUG][org.jetbrains.research.kex.asm.transform.LoopDeroller] - Method java/io/ObjectOutputStream$BlockDataOutputStream::writeInts(int[], int, int): void, unrolling loop org.jetbrains.research.kfg.analysis.Loop@53f3e060 to 1 iterations
2021-06-11 17:16:18.849 [DEBUG][org.jetbrains.research.kex.asm.transform.LoopDeroller] - Method java/io/ObjectOutputStream$BlockDataOutputStream::writeFloats(float[], int, int): void, unrolling loop org.jetbrains.research.kfg.analysis.Loop@48a79dbb to 1 iterations
2021-06-11 17:16:18.849 [DEBUG][org.jetbrains.research.kex.asm.transform.LoopDeroller] - Method java/io/ObjectOutputStream$BlockDataOutputStream::writeLongs(long[], int, int): void, unrolling loop org.jetbrains.research.kfg.analysis.Loop@23dd31 to 1 iterations
2021-06-11 17:16:18.850 [DEBUG][org.jetbrains.research.kex.asm.transform.LoopDeroller] - Method java/io/ObjectOutputStream$BlockDataOutputStream::writeLongs(long[], int, int): void, unrolling loop org.jetbrains.research.kfg.analysis.Loop@14806f4 to 1 iterations
2021-06-11 17:16:18.851 [DEBUG][org.jetbrains.research.kex.asm.transform.LoopDeroller] - Method java/io/ObjectOutputStream$BlockDataOutputStream::writeDoubles(double[], int, int): void, unrolling loop org.jetbrains.research.kfg.analysis.Loop@b456172 to 1 iterations
2021-06-11 17:16:18.851 [DEBUG][org.jetbrains.research.kex.asm.transform.LoopDeroller] - Method java/io/ObjectOutputStream$BlockDataOutputStream::getUTFLength(java/lang/String): long, unrolling loop org.jetbrains.research.kfg.analysis.Loop@790e019 to 1 iterations
2021-06-11 17:16:18.852 [DEBUG][org.jetbrains.research.kex.asm.transform.LoopDeroller] - Method java/io/ObjectOutputStream$BlockDataOutputStream::getUTFLength(java/lang/String): long, unrolling loop org.jetbrains.research.kfg.analysis.Loop@67ac24be to 1 iterations
2021-06-11 17:16:18.853 [DEBUG][org.jetbrains.research.kex.asm.transform.LoopDeroller] - Method java/io/ObjectOutputStream$BlockDataOutputStream::writeUTFBody(java/lang/String): void, unrolling loop org.jetbrains.research.kfg.analysis.Loop@6f09eca5 to 1 iterations
2021-06-11 17:16:18.855 [DEBUG][org.jetbrains.research.kex.asm.transform.LoopDeroller] - Method java/io/ObjectOutputStream$BlockDataOutputStream::writeUTFBody(java/lang/String): void, unrolling loop org.jetbrains.research.kfg.analysis.Loop@1862dc0f to 1 iterations
2021-06-11 17:16:18.861 [DEBUG][org.jetbrains.research.kex.asm.transform.LoopDeroller] - Method java/lang/Class$2::run(): java/lang/Class[], unrolling loop org.jetbrains.research.kfg.analysis.Loop@3914af to 1 iterations
2021-06-11 17:16:18.862 [DEBUG][org.jetbrains.research.kex.asm.transform.LoopDeroller] - Method java/lang/Class$2::run(): java/lang/Class[], unrolling loop org.jetbrains.research.kfg.analysis.Loop@615a6854 to 1 iterations
2021-06-11 17:16:18.863 [DEBUG][org.jetbrains.research.kex.asm.transform.LoopDeroller] - Method java/util/Spliterators$AbstractSpliterator::trySplit(): java/util/Spliterator, unrolling loop org.jetbrains.research.kfg.analysis.Loop@3af2aabc to 1 iterations
2021-06-11 17:16:18.867 [DEBUG][org.jetbrains.research.kex.asm.transform.LoopDeroller] - Method java/util/concurrent/ThreadLocalRandom$RandomLongsSpliterator::forEachRemaining(java/util/function/LongConsumer): void, unrolling loop org.jetbrains.research.kfg.analysis.Loop@53d82301 to 1 iterations
2021-06-11 17:16:18.868 [DEBUG][org.jetbrains.research.kex.asm.transform.LoopDeroller] - Method java/util/ArrayPrefixHelpers$DoubleCumulateTask::compute(): void, unrolling loop org.jetbrains.research.kfg.analysis.Loop@3a157b27 to 1 iterations
2021-06-11 17:16:18.869 [DEBUG][org.jetbrains.research.kex.asm.transform.LoopDeroller] - Method java/util/ArrayPrefixHelpers$DoubleCumulateTask::compute(): void, unrolling loop org.jetbrains.research.kfg.analysis.Loop@488a734e to 1 iterations
2021-06-11 17:16:18.870 [DEBUG][org.jetbrains.research.kex.asm.transform.LoopDeroller] - Method java/util/ArrayPrefixHelpers$DoubleCumulateTask::compute(): void, unrolling loop org.jetbrains.research.kfg.analysis.Loop@17ca28bb to 1 iterations
2021-06-11 17:16:18.872 [DEBUG][org.jetbrains.research.kex.asm.transform.LoopDeroller] - Method java/util/ArrayPrefixHelpers$DoubleCumulateTask::compute(): void, unrolling loop org.jetbrains.research.kfg.analysis.Loop@2b61b077 to 1 iterations
2021-06-11 17:16:18.874 [DEBUG][org.jetbrains.research.kex.asm.transform.LoopDeroller] - Method java/util/ArrayPrefixHelpers$DoubleCumulateTask::compute(): void, unrolling loop org.jetbrains.research.kfg.analysis.Loop@38964c6e to 1 iterations
2021-06-11 17:16:18.875 [DEBUG][org.jetbrains.research.kex.asm.transform.LoopDeroller] - Method java/util/ArrayPrefixHelpers$DoubleCumulateTask::compute(): void, unrolling loop org.jetbrains.research.kfg.analysis.Loop@6da8ca50 to 1 iterations
2021-06-11 17:16:18.875 [DEBUG][org.jetbrains.research.kex.asm.transform.LoopDeroller] - Method java/util/ArrayPrefixHelpers$DoubleCumulateTask::compute(): void, unrolling loop org.jetbrains.research.kfg.analysis.Loop@306aa537 to 1 iterations
2021-06-11 17:16:18.876 [DEBUG][org.jetbrains.research.kex.asm.transform.LoopDeroller] - Method java/util/concurrent/ForkJoinPool$WorkQueue::growArray(): java/util/concurrent/ForkJoinTask[], unrolling loop org.jetbrains.research.kfg.analysis.Loop@3a0bf5fc to 1 iterations
2021-06-11 17:16:18.879 [DEBUG][org.jetbrains.research.kex.asm.transform.LoopDeroller] - Method java/util/concurrent/ForkJoinPool$WorkQueue::pop(): java/util/concurrent/ForkJoinTask, unrolling loop org.jetbrains.research.kfg.analysis.Loop@348342e3 to 1 iterations
2021-06-11 17:16:18.880 [DEBUG][org.jetbrains.research.kex.asm.transform.LoopDeroller] - Method java/util/concurrent/ForkJoinPool$WorkQueue::poll(): java/util/concurrent/ForkJoinTask, unrolling loop org.jetbrains.research.kfg.analysis.Loop@25ed25c0 to 1 iterations
2021-06-11 17:16:18.881 [DEBUG][org.jetbrains.research.kex.asm.transform.LoopDeroller] - Method java/util/concurrent/ForkJoinPool$WorkQueue::cancelAll(): void, unrolling loop org.jetbrains.research.kfg.analysis.Loop@1e8063b to 1 iterations
2021-06-11 17:16:18.881 [DEBUG][org.jetbrains.research.kex.asm.transform.LoopDeroller] - Method java/util/concurrent/ForkJoinPool$WorkQueue::pollAndExecAll(): void, unrolling loop org.jetbrains.research.kfg.analysis.Loop@4155b06e to 1 iterations
2021-06-11 17:16:18.884 [DEBUG][org.jetbrains.research.kex.asm.transform.LoopDeroller] - Method java/util/concurrent/ForkJoinPool$WorkQueue::execLocalTasks(): void, unrolling loop org.jetbrains.research.kfg.analysis.Loop@54f54e92 to 1 iterations
2021-06-11 17:16:18.887 [DEBUG][org.jetbrains.research.kex.asm.transform.LoopDeroller] - Method java/util/concurrent/ForkJoinPool$WorkQueue::tryRemoveAndExec(java/util/concurrent/ForkJoinTask): bool, unrolling loop org.jetbrains.research.kfg.analysis.Loop@328aa2ce to 1 iterations
2021-06-11 17:16:18.888 [DEBUG][org.jetbrains.research.kex.asm.transform.LoopDeroller] - Method java/util/concurrent/ForkJoinPool$WorkQueue::tryRemoveAndExec(java/util/concurrent/ForkJoinTask): bool, unrolling loop org.jetbrains.research.kfg.analysis.Loop@2eac4ae to 1 iterations
2021-06-11 17:16:18.890 [DEBUG][org.jetbrains.research.kex.asm.transform.LoopDeroller] - Method java/util/concurrent/ForkJoinPool$WorkQueue::popCC(java/util/concurrent/CountedCompleter, int): java/util/concurrent/CountedCompleter, unrolling loop org.jetbrains.research.kfg.analysis.Loop@256faa9a to 1 iterations
2021-06-11 17:16:18.891 [DEBUG][org.jetbrains.research.kex.asm.transform.LoopDeroller] - Method java/util/concurrent/ForkJoinPool$WorkQueue::pollAndExecCC(java/util/concurrent/CountedCompleter): int, unrolling loop org.jetbrains.research.kfg.analysis.Loop@fb26811 to 1 iterations
2021-06-11 17:16:18.892 [DEBUG][org.jetbrains.research.kex.asm.transform.LoopDeroller] - Method java/util/regex/Pattern::split(java/lang/CharSequence, int): java/lang/String[], unrolling loop org.jetbrains.research.kfg.analysis.Loop@1d296c5 to 1 iterations
2021-06-11 17:16:18.893 [DEBUG][org.jetbrains.research.kex.asm.transform.LoopDeroller] - Method java/util/regex/Pattern::split(java/lang/CharSequence, int): java/lang/String[], unrolling loop org.jetbrains.research.kfg.analysis.Loop@b9f5a86 to 1 iterations
2021-06-11 17:16:18.894 [DEBUG][org.jetbrains.research.kex.asm.transform.LoopDeroller] - Method java/util/regex/Pattern::quote(java/lang/String): java/lang/String, unrolling loop org.jetbrains.research.kfg.analysis.Loop@6c5a74d9 to 1 iterations
2021-06-11 17:16:18.894 [DEBUG][org.jetbrains.research.kex.asm.transform.LoopDeroller] - Method java/util/regex/Pattern::normalize(): void, unrolling loop org.jetbrains.research.kfg.analysis.Loop@2409b0fd to 1 iterations
2021-06-11 17:16:18.895 [DEBUG][org.jetbrains.research.kex.asm.transform.LoopDeroller] - Method java/util/regex/Pattern::normalize(): void, unrolling loop org.jetbrains.research.kfg.analysis.Loop@7c1b4bf to 1 iterations
2021-06-11 17:16:18.897 [DEBUG][org.jetbrains.research.kex.asm.transform.LoopDeroller] - Method java/util/regex/Pattern::normalizeCharClass(java/lang/StringBuilder, int): int, unrolling loop org.jetbrains.research.kfg.analysis.Loop@ab5e026 to 1 iterations
2021-06-11 17:16:18.902 [DEBUG][org.jetbrains.research.kex.asm.transform.LoopDeroller] - Method java/util/regex/Pattern::normalizeCharClass(java/lang/StringBuilder, int): int, unrolling loop org.jetbrains.research.kfg.analysis.Loop@6051b14b to 1 iterations
2021-06-11 17:16:18.904 [DEBUG][org.jetbrains.research.kex.asm.transform.LoopDeroller] - Method java/util/regex/Pattern::produceEquivalentAlternation(java/lang/String): java/lang/String, unrolling loop org.jetbrains.research.kfg.analysis.Loop@26099574 to 1 iterations
2021-06-11 17:16:18.907 [DEBUG][org.jetbrains.research.kex.asm.transform.LoopDeroller] - Method java/util/regex/Pattern::producePermutations(java/lang/String): java/lang/String[], unrolling loop org.jetbrains.research.kfg.analysis.Loop@365a794 to 1 iterations
2021-06-11 17:16:18.907 [DEBUG][org.jetbrains.research.kex.asm.transform.LoopDeroller] - Method java/util/regex/Pattern::producePermutations(java/lang/String): java/lang/String[], unrolling loop org.jetbrains.research.kfg.analysis.Loop@e8b1c23 to 1 iterations
2021-06-11 17:16:18.908 [DEBUG][org.jetbrains.research.kex.asm.transform.LoopDeroller] - Method java/util/regex/Pattern::producePermutations(java/lang/String): java/lang/String[], unrolling loop org.jetbrains.research.kfg.analysis.Loop@48f6b946 to 1 iterations
2021-06-11 17:16:18.909 [DEBUG][org.jetbrains.research.kex.asm.transform.LoopDeroller] - Method java/util/regex/Pattern::producePermutations(java/lang/String): java/lang/String[], unrolling loop org.jetbrains.research.kfg.analysis.Loop@3818dcfb to 1 iterations
2021-06-11 17:16:18.910 [DEBUG][org.jetbrains.research.kex.asm.transform.LoopDeroller] - Method java/util/regex/Pattern::producePermutations(java/lang/String): java/lang/String[], unrolling loop org.jetbrains.research.kfg.analysis.Loop@281866ab to 1 iterations
2021-06-11 17:16:18.911 [DEBUG][org.jetbrains.research.kex.asm.transform.LoopDeroller] - Method java/util/regex/Pattern::producePermutations(java/lang/String): java/lang/String[], unrolling loop org.jetbrains.research.kfg.analysis.Loop@55d9d9df to 1 iterations
2021-06-11 17:16:18.911 [DEBUG][org.jetbrains.research.kex.asm.transform.LoopDeroller] - Method java/util/regex/Pattern::RemoveQEQuoting(): void, unrolling loop org.jetbrains.research.kfg.analysis.Loop@73ef57a8 to 1 iterations
2021-06-11 17:16:18.912 [DEBUG][org.jetbrains.research.kex.asm.transform.LoopDeroller] - Method java/util/regex/Pattern::RemoveQEQuoting(): void, unrolling loop org.jetbrains.research.kfg.analysis.Loop@7a1519be to 1 iterations
2021-06-11 17:16:18.914 [DEBUG][org.jetbrains.research.kex.asm.transform.LoopDeroller] - Method java/util/regex/Pattern::compile(): void, unrolling loop org.jetbrains.research.kfg.analysis.Loop@4ce94777 to 1 iterations
2021-06-11 17:16:18.915 [DEBUG][org.jetbrains.research.kex.asm.transform.LoopDeroller] - Method java/util/regex/Pattern::printObjectTree(java/util/regex/Pattern$Node): void, unrolling loop org.jetbrains.research.kfg.analysis.Loop@157b0b46 to 1 iterations
2021-06-11 17:16:18.916 [DEBUG][org.jetbrains.research.kex.asm.transform.LoopDeroller] - Method java/util/regex/Pattern::peekPastWhitespace(int): int, unrolling loop org.jetbrains.research.kfg.analysis.Loop@c58085 to 1 iterations
2021-06-11 17:16:18.917 [ERROR][org.jetbrains.research.kex.asm.transform.LoopDeroller] - Can't perform topological sorting of loops of method java/util/regex/Pattern::peekPastWhitespace(int): int
2021-06-11 17:16:18.917 [DEBUG][org.jetbrains.research.kex.asm.transform.LoopDeroller] - Method java/util/regex/Pattern::parsePastWhitespace(int): int, unrolling loop org.jetbrains.research.kfg.analysis.Loop@c405ea9 to 1 iterations
2021-06-11 17:16:18.917 [ERROR][org.jetbrains.research.kex.asm.transform.LoopDeroller] - Can't perform topological sorting of loops of method java/util/regex/Pattern::parsePastWhitespace(int): int
2021-06-11 17:16:18.918 [DEBUG][org.jetbrains.research.kex.asm.transform.LoopDeroller] - Method java/util/regex/Pattern::parsePastLine(): int, unrolling loop org.jetbrains.research.kfg.analysis.Loop@751a9d73 to 1 iterations
2021-06-11 17:16:18.919 [DEBUG][org.jetbrains.research.kex.asm.transform.LoopDeroller] - Method java/util/regex/Pattern::peekPastLine(): int, unrolling loop org.jetbrains.research.kfg.analysis.Loop@20c8e6a to 1 iterations
2021-06-11 17:16:18.922 [DEBUG][org.jetbrains.research.kex.asm.transform.LoopDeroller] - Method java/util/regex/Pattern::findSupplementary(int, int): bool, unrolling loop org.jetbrains.research.kfg.analysis.Loop@dd2061 to 1 iterations
2021-06-11 17:16:18.922 [DEBUG][org.jetbrains.research.kex.asm.transform.LoopDeroller] - Method java/util/regex/Pattern::expr(java/util/regex/Pattern$Node): java/util/regex/Pattern$Node, unrolling loop org.jetbrains.research.kfg.analysis.Loop@7ed413d3 to 1 iterations
2021-06-11 17:16:18.924 [DEBUG][org.jetbrains.research.kex.asm.transform.LoopDeroller] - Method java/util/regex/Pattern::sequence(java/util/regex/Pattern$Node): java/util/regex/Pattern$Node, unrolling loop org.jetbrains.research.kfg.analysis.Loop@3bcc4877 to 1 iterations
2021-06-11 17:16:18.930 [DEBUG][org.jetbrains.research.kex.asm.transform.LoopDeroller] - Method java/util/regex/Pattern::atom(): java/util/regex/Pattern$Node, unrolling loop org.jetbrains.research.kfg.analysis.Loop@76720443 to 1 iterations
2021-06-11 17:16:18.933 [DEBUG][org.jetbrains.research.kex.asm.transform.LoopDeroller] - Method java/util/regex/Pattern::ref(int): java/util/regex/Pattern$Node, unrolling loop org.jetbrains.research.kfg.analysis.Loop@5549227f to 1 iterations
2021-06-11 17:16:18.934 [DEBUG][org.jetbrains.research.kex.asm.transform.LoopDeroller] - Method java/util/regex/Pattern::clazz(bool): java/util/regex/Pattern$CharProperty, unrolling loop org.jetbrains.research.kfg.analysis.Loop@7c273ecc to 1 iterations
2021-06-11 17:16:18.935 [DEBUG][org.jetbrains.research.kex.asm.transform.LoopDeroller] - Method java/util/regex/Pattern::clazz(bool): java/util/regex/Pattern$CharProperty, unrolling loop org.jetbrains.research.kfg.analysis.Loop@22c6d0f5 to 1 iterations
2021-06-11 17:16:18.939 [DEBUG][org.jetbrains.research.kex.asm.transform.LoopDeroller] - Method java/util/regex/Pattern::family(bool, bool): java/util/regex/Pattern$CharProperty, unrolling loop org.jetbrains.research.kfg.analysis.Loop@36091d1a to 1 iterations
2021-06-11 17:16:18.941 [DEBUG][org.jetbrains.research.kex.asm.transform.LoopDeroller] - Method java/util/regex/Pattern::groupname(int): java/lang/String, unrolling loop org.jetbrains.research.kfg.analysis.Loop@42eade27 to 1 iterations
2021-06-11 17:16:18.943 [DEBUG][org.jetbrains.research.kex.asm.transform.LoopDeroller] - Method java/util/regex/Pattern::addFlag(): void, unrolling loop org.jetbrains.research.kfg.analysis.Loop@45925e3d to 1 iterations
2021-06-11 17:16:18.945 [DEBUG][org.jetbrains.research.kex.asm.transform.LoopDeroller] - Method java/util/regex/Pattern::subFlag(): void, unrolling loop org.jetbrains.research.kfg.analysis.Loop@5fd82b89 to 1 iterations
2021-06-11 17:16:18.947 [DEBUG][org.jetbrains.research.kex.asm.transform.LoopDeroller] - Method java/util/regex/Pattern::closure(java/util/regex/Pattern$Node): java/util/regex/Pattern$Node, unrolling loop org.jetbrains.research.kfg.analysis.Loop@579330a to 1 iterations
2021-06-11 17:16:18.947 [DEBUG][org.jetbrains.research.kex.asm.transform.LoopDeroller] - Method java/util/regex/Pattern::closure(java/util/regex/Pattern$Node): java/util/regex/Pattern$Node, unrolling loop org.jetbrains.research.kfg.analysis.Loop@2291b14d to 1 iterations
2021-06-11 17:16:18.948 [DEBUG][org.jetbrains.research.kex.asm.transform.LoopDeroller] - Method java/util/regex/Pattern::x(): int, unrolling loop org.jetbrains.research.kfg.analysis.Loop@5cb35e1f to 1 iterations
2021-06-11 17:16:18.949 [DEBUG][org.jetbrains.research.kex.asm.transform.LoopDeroller] - Method java/util/regex/Pattern::uxxxx(): int, unrolling loop org.jetbrains.research.kfg.analysis.Loop@4633dc15 to 1 iterations
2021-06-11 17:16:18.950 [DEBUG][org.jetbrains.research.kex.asm.transform.LoopDeroller] - Method java/util/regex/Pattern::countChars(java/lang/CharSequence, int, int): int, unrolling loop org.jetbrains.research.kfg.analysis.Loop@2909b738 to 1 iterations
2021-06-11 17:16:18.950 [DEBUG][org.jetbrains.research.kex.asm.transform.LoopDeroller] - Method java/util/regex/Pattern::countChars(java/lang/CharSequence, int, int): int, unrolling loop org.jetbrains.research.kfg.analysis.Loop@76e049e1 to 1 iterations
2021-06-11 17:16:18.951 [DEBUG][org.jetbrains.research.kex.asm.transform.LoopDeroller] - Method java/util/regex/Pattern::countCodePoints(java/lang/CharSequence): int, unrolling loop org.jetbrains.research.kfg.analysis.Loop@603866cc to 1 iterations
2021-06-11 17:16:18.952 [DEBUG][org.jetbrains.research.kex.asm.transform.LoopDeroller] - Method java/util/regex/Pattern::newSlice(int[], int, bool): java/util/regex/Pattern$Node, unrolling loop org.jetbrains.research.kfg.analysis.Loop@4fff97ed to 1 iterations
2021-06-11 17:16:18.953 [DEBUG][org.jetbrains.research.kex.asm.transform.LoopDeroller] - Method java/util/regex/Pattern::newSlice(int[], int, bool): java/util/regex/Pattern$Node, unrolling loop org.jetbrains.research.kfg.analysis.Loop@6adf88b5 to 1 iterations
2021-06-11 17:16:18.954 [DEBUG][org.jetbrains.research.kex.asm.transform.LoopDeroller] - Method java/util/regex/Pattern::newSlice(int[], int, bool): java/util/regex/Pattern$Node, unrolling loop org.jetbrains.research.kfg.analysis.Loop@ac8ddb2 to 1 iterations
2021-06-11 17:16:18.954 [DEBUG][org.jetbrains.research.kex.asm.transform.LoopDeroller] - Method java/util/regex/Pattern::hasBaseCharacter(java/util/regex/Matcher, int, java/lang/CharSequence): bool, unrolling loop org.jetbrains.research.kfg.analysis.Loop@b2fc822 to 1 iterations
2021-06-11 17:16:18.955 [DEBUG][org.jetbrains.research.kex.asm.transform.LoopDeroller] - Method java/lang/invoke/BoundMethodHandle$SpeciesData::speciesDataCachePopulated(): bool, unrolling loop org.jetbrains.research.kfg.analysis.Loop@34c728ca to 1 iterations
2021-06-11 17:16:18.956 [DEBUG][org.jetbrains.research.kex.asm.transform.LoopDeroller] - Method java/io/FilePermissionCollection::implies(java/security/Permission): bool, unrolling loop org.jetbrains.research.kfg.analysis.Loop@7ffb0293 to 1 iterations
2021-06-11 17:16:18.957 [DEBUG][org.jetbrains.research.kex.asm.transform.LoopDeroller] - Method java/util/regex/PatternSyntaxException::getMessage(): java/lang/String, unrolling loop org.jetbrains.research.kfg.analysis.Loop@16e5e77e to 1 iterations
2021-06-11 17:16:18.958 [DEBUG][org.jetbrains.research.kex.asm.transform.LoopDeroller] - Method java/lang/Long$LongCache::<clinit>(): void, unrolling loop org.jetbrains.research.kfg.analysis.Loop@34ce8878 to 1 iterations
2021-06-11 17:16:18.958 [DEBUG][org.jetbrains.research.kex.asm.transform.LoopDeroller] - Method java/io/BufferedReader::fill(): void, unrolling loop org.jetbrains.research.kfg.analysis.Loop@5636b047 to 1 iterations
2021-06-11 17:16:18.959 [DEBUG][org.jetbrains.research.kex.asm.transform.LoopDeroller] - Method java/io/BufferedReader::read(): int, unrolling loop org.jetbrains.research.kfg.analysis.Loop@451dd549 to 1 iterations
2021-06-11 17:16:18.960 [DEBUG][org.jetbrains.research.kex.asm.transform.LoopDeroller] - Method java/io/BufferedReader::read(char[], int, int): int, unrolling loop org.jetbrains.research.kfg.analysis.Loop@7d5ac988 to 1 iterations
2021-06-11 17:16:18.963 [DEBUG][org.jetbrains.research.kex.asm.transform.LoopDeroller] - Method java/io/BufferedReader::readLine(bool): java/lang/String, unrolling loop org.jetbrains.research.kfg.analysis.Loop@40e3728e to 1 iterations
2021-06-11 17:16:18.964 [DEBUG][org.jetbrains.research.kex.asm.transform.LoopDeroller] - Method java/io/BufferedReader::readLine(bool): java/lang/String, unrolling loop org.jetbrains.research.kfg.analysis.Loop@4be7c7a7 to 1 iterations
2021-06-11 17:16:18.965 [DEBUG][org.jetbrains.research.kex.asm.transform.LoopDeroller] - Method java/io/BufferedReader::skip(long): long, unrolling loop org.jetbrains.research.kfg.analysis.Loop@7b0f7f50 to 1 iterations
2021-06-11 17:16:18.969 [DEBUG][org.jetbrains.research.kex.asm.transform.LoopDeroller] - Method java/util/logging/LogManager$5::run(): java/lang/Object, unrolling loop org.jetbrains.research.kfg.analysis.Loop@62238311 to 1 iterations
2021-06-11 17:16:18.971 [DEBUG][org.jetbrains.research.kex.asm.transform.LoopDeroller] - Method java/util/logging/LogManager$4::run(): java/lang/Void, unrolling loop org.jetbrains.research.kfg.analysis.Loop@572dad89 to 1 iterations
2021-06-11 17:16:18.972 [DEBUG][org.jetbrains.research.kex.asm.transform.LoopDeroller] - Method java/util/concurrent/ConcurrentHashMap$ForEachKeyTask::compute(): void, unrolling loop org.jetbrains.research.kfg.analysis.Loop@2a3d55ae to 1 iterations
2021-06-11 17:16:18.973 [DEBUG][org.jetbrains.research.kex.asm.transform.LoopDeroller] - Method java/util/concurrent/ConcurrentHashMap$ForEachKeyTask::compute(): void, unrolling loop org.jetbrains.research.kfg.analysis.Loop@52de2260 to 1 iterations
2021-06-11 17:16:18.974 [DEBUG][org.jetbrains.research.kex.asm.transform.LoopDeroller] - Method java/util/stream/SpinedBuffer$OfInt::arrayForEach(int[], int, int, java/util/function/IntConsumer): void, unrolling loop org.jetbrains.research.kfg.analysis.Loop@b0e7f52 to 1 iterations
2021-06-11 17:16:18.975 [DEBUG][org.jetbrains.research.kex.asm.transform.LoopDeroller] - Method java/util/concurrent/locks/AbstractQueuedLongSynchronizer$ConditionObject::doSignal(java/util/concurrent/locks/AbstractQueuedLongSynchronizer$Node): void, unrolling loop org.jetbrains.research.kfg.analysis.Loop@392cbeca to 1 iterations
2021-06-11 17:16:18.976 [DEBUG][org.jetbrains.research.kex.asm.transform.LoopDeroller] - Method java/util/concurrent/locks/AbstractQueuedLongSynchronizer$ConditionObject::doSignalAll(java/util/concurrent/locks/AbstractQueuedLongSynchronizer$Node): void, unrolling loop org.jetbrains.research.kfg.analysis.Loop@1cd2aebf to 1 iterations
2021-06-11 17:16:18.976 [DEBUG][org.jetbrains.research.kex.asm.transform.LoopDeroller] - Method java/util/concurrent/locks/AbstractQueuedLongSynchronizer$ConditionObject::unlinkCancelledWaiters(): void, unrolling loop org.jetbrains.research.kfg.analysis.Loop@46423328 to 1 iterations
2021-06-11 17:16:18.977 [DEBUG][org.jetbrains.research.kex.asm.transform.LoopDeroller] - Method java/util/concurrent/locks/AbstractQueuedLongSynchronizer$ConditionObject::awaitUninterruptibly(): void, unrolling loop org.jetbrains.research.kfg.analysis.Loop@3b7e7cee to 1 iterations
2021-06-11 17:16:18.977 [DEBUG][org.jetbrains.research.kex.asm.transform.LoopDeroller] - Method java/util/concurrent/locks/AbstractQueuedLongSynchronizer$ConditionObject::await(): void, unrolling loop org.jetbrains.research.kfg.analysis.Loop@bb7e731 to 1 iterations
2021-06-11 17:16:18.978 [DEBUG][org.jetbrains.research.kex.asm.transform.LoopDeroller] - Method java/util/concurrent/locks/AbstractQueuedLongSynchronizer$ConditionObject::awaitNanos(long): long, unrolling loop org.jetbrains.research.kfg.analysis.Loop@528c0499 to 1 iterations
2021-06-11 17:16:18.978 [DEBUG][org.jetbrains.research.kex.asm.transform.LoopDeroller] - Method java/util/concurrent/locks/AbstractQueuedLongSynchronizer$ConditionObject::awaitUntil(java/util/Date): bool, unrolling loop org.jetbrains.research.kfg.analysis.Loop@2eb8073a to 1 iterations
2021-06-11 17:16:18.979 [DEBUG][org.jetbrains.research.kex.asm.transform.LoopDeroller] - Method java/util/concurrent/locks/AbstractQueuedLongSynchronizer$ConditionObject::await(long, java/util/concurrent/TimeUnit): bool, unrolling loop org.jetbrains.research.kfg.analysis.Loop@2cac426f to 1 iterations
2021-06-11 17:16:18.980 [DEBUG][org.jetbrains.research.kex.asm.transform.LoopDeroller] - Method java/util/concurrent/locks/AbstractQueuedLongSynchronizer$ConditionObject::hasWaiters(): bool, unrolling loop org.jetbrains.research.kfg.analysis.Loop@216df5ad to 1 iterations
2021-06-11 17:16:18.980 [DEBUG][org.jetbrains.research.kex.asm.transform.LoopDeroller] - Method java/util/concurrent/locks/AbstractQueuedLongSynchronizer$ConditionObject::getWaitQueueLength(): int, unrolling loop org.jetbrains.research.kfg.analysis.Loop@26028d75 to 1 iterations
2021-06-11 17:16:18.985 [DEBUG][org.jetbrains.research.kex.asm.transform.LoopDeroller] - Method java/util/concurrent/locks/AbstractQueuedLongSynchronizer$ConditionObject::getWaitingThreads(): java/util/Collection, unrolling loop org.jetbrains.research.kfg.analysis.Loop@193b253f to 1 iterations
2021-06-11 17:16:18.985 [DEBUG][org.jetbrains.research.kex.asm.transform.LoopDeroller] - Method java/util/stream/Nodes$CollectionNode::copyInto(java/lang/Object[], int): void, unrolling loop org.jetbrains.research.kfg.analysis.Loop@19365c11 to 1 iterations
2021-06-11 17:16:18.986 [DEBUG][org.jetbrains.research.kex.asm.transform.LoopDeroller] - Method java/util/concurrent/ConcurrentLinkedDeque$AbstractItr::advance(): void, unrolling loop org.jetbrains.research.kfg.analysis.Loop@12a4a708 to 1 iterations
2021-06-11 17:16:18.989 [DEBUG][org.jetbrains.research.kex.asm.transform.LoopDeroller] - Method java/util/zip/ZipOutputStream::closeEntry(): void, unrolling loop org.jetbrains.research.kfg.analysis.Loop@1b3c3fd1 to 1 iterations
2021-06-11 17:16:18.991 [DEBUG][org.jetbrains.research.kex.asm.transform.LoopDeroller] - Method java/util/zip/ZipOutputStream::finish(): void, unrolling loop org.jetbrains.research.kfg.analysis.Loop@3a7597da to 1 iterations
2021-06-11 17:16:18.993 [DEBUG][org.jetbrains.research.kex.asm.transform.LoopDeroller] - Method java/util/zip/ZipOutputStream::getExtraLen(byte[]): int, unrolling loop org.jetbrains.research.kfg.analysis.Loop@136936dd to 1 iterations
2021-06-11 17:16:18.994 [DEBUG][org.jetbrains.research.kex.asm.transform.LoopDeroller] - Method java/util/zip/ZipOutputStream::writeExtra(byte[]): void, unrolling loop org.jetbrains.research.kfg.analysis.Loop@30c49cb1 to 1 iterations
2021-06-11 17:16:18.994 [DEBUG][org.jetbrains.research.kex.asm.transform.LoopDeroller] - Method java/util/concurrent/ConcurrentHashMap$KeySpliterator::forEachRemaining(java/util/function/Consumer): void, unrolling loop org.jetbrains.research.kfg.analysis.Loop@354e5db5 to 1 iterations
2021-06-11 17:16:18.995 [DEBUG][org.jetbrains.research.kex.asm.transform.LoopDeroller] - Method java/util/jar/JarInputStream::getBytes(java/io/InputStream): byte[], unrolling loop org.jetbrains.research.kfg.analysis.Loop@4a355b77 to 1 iterations
2021-06-11 17:16:18.996 [DEBUG][org.jetbrains.research.kex.asm.transform.LoopDeroller] - Method java/io/FilterOutputStream::write(byte[], int, int): void, unrolling loop org.jetbrains.research.kfg.analysis.Loop@e2117b9 to 1 iterations
2021-06-11 17:16:18.998 [DEBUG][org.jetbrains.research.kex.asm.transform.LoopDeroller] - Method java/io/File::list(java/io/FilenameFilter): java/lang/String[], unrolling loop org.jetbrains.research.kfg.analysis.Loop@6c384897 to 1 iterations
2021-06-11 17:16:18.998 [DEBUG][org.jetbrains.research.kex.asm.transform.LoopDeroller] - Method java/io/File::listFiles(): java/io/File[], unrolling loop org.jetbrains.research.kfg.analysis.Loop@550963e5 to 1 iterations
2021-06-11 17:16:18.999 [DEBUG][org.jetbrains.research.kex.asm.transform.LoopDeroller] - Method java/io/File::listFiles(java/io/FilenameFilter): java/io/File[], unrolling loop org.jetbrains.research.kfg.analysis.Loop@110d980 to 1 iterations
2021-06-11 17:16:18.999 [DEBUG][org.jetbrains.research.kex.asm.transform.LoopDeroller] - Method java/io/File::listFiles(java/io/FileFilter): java/io/File[], unrolling loop org.jetbrains.research.kfg.analysis.Loop@50c08166 to 1 iterations
2021-06-11 17:16:19.000 [DEBUG][org.jetbrains.research.kex.asm.transform.LoopDeroller] - Method java/io/File::createTempFile(java/lang/String, java/lang/String, java/io/File): java/io/File, unrolling loop org.jetbrains.research.kfg.analysis.Loop@38172e20 to 1 iterations
2021-06-11 17:16:19.003 [DEBUG][org.jetbrains.research.kex.asm.transform.LoopDeroller] - Method java/util/EnumSet::copyOf(java/util/Collection): java/util/EnumSet, unrolling loop org.jetbrains.research.kfg.analysis.Loop@7242c716 to 1 iterations
2021-06-11 17:16:19.004 [DEBUG][org.jetbrains.research.kex.asm.transform.LoopDeroller] - Method java/util/EnumSet::of(java/lang/Enum, java/lang/Enum[]): java/util/EnumSet, unrolling loop org.jetbrains.research.kfg.analysis.Loop@31be8179 to 1 iterations
2021-06-11 17:16:19.004 [DEBUG][org.jetbrains.research.kex.asm.transform.LoopDeroller] - Method java/util/ArraysParallelSortHelpers$FJObject$Sorter::compute(): void, unrolling loop org.jetbrains.research.kfg.analysis.Loop@759639bd to 1 iterations
2021-06-11 17:16:19.005 [DEBUG][org.jetbrains.research.kex.asm.transform.LoopDeroller] - Method java/util/EnumMap$EntrySet::fillEntryArray(java/lang/Object[]): java/lang/Object[], unrolling loop org.jetbrains.research.kfg.analysis.Loop@1506c1c0 to 1 iterations
2021-06-11 17:16:19.008 [DEBUG][org.jetbrains.research.kex.asm.transform.LoopDeroller] - Method java/util/Random$RandomIntsSpliterator::forEachRemaining(java/util/function/IntConsumer): void, unrolling loop org.jetbrains.research.kfg.analysis.Loop@7b1b86fb to 1 iterations
2021-06-11 17:16:19.008 [DEBUG][org.jetbrains.research.kex.asm.transform.LoopDeroller] - Method java/util/concurrent/ConcurrentHashMap$ForEachValueTask::compute(): void, unrolling loop org.jetbrains.research.kfg.analysis.Loop@8f253a7 to 1 iterations
2021-06-11 17:16:19.009 [DEBUG][org.jetbrains.research.kex.asm.transform.LoopDeroller] - Method java/util/concurrent/ConcurrentHashMap$ForEachValueTask::compute(): void, unrolling loop org.jetbrains.research.kfg.analysis.Loop@7314eabc to 1 iterations
2021-06-11 17:16:19.010 [DEBUG][org.jetbrains.research.kex.asm.transform.LoopDeroller] - Method java/lang/CharacterName::initNamePool(): byte[], unrolling loop org.jetbrains.research.kfg.analysis.Loop@2ca9b17b to 1 iterations
2021-06-11 17:16:19.012 [DEBUG][org.jetbrains.research.kex.asm.transform.LoopDeroller] - Method java/util/concurrent/ConcurrentHashMap$ValuesView::remove(java/lang/Object): bool, unrolling loop org.jetbrains.research.kfg.analysis.Loop@764a8e0 to 1 iterations
2021-06-11 17:16:19.012 [DEBUG][org.jetbrains.research.kex.asm.transform.LoopDeroller] - Method java/util/concurrent/ConcurrentHashMap$ValuesView::forEach(java/util/function/Consumer): void, unrolling loop org.jetbrains.research.kfg.analysis.Loop@37d0e6cc to 1 iterations
2021-06-11 17:16:19.013 [DEBUG][org.jetbrains.research.kex.asm.transform.LoopDeroller] - Method java/util/Formatter$Flags::parse(java/lang/String): java/util/Formatter$Flags, unrolling loop org.jetbrains.research.kfg.analysis.Loop@5162775d to 1 iterations
2021-06-11 17:16:19.014 [DEBUG][org.jetbrains.research.kex.asm.transform.LoopDeroller] - Method java/util/concurrent/ForkJoinPool::awaitRunStateLock(): int, unrolling loop org.jetbrains.research.kfg.analysis.Loop@32f5bc26 to 1 iterations
2021-06-11 17:16:19.016 [DEBUG][org.jetbrains.research.kex.asm.transform.LoopDeroller] - Method java/util/concurrent/ForkJoinPool::tryAddWorker(long): void, unrolling loop org.jetbrains.research.kfg.analysis.Loop@1ba0d9d to 1 iterations
2021-06-11 17:16:19.017 [DEBUG][org.jetbrains.research.kex.asm.transform.LoopDeroller] - Method java/util/concurrent/ForkJoinPool::registerWorker(java/util/concurrent/ForkJoinWorkerThread): java/util/concurrent/ForkJoinPool$WorkQueue, unrolling loop org.jetbrains.research.kfg.analysis.Loop@42b82726 to 1 iterations
2021-06-11 17:16:19.018 [DEBUG][org.jetbrains.research.kex.asm.transform.LoopDeroller] - Method java/util/concurrent/ForkJoinPool::deregisterWorker(java/util/concurrent/ForkJoinWorkerThread, java/lang/Throwable): void, unrolling loop org.jetbrains.research.kfg.analysis.Loop@24beaac4 to 1 iterations
2021-06-11 17:16:19.018 [DEBUG][org.jetbrains.research.kex.asm.transform.LoopDeroller] - Method java/util/concurrent/ForkJoinPool::deregisterWorker(java/util/concurrent/ForkJoinWorkerThread, java/lang/Throwable): void, unrolling loop org.jetbrains.research.kfg.analysis.Loop@315790d9 to 1 iterations
2021-06-11 17:16:19.019 [DEBUG][org.jetbrains.research.kex.asm.transform.LoopDeroller] - Method java/util/concurrent/ForkJoinPool::signalWork(java/util/concurrent/ForkJoinPool$WorkQueue[], java/util/concurrent/ForkJoinPool$WorkQueue): void, unrolling loop org.jetbrains.research.kfg.analysis.Loop@383b9685 to 1 iterations
2021-06-11 17:16:19.021 [DEBUG][org.jetbrains.research.kex.asm.transform.LoopDeroller] - Method java/util/concurrent/ForkJoinPool::runWorker(java/util/concurrent/ForkJoinPool$WorkQueue): void, unrolling loop org.jetbrains.research.kfg.analysis.Loop@4006e7d5 to 1 iterations
2021-06-11 17:16:19.021 [DEBUG][org.jetbrains.research.kex.asm.transform.LoopDeroller] - Method java/util/concurrent/ForkJoinPool::scan(java/util/concurrent/ForkJoinPool$WorkQueue, int): java/util/concurrent/ForkJoinTask, unrolling loop org.jetbrains.research.kfg.analysis.Loop@67317f38 to 1 iterations
2021-06-11 17:16:19.028 [DEBUG][org.jetbrains.research.kex.asm.transform.LoopDeroller] - Method java/util/concurrent/ForkJoinPool::awaitWork(java/util/concurrent/ForkJoinPool$WorkQueue, int): bool, unrolling loop org.jetbrains.research.kfg.analysis.Loop@4c0f6235 to 1 iterations
2021-06-11 17:16:19.036 [DEBUG][org.jetbrains.research.kex.asm.transform.LoopDeroller] - Method java/util/concurrent/ForkJoinPool::helpComplete(java/util/concurrent/ForkJoinPool$WorkQueue, java/util/concurrent/CountedCompleter, int): int, unrolling loop org.jetbrains.research.kfg.analysis.Loop@648cd72 to 1 iterations
2021-06-11 17:16:19.038 [DEBUG][org.jetbrains.research.kex.asm.transform.LoopDeroller] - Method java/util/concurrent/ForkJoinPool::helpStealer(java/util/concurrent/ForkJoinPool$WorkQueue, java/util/concurrent/ForkJoinTask): void, unrolling loop org.jetbrains.research.kfg.analysis.Loop@4ab03722 to 1 iterations
2021-06-11 17:16:19.039 [DEBUG][org.jetbrains.research.kex.asm.transform.LoopDeroller] - Method java/util/concurrent/ForkJoinPool::helpStealer(java/util/concurrent/ForkJoinPool$WorkQueue, java/util/concurrent/ForkJoinTask): void, unrolling loop org.jetbrains.research.kfg.analysis.Loop@2aa6e1c4 to 1 iterations
2021-06-11 17:16:19.040 [DEBUG][org.jetbrains.research.kex.asm.transform.LoopDeroller] - Method java/util/concurrent/ForkJoinPool::helpStealer(java/util/concurrent/ForkJoinPool$WorkQueue, java/util/concurrent/ForkJoinTask): void, unrolling loop org.jetbrains.research.kfg.analysis.Loop@61e4c3fd to 1 iterations
2021-06-11 17:16:19.042 [DEBUG][org.jetbrains.research.kex.asm.transform.LoopDeroller] - Method java/util/concurrent/ForkJoinPool::helpStealer(java/util/concurrent/ForkJoinPool$WorkQueue, java/util/concurrent/ForkJoinTask): void, unrolling loop org.jetbrains.research.kfg.analysis.Loop@53856753 to 1 iterations
2021-06-11 17:16:19.052 [DEBUG][org.jetbrains.research.kex.asm.transform.LoopDeroller] - Method java/util/concurrent/ForkJoinPool::helpStealer(java/util/concurrent/ForkJoinPool$WorkQueue, java/util/concurrent/ForkJoinTask): void, unrolling loop org.jetbrains.research.kfg.analysis.Loop@397276db to 1 iterations
2021-06-11 17:16:19.058 [DEBUG][org.jetbrains.research.kex.asm.transform.LoopDeroller] - Method java/util/concurrent/ForkJoinPool::tryCompensate(java/util/concurrent/ForkJoinPool$WorkQueue): bool, unrolling loop org.jetbrains.research.kfg.analysis.Loop@7633314e to 1 iterations
2021-06-11 17:16:19.059 [DEBUG][org.jetbrains.research.kex.asm.transform.LoopDeroller] - Method java/util/concurrent/ForkJoinPool::awaitJoin(java/util/concurrent/ForkJoinPool$WorkQueue, java/util/concurrent/ForkJoinTask, long): int, unrolling loop org.jetbrains.research.kfg.analysis.Loop@5f9e339a to 1 iterations
2021-06-11 17:16:19.060 [DEBUG][org.jetbrains.research.kex.asm.transform.LoopDeroller] - Method java/util/concurrent/ForkJoinPool::findNonEmptyStealQueue(): java/util/concurrent/ForkJoinPool$WorkQueue, unrolling loop org.jetbrains.research.kfg.analysis.Loop@5e2d0cf0 to 1 iterations
2021-06-11 17:16:19.060 [DEBUG][org.jetbrains.research.kex.asm.transform.LoopDeroller] - Method java/util/concurrent/ForkJoinPool::helpQuiescePool(java/util/concurrent/ForkJoinPool$WorkQueue): void, unrolling loop org.jetbrains.research.kfg.analysis.Loop@5e855df5 to 1 iterations
2021-06-11 17:16:19.061 [DEBUG][org.jetbrains.research.kex.asm.transform.LoopDeroller] - Method java/util/concurrent/ForkJoinPool::nextTaskFor(java/util/concurrent/ForkJoinPool$WorkQueue): java/util/concurrent/ForkJoinTask, unrolling loop org.jetbrains.research.kfg.analysis.Loop@145e69bf to 1 iterations
2021-06-11 17:16:19.062 [DEBUG][org.jetbrains.research.kex.asm.transform.LoopDeroller] - Method java/util/concurrent/ForkJoinPool::tryTerminate(bool, bool): bool, unrolling loop org.jetbrains.research.kfg.analysis.Loop@39028e1b to 1 iterations
2021-06-11 17:16:19.067 [DEBUG][org.jetbrains.research.kex.asm.transform.LoopDeroller] - Method java/util/concurrent/ForkJoinPool::tryTerminate(bool, bool): bool, unrolling loop org.jetbrains.research.kfg.analysis.Loop@41f6aecf to 1 iterations
2021-06-11 17:16:19.069 [DEBUG][org.jetbrains.research.kex.asm.transform.LoopDeroller] - Method java/util/concurrent/ForkJoinPool::tryTerminate(bool, bool): bool, unrolling loop org.jetbrains.research.kfg.analysis.Loop@71a4cca to 1 iterations
2021-06-11 17:16:19.069 [DEBUG][org.jetbrains.research.kex.asm.transform.LoopDeroller] - Method java/util/concurrent/ForkJoinPool::tryTerminate(bool, bool): bool, unrolling loop org.jetbrains.research.kfg.analysis.Loop@6cabf9ed to 1 iterations
2021-06-11 17:16:19.071 [DEBUG][org.jetbrains.research.kex.asm.transform.LoopDeroller] - Method java/util/concurrent/ForkJoinPool::tryTerminate(bool, bool): bool, unrolling loop org.jetbrains.research.kfg.analysis.Loop@13f172bd to 1 iterations
2021-06-11 17:16:19.076 [DEBUG][org.jetbrains.research.kex.asm.transform.LoopDeroller] - Method java/util/concurrent/ForkJoinPool::externalSubmit(java/util/concurrent/ForkJoinTask): void, unrolling loop org.jetbrains.research.kfg.analysis.Loop@71e1129b to 1 iterations
2021-06-11 17:16:19.081 [DEBUG][org.jetbrains.research.kex.asm.transform.LoopDeroller] - Method java/util/concurrent/ForkJoinPool::invokeAll(java/util/Collection): java/util/List, unrolling loop org.jetbrains.research.kfg.analysis.Loop@459f992d to 1 iterations
2021-06-11 17:16:19.083 [DEBUG][org.jetbrains.research.kex.asm.transform.LoopDeroller] - Method java/util/concurrent/ForkJoinPool::invokeAll(java/util/Collection): java/util/List, unrolling loop org.jetbrains.research.kfg.analysis.Loop@72cca4b8 to 1 iterations
2021-06-11 17:16:19.086 [DEBUG][org.jetbrains.research.kex.asm.transform.LoopDeroller] - Method java/util/concurrent/ForkJoinPool::invokeAll(java/util/Collection): java/util/List, unrolling loop org.jetbrains.research.kfg.analysis.Loop@7437c4a3 to 1 iterations
2021-06-11 17:16:19.087 [DEBUG][org.jetbrains.research.kex.asm.transform.LoopDeroller] - Method java/util/concurrent/ForkJoinPool::invokeAll(java/util/Collection): java/util/List, unrolling loop org.jetbrains.research.kfg.analysis.Loop@2277c2f9 to 1 iterations
2021-06-11 17:16:19.087 [DEBUG][org.jetbrains.research.kex.asm.transform.LoopDeroller] - Method java/util/concurrent/ForkJoinPool::getRunningThreadCount(): int, unrolling loop org.jetbrains.research.kfg.analysis.Loop@42d2cfa5 to 1 iterations
2021-06-11 17:16:19.087 [DEBUG][org.jetbrains.research.kex.asm.transform.LoopDeroller] - Method java/util/concurrent/ForkJoinPool::getStealCount(): long, unrolling loop org.jetbrains.research.kfg.analysis.Loop@7533a764 to 1 iterations
2021-06-11 17:16:19.088 [DEBUG][org.jetbrains.research.kex.asm.transform.LoopDeroller] - Method java/util/concurrent/ForkJoinPool::getQueuedTaskCount(): long, unrolling loop org.jetbrains.research.kfg.analysis.Loop@6ac25a12 to 1 iterations
2021-06-11 17:16:19.088 [DEBUG][org.jetbrains.research.kex.asm.transform.LoopDeroller] - Method java/util/concurrent/ForkJoinPool::getQueuedSubmissionCount(): int, unrolling loop org.jetbrains.research.kfg.analysis.Loop@48671f53 to 1 iterations
2021-06-11 17:16:19.088 [DEBUG][org.jetbrains.research.kex.asm.transform.LoopDeroller] - Method java/util/concurrent/ForkJoinPool::hasQueuedSubmissions(): bool, unrolling loop org.jetbrains.research.kfg.analysis.Loop@29a70c9 to 1 iterations
2021-06-11 17:16:19.089 [DEBUG][org.jetbrains.research.kex.asm.transform.LoopDeroller] - Method java/util/concurrent/ForkJoinPool::pollSubmission(): java/util/concurrent/ForkJoinTask, unrolling loop org.jetbrains.research.kfg.analysis.Loop@4f78aae4 to 1 iterations
2021-06-11 17:16:19.089 [DEBUG][org.jetbrains.research.kex.asm.transform.LoopDeroller] - Method java/util/concurrent/ForkJoinPool::drainTasksTo(java/util/Collection): int, unrolling loop org.jetbrains.research.kfg.analysis.Loop@676859ea to 1 iterations
2021-06-11 17:16:19.092 [DEBUG][org.jetbrains.research.kex.asm.transform.LoopDeroller] - Method java/util/concurrent/ForkJoinPool::drainTasksTo(java/util/Collection): int, unrolling loop org.jetbrains.research.kfg.analysis.Loop@1056ad19 to 1 iterations
2021-06-11 17:16:19.094 [DEBUG][org.jetbrains.research.kex.asm.transform.LoopDeroller] - Method java/util/concurrent/ForkJoinPool::toString(): java/lang/String, unrolling loop org.jetbrains.research.kfg.analysis.Loop@22832d30 to 1 iterations
2021-06-11 17:16:19.095 [DEBUG][org.jetbrains.research.kex.asm.transform.LoopDeroller] - Method java/util/concurrent/ForkJoinPool::awaitTermination(long, java/util/concurrent/TimeUnit): bool, unrolling loop org.jetbrains.research.kfg.analysis.Loop@142da39 to 1 iterations
2021-06-11 17:16:19.096 [DEBUG][org.jetbrains.research.kex.asm.transform.LoopDeroller] - Method java/util/concurrent/ForkJoinPool::awaitQuiescence(long, java/util/concurrent/TimeUnit): bool, unrolling loop org.jetbrains.research.kfg.analysis.Loop@4924f663 to 1 iterations
2021-06-11 17:16:19.097 [DEBUG][org.jetbrains.research.kex.asm.transform.LoopDeroller] - Method java/util/concurrent/ForkJoinPool::awaitQuiescence(long, java/util/concurrent/TimeUnit): bool, unrolling loop org.jetbrains.research.kfg.analysis.Loop@26a49d5b to 1 iterations
2021-06-11 17:16:19.098 [DEBUG][org.jetbrains.research.kex.asm.transform.LoopDeroller] - Method java/util/concurrent/ForkJoinPool::managedBlock(java/util/concurrent/ForkJoinPool$ManagedBlocker): void, unrolling loop org.jetbrains.research.kfg.analysis.Loop@4b5404f2 to 1 iterations
2021-06-11 17:16:19.099 [DEBUG][org.jetbrains.research.kex.asm.transform.LoopDeroller] - Method java/util/concurrent/ForkJoinPool::managedBlock(java/util/concurrent/ForkJoinPool$ManagedBlocker): void, unrolling loop org.jetbrains.research.kfg.analysis.Loop@1be8b4ce to 1 iterations
2021-06-11 17:16:19.099 [DEBUG][org.jetbrains.research.kex.asm.transform.LoopDeroller] - Method java/util/concurrent/ForkJoinPool::managedBlock(java/util/concurrent/ForkJoinPool$ManagedBlocker): void, unrolling loop org.jetbrains.research.kfg.analysis.Loop@668c3291 to 1 iterations
2021-06-11 17:16:19.101 [DEBUG][org.jetbrains.research.kex.asm.transform.LoopDeroller] - Method java/nio/charset/CharsetEncoder::encode(java/nio/CharBuffer, java/nio/ByteBuffer, bool): java/nio/charset/CoderResult, unrolling loop org.jetbrains.research.kfg.analysis.Loop@4c2e3518 to 1 iterations
2021-06-11 17:16:19.103 [DEBUG][org.jetbrains.research.kex.asm.transform.LoopDeroller] - Method java/nio/charset/CharsetEncoder::encode(java/nio/CharBuffer): java/nio/ByteBuffer, unrolling loop org.jetbrains.research.kfg.analysis.Loop@1bb395c9 to 1 iterations
2021-06-11 17:16:19.108 [DEBUG][org.jetbrains.research.kex.asm.transform.LoopDeroller] - Method java/util/Calendar::clear(): void, unrolling loop org.jetbrains.research.kfg.analysis.Loop@3552868e to 1 iterations
2021-06-11 17:16:19.109 [DEBUG][org.jetbrains.research.kex.asm.transform.LoopDeroller] - Method java/util/Calendar::getDisplayNamesImpl(int, int, java/util/Locale): java/util/Map, unrolling loop org.jetbrains.research.kfg.analysis.Loop@526d91f5 to 1 iterations
2021-06-11 17:16:19.111 [DEBUG][org.jetbrains.research.kex.asm.transform.LoopDeroller] - Method java/util/Calendar::getSetStateFields(): int, unrolling loop org.jetbrains.research.kfg.analysis.Loop@2f4cf022 to 1 iterations
2021-06-11 17:16:19.113 [DEBUG][org.jetbrains.research.kex.asm.transform.LoopDeroller] - Method java/util/Calendar::setFieldsComputed(int): void, unrolling loop org.jetbrains.research.kfg.analysis.Loop@7b186e10 to 1 iterations
2021-06-11 17:16:19.116 [DEBUG][org.jetbrains.research.kex.asm.transform.LoopDeroller] - Method java/util/Calendar::setFieldsComputed(int): void, unrolling loop org.jetbrains.research.kfg.analysis.Loop@7613f0e to 1 iterations
2021-06-11 17:16:19.116 [DEBUG][org.jetbrains.research.kex.asm.transform.LoopDeroller] - Method java/util/Calendar::setFieldsNormalized(int): void, unrolling loop org.jetbrains.research.kfg.analysis.Loop@4971f316 to 1 iterations
2021-06-11 17:16:19.118 [DEBUG][org.jetbrains.research.kex.asm.transform.LoopDeroller] - Method java/util/Calendar::roll(int, int): void, unrolling loop org.jetbrains.research.kfg.analysis.Loop@4c99cbda to 1 iterations
2021-06-11 17:16:19.118 [DEBUG][org.jetbrains.research.kex.asm.transform.LoopDeroller] - Method java/util/Calendar::roll(int, int): void, unrolling loop org.jetbrains.research.kfg.analysis.Loop@411331b to 1 iterations
2021-06-11 17:16:19.118 [DEBUG][org.jetbrains.research.kex.asm.transform.LoopDeroller] - Method java/util/Calendar::getActualMinimum(int): int, unrolling loop org.jetbrains.research.kfg.analysis.Loop@726873c5 to 1 iterations
2021-06-11 17:16:19.119 [DEBUG][org.jetbrains.research.kex.asm.transform.LoopDeroller] - Method java/util/Calendar::getActualMaximum(int): int, unrolling loop org.jetbrains.research.kfg.analysis.Loop@45e5f711 to 1 iterations
2021-06-11 17:16:19.120 [DEBUG][org.jetbrains.research.kex.asm.transform.LoopDeroller] - Method java/util/Calendar::clone(): java/lang/Object, unrolling loop org.jetbrains.research.kfg.analysis.Loop@7ea5425e to 1 iterations
2021-06-11 17:16:19.121 [DEBUG][org.jetbrains.research.kex.asm.transform.LoopDeroller] - Method java/util/Calendar::toString(): java/lang/String, unrolling loop org.jetbrains.research.kfg.analysis.Loop@2548f033 to 1 iterations
2021-06-11 17:16:19.122 [DEBUG][org.jetbrains.research.kex.asm.transform.LoopDeroller] - Method java/util/Calendar::adjustStamp(): void, unrolling loop org.jetbrains.research.kfg.analysis.Loop@76e40b77 to 1 iterations
2021-06-11 17:16:19.122 [DEBUG][org.jetbrains.research.kex.asm.transform.LoopDeroller] - Method java/util/Calendar::adjustStamp(): void, unrolling loop org.jetbrains.research.kfg.analysis.Loop@3580c883 to 1 iterations
2021-06-11 17:16:19.123 [DEBUG][org.jetbrains.research.kex.asm.transform.LoopDeroller] - Method java/util/Calendar::adjustStamp(): void, unrolling loop org.jetbrains.research.kfg.analysis.Loop@22df303 to 1 iterations
2021-06-11 17:16:19.127 [DEBUG][org.jetbrains.research.kex.asm.transform.LoopDeroller] - Method java/util/Calendar::readObject(java/io/ObjectInputStream): void, unrolling loop org.jetbrains.research.kfg.analysis.Loop@1d7a58d2 to 1 iterations
2021-06-11 17:16:19.128 [DEBUG][org.jetbrains.research.kex.asm.transform.LoopDeroller] - Method java/util/stream/Nodes$ArrayNode::forEach(java/util/function/Consumer): void, unrolling loop org.jetbrains.research.kfg.analysis.Loop@1e276105 to 1 iterations
2021-06-11 17:16:19.129 [DEBUG][org.jetbrains.research.kex.asm.transform.LoopDeroller] - Method java/util/stream/StreamOpFlag::createMask(java/util/stream/StreamOpFlag$Type): int, unrolling loop org.jetbrains.research.kfg.analysis.Loop@7895c064 to 1 iterations
2021-06-11 17:16:19.129 [DEBUG][org.jetbrains.research.kex.asm.transform.LoopDeroller] - Method java/util/stream/StreamOpFlag::createFlagMask(): int, unrolling loop org.jetbrains.research.kfg.analysis.Loop@457e01c2 to 1 iterations
2021-06-11 17:16:19.133 [DEBUG][org.jetbrains.research.kex.asm.transform.LoopDeroller] - Method java/util/ArraysParallelSortHelpers$FJLong$Sorter::compute(): void, unrolling loop org.jetbrains.research.kfg.analysis.Loop@6671386e to 1 iterations
2021-06-11 17:16:19.135 [DEBUG][org.jetbrains.research.kex.asm.transform.LoopDeroller] - Method java/io/ObjectInputStream$BlockDataInputStream::skipBlockData(): void, unrolling loop org.jetbrains.research.kfg.analysis.Loop@7e46284a to 1 iterations
2021-06-11 17:16:19.136 [DEBUG][org.jetbrains.research.kex.asm.transform.LoopDeroller] - Method java/io/ObjectInputStream$BlockDataInputStream::readBlockHeader(bool): int, unrolling loop org.jetbrains.research.kfg.analysis.Loop@777ad3a4 to 1 iterations
2021-06-11 17:16:19.137 [DEBUG][org.jetbrains.research.kex.asm.transform.LoopDeroller] - Method java/io/ObjectInputStream$BlockDataInputStream::refill(): void, unrolling loop org.jetbrains.research.kfg.analysis.Loop@49ecbcc1 to 1 iterations
2021-06-11 17:16:19.138 [DEBUG][org.jetbrains.research.kex.asm.transform.LoopDeroller] - Method java/io/ObjectInputStream$BlockDataInputStream::skip(long): long, unrolling loop org.jetbrains.research.kfg.analysis.Loop@71811151 to 1 iterations
2021-06-11 17:16:19.140 [DEBUG][org.jetbrains.research.kex.asm.transform.LoopDeroller] - Method java/io/ObjectInputStream$BlockDataInputStream::available(): int, unrolling loop org.jetbrains.research.kfg.analysis.Loop@1bc22d79 to 1 iterations
2021-06-11 17:16:19.140 [DEBUG][org.jetbrains.research.kex.asm.transform.LoopDeroller] - Method java/io/ObjectInputStream$BlockDataInputStream::readFully(byte[], int, int, bool): void, unrolling loop org.jetbrains.research.kfg.analysis.Loop@5e6739c to 1 iterations
2021-06-11 17:16:19.141 [DEBUG][org.jetbrains.research.kex.asm.transform.LoopDeroller] - Method java/io/ObjectInputStream$BlockDataInputStream::readBooleans(bool[], int, int): void, unrolling loop org.jetbrains.research.kfg.analysis.Loop@5716ada5 to 1 iterations
2021-06-11 17:16:19.142 [ERROR][org.jetbrains.research.kex.asm.transform.LoopDeroller] - Can't perform topological sorting of loops of method java/io/ObjectInputStream$BlockDataInputStream::readBooleans(bool[], int, int): void
2021-06-11 17:16:19.142 [DEBUG][org.jetbrains.research.kex.asm.transform.LoopDeroller] - Method java/io/ObjectInputStream$BlockDataInputStream::readChars(char[], int, int): void, unrolling loop org.jetbrains.research.kfg.analysis.Loop@4db9bdf0 to 1 iterations
2021-06-11 17:16:19.143 [ERROR][org.jetbrains.research.kex.asm.transform.LoopDeroller] - Can't perform topological sorting of loops of method java/io/ObjectInputStream$BlockDataInputStream::readChars(char[], int, int): void
2021-06-11 17:16:19.143 [DEBUG][org.jetbrains.research.kex.asm.transform.LoopDeroller] - Method java/io/ObjectInputStream$BlockDataInputStream::readShorts(short[], int, int): void, unrolling loop org.jetbrains.research.kfg.analysis.Loop@5aec8b39 to 1 iterations
2021-06-11 17:16:19.143 [ERROR][org.jetbrains.research.kex.asm.transform.LoopDeroller] - Can't perform topological sorting of loops of method java/io/ObjectInputStream$BlockDataInputStream::readShorts(short[], int, int): void
2021-06-11 17:16:19.144 [DEBUG][org.jetbrains.research.kex.asm.transform.LoopDeroller] - Method java/io/ObjectInputStream$BlockDataInputStream::readInts(int[], int, int): void, unrolling loop org.jetbrains.research.kfg.analysis.Loop@1567a6d3 to 1 iterations
2021-06-11 17:16:19.146 [ERROR][org.jetbrains.research.kex.asm.transform.LoopDeroller] - Can't perform topological sorting of loops of method java/io/ObjectInputStream$BlockDataInputStream::readInts(int[], int, int): void
2021-06-11 17:16:19.147 [DEBUG][org.jetbrains.research.kex.asm.transform.LoopDeroller] - Method java/io/ObjectInputStream$BlockDataInputStream::readFloats(float[], int, int): void, unrolling loop org.jetbrains.research.kfg.analysis.Loop@12bf1d54 to 1 iterations
2021-06-11 17:16:19.148 [DEBUG][org.jetbrains.research.kex.asm.transform.LoopDeroller] - Method java/io/ObjectInputStream$BlockDataInputStream::readLongs(long[], int, int): void, unrolling loop org.jetbrains.research.kfg.analysis.Loop@93a9187 to 1 iterations
2021-06-11 17:16:19.149 [ERROR][org.jetbrains.research.kex.asm.transform.LoopDeroller] - Can't perform topological sorting of loops of method java/io/ObjectInputStream$BlockDataInputStream::readLongs(long[], int, int): void
2021-06-11 17:16:19.149 [DEBUG][org.jetbrains.research.kex.asm.transform.LoopDeroller] - Method java/io/ObjectInputStream$BlockDataInputStream::readDoubles(double[], int, int): void, unrolling loop org.jetbrains.research.kfg.analysis.Loop@392d6966 to 1 iterations
2021-06-11 17:16:19.151 [DEBUG][org.jetbrains.research.kex.asm.transform.LoopDeroller] - Method java/io/ObjectInputStream$BlockDataInputStream::readUTFBody(long): java/lang/String, unrolling loop org.jetbrains.research.kfg.analysis.Loop@71ee41de to 1 iterations
2021-06-11 17:16:19.157 [DEBUG][org.jetbrains.research.kex.asm.transform.LoopDeroller] - Method java/io/ObjectInputStream$BlockDataInputStream::readUTFSpan(java/lang/StringBuilder, long): long, unrolling loop org.jetbrains.research.kfg.analysis.Loop@2f21a095 to 1 iterations
2021-06-11 17:16:19.160 [DEBUG][org.jetbrains.research.kex.asm.transform.LoopDeroller] - Method java/util/PriorityQueue::initElementsFromCollection(java/util/Collection): void, unrolling loop org.jetbrains.research.kfg.analysis.Loop@4756466c to 1 iterations
2021-06-11 17:16:19.160 [DEBUG][org.jetbrains.research.kex.asm.transform.LoopDeroller] - Method java/util/PriorityQueue::indexOf(java/lang/Object): int, unrolling loop org.jetbrains.research.kfg.analysis.Loop@34d2f43e to 1 iterations
2021-06-11 17:16:19.161 [DEBUG][org.jetbrains.research.kex.asm.transform.LoopDeroller] - Method java/util/PriorityQueue::removeEq(java/lang/Object): bool, unrolling loop org.jetbrains.research.kfg.analysis.Loop@6b2c301 to 1 iterations
2021-06-11 17:16:19.161 [DEBUG][org.jetbrains.research.kex.asm.transform.LoopDeroller] - Method java/util/PriorityQueue::clear(): void, unrolling loop org.jetbrains.research.kfg.analysis.Loop@3a9b6b78 to 1 iterations
2021-06-11 17:16:19.162 [DEBUG][org.jetbrains.research.kex.asm.transform.LoopDeroller] - Method java/util/PriorityQueue::siftUpComparable(int, java/lang/Object): void, unrolling loop org.jetbrains.research.kfg.analysis.Loop@6e2221cb to 1 iterations
2021-06-11 17:16:19.163 [DEBUG][org.jetbrains.research.kex.asm.transform.LoopDeroller] - Method java/util/PriorityQueue::siftUpUsingComparator(int, java/lang/Object): void, unrolling loop org.jetbrains.research.kfg.analysis.Loop@5031a594 to 1 iterations
2021-06-11 17:16:19.163 [DEBUG][org.jetbrains.research.kex.asm.transform.LoopDeroller] - Method java/util/PriorityQueue::siftDownComparable(int, java/lang/Object): void, unrolling loop org.jetbrains.research.kfg.analysis.Loop@7745d966 to 1 iterations
2021-06-11 17:16:19.164 [DEBUG][org.jetbrains.research.kex.asm.transform.LoopDeroller] - Method java/util/PriorityQueue::siftDownUsingComparator(int, java/lang/Object): void, unrolling loop org.jetbrains.research.kfg.analysis.Loop@a228bf9 to 1 iterations
2021-06-11 17:16:19.167 [DEBUG][org.jetbrains.research.kex.asm.transform.LoopDeroller] - Method java/util/PriorityQueue::heapify(): void, unrolling loop org.jetbrains.research.kfg.analysis.Loop@63a1c043 to 1 iterations
2021-06-11 17:16:19.167 [DEBUG][org.jetbrains.research.kex.asm.transform.LoopDeroller] - Method java/util/PriorityQueue::writeObject(java/io/ObjectOutputStream): void, unrolling loop org.jetbrains.research.kfg.analysis.Loop@1c3719a9 to 1 iterations
2021-06-11 17:16:19.168 [DEBUG][org.jetbrains.research.kex.asm.transform.LoopDeroller] - Method java/util/PriorityQueue::readObject(java/io/ObjectInputStream): void, unrolling loop org.jetbrains.research.kfg.analysis.Loop@5f76806 to 1 iterations
2021-06-11 17:16:19.168 [DEBUG][org.jetbrains.research.kex.asm.transform.LoopDeroller] - Method java/util/Random::seedUniquifier(): long, unrolling loop org.jetbrains.research.kfg.analysis.Loop@5bcf5d97 to 1 iterations
2021-06-11 17:16:19.168 [DEBUG][org.jetbrains.research.kex.asm.transform.LoopDeroller] - Method java/util/Random::next(int): int, unrolling loop org.jetbrains.research.kfg.analysis.Loop@549cfd22 to 1 iterations
2021-06-11 17:16:19.168 [DEBUG][org.jetbrains.research.kex.asm.transform.LoopDeroller] - Method java/util/Random::nextBytes(byte[]): void, unrolling loop org.jetbrains.research.kfg.analysis.Loop@5bdcd18c to 1 iterations
2021-06-11 17:16:19.169 [DEBUG][org.jetbrains.research.kex.asm.transform.LoopDeroller] - Method java/util/Random::nextBytes(byte[]): void, unrolling loop org.jetbrains.research.kfg.analysis.Loop@474c169b to 1 iterations
2021-06-11 17:16:19.169 [DEBUG][org.jetbrains.research.kex.asm.transform.LoopDeroller] - Method java/util/Random::internalNextLong(long, long): long, unrolling loop org.jetbrains.research.kfg.analysis.Loop@438e86b9 to 1 iterations
2021-06-11 17:16:19.171 [DEBUG][org.jetbrains.research.kex.asm.transform.LoopDeroller] - Method java/util/Random::internalNextLong(long, long): long, unrolling loop org.jetbrains.research.kfg.analysis.Loop@4e1e4dc0 to 1 iterations
2021-06-11 17:16:19.172 [DEBUG][org.jetbrains.research.kex.asm.transform.LoopDeroller] - Method java/util/Random::internalNextInt(int, int): int, unrolling loop org.jetbrains.research.kfg.analysis.Loop@20a1ab99 to 1 iterations
2021-06-11 17:16:19.174 [DEBUG][org.jetbrains.research.kex.asm.transform.LoopDeroller] - Method java/util/Random::nextInt(int): int, unrolling loop org.jetbrains.research.kfg.analysis.Loop@4e7b5b15 to 1 iterations
2021-06-11 17:16:19.175 [DEBUG][org.jetbrains.research.kex.asm.transform.LoopDeroller] - Method java/util/Random::nextGaussian(): double, unrolling loop org.jetbrains.research.kfg.analysis.Loop@163d1dca to 1 iterations
2021-06-11 17:16:19.176 [DEBUG][org.jetbrains.research.kex.asm.transform.LoopDeroller] - Method java/util/stream/StreamSpliterators$SliceSpliterator::trySplit(): java/util/Spliterator, unrolling loop org.jetbrains.research.kfg.analysis.Loop@541012f0 to 1 iterations
2021-06-11 17:16:19.178 [DEBUG][org.jetbrains.research.kex.asm.transform.LoopDeroller] - Method java/util/jar/JarFile::maybeInstantiateVerifier(): void, unrolling loop org.jetbrains.research.kfg.analysis.Loop@338fee2 to 1 iterations
2021-06-11 17:16:19.179 [DEBUG][org.jetbrains.research.kex.asm.transform.LoopDeroller] - Method java/util/jar/JarFile::initializeVerifier(): void, unrolling loop org.jetbrains.research.kfg.analysis.Loop@5b7b0e9f to 1 iterations
2021-06-11 17:16:19.180 [DEBUG][org.jetbrains.research.kex.asm.transform.LoopDeroller] - Method java/util/jar/JarFile::getManEntry(): java/util/jar/JarEntry, unrolling loop org.jetbrains.research.kfg.analysis.Loop@64014d54 to 1 iterations
2021-06-11 17:16:19.182 [DEBUG][org.jetbrains.research.kex.asm.transform.LoopDeroller] - Method java/util/jar/JarFile::match(char[], byte[], int[], int[]): bool, unrolling loop org.jetbrains.research.kfg.analysis.Loop@3356000a to 1 iterations
2021-06-11 17:16:19.183 [DEBUG][org.jetbrains.research.kex.asm.transform.LoopDeroller] - Method java/util/jar/JarFile::match(char[], byte[], int[], int[]): bool, unrolling loop org.jetbrains.research.kfg.analysis.Loop@473bb9cd to 1 iterations
2021-06-11 17:16:19.184 [DEBUG][org.jetbrains.research.kex.asm.transform.LoopDeroller] - Method java/util/jar/JarFile::isKnownNotToHaveSpecialAttributes(): bool, unrolling loop org.jetbrains.research.kfg.analysis.Loop@32df096c to 1 iterations
2021-06-11 17:16:19.188 [DEBUG][org.jetbrains.research.kex.asm.transform.LoopDeroller] - Method java/util/jar/JarFile::entryNames(java/security/CodeSource[]): java/util/Enumeration, unrolling loop org.jetbrains.research.kfg.analysis.Loop@6b3d1caf to 1 iterations
2021-06-11 17:16:19.188 [DEBUG][org.jetbrains.research.kex.asm.transform.LoopDeroller] - Method java/util/jar/JarFile::<clinit>(): void, unrolling loop org.jetbrains.research.kfg.analysis.Loop@1a84aae7 to 1 iterations
2021-06-11 17:16:19.189 [DEBUG][org.jetbrains.research.kex.asm.transform.LoopDeroller] - Method java/util/concurrent/ConcurrentHashMap$ForEachEntryTask::compute(): void, unrolling loop org.jetbrains.research.kfg.analysis.Loop@ebf51e5 to 1 iterations
2021-06-11 17:16:19.190 [DEBUG][org.jetbrains.research.kex.asm.transform.LoopDeroller] - Method java/util/concurrent/ConcurrentHashMap$ForEachEntryTask::compute(): void, unrolling loop org.jetbrains.research.kfg.analysis.Loop@741c3d63 to 1 iterations
2021-06-11 17:16:19.192 [DEBUG][org.jetbrains.research.kex.asm.transform.LoopDeroller] - Method java/util/concurrent/atomic/AtomicLong::getAndUpdate(java/util/function/LongUnaryOperator): long, unrolling loop org.jetbrains.research.kfg.analysis.Loop@685ad6be to 1 iterations
2021-06-11 17:16:19.192 [DEBUG][org.jetbrains.research.kex.asm.transform.LoopDeroller] - Method java/util/concurrent/atomic/AtomicLong::updateAndGet(java/util/function/LongUnaryOperator): long, unrolling loop org.jetbrains.research.kfg.analysis.Loop@7d1392d2 to 1 iterations
2021-06-11 17:16:19.193 [DEBUG][org.jetbrains.research.kex.asm.transform.LoopDeroller] - Method java/util/concurrent/atomic/AtomicLong::getAndAccumulate(long, java/util/function/LongBinaryOperator): long, unrolling loop org.jetbrains.research.kfg.analysis.Loop@33faf43a to 1 iterations
2021-06-11 17:16:19.194 [DEBUG][org.jetbrains.research.kex.asm.transform.LoopDeroller] - Method java/util/concurrent/atomic/AtomicLong::accumulateAndGet(long, java/util/function/LongBinaryOperator): long, unrolling loop org.jetbrains.research.kfg.analysis.Loop@6cee23fc to 1 iterations
2021-06-11 17:16:19.195 [DEBUG][org.jetbrains.research.kex.asm.transform.LoopDeroller] - Method java/util/concurrent/ConcurrentSkipListMap$SubMap::lowestEntry(): java/util/Map$Entry, unrolling loop org.jetbrains.research.kfg.analysis.Loop@7bf4e44f to 1 iterations
2021-06-11 17:16:19.196 [DEBUG][org.jetbrains.research.kex.asm.transform.LoopDeroller] - Method java/util/concurrent/ConcurrentSkipListMap$SubMap::highestEntry(): java/util/Map$Entry, unrolling loop org.jetbrains.research.kfg.analysis.Loop@5284c190 to 1 iterations
2021-06-11 17:16:19.196 [DEBUG][org.jetbrains.research.kex.asm.transform.LoopDeroller] - Method java/util/concurrent/ConcurrentSkipListMap$SubMap::removeLowest(): java/util/Map$Entry, unrolling loop org.jetbrains.research.kfg.analysis.Loop@1e0a23b7 to 1 iterations
2021-06-11 17:16:19.197 [DEBUG][org.jetbrains.research.kex.asm.transform.LoopDeroller] - Method java/util/concurrent/ConcurrentSkipListMap$SubMap::removeHighest(): java/util/Map$Entry, unrolling loop org.jetbrains.research.kfg.analysis.Loop@211d5657 to 1 iterations
2021-06-11 17:16:19.197 [DEBUG][org.jetbrains.research.kex.asm.transform.LoopDeroller] - Method java/util/concurrent/ConcurrentSkipListMap$SubMap::getNearEntry(java/lang/Object, int): java/util/Map$Entry, unrolling loop org.jetbrains.research.kfg.analysis.Loop@70c84a9f to 1 iterations
2021-06-11 17:16:19.198 [DEBUG][org.jetbrains.research.kex.asm.transform.LoopDeroller] - Method java/util/concurrent/ConcurrentSkipListMap$SubMap::getNearKey(java/lang/Object, int): java/lang/Object, unrolling loop org.jetbrains.research.kfg.analysis.Loop@216a3f2e to 1 iterations
2021-06-11 17:16:19.200 [DEBUG][org.jetbrains.research.kex.asm.transform.LoopDeroller] - Method java/util/concurrent/ConcurrentSkipListMap$SubMap::size(): int, unrolling loop org.jetbrains.research.kfg.analysis.Loop@15246705 to 1 iterations
2021-06-11 17:16:19.201 [DEBUG][org.jetbrains.research.kex.asm.transform.LoopDeroller] - Method java/util/concurrent/ConcurrentSkipListMap$SubMap::containsValue(java/lang/Object): bool, unrolling loop org.jetbrains.research.kfg.analysis.Loop@6addd50d to 1 iterations
2021-06-11 17:16:19.202 [DEBUG][org.jetbrains.research.kex.asm.transform.LoopDeroller] - Method java/util/concurrent/ConcurrentSkipListMap$SubMap::clear(): void, unrolling loop org.jetbrains.research.kfg.analysis.Loop@61a0dfda to 1 iterations
2021-06-11 17:16:19.204 [DEBUG][org.jetbrains.research.kex.asm.transform.LoopDeroller] - Method java/util/Locale::getISO2Table(java/lang/String): java/lang/String[], unrolling loop org.jetbrains.research.kfg.analysis.Loop@65e40649 to 1 iterations
2021-06-11 17:16:19.207 [DEBUG][org.jetbrains.research.kex.asm.transform.LoopDeroller] - Method java/util/Locale::toLanguageTag(): java/lang/String, unrolling loop org.jetbrains.research.kfg.analysis.Loop@d2b7d11 to 1 iterations
2021-06-11 17:16:19.207 [DEBUG][org.jetbrains.research.kex.asm.transform.LoopDeroller] - Method java/util/Locale::toLanguageTag(): java/lang/String, unrolling loop org.jetbrains.research.kfg.analysis.Loop@2e2c1780 to 1 iterations
2021-06-11 17:16:19.208 [DEBUG][org.jetbrains.research.kex.asm.transform.LoopDeroller] - Method java/util/Locale::getISO3Code(java/lang/String, java/lang/String): java/lang/String, unrolling loop org.jetbrains.research.kfg.analysis.Loop@763f4764 to 1 iterations
2021-06-11 17:16:19.211 [DEBUG][org.jetbrains.research.kex.asm.transform.LoopDeroller] - Method java/util/Locale::getDisplayVariantArray(java/util/Locale): java/lang/String[], unrolling loop org.jetbrains.research.kfg.analysis.Loop@639264eb to 1 iterations
2021-06-11 17:16:19.211 [DEBUG][org.jetbrains.research.kex.asm.transform.LoopDeroller] - Method java/util/Locale::formatList(java/lang/String[], java/lang/String, java/lang/String): java/lang/String, unrolling loop org.jetbrains.research.kfg.analysis.Loop@662175d7 to 1 iterations
2021-06-11 17:16:19.213 [DEBUG][org.jetbrains.research.kex.asm.transform.LoopDeroller] - Method java/util/ListResourceBundle::loadLookup(): void, unrolling loop org.jetbrains.research.kfg.analysis.Loop@3981be22 to 1 iterations
2021-06-11 17:16:19.214 [DEBUG][org.jetbrains.research.kex.asm.transform.LoopDeroller] - Method java/util/Spliterators$AbstractIntSpliterator::trySplit(): java/util/Spliterator$OfInt, unrolling loop org.jetbrains.research.kfg.analysis.Loop@117579d3 to 1 iterations
2021-06-11 17:16:19.215 [DEBUG][org.jetbrains.research.kex.asm.transform.LoopDeroller] - Method java/util/stream/SortedOps$SizedRefSortingSink::end(): void, unrolling loop org.jetbrains.research.kfg.analysis.Loop@1a0ff734 to 1 iterations
2021-06-11 17:16:19.215 [DEBUG][org.jetbrains.research.kex.asm.transform.LoopDeroller] - Method java/util/stream/SortedOps$SizedRefSortingSink::end(): void, unrolling loop org.jetbrains.research.kfg.analysis.Loop@59346918 to 1 iterations
2021-06-11 17:16:19.216 [DEBUG][org.jetbrains.research.kex.asm.transform.LoopDeroller] - Method java/util/BitSet::recalculateWordsInUse(): void, unrolling loop org.jetbrains.research.kfg.analysis.Loop@7b041578 to 1 iterations
2021-06-11 17:16:19.217 [DEBUG][org.jetbrains.research.kex.asm.transform.LoopDeroller] - Method java/util/BitSet::valueOf(long[]): java/util/BitSet, unrolling loop org.jetbrains.research.kfg.analysis.Loop@49cdb83e to 1 iterations
2021-06-11 17:16:19.217 [DEBUG][org.jetbrains.research.kex.asm.transform.LoopDeroller] - Method java/util/BitSet::valueOf(java/nio/LongBuffer): java/util/BitSet, unrolling loop org.jetbrains.research.kfg.analysis.Loop@319f59c6 to 1 iterations
2021-06-11 17:16:19.218 [DEBUG][org.jetbrains.research.kex.asm.transform.LoopDeroller] - Method java/util/BitSet::valueOf(java/nio/ByteBuffer): java/util/BitSet, unrolling loop org.jetbrains.research.kfg.analysis.Loop@6d5aed4e to 1 iterations
2021-06-11 17:16:19.218 [DEBUG][org.jetbrains.research.kex.asm.transform.LoopDeroller] - Method java/util/BitSet::valueOf(java/nio/ByteBuffer): java/util/BitSet, unrolling loop org.jetbrains.research.kfg.analysis.Loop@5c84b20e to 1 iterations
2021-06-11 17:16:19.219 [DEBUG][org.jetbrains.research.kex.asm.transform.LoopDeroller] - Method java/util/BitSet::valueOf(java/nio/ByteBuffer): java/util/BitSet, unrolling loop org.jetbrains.research.kfg.analysis.Loop@3f89be76 to 1 iterations
2021-06-11 17:16:19.219 [DEBUG][org.jetbrains.research.kex.asm.transform.LoopDeroller] - Method java/util/BitSet::toByteArray(): byte[], unrolling loop org.jetbrains.research.kfg.analysis.Loop@4ddcf6ae to 1 iterations
2021-06-11 17:16:19.219 [DEBUG][org.jetbrains.research.kex.asm.transform.LoopDeroller] - Method java/util/BitSet::toByteArray(): byte[], unrolling loop org.jetbrains.research.kfg.analysis.Loop@3714b771 to 1 iterations
2021-06-11 17:16:19.220 [DEBUG][org.jetbrains.research.kex.asm.transform.LoopDeroller] - Method java/util/BitSet::toByteArray(): byte[], unrolling loop org.jetbrains.research.kfg.analysis.Loop@55f2b538 to 1 iterations
2021-06-11 17:16:19.221 [DEBUG][org.jetbrains.research.kex.asm.transform.LoopDeroller] - Method java/util/BitSet::flip(int, int): void, unrolling loop org.jetbrains.research.kfg.analysis.Loop@731acb39 to 1 iterations
2021-06-11 17:16:19.222 [DEBUG][org.jetbrains.research.kex.asm.transform.LoopDeroller] - Method java/util/BitSet::set(int, int): void, unrolling loop org.jetbrains.research.kfg.analysis.Loop@1164a8cf to 1 iterations
2021-06-11 17:16:19.222 [DEBUG][org.jetbrains.research.kex.asm.transform.LoopDeroller] - Method java/util/BitSet::clear(int, int): void, unrolling loop org.jetbrains.research.kfg.analysis.Loop@6e310211 to 1 iterations
2021-06-11 17:16:19.223 [DEBUG][org.jetbrains.research.kex.asm.transform.LoopDeroller] - Method java/util/BitSet::clear(): void, unrolling loop org.jetbrains.research.kfg.analysis.Loop@96ac91 to 1 iterations
2021-06-11 17:16:19.223 [DEBUG][org.jetbrains.research.kex.asm.transform.LoopDeroller] - Method java/util/BitSet::get(int, int): java/util/BitSet, unrolling loop org.jetbrains.research.kfg.analysis.Loop@fbc0164 to 1 iterations
2021-06-11 17:16:19.224 [DEBUG][org.jetbrains.research.kex.asm.transform.LoopDeroller] - Method java/util/BitSet::nextSetBit(int): int, unrolling loop org.jetbrains.research.kfg.analysis.Loop@4ae5bc4a to 1 iterations
2021-06-11 17:16:19.224 [DEBUG][org.jetbrains.research.kex.asm.transform.LoopDeroller] - Method java/util/BitSet::nextClearBit(int): int, unrolling loop org.jetbrains.research.kfg.analysis.Loop@61915cae to 1 iterations
2021-06-11 17:16:19.225 [DEBUG][org.jetbrains.research.kex.asm.transform.LoopDeroller] - Method java/util/BitSet::previousSetBit(int): int, unrolling loop org.jetbrains.research.kfg.analysis.Loop@15558706 to 1 iterations
2021-06-11 17:16:19.227 [DEBUG][org.jetbrains.research.kex.asm.transform.LoopDeroller] - Method java/util/BitSet::previousClearBit(int): int, unrolling loop org.jetbrains.research.kfg.analysis.Loop@6014d270 to 1 iterations
2021-06-11 17:16:19.228 [DEBUG][org.jetbrains.research.kex.asm.transform.LoopDeroller] - Method java/util/BitSet::intersects(java/util/BitSet): bool, unrolling loop org.jetbrains.research.kfg.analysis.Loop@23e46057 to 1 iterations
2021-06-11 17:16:19.228 [DEBUG][org.jetbrains.research.kex.asm.transform.LoopDeroller] - Method java/util/BitSet::cardinality(): int, unrolling loop org.jetbrains.research.kfg.analysis.Loop@4e1e1ab1 to 1 iterations
2021-06-11 17:16:19.228 [DEBUG][org.jetbrains.research.kex.asm.transform.LoopDeroller] - Method java/util/BitSet::and(java/util/BitSet): void, unrolling loop org.jetbrains.research.kfg.analysis.Loop@588395f1 to 1 iterations
2021-06-11 17:16:19.229 [DEBUG][org.jetbrains.research.kex.asm.transform.LoopDeroller] - Method java/util/BitSet::and(java/util/BitSet): void, unrolling loop org.jetbrains.research.kfg.analysis.Loop@71b94d7a to 1 iterations
2021-06-11 17:16:19.229 [DEBUG][org.jetbrains.research.kex.asm.transform.LoopDeroller] - Method java/util/BitSet::or(java/util/BitSet): void, unrolling loop org.jetbrains.research.kfg.analysis.Loop@4128cc36 to 1 iterations
2021-06-11 17:16:19.229 [DEBUG][org.jetbrains.research.kex.asm.transform.LoopDeroller] - Method java/util/BitSet::xor(java/util/BitSet): void, unrolling loop org.jetbrains.research.kfg.analysis.Loop@5065f0c4 to 1 iterations
2021-06-11 17:16:19.229 [DEBUG][org.jetbrains.research.kex.asm.transform.LoopDeroller] - Method java/util/BitSet::andNot(java/util/BitSet): void, unrolling loop org.jetbrains.research.kfg.analysis.Loop@7b606387 to 1 iterations
2021-06-11 17:16:19.230 [DEBUG][org.jetbrains.research.kex.asm.transform.LoopDeroller] - Method java/util/BitSet::hashCode(): int, unrolling loop org.jetbrains.research.kfg.analysis.Loop@1eed437 to 1 iterations
2021-06-11 17:16:19.234 [DEBUG][org.jetbrains.research.kex.asm.transform.LoopDeroller] - Method java/util/BitSet::equals(java/lang/Object): bool, unrolling loop org.jetbrains.research.kfg.analysis.Loop@45d59b56 to 1 iterations
2021-06-11 17:16:19.236 [DEBUG][org.jetbrains.research.kex.asm.transform.LoopDeroller] - Method java/util/BitSet::toString(): java/lang/String, unrolling loop org.jetbrains.research.kfg.analysis.Loop@19343f48 to 1 iterations
2021-06-11 17:16:19.237 [DEBUG][org.jetbrains.research.kex.asm.transform.LoopDeroller] - Method java/util/BitSet::toString(): java/lang/String, unrolling loop org.jetbrains.research.kfg.analysis.Loop@4ff83142 to 1 iterations
2021-06-11 17:16:19.239 [DEBUG][org.jetbrains.research.kex.asm.transform.LoopDeroller] - Method java/util/regex/Pattern$Branch::match(java/util/regex/Matcher, int, java/lang/CharSequence): bool, unrolling loop org.jetbrains.research.kfg.analysis.Loop@6cf8b36b to 1 iterations
2021-06-11 17:16:19.240 [DEBUG][org.jetbrains.research.kex.asm.transform.LoopDeroller] - Method java/util/regex/Pattern$Branch::study(java/util/regex/Pattern$TreeInfo): bool, unrolling loop org.jetbrains.research.kfg.analysis.Loop@55e2da02 to 1 iterations
2021-06-11 17:16:19.241 [DEBUG][org.jetbrains.research.kex.asm.transform.LoopDeroller] - Method java/util/ArraysParallelSortHelpers$FJFloat$Merger::compute(): void, unrolling loop org.jetbrains.research.kfg.analysis.Loop@223884ae to 1 iterations
2021-06-11 17:16:19.241 [DEBUG][org.jetbrains.research.kex.asm.transform.LoopDeroller] - Method java/util/ArraysParallelSortHelpers$FJFloat$Merger::compute(): void, unrolling loop org.jetbrains.research.kfg.analysis.Loop@42ff132b to 1 iterations
2021-06-11 17:16:19.242 [DEBUG][org.jetbrains.research.kex.asm.transform.LoopDeroller] - Method java/util/ArraysParallelSortHelpers$FJFloat$Merger::compute(): void, unrolling loop org.jetbrains.research.kfg.analysis.Loop@70203cdf to 1 iterations
2021-06-11 17:16:19.242 [DEBUG][org.jetbrains.research.kex.asm.transform.LoopDeroller] - Method java/util/ArraysParallelSortHelpers$FJFloat$Merger::compute(): void, unrolling loop org.jetbrains.research.kfg.analysis.Loop@5f4a4b9d to 1 iterations
2021-06-11 17:16:19.245 [DEBUG][org.jetbrains.research.kex.asm.transform.LoopDeroller] - Method java/util/concurrent/Phaser::doArrive(int): int, unrolling loop org.jetbrains.research.kfg.analysis.Loop@1fa69b72 to 1 iterations
2021-06-11 17:16:19.250 [DEBUG][org.jetbrains.research.kex.asm.transform.LoopDeroller] - Method java/util/concurrent/Phaser::doRegister(int): int, unrolling loop org.jetbrains.research.kfg.analysis.Loop@26d61e06 to 1 iterations
2021-06-11 17:16:19.250 [DEBUG][org.jetbrains.research.kex.asm.transform.LoopDeroller] - Method java/util/concurrent/Phaser::doRegister(int): int, unrolling loop org.jetbrains.research.kfg.analysis.Loop@63064413 to 1 iterations
2021-06-11 17:16:19.251 [DEBUG][org.jetbrains.research.kex.asm.transform.LoopDeroller] - Method java/util/concurrent/Phaser::reconcileState(): long, unrolling loop org.jetbrains.research.kfg.analysis.Loop@6bff210e to 1 iterations
2021-06-11 17:16:19.252 [DEBUG][org.jetbrains.research.kex.asm.transform.LoopDeroller] - Method java/util/concurrent/Phaser::arriveAndAwaitAdvance(): int, unrolling loop org.jetbrains.research.kfg.analysis.Loop@38853c6a to 1 iterations
2021-06-11 17:16:19.253 [DEBUG][org.jetbrains.research.kex.asm.transform.LoopDeroller] - Method java/util/concurrent/Phaser::forceTermination(): void, unrolling loop org.jetbrains.research.kfg.analysis.Loop@2af229b6 to 1 iterations
2021-06-11 17:16:19.255 [DEBUG][org.jetbrains.research.kex.asm.transform.LoopDeroller] - Method java/util/concurrent/Phaser::releaseWaiters(int): void, unrolling loop org.jetbrains.research.kfg.analysis.Loop@7545a7bd to 1 iterations
2021-06-11 17:16:19.257 [DEBUG][org.jetbrains.research.kex.asm.transform.LoopDeroller] - Method java/util/concurrent/Phaser::abortWait(int): int, unrolling loop org.jetbrains.research.kfg.analysis.Loop@71d96c41 to 1 iterations
2021-06-11 17:16:19.258 [DEBUG][org.jetbrains.research.kex.asm.transform.LoopDeroller] - Method java/util/concurrent/Phaser::internalAwaitAdvance(int, java/util/concurrent/Phaser$QNode): int, unrolling loop org.jetbrains.research.kfg.analysis.Loop@4cec0cfa to 1 iterations
2021-06-11 17:16:19.260 [DEBUG][org.jetbrains.research.kex.asm.transform.LoopDeroller] - Method java/util/TimeZone::parseCustomTimeZone(java/lang/String): java/util/TimeZone, unrolling loop org.jetbrains.research.kfg.analysis.Loop@2f8a7bae to 1 iterations
2021-06-11 17:16:19.262 [DEBUG][org.jetbrains.research.kex.asm.transform.LoopDeroller] - Method java/lang/reflect/Proxy$ProxyClassFactory::apply(java/lang/ClassLoader, java/lang/Class[]): java/lang/Class, unrolling loop org.jetbrains.research.kfg.analysis.Loop@2106e73a to 1 iterations
2021-06-11 17:16:19.263 [DEBUG][org.jetbrains.research.kex.asm.transform.LoopDeroller] - Method java/lang/reflect/Proxy$ProxyClassFactory::apply(java/lang/ClassLoader, java/lang/Class[]): java/lang/Class, unrolling loop org.jetbrains.research.kfg.analysis.Loop@64ea9a24 to 1 iterations
2021-06-11 17:16:19.265 [DEBUG][org.jetbrains.research.kex.asm.transform.LoopDeroller] - Method java/lang/invoke/InnerClassLambdaMetafactory::<init>(java/lang/invoke/MethodHandles$Lookup, java/lang/invoke/MethodType, java/lang/String, java/lang/invoke/MethodType, java/lang/invoke/MethodHandle, java/lang/invoke/MethodType, bool, java/lang/Class[], java/lang/invoke/MethodType[]): void, unrolling loop org.jetbrains.research.kfg.analysis.Loop@586d79da to 1 iterations
2021-06-11 17:16:19.270 [DEBUG][org.jetbrains.research.kex.asm.transform.LoopDeroller] - Method java/lang/invoke/InnerClassLambdaMetafactory::spinInnerClass(): java/lang/Class, unrolling loop org.jetbrains.research.kfg.analysis.Loop@28a903b0 to 1 iterations
2021-06-11 17:16:19.270 [DEBUG][org.jetbrains.research.kex.asm.transform.LoopDeroller] - Method java/lang/invoke/InnerClassLambdaMetafactory::spinInnerClass(): java/lang/Class, unrolling loop org.jetbrains.research.kfg.analysis.Loop@412d3f01 to 1 iterations
2021-06-11 17:16:19.271 [DEBUG][org.jetbrains.research.kex.asm.transform.LoopDeroller] - Method java/lang/invoke/InnerClassLambdaMetafactory::spinInnerClass(): java/lang/Class, unrolling loop org.jetbrains.research.kfg.analysis.Loop@11e407aa to 1 iterations
2021-06-11 17:16:19.272 [DEBUG][org.jetbrains.research.kex.asm.transform.LoopDeroller] - Method java/lang/invoke/InnerClassLambdaMetafactory::generateFactory(): void, unrolling loop org.jetbrains.research.kfg.analysis.Loop@51f0ad21 to 1 iterations
2021-06-11 17:16:19.276 [DEBUG][org.jetbrains.research.kex.asm.transform.LoopDeroller] - Method java/lang/invoke/InnerClassLambdaMetafactory::generateConstructor(): void, unrolling loop org.jetbrains.research.kfg.analysis.Loop@185d0835 to 1 iterations
2021-06-11 17:16:19.277 [DEBUG][org.jetbrains.research.kex.asm.transform.LoopDeroller] - Method java/lang/invoke/InnerClassLambdaMetafactory::generateSerializationFriendlyMethods(): void, unrolling loop org.jetbrains.research.kfg.analysis.Loop@e682356 to 1 iterations
2021-06-11 17:16:19.279 [DEBUG][org.jetbrains.research.kex.asm.transform.LoopDeroller] - Method java/util/regex/Pattern$StartS::match(java/util/regex/Matcher, int, java/lang/CharSequence): bool, unrolling loop org.jetbrains.research.kfg.analysis.Loop@7bcd0a74 to 1 iterations
2021-06-11 17:16:19.280 [DEBUG][org.jetbrains.research.kex.asm.transform.LoopDeroller] - Method java/util/regex/Pattern$CIBackRef::match(java/util/regex/Matcher, int, java/lang/CharSequence): bool, unrolling loop org.jetbrains.research.kfg.analysis.Loop@c2a7a0e to 1 iterations
2021-06-11 17:16:19.281 [DEBUG][org.jetbrains.research.kex.asm.transform.LoopDeroller] - Method java/util/stream/SortedOps$IntSortingSink::end(): void, unrolling loop org.jetbrains.research.kfg.analysis.Loop@2568235a to 1 iterations
2021-06-11 17:16:19.282 [DEBUG][org.jetbrains.research.kex.asm.transform.LoopDeroller] - Method java/util/stream/SortedOps$IntSortingSink::end(): void, unrolling loop org.jetbrains.research.kfg.analysis.Loop@56e83afb to 1 iterations
2021-06-11 17:16:19.282 [DEBUG][org.jetbrains.research.kex.asm.transform.LoopDeroller] - Method java/util/IdentityHashMap$KeySpliterator::forEachRemaining(java/util/function/Consumer): void, unrolling loop org.jetbrains.research.kfg.analysis.Loop@59344bfb to 1 iterations
2021-06-11 17:16:19.283 [DEBUG][org.jetbrains.research.kex.asm.transform.LoopDeroller] - Method java/util/IdentityHashMap$KeySpliterator::tryAdvance(java/util/function/Consumer): bool, unrolling loop org.jetbrains.research.kfg.analysis.Loop@1e742326 to 1 iterations
2021-06-11 17:16:20.940 [ERROR][org.jetbrains.research.kex.asm.state.PredicateStateAnalysis] - Can't perform topological sorting of java/util/logging/FileHandler::openFiles(): void
2021-06-11 17:16:20.949 [ERROR][org.jetbrains.research.kex.asm.state.PredicateStateAnalysis] - Can't perform topological sorting of java/lang/Shutdown::runHooks(): void
2021-06-11 17:16:21.053 [ERROR][org.jetbrains.research.kex.asm.state.PredicateStateAnalysis] - Can't perform topological sorting of java/io/ObjectInputStream::readSerialData(java/lang/Object, java/io/ObjectStreamClass): void
2021-06-11 17:16:21.122 [ERROR][org.jetbrains.research.kex.asm.state.PredicateStateAnalysis] - Can't perform topological sorting of java/lang/ref/Finalizer$FinalizerThread::run(): void
2021-06-11 17:16:21.132 [ERROR][org.jetbrains.research.kex.asm.state.PredicateStateAnalysis] - Can't perform topological sorting of java/util/concurrent/CyclicBarrier::dowait(bool, long): int
2021-06-11 17:16:21.211 [ERROR][org.jetbrains.research.kex.asm.state.PredicateStateAnalysis] - Can't perform topological sorting of java/lang/ref/Reference$ReferenceHandler::run(): void
2021-06-11 17:16:21.277 [ERROR][org.jetbrains.research.kex.asm.state.PredicateStateAnalysis] - Can't perform topological sorting of java/util/Formatter::format(java/util/Locale, java/lang/String, java/lang/Object[]): java/util/Formatter
2021-06-11 17:16:21.310 [ERROR][org.jetbrains.research.kex.asm.state.PredicateStateAnalysis] - Can't perform topological sorting of java/util/concurrent/AbstractExecutorService::doInvokeAny(java/util/Collection, bool, long): java/lang/Object
2021-06-11 17:16:22.240 [ERROR][org.jetbrains.research.kex.asm.state.PredicateStateAnalysis] - Can't perform topological sorting of java/lang/invoke/MethodHandleNatives::verifyConstants(): bool
2021-06-11 17:16:22.256 [ERROR][org.jetbrains.research.kex.asm.state.PredicateStateAnalysis] - Can't perform topological sorting of java/util/concurrent/ThreadPoolExecutor::getTask(): java/lang/Runnable
2021-06-11 17:16:22.305 [ERROR][org.jetbrains.research.kex.asm.state.PredicateStateAnalysis] - Can't perform topological sorting of java/util/regex/Pattern::peekPastWhitespace(int): int
2021-06-11 17:16:22.306 [ERROR][org.jetbrains.research.kex.asm.state.PredicateStateAnalysis] - Can't perform topological sorting of java/util/regex/Pattern::parsePastWhitespace(int): int
2021-06-11 17:16:22.356 [ERROR][org.jetbrains.research.kex.asm.state.PredicateStateAnalysis] - Can't perform topological sorting of java/io/ObjectInputStream$BlockDataInputStream::readBooleans(bool[], int, int): void
2021-06-11 17:16:22.357 [ERROR][org.jetbrains.research.kex.asm.state.PredicateStateAnalysis] - Can't perform topological sorting of java/io/ObjectInputStream$BlockDataInputStream::readChars(char[], int, int): void
2021-06-11 17:16:22.357 [ERROR][org.jetbrains.research.kex.asm.state.PredicateStateAnalysis] - Can't perform topological sorting of java/io/ObjectInputStream$BlockDataInputStream::readShorts(short[], int, int): void
2021-06-11 17:16:22.357 [ERROR][org.jetbrains.research.kex.asm.state.PredicateStateAnalysis] - Can't perform topological sorting of java/io/ObjectInputStream$BlockDataInputStream::readInts(int[], int, int): void
2021-06-11 17:16:22.358 [ERROR][org.jetbrains.research.kex.asm.state.PredicateStateAnalysis] - Can't perform topological sorting of java/io/ObjectInputStream$BlockDataInputStream::readLongs(long[], int, int): void
2021-06-11 17:16:49.489 [DEBUG][org.jetbrains.research.kex.reanimator.collector.SetterCollector] - java/util/stream/DoubleStream is not from kotlin
2021-06-11 17:16:49.523 [DEBUG][org.jetbrains.research.kex.reanimator.collector.SetterCollector] - java/lang/ExceptionInInitializerError is not from kotlin
2021-06-11 17:16:49.546 [DEBUG][org.jetbrains.research.kex.reanimator.collector.SetterCollector] - java/util/stream/Node$OfPrimitive is not from kotlin
2021-06-11 17:16:49.592 [DEBUG][org.jetbrains.research.kex.reanimator.collector.SetterCollector] - java/util/stream/Streams$IntStreamBuilderImpl is not from kotlin
2021-06-11 17:16:49.604 [DEBUG][org.jetbrains.research.kex.reanimator.collector.SetterCollector] - java/util/regex/Pattern$GroupHead is not from kotlin
2021-06-11 17:16:49.607 [DEBUG][org.jetbrains.research.kex.reanimator.collector.SetterCollector] - java/lang/ClassFormatError is not from kotlin
2021-06-11 17:16:49.652 [DEBUG][org.jetbrains.research.kex.reanimator.collector.SetterCollector] - java/util/ArraysParallelSortHelpers$Relay is not from kotlin
2021-06-11 17:16:49.655 [DEBUG][org.jetbrains.research.kex.reanimator.collector.SetterCollector] - java/util/Spliterators$AbstractIntSpliterator$HoldingIntConsumer is not from kotlin
2021-06-11 17:16:49.656 [DEBUG][org.jetbrains.research.kex.reanimator.collector.SetterCollector] - java/lang/Runnable is not from kotlin
2021-06-11 17:16:49.657 [DEBUG][org.jetbrains.research.kex.reanimator.collector.SetterCollector] - java/util/regex/Pattern$CharPropertyNames$10 is not from kotlin
2021-06-11 17:16:49.658 [DEBUG][org.jetbrains.research.kex.reanimator.collector.SetterCollector] - java/util/regex/Pattern$CharPropertyNames$11 is not from kotlin
2021-06-11 17:16:49.661 [DEBUG][org.jetbrains.research.kex.reanimator.collector.SetterCollector] - java/util/Spliterators is not from kotlin
2021-06-11 17:16:49.662 [DEBUG][org.jetbrains.research.kex.reanimator.collector.SetterCollector] - java/util/regex/Pattern$CharPropertyNames$14 is not from kotlin
2021-06-11 17:16:49.662 [DEBUG][org.jetbrains.research.kex.reanimator.collector.SetterCollector] - java/util/regex/Pattern$CharPropertyNames$15 is not from kotlin
2021-06-11 17:16:49.663 [DEBUG][org.jetbrains.research.kex.reanimator.collector.SetterCollector] - java/util/regex/Pattern$CharPropertyNames$12 is not from kotlin
2021-06-11 17:16:49.663 [DEBUG][org.jetbrains.research.kex.reanimator.collector.SetterCollector] - java/util/regex/Pattern$CharPropertyNames$13 is not from kotlin
2021-06-11 17:16:49.670 [DEBUG][org.jetbrains.research.kex.reanimator.collector.SetterCollector] - java/util/concurrent/LinkedBlockingDeque$LBDSpliterator is not from kotlin
2021-06-11 17:16:49.670 [DEBUG][org.jetbrains.research.kex.reanimator.collector.SetterCollector] - java/util/regex/Pattern$CharPropertyNames$18 is not from kotlin
2021-06-11 17:16:49.671 [DEBUG][org.jetbrains.research.kex.reanimator.collector.SetterCollector] - java/util/stream/DistinctOps$1$1 is not from kotlin
2021-06-11 17:16:49.672 [DEBUG][org.jetbrains.research.kex.reanimator.collector.SetterCollector] - java/util/regex/Pattern$CharPropertyNames$19 is not from kotlin
2021-06-11 17:16:49.672 [DEBUG][org.jetbrains.research.kex.reanimator.collector.SetterCollector] - java/util/regex/Pattern$CharPropertyNames$16 is not from kotlin
2021-06-11 17:16:49.672 [DEBUG][org.jetbrains.research.kex.reanimator.collector.SetterCollector] - java/util/regex/Pattern$CharPropertyNames$17 is not from kotlin
2021-06-11 17:16:49.673 [DEBUG][org.jetbrains.research.kex.reanimator.collector.SetterCollector] - java/util/stream/DistinctOps$1$2 is not from kotlin
2021-06-11 17:16:49.718 [DEBUG][org.jetbrains.research.kex.reanimator.collector.SetterCollector] - java/lang/Thread is not from kotlin
2021-06-11 17:16:49.720 [INFO ][org.jetbrains.research.kex.reanimator.collector.SetterCollector] - Method java/lang/Thread::setPriority(int): void is java setter for private int java.lang.Thread.priority
2021-06-11 17:16:49.723 [INFO ][org.jetbrains.research.kex.reanimator.collector.SetterCollector] - Method java/lang/Thread::setName(java/lang/String): void is java setter for private volatile java.lang.String java.lang.Thread.name
2021-06-11 17:16:49.724 [INFO ][org.jetbrains.research.kex.reanimator.collector.SetterCollector] - Method java/lang/Thread::setDaemon(bool): void is java setter for private boolean java.lang.Thread.daemon
2021-06-11 17:16:49.724 [INFO ][org.jetbrains.research.kex.reanimator.collector.SetterCollector] - Method java/lang/Thread::setContextClassLoader(java/lang/ClassLoader): void is java setter for private java.lang.ClassLoader java.lang.Thread.contextClassLoader
2021-06-11 17:16:49.725 [INFO ][org.jetbrains.research.kex.reanimator.collector.SetterCollector] - Method java/lang/Thread::setDefaultUncaughtExceptionHandler(java/lang/Thread$UncaughtExceptionHandler): void is java setter for private static volatile java.lang.Thread$UncaughtExceptionHandler java.lang.Thread.defaultUncaughtExceptionHandler
2021-06-11 17:16:49.726 [INFO ][org.jetbrains.research.kex.reanimator.collector.SetterCollector] - Method java/lang/Thread::setUncaughtExceptionHandler(java/lang/Thread$UncaughtExceptionHandler): void is java setter for private volatile java.lang.Thread$UncaughtExceptionHandler java.lang.Thread.uncaughtExceptionHandler
2021-06-11 17:16:49.767 [DEBUG][org.jetbrains.research.kex.reanimator.collector.SetterCollector] - java/util/concurrent/ConcurrentHashMap$ForwardingNode is not from kotlin
2021-06-11 17:16:49.796 [DEBUG][org.jetbrains.research.kex.reanimator.collector.SetterCollector] - java/util/LinkedHashMap$LinkedEntryIterator is not from kotlin
2021-06-11 17:16:49.812 [DEBUG][org.jetbrains.research.kex.reanimator.collector.SetterCollector] - java/util/AbstractMap$SimpleImmutableEntry is not from kotlin
2021-06-11 17:16:49.826 [DEBUG][org.jetbrains.research.kex.reanimator.collector.SetterCollector] - java/util/concurrent/Executors$DefaultThreadFactory is not from kotlin
2021-06-11 17:16:49.899 [DEBUG][org.jetbrains.research.kex.reanimator.collector.SetterCollector] - java/util/Hashtable$ValueCollection is not from kotlin
2021-06-11 17:16:49.914 [DEBUG][org.jetbrains.research.kex.reanimator.collector.SetterCollector] - java/util/stream/Node$OfInt is not from kotlin
2021-06-11 17:16:49.917 [DEBUG][org.jetbrains.research.kex.reanimator.collector.SetterCollector] - java/util/regex/Pattern$CharPropertyNames$21 is not from kotlin
2021-06-11 17:16:49.917 [DEBUG][org.jetbrains.research.kex.reanimator.collector.SetterCollector] - java/util/regex/Pattern$CharPropertyNames$22 is not from kotlin
2021-06-11 17:16:49.918 [DEBUG][org.jetbrains.research.kex.reanimator.collector.SetterCollector] - java/util/regex/Pattern$CharPropertyNames$20 is not from kotlin
2021-06-11 17:16:49.918 [DEBUG][org.jetbrains.research.kex.reanimator.collector.SetterCollector] - java/util/regex/Pattern$CharPropertyNames$23 is not from kotlin
2021-06-11 17:16:49.938 [DEBUG][org.jetbrains.research.kex.reanimator.collector.SetterCollector] - java/util/zip/CheckedOutputStream is not from kotlin
2021-06-11 17:16:49.942 [DEBUG][org.jetbrains.research.kex.reanimator.collector.SetterCollector] - java/util/EmptyStackException is not from kotlin
2021-06-11 17:16:49.954 [DEBUG][org.jetbrains.research.kex.reanimator.collector.SetterCollector] - java/lang/SecurityException is not from kotlin
2021-06-11 17:16:49.956 [DEBUG][org.jetbrains.research.kex.reanimator.collector.SetterCollector] - java/lang/Integer$IntegerCache is not from kotlin
2021-06-11 17:16:49.984 [DEBUG][org.jetbrains.research.kex.reanimator.collector.SetterCollector] - java/lang/ProcessBuilder$Redirect$Type is not from kotlin
2021-06-11 17:16:49.990 [DEBUG][org.jetbrains.research.kex.reanimator.collector.SetterCollector] - java/lang/FunctionalInterface is not from kotlin
2021-06-11 17:16:50.209 [DEBUG][org.jetbrains.research.kex.reanimator.collector.SetterCollector] - java/util/TreeMap$NavigableSubMap is not from kotlin
2021-06-11 17:16:50.218 [DEBUG][org.jetbrains.research.kex.reanimator.collector.SetterCollector] - java/util/concurrent/RejectedExecutionHandler is not from kotlin
2021-06-11 17:16:50.227 [DEBUG][org.jetbrains.research.kex.reanimator.collector.SetterCollector] - java/util/Timer is not from kotlin
2021-06-11 17:16:50.324 [DEBUG][org.jetbrains.research.kex.reanimator.collector.SetterCollector] - java/util/RegularEnumSet is not from kotlin
2021-06-11 17:16:50.331 [DEBUG][org.jetbrains.research.kex.reanimator.collector.SetterCollector] - java/util/Collections$UnmodifiableMap$UnmodifiableEntrySet$UnmodifiableEntry is not from kotlin
2021-06-11 17:16:50.332 [DEBUG][org.jetbrains.research.kex.reanimator.collector.SetterCollector] - java/util/regex/Pattern$UnixCaret is not from kotlin
2021-06-11 17:16:50.363 [DEBUG][org.jetbrains.research.kex.reanimator.collector.SetterCollector] - java/util/stream/Nodes$DoubleFixedNodeBuilder is not from kotlin
2021-06-11 17:16:50.370 [DEBUG][org.jetbrains.research.kex.reanimator.collector.SetterCollector] - java/io/InputStreamReader is not from kotlin
2021-06-11 17:16:50.376 [DEBUG][org.jetbrains.research.kex.reanimator.collector.SetterCollector] - java/util/Spliterators$EmptySpliterator$OfInt is not from kotlin
2021-06-11 17:16:50.379 [DEBUG][org.jetbrains.research.kex.reanimator.collector.SetterCollector] - java/lang/NullPointerException is not from kotlin
2021-06-11 17:16:50.383 [DEBUG][org.jetbrains.research.kex.reanimator.collector.SetterCollector] - java/util/concurrent/SynchronousQueue$WaitQueue is not from kotlin
2021-06-11 17:16:50.499 [DEBUG][org.jetbrains.research.kex.reanimator.collector.SetterCollector] - java/util/Collections$CheckedList is not from kotlin
2021-06-11 17:16:50.508 [DEBUG][org.jetbrains.research.kex.reanimator.collector.SetterCollector] - java/lang/management/MemoryPoolMXBean is not from kotlin
2021-06-11 17:16:50.523 [DEBUG][org.jetbrains.research.kex.reanimator.collector.SetterCollector] - java/util/Collections$SynchronizedCollection is not from kotlin
2021-06-11 17:16:50.526 [DEBUG][org.jetbrains.research.kex.reanimator.collector.SetterCollector] - java/io/ObjectOutputStream$HandleTable is not from kotlin
2021-06-11 17:16:50.526 [DEBUG][org.jetbrains.research.kex.reanimator.collector.SetterCollector] - java/util/function/Consumer is not from kotlin
2021-06-11 17:16:50.539 [DEBUG][org.jetbrains.research.kex.reanimator.collector.SetterCollector] - java/util/concurrent/ArrayBlockingQueue$Itr is not from kotlin
2021-06-11 17:16:50.542 [DEBUG][org.jetbrains.research.kex.reanimator.collector.SetterCollector] - java/util/Collections$EmptyIterator is not from kotlin
2021-06-11 17:16:50.545 [DEBUG][org.jetbrains.research.kex.reanimator.collector.SetterCollector] - java/lang/Character$UnicodeBlock is not from kotlin
2021-06-11 17:16:50.549 [DEBUG][org.jetbrains.research.kex.reanimator.collector.SetterCollector] - java/lang/reflect/UndeclaredThrowableException is not from kotlin
2021-06-11 17:16:50.560 [DEBUG][org.jetbrains.research.kex.reanimator.collector.SetterCollector] - java/io/PushbackInputStream is not from kotlin
2021-06-11 17:16:50.567 [DEBUG][org.jetbrains.research.kex.reanimator.collector.SetterCollector] - java/util/concurrent/ForkJoinTask$AdaptedCallable is not from kotlin
2021-06-11 17:16:50.633 [DEBUG][org.jetbrains.research.kex.reanimator.collector.SetterCollector] - java/util/stream/LongPipeline$StatefulOp is not from kotlin
2021-06-11 17:16:50.635 [DEBUG][org.jetbrains.research.kex.reanimator.collector.SetterCollector] - java/util/regex/Pattern$GroupRef is not from kotlin
2021-06-11 17:16:50.636 [DEBUG][org.jetbrains.research.kex.reanimator.collector.SetterCollector] - java/util/Spliterator is not from kotlin
2021-06-11 17:16:50.638 [DEBUG][org.jetbrains.research.kex.reanimator.collector.SetterCollector] - java/io/StringReader is not from kotlin
2021-06-11 17:16:50.639 [DEBUG][org.jetbrains.research.kex.reanimator.collector.SetterCollector] - java/lang/invoke/DirectMethodHandle$Lazy is not from kotlin
2021-06-11 17:16:50.641 [DEBUG][org.jetbrains.research.kex.reanimator.collector.SetterCollector] - java/util/Base64$DecInputStream is not from kotlin
2021-06-11 17:16:50.644 [DEBUG][org.jetbrains.research.kex.reanimator.collector.SetterCollector] - java/util/Base64$Encoder is not from kotlin
2021-06-11 17:16:50.662 [DEBUG][org.jetbrains.research.kex.reanimator.collector.SetterCollector] - java/util/prefs/AbstractPreferences is not from kotlin
2021-06-11 17:16:50.673 [DEBUG][org.jetbrains.research.kex.reanimator.collector.SetterCollector] - java/util/IdentityHashMap$ValueSpliterator is not from kotlin
2021-06-11 17:16:50.680 [DEBUG][org.jetbrains.research.kex.reanimator.collector.SetterCollector] - java/util/stream/Sink$ChainedInt is not from kotlin
2021-06-11 17:16:50.681 [DEBUG][org.jetbrains.research.kex.reanimator.collector.SetterCollector] - java/util/concurrent/locks/LockSupport is not from kotlin
2021-06-11 17:16:50.689 [DEBUG][org.jetbrains.research.kex.reanimator.collector.SetterCollector] - java/util/IdentityHashMap$EntryIterator$Entry is not from kotlin
2021-06-11 17:16:50.691 [DEBUG][org.jetbrains.research.kex.reanimator.collector.SetterCollector] - java/util/concurrent/atomic/AtomicStampedReference$Pair is not from kotlin
2021-06-11 17:16:50.692 [DEBUG][org.jetbrains.research.kex.reanimator.collector.SetterCollector] - java/util/regex/Pattern$Caret is not from kotlin
2021-06-11 17:16:50.703 [DEBUG][org.jetbrains.research.kex.reanimator.collector.SetterCollector] - java/util/stream/Nodes$EmptyNode is not from kotlin
2021-06-11 17:16:50.710 [DEBUG][org.jetbrains.research.kex.reanimator.collector.SetterCollector] - java/util/concurrent/ForkJoinTask$AdaptedRunnableAction is not from kotlin
2021-06-11 17:16:50.712 [DEBUG][org.jetbrains.research.kex.reanimator.collector.SetterCollector] - java/io/PipedOutputStream is not from kotlin
2021-06-11 17:16:50.724 [DEBUG][org.jetbrains.research.kex.reanimator.collector.SetterCollector] - java/util/zip/DeflaterInputStream is not from kotlin
2021-06-11 17:16:50.770 [DEBUG][org.jetbrains.research.kex.reanimator.collector.SetterCollector] - java/lang/reflect/Field is not from kotlin
2021-06-11 17:16:50.771 [DEBUG][org.jetbrains.research.kex.reanimator.collector.SetterCollector] - java/util/concurrent/atomic/AtomicLongFieldUpdater$CASUpdater$1 is not from kotlin
2021-06-11 17:16:50.792 [DEBUG][org.jetbrains.research.kex.reanimator.collector.SetterCollector] - java/util/WeakHashMap$KeySpliterator is not from kotlin
2021-06-11 17:16:50.816 [DEBUG][org.jetbrains.research.kex.reanimator.collector.SetterCollector] - java/util/HashMap$EntryIterator is not from kotlin
2021-06-11 17:16:50.827 [DEBUG][org.jetbrains.research.kex.reanimator.collector.SetterCollector] - java/util/MissingFormatWidthException is not from kotlin
2021-06-11 17:16:50.850 [DEBUG][org.jetbrains.research.kex.reanimator.collector.SetterCollector] - java/util/stream/FindOps$FindSink$OfInt is not from kotlin
2021-06-11 17:16:50.855 [DEBUG][org.jetbrains.research.kex.reanimator.collector.SetterCollector] - java/util/ResourceBundle is not from kotlin
2021-06-11 17:16:50.856 [INFO ][org.jetbrains.research.kex.reanimator.collector.SetterCollector] - Method java/util/ResourceBundle::setParent(java/util/ResourceBundle): void is java setter for protected java.util.ResourceBundle java.util.ResourceBundle.parent
2021-06-11 17:16:50.857 [DEBUG][org.jetbrains.research.kex.reanimator.collector.SetterCollector] - java/util/stream/SpinedBuffer$OfLong$1Splitr is not from kotlin
2021-06-11 17:16:50.868 [DEBUG][org.jetbrains.research.kex.reanimator.collector.SetterCollector] - java/lang/reflect/WeakCache$LookupValue is not from kotlin
2021-06-11 17:16:50.870 [DEBUG][org.jetbrains.research.kex.reanimator.collector.SetterCollector] - java/io/FileDescriptor is not from kotlin
2021-06-11 17:16:50.884 [DEBUG][org.jetbrains.research.kex.reanimator.collector.SetterCollector] - java/lang/ref/Finalizer is not from kotlin
2021-06-11 17:16:50.888 [DEBUG][org.jetbrains.research.kex.reanimator.collector.SetterCollector] - java/lang/AssertionStatusDirectives is not from kotlin
2021-06-11 17:16:50.893 [DEBUG][org.jetbrains.research.kex.reanimator.collector.SetterCollector] - java/util/HashMap$Node is not from kotlin
2021-06-11 17:16:50.893 [INFO ][org.jetbrains.research.kex.reanimator.collector.SetterCollector] - Method java/util/HashMap$Node::setValue(java/lang/Object): java/lang/Object is java setter for java.lang.Object java.util.HashMap$Node.value
2021-06-11 17:16:50.907 [DEBUG][org.jetbrains.research.kex.reanimator.collector.SetterCollector] - java/util/concurrent/ConcurrentSkipListMap$HeadIndex is not from kotlin
2021-06-11 17:16:50.910 [DEBUG][org.jetbrains.research.kex.reanimator.collector.SetterCollector] - java/util/concurrent/ConcurrentSkipListMap$CSLMSpliterator is not from kotlin
2021-06-11 17:16:50.916 [DEBUG][org.jetbrains.research.kex.reanimator.collector.SetterCollector] - java/util/concurrent/SynchronousQueue$TransferStack is not from kotlin
2021-06-11 17:16:50.972 [DEBUG][org.jetbrains.research.kex.reanimator.collector.SetterCollector] - java/util/Collections$SynchronizedRandomAccessList is not from kotlin
2021-06-11 17:16:50.977 [DEBUG][org.jetbrains.research.kex.reanimator.collector.SetterCollector] - java/util/stream/StreamSpliterators$ArrayBuffer$OfInt is not from kotlin
2021-06-11 17:16:50.978 [DEBUG][org.jetbrains.research.kex.reanimator.collector.SetterCollector] - java/lang/UnsupportedClassVersionError is not from kotlin
2021-06-11 17:16:51.024 [DEBUG][org.jetbrains.research.kex.reanimator.collector.SetterCollector] - java/util/Collections$CheckedMap is not from kotlin
2021-06-11 17:16:51.070 [DEBUG][org.jetbrains.research.kex.reanimator.collector.SetterCollector] - java/util/TreeMap$KeySet is not from kotlin
2021-06-11 17:16:51.073 [DEBUG][org.jetbrains.research.kex.reanimator.collector.SetterCollector] - java/util/stream/SliceOps is not from kotlin
2021-06-11 17:16:51.101 [DEBUG][org.jetbrains.research.kex.reanimator.collector.SetterCollector] - java/util/HashSet is not from kotlin
2021-06-11 17:16:51.103 [DEBUG][org.jetbrains.research.kex.reanimator.collector.SetterCollector] - java/lang/invoke/MethodHandleImpl$BindCaller$T is not from kotlin
2021-06-11 17:16:51.110 [DEBUG][org.jetbrains.research.kex.reanimator.collector.SetterCollector] - java/lang/reflect/WeakCache$CacheValue is not from kotlin
2021-06-11 17:16:51.110 [DEBUG][org.jetbrains.research.kex.reanimator.collector.SetterCollector] - java/lang/invoke/MethodHandleImpl$BindCaller$2 is not from kotlin
2021-06-11 17:16:51.114 [DEBUG][org.jetbrains.research.kex.reanimator.collector.SetterCollector] - java/util/prefs/AbstractPreferences$NodeAddedEvent is not from kotlin
2021-06-11 17:16:51.121 [DEBUG][org.jetbrains.research.kex.reanimator.collector.SetterCollector] - java/lang/management/MemoryMXBean is not from kotlin
2021-06-11 17:16:51.151 [DEBUG][org.jetbrains.research.kex.reanimator.collector.SetterCollector] - java/util/TreeMap$DescendingSubMap$DescendingEntrySetView is not from kotlin
2021-06-11 17:16:51.152 [DEBUG][org.jetbrains.research.kex.reanimator.collector.SetterCollector] - java/lang/invoke/MethodHandleImpl$BindCaller$1 is not from kotlin
2021-06-11 17:16:51.180 [DEBUG][org.jetbrains.research.kex.reanimator.collector.SetterCollector] - java/lang/invoke/MethodHandleImpl$CountingWrapper is not from kotlin
2021-06-11 17:16:51.182 [DEBUG][org.jetbrains.research.kex.reanimator.collector.SetterCollector] - java/util/concurrent/CopyOnWriteArrayList$1 is not from kotlin
2021-06-11 17:16:51.184 [DEBUG][org.jetbrains.research.kex.reanimator.collector.SetterCollector] - java/util/stream/FindOps is not from kotlin
2021-06-11 17:16:51.196 [DEBUG][org.jetbrains.research.kex.reanimator.collector.SetterCollector] - java/util/Random$RandomLongsSpliterator is not from kotlin
2021-06-11 17:16:51.237 [DEBUG][org.jetbrains.research.kex.reanimator.collector.SetterCollector] - jcc1/Adder is not from kotlin
2021-06-11 17:16:51.237 [DEBUG][org.jetbrains.research.kex.reanimator.collector.SetterCollector] - java/util/stream/Nodes$DoubleArrayNode is not from kotlin
2021-06-11 17:16:51.238 [DEBUG][org.jetbrains.research.kex.reanimator.collector.SetterCollector] - java/util/stream/ReferencePipeline$4$1 is not from kotlin
2021-06-11 17:16:51.258 [DEBUG][org.jetbrains.research.kex.reanimator.collector.SetterCollector] - java/io/ObjectInputStream$GetFieldImpl is not from kotlin
2021-06-11 17:16:51.265 [DEBUG][org.jetbrains.research.kex.reanimator.collector.SetterCollector] - java/util/Objects is not from kotlin
2021-06-11 17:16:51.267 [DEBUG][org.jetbrains.research.kex.reanimator.collector.SetterCollector] - java/util/Collections$SynchronizedList is not from kotlin
2021-06-11 17:16:51.277 [DEBUG][org.jetbrains.research.kex.reanimator.collector.SetterCollector] - java/lang/invoke/MethodHandleInfo is not from kotlin
2021-06-11 17:16:51.283 [DEBUG][org.jetbrains.research.kex.reanimator.collector.SetterCollector] - java/lang/management/ManagementFactory is not from kotlin
2021-06-11 17:16:51.284 [DEBUG][org.jetbrains.research.kex.reanimator.collector.SetterCollector] - java/util/concurrent/locks/ReadWriteLock is not from kotlin
2021-06-11 17:16:51.330 [DEBUG][org.jetbrains.research.kex.reanimator.collector.SetterCollector] - java/util/stream/Nodes$CollectorTask$OfDouble is not from kotlin
2021-06-11 17:16:51.331 [DEBUG][org.jetbrains.research.kex.reanimator.collector.SetterCollector] - java/util/concurrent/Future is not from kotlin
2021-06-11 17:16:51.331 [DEBUG][org.jetbrains.research.kex.reanimator.collector.SetterCollector] - java/lang/invoke/MethodHandleStatics$1 is not from kotlin
2021-06-11 17:16:51.338 [DEBUG][org.jetbrains.research.kex.reanimator.collector.SetterCollector] - java/io/PrintStream is not from kotlin
2021-06-11 17:16:51.345 [DEBUG][org.jetbrains.research.kex.reanimator.collector.SetterCollector] - java/lang/NoSuchMethodException is not from kotlin
2021-06-11 17:16:51.372 [DEBUG][org.jetbrains.research.kex.reanimator.collector.SetterCollector] - java/util/Collections$SetFromMap is not from kotlin
2021-06-11 17:16:51.379 [DEBUG][org.jetbrains.research.kex.reanimator.collector.SetterCollector] - java/util/stream/SortedOps$AbstractLongSortingSink is not from kotlin
2021-06-11 17:16:51.386 [DEBUG][org.jetbrains.research.kex.reanimator.collector.SetterCollector] - java/util/stream/StreamSpliterators$UnorderedSliceSpliterator$OfPrimitive is not from kotlin
2021-06-11 17:16:51.386 [DEBUG][org.jetbrains.research.kex.reanimator.collector.SetterCollector] - java/util/stream/DoubleStream$1 is not from kotlin
2021-06-11 17:16:51.387 [DEBUG][org.jetbrains.research.kex.reanimator.collector.SetterCollector] - java/lang/reflect/Modifier is not from kotlin
2021-06-11 17:16:51.388 [DEBUG][org.jetbrains.research.kex.reanimator.collector.SetterCollector] - java/util/regex/Pattern$CharProperty$1 is not from kotlin
2021-06-11 17:16:51.388 [DEBUG][org.jetbrains.research.kex.reanimator.collector.SetterCollector] - java/util/stream/IntPipeline$7$1 is not from kotlin
2021-06-11 17:16:51.406 [DEBUG][org.jetbrains.research.kex.reanimator.collector.SetterCollector] - java/util/HashMap$ValueSpliterator is not from kotlin
2021-06-11 17:16:51.408 [DEBUG][org.jetbrains.research.kex.reanimator.collector.SetterCollector] - java/io/ObjectInputStream$HandleTable$HandleList is not from kotlin
2021-06-11 17:16:51.423 [DEBUG][org.jetbrains.research.kex.reanimator.collector.SetterCollector] - java/util/ComparableTimSort is not from kotlin
2021-06-11 17:16:51.426 [DEBUG][org.jetbrains.research.kex.reanimator.collector.SetterCollector] - java/lang/StrictMath is not from kotlin
2021-06-11 17:16:51.467 [DEBUG][org.jetbrains.research.kex.reanimator.collector.SetterCollector] - java/util/concurrent/ConcurrentLinkedQueue is not from kotlin
2021-06-11 17:16:51.481 [DEBUG][org.jetbrains.research.kex.reanimator.collector.SetterCollector] - java/util/stream/StreamSpliterators$SliceSpliterator$OfPrimitive is not from kotlin
2021-06-11 17:16:51.491 [DEBUG][org.jetbrains.research.kex.reanimator.collector.SetterCollector] - java/lang/invoke/BoundMethodHandle$Species_L is not from kotlin
2021-06-11 17:16:51.494 [DEBUG][org.jetbrains.research.kex.reanimator.collector.SetterCollector] - java/lang/ArrayIndexOutOfBoundsException is not from kotlin
2021-06-11 17:16:51.511 [DEBUG][org.jetbrains.research.kex.reanimator.collector.SetterCollector] - java/util/Spliterators$DoubleIteratorSpliterator is not from kotlin
2021-06-11 17:16:51.512 [DEBUG][org.jetbrains.research.kex.reanimator.collector.SetterCollector] - java/util/prefs/WindowsPreferencesFactory is not from kotlin
2021-06-11 17:16:51.513 [DEBUG][org.jetbrains.research.kex.reanimator.collector.SetterCollector] - java/lang/Byte$ByteCache is not from kotlin
2021-06-11 17:16:51.518 [DEBUG][org.jetbrains.research.kex.reanimator.collector.SetterCollector] - java/util/zip/ZipFile$ZipFileInflaterInputStream is not from kotlin
2021-06-11 17:16:51.530 [DEBUG][org.jetbrains.research.kex.reanimator.collector.SetterCollector] - java/util/concurrent/LinkedTransferQueue$Node is not from kotlin
2021-06-11 17:16:51.531 [DEBUG][org.jetbrains.research.kex.reanimator.collector.SetterCollector] - java/lang/reflect/AccessibleObject is not from kotlin
2021-06-11 17:16:51.533 [DEBUG][org.jetbrains.research.kex.reanimator.collector.SetterCollector] - java/lang/reflect/WeakCache is not from kotlin
2021-06-11 17:16:51.537 [DEBUG][org.jetbrains.research.kex.reanimator.collector.SetterCollector] - java/util/concurrent/RecursiveTask is not from kotlin
2021-06-11 17:16:51.547 [DEBUG][org.jetbrains.research.kex.reanimator.collector.SetterCollector] - java/lang/CharacterDataUndefined is not from kotlin
2021-06-11 17:16:51.961 [DEBUG][org.jetbrains.research.kex.reanimator.collector.SetterCollector] - java/util/concurrent/ConcurrentHashMap$BulkTask is not from kotlin
2021-06-11 17:16:51.963 [DEBUG][org.jetbrains.research.kex.reanimator.collector.SetterCollector] - java/util/regex/Pattern$GroupCurly is not from kotlin
2021-06-11 17:16:51.970 [DEBUG][org.jetbrains.research.kex.reanimator.collector.SetterCollector] - java/util/stream/Sink is not from kotlin
2021-06-11 17:16:51.971 [DEBUG][org.jetbrains.research.kex.reanimator.collector.SetterCollector] - java/util/stream/IntPipeline$8 is not from kotlin
2021-06-11 17:16:51.971 [DEBUG][org.jetbrains.research.kex.reanimator.collector.SetterCollector] - java/util/stream/IntPipeline$9 is not from kotlin
2021-06-11 17:16:51.974 [DEBUG][org.jetbrains.research.kex.reanimator.collector.SetterCollector] - java/util/logging/LogManager$LogNode is not from kotlin
2021-06-11 17:16:51.974 [DEBUG][org.jetbrains.research.kex.reanimator.collector.SetterCollector] - java/util/stream/IntPipeline$6 is not from kotlin
2021-06-11 17:16:52.001 [DEBUG][org.jetbrains.research.kex.reanimator.collector.SetterCollector] - java/util/AbstractSequentialList is not from kotlin
2021-06-11 17:16:52.002 [DEBUG][org.jetbrains.research.kex.reanimator.collector.SetterCollector] - java/util/stream/IntPipeline$7 is not from kotlin
2021-06-11 17:16:52.010 [DEBUG][org.jetbrains.research.kex.reanimator.collector.SetterCollector] - java/util/concurrent/ConcurrentHashMap$KeyIterator is not from kotlin
2021-06-11 17:16:52.012 [DEBUG][org.jetbrains.research.kex.reanimator.collector.SetterCollector] - java/util/stream/IntPipeline$4 is not from kotlin
2021-06-11 17:16:52.013 [DEBUG][org.jetbrains.research.kex.reanimator.collector.SetterCollector] - java/lang/ClassValue$Identity is not from kotlin
2021-06-11 17:16:52.014 [DEBUG][org.jetbrains.research.kex.reanimator.collector.SetterCollector] - java/util/stream/IntPipeline$5 is not from kotlin
2021-06-11 17:16:52.015 [DEBUG][org.jetbrains.research.kex.reanimator.collector.SetterCollector] - java/util/stream/IntPipeline$2 is not from kotlin
2021-06-11 17:16:52.032 [DEBUG][org.jetbrains.research.kex.reanimator.collector.SetterCollector] - java/util/Collections$EmptySet is not from kotlin
2021-06-11 17:16:52.032 [DEBUG][org.jetbrains.research.kex.reanimator.collector.SetterCollector] - java/util/stream/IntPipeline$3 is not from kotlin
2021-06-11 17:16:52.033 [DEBUG][org.jetbrains.research.kex.reanimator.collector.SetterCollector] - java/util/stream/IntPipeline$1 is not from kotlin
2021-06-11 17:16:52.036 [DEBUG][org.jetbrains.research.kex.reanimator.collector.SetterCollector] - java/util/ResourceBundle$BundleReference is not from kotlin
2021-06-11 17:16:52.037 [DEBUG][org.jetbrains.research.kex.reanimator.collector.SetterCollector] - java/lang/annotation/AnnotationFormatError is not from kotlin
2021-06-11 17:16:52.056 [DEBUG][org.jetbrains.research.kex.reanimator.collector.SetterCollector] - java/util/ArrayList$SubList is not from kotlin
2021-06-11 17:16:52.058 [DEBUG][org.jetbrains.research.kex.reanimator.collector.SetterCollector] - java/lang/Process is not from kotlin
2021-06-11 17:16:52.063 [DEBUG][org.jetbrains.research.kex.reanimator.collector.SetterCollector] - java/util/DuplicateFormatFlagsException is not from kotlin
2021-06-11 17:16:52.069 [DEBUG][org.jetbrains.research.kex.reanimator.collector.SetterCollector] - java/util/concurrent/atomic/AtomicLongArray is not from kotlin
2021-06-11 17:16:52.070 [DEBUG][org.jetbrains.research.kex.reanimator.collector.SetterCollector] - java/lang/CharacterName$1 is not from kotlin
2021-06-11 17:16:52.072 [DEBUG][org.jetbrains.research.kex.reanimator.collector.SetterCollector] - java/util/AbstractQueue is not from kotlin
2021-06-11 17:16:52.073 [DEBUG][org.jetbrains.research.kex.reanimator.collector.SetterCollector] - java/lang/Compiler is not from kotlin
2021-06-11 17:16:52.075 [DEBUG][org.jetbrains.research.kex.reanimator.collector.SetterCollector] - java/lang/management/MemoryType is not from kotlin
2021-06-11 17:16:52.092 [DEBUG][org.jetbrains.research.kex.reanimator.collector.SetterCollector] - java/util/stream/Nodes$ToArrayTask$OfInt is not from kotlin
2021-06-11 17:16:52.110 [DEBUG][org.jetbrains.research.kex.reanimator.collector.SetterCollector] - java/util/stream/FindOps$FindTask is not from kotlin
2021-06-11 17:16:52.128 [DEBUG][org.jetbrains.research.kex.reanimator.collector.SetterCollector] - java/util/logging/LogManager$RootLogger is not from kotlin
2021-06-11 17:16:52.130 [DEBUG][org.jetbrains.research.kex.reanimator.collector.SetterCollector] - java/lang/invoke/BoundMethodHandle$1 is not from kotlin
2021-06-11 17:16:52.134 [DEBUG][org.jetbrains.research.kex.reanimator.collector.SetterCollector] - java/lang/invoke/MethodType$ConcurrentWeakInternSet is not from kotlin
2021-06-11 17:16:52.137 [DEBUG][org.jetbrains.research.kex.reanimator.collector.SetterCollector] - java/io/ObjectStreamClass$4 is not from kotlin
2021-06-11 17:16:52.157 [DEBUG][org.jetbrains.research.kex.reanimator.collector.SetterCollector] - java/util/concurrent/CopyOnWriteArrayList$COWSubList is not from kotlin
2021-06-11 17:16:52.167 [DEBUG][org.jetbrains.research.kex.reanimator.collector.SetterCollector] - java/util/stream/LongPipeline$StatelessOp is not from kotlin
2021-06-11 17:16:52.168 [DEBUG][org.jetbrains.research.kex.reanimator.collector.SetterCollector] - java/io/ObjectStreamClass$3 is not from kotlin
2021-06-11 17:16:52.174 [DEBUG][org.jetbrains.research.kex.reanimator.collector.SetterCollector] - java/util/concurrent/ConcurrentHashMap$EntryIterator is not from kotlin
2021-06-11 17:16:52.175 [DEBUG][org.jetbrains.research.kex.reanimator.collector.SetterCollector] - java/io/ObjectStreamClass$5 is not from kotlin
2021-06-11 17:16:52.176 [DEBUG][org.jetbrains.research.kex.reanimator.collector.SetterCollector] - java/util/logging/Logger$1 is not from kotlin
2021-06-11 17:16:52.176 [DEBUG][org.jetbrains.research.kex.reanimator.collector.SetterCollector] - java/io/ObjectStreamClass$2 is not from kotlin
2021-06-11 17:16:52.177 [DEBUG][org.jetbrains.research.kex.reanimator.collector.SetterCollector] - java/io/ObjectStreamClass$1 is not from kotlin
2021-06-11 17:16:52.177 [DEBUG][org.jetbrains.research.kex.reanimator.collector.SetterCollector] - java/io/FilePermission$1 is not from kotlin
2021-06-11 17:16:52.182 [DEBUG][org.jetbrains.research.kex.reanimator.collector.SetterCollector] - java/util/TreeMap$ValueSpliterator is not from kotlin
2021-06-11 17:16:52.184 [DEBUG][org.jetbrains.research.kex.reanimator.collector.SetterCollector] - java/lang/Terminator is not from kotlin
2021-06-11 17:16:52.196 [DEBUG][org.jetbrains.research.kex.reanimator.collector.SetterCollector] - java/util/concurrent/ConcurrentLinkedDeque$Itr is not from kotlin
2021-06-11 17:16:52.197 [DEBUG][org.jetbrains.research.kex.reanimator.collector.SetterCollector] - java/lang/System$2 is not from kotlin
2021-06-11 17:16:52.198 [DEBUG][org.jetbrains.research.kex.reanimator.collector.SetterCollector] - java/lang/System$1 is not from kotlin
2021-06-11 17:16:52.203 [DEBUG][org.jetbrains.research.kex.reanimator.collector.SetterCollector] - java/util/ResourceBundle$SingleFormatControl is not from kotlin
2021-06-11 17:16:52.228 [DEBUG][org.jetbrains.research.kex.reanimator.collector.SetterCollector] - java/util/concurrent/CopyOnWriteArrayList is not from kotlin
2021-06-11 17:16:52.228 [INFO ][org.jetbrains.research.kex.reanimator.collector.SetterCollector] - Method java/util/concurrent/CopyOnWriteArrayList::setArray(java/lang/Object[]): void is java setter for private transient volatile java.lang.Object[] java.util.concurrent.CopyOnWriteArrayList.array
2021-06-11 17:16:52.229 [DEBUG][org.jetbrains.research.kex.reanimator.collector.SetterCollector] - java/util/stream/MatchOps$4MatchSink is not from kotlin
2021-06-11 17:16:52.230 [DEBUG][org.jetbrains.research.kex.reanimator.collector.SetterCollector] - java/lang/Thread$1 is not from kotlin
2021-06-11 17:16:52.239 [DEBUG][org.jetbrains.research.kex.reanimator.collector.SetterCollector] - java/util/concurrent/ConcurrentHashMap$ReduceEntriesTask is not from kotlin
2021-06-11 17:16:52.259 [DEBUG][org.jetbrains.research.kex.reanimator.collector.SetterCollector] - java/util/TreeMap$AscendingSubMap is not from kotlin
2021-06-11 17:16:52.261 [DEBUG][org.jetbrains.research.kex.reanimator.collector.SetterCollector] - java/lang/AbstractMethodError is not from kotlin
2021-06-11 17:16:52.263 [DEBUG][org.jetbrains.research.kex.reanimator.collector.SetterCollector] - java/lang/ConditionalSpecialCasing$Entry is not from kotlin
2021-06-11 17:16:52.265 [DEBUG][org.jetbrains.research.kex.reanimator.collector.SetterCollector] - java/lang/reflect/AnnotatedTypeVariable is not from kotlin
2021-06-11 17:16:52.267 [DEBUG][org.jetbrains.research.kex.reanimator.collector.SetterCollector] - java/util/Locale$LanguageRange is not from kotlin
2021-06-11 17:16:52.271 [DEBUG][org.jetbrains.research.kex.reanimator.collector.SetterCollector] - java/lang/SafeVarargs is not from kotlin
2021-06-11 17:16:52.275 [DEBUG][org.jetbrains.research.kex.reanimator.collector.SetterCollector] - java/io/CharArrayReader is not from kotlin
2021-06-11 17:16:52.281 [DEBUG][org.jetbrains.research.kex.reanimator.collector.SetterCollector] - java/util/concurrent/ConcurrentSkipListMap$Values is not from kotlin
2021-06-11 17:16:52.283 [DEBUG][org.jetbrains.research.kex.reanimator.collector.SetterCollector] - java/util/stream/DoublePipeline$1$1 is not from kotlin
2021-06-11 17:16:52.309 [DEBUG][org.jetbrains.research.kex.reanimator.collector.SetterCollector] - java/util/stream/DoublePipeline$StatefulOp is not from kotlin
2021-06-11 17:16:52.310 [DEBUG][org.jetbrains.research.kex.reanimator.collector.SetterCollector] - java/io/ObjectInputStream$Caches is not from kotlin
2021-06-11 17:16:52.311 [DEBUG][org.jetbrains.research.kex.reanimator.collector.SetterCollector] - java/lang/UnknownError is not from kotlin
2021-06-11 17:16:52.313 [DEBUG][org.jetbrains.research.kex.reanimator.collector.SetterCollector] - java/util/concurrent/ConcurrentLinkedQueue$Itr is not from kotlin
2021-06-11 17:16:52.325 [DEBUG][org.jetbrains.research.kex.reanimator.collector.SetterCollector] - java/util/stream/Nodes$DoubleSpinedNodeBuilder is not from kotlin
2021-06-11 17:16:52.327 [DEBUG][org.jetbrains.research.kex.reanimator.collector.SetterCollector] - java/util/stream/StreamSpliterators$ArrayBuffer$OfRef is not from kotlin
2021-06-11 17:16:52.342 [DEBUG][org.jetbrains.research.kex.reanimator.collector.SetterCollector] - java/util/stream/Nodes$InternalNodeSpliterator$OfDouble is not from kotlin
2021-06-11 17:16:52.343 [DEBUG][org.jetbrains.research.kex.reanimator.collector.SetterCollector] - java/lang/Class$Atomic is not from kotlin
2021-06-11 17:16:52.345 [DEBUG][org.jetbrains.research.kex.reanimator.collector.SetterCollector] - java/util/regex/Pattern$SliceUS is not from kotlin
2021-06-11 17:16:52.363 [DEBUG][org.jetbrains.research.kex.reanimator.collector.SetterCollector] - java/util/concurrent/locks/ReentrantLock$Sync is not from kotlin
2021-06-11 17:16:52.363 [DEBUG][org.jetbrains.research.kex.reanimator.collector.SetterCollector] - java/util/regex/Pattern$SliceNode is not from kotlin
2021-06-11 17:16:52.366 [DEBUG][org.jetbrains.research.kex.reanimator.collector.SetterCollector] - java/util/UUID is not from kotlin
2021-06-11 17:16:52.369 [DEBUG][org.jetbrains.research.kex.reanimator.collector.SetterCollector] - java/util/spi/ResourceBundleControlProvider is not from kotlin
2021-06-11 17:16:52.374 [DEBUG][org.jetbrains.research.kex.reanimator.collector.SetterCollector] - java/util/Spliterators$EmptySpliterator$OfDouble is not from kotlin
2021-06-11 17:16:52.388 [DEBUG][org.jetbrains.research.kex.reanimator.collector.SetterCollector] - java/util/Collections$SynchronizedSet is not from kotlin
2021-06-11 17:16:52.400 [DEBUG][org.jetbrains.research.kex.reanimator.collector.SetterCollector] - java/util/concurrent/ConcurrentHashMap$MapReduceValuesToLongTask is not from kotlin
2021-06-11 17:16:52.401 [DEBUG][org.jetbrains.research.kex.reanimator.collector.SetterCollector] - java/util/regex/UnicodeProp$3 is not from kotlin
2021-06-11 17:16:52.402 [DEBUG][org.jetbrains.research.kex.reanimator.collector.SetterCollector] - java/util/regex/UnicodeProp$2 is not from kotlin
2021-06-11 17:16:52.407 [DEBUG][org.jetbrains.research.kex.reanimator.collector.SetterCollector] - java/util/ArrayPrefixHelpers$IntCumulateTask is not from kotlin
2021-06-11 17:16:52.408 [DEBUG][org.jetbrains.research.kex.reanimator.collector.SetterCollector] - java/util/regex/UnicodeProp$1 is not from kotlin
2021-06-11 17:16:52.421 [DEBUG][org.jetbrains.research.kex.reanimator.collector.SetterCollector] - java/util/jar/JarFile$JarFileEntry is not from kotlin
2021-06-11 17:16:52.427 [DEBUG][org.jetbrains.research.kex.reanimator.collector.SetterCollector] - java/util/stream/Nodes$ToArrayTask$OfRef is not from kotlin
2021-06-11 17:16:52.428 [DEBUG][org.jetbrains.research.kex.reanimator.collector.SetterCollector] - java/util/regex/UnicodeProp$9 is not from kotlin
2021-06-11 17:16:52.428 [DEBUG][org.jetbrains.research.kex.reanimator.collector.SetterCollector] - java/util/regex/UnicodeProp$8 is not from kotlin
2021-06-11 17:16:52.462 [DEBUG][org.jetbrains.research.kex.reanimator.collector.SetterCollector] - java/util/Collections$UnmodifiableSortedMap is not from kotlin
2021-06-11 17:16:52.463 [DEBUG][org.jetbrains.research.kex.reanimator.collector.SetterCollector] - java/util/regex/UnicodeProp$7 is not from kotlin
2021-06-11 17:16:52.463 [DEBUG][org.jetbrains.research.kex.reanimator.collector.SetterCollector] - java/util/regex/UnicodeProp$6 is not from kotlin
2021-06-11 17:16:52.464 [DEBUG][org.jetbrains.research.kex.reanimator.collector.SetterCollector] - java/lang/invoke/BoundMethodHandle is not from kotlin
2021-06-11 17:16:52.472 [DEBUG][org.jetbrains.research.kex.reanimator.collector.SetterCollector] - java/util/logging/FileHandler is not from kotlin
2021-06-11 17:16:52.473 [DEBUG][org.jetbrains.research.kex.reanimator.collector.SetterCollector] - java/util/regex/UnicodeProp$5 is not from kotlin
2021-06-11 17:16:52.474 [DEBUG][org.jetbrains.research.kex.reanimator.collector.SetterCollector] - java/util/regex/UnicodeProp$4 is not from kotlin
2021-06-11 17:16:52.477 [DEBUG][org.jetbrains.research.kex.reanimator.collector.SetterCollector] - java/util/stream/StreamSpliterators$UnorderedSliceSpliterator is not from kotlin
2021-06-11 17:16:52.481 [DEBUG][org.jetbrains.research.kex.reanimator.collector.SetterCollector] - java/io/PipedReader is not from kotlin
2021-06-11 17:16:52.486 [DEBUG][org.jetbrains.research.kex.reanimator.collector.SetterCollector] - java/util/logging/FileHandler$InitializationErrorManager is not from kotlin
2021-06-11 17:16:52.491 [DEBUG][org.jetbrains.research.kex.reanimator.collector.SetterCollector] - java/util/stream/FindOps$FindSink$OfRef is not from kotlin
2021-06-11 17:16:52.498 [DEBUG][org.jetbrains.research.kex.reanimator.collector.SetterCollector] - java/util/stream/SpinedBuffer$OfPrimitive$BaseSpliterator is not from kotlin
2021-06-11 17:16:52.501 [DEBUG][org.jetbrains.research.kex.reanimator.collector.SetterCollector] - java/util/stream/AbstractPipeline is not from kotlin
2021-06-11 17:16:52.520 [DEBUG][org.jetbrains.research.kex.reanimator.collector.SetterCollector] - java/lang/reflect/Executable is not from kotlin
2021-06-11 17:16:52.524 [DEBUG][org.jetbrains.research.kex.reanimator.collector.SetterCollector] - java/util/function/LongToIntFunction is not from kotlin
2021-06-11 17:16:52.525 [DEBUG][org.jetbrains.research.kex.reanimator.collector.SetterCollector] - java/io/DeleteOnExitHook$1 is not from kotlin
2021-06-11 17:16:52.526 [DEBUG][org.jetbrains.research.kex.reanimator.collector.SetterCollector] - java/lang/Shutdown is not from kotlin
2021-06-11 17:16:52.526 [INFO ][org.jetbrains.research.kex.reanimator.collector.SetterCollector] - Method java/lang/Shutdown::setRunFinalizersOnExit(bool): void is java setter for private static boolean java.lang.Shutdown.runFinalizersOnExit
2021-06-11 17:16:52.531 [DEBUG][org.jetbrains.research.kex.reanimator.collector.SetterCollector] - java/lang/reflect/Parameter is not from kotlin
2021-06-11 17:16:52.534 [DEBUG][org.jetbrains.research.kex.reanimator.collector.SetterCollector] - java/util/TreeMap$NavigableSubMap$EntrySetView is not from kotlin
2021-06-11 17:16:52.550 [DEBUG][org.jetbrains.research.kex.reanimator.collector.SetterCollector] - java/util/concurrent/atomic/LongAdder is not from kotlin
2021-06-11 17:16:52.559 [DEBUG][org.jetbrains.research.kex.reanimator.collector.SetterCollector] - java/util/concurrent/ConcurrentHashMap$MapReduceKeysToDoubleTask is not from kotlin
2021-06-11 17:16:52.573 [DEBUG][org.jetbrains.research.kex.reanimator.collector.SetterCollector] - java/util/concurrent/CopyOnWriteArraySet is not from kotlin
2021-06-11 17:16:52.573 [DEBUG][org.jetbrains.research.kex.reanimator.collector.SetterCollector] - java/util/concurrent/Executors$2 is not from kotlin
2021-06-11 17:16:52.574 [DEBUG][org.jetbrains.research.kex.reanimator.collector.SetterCollector] - java/util/concurrent/Executors$1 is not from kotlin
2021-06-11 17:16:52.575 [DEBUG][org.jetbrains.research.kex.reanimator.collector.SetterCollector] - java/lang/ConditionalSpecialCasing is not from kotlin
2021-06-11 17:16:52.586 [DEBUG][org.jetbrains.research.kex.reanimator.collector.SetterCollector] - java/util/Hashtable$KeySet is not from kotlin
2021-06-11 17:16:52.587 [DEBUG][org.jetbrains.research.kex.reanimator.collector.SetterCollector] - java/io/ObjectStreamClass$Caches is not from kotlin
2021-06-11 17:16:52.588 [DEBUG][org.jetbrains.research.kex.reanimator.collector.SetterCollector] - java/util/stream/Node is not from kotlin
2021-06-11 17:16:52.597 [DEBUG][org.jetbrains.research.kex.reanimator.collector.SetterCollector] - java/util/concurrent/ConcurrentMap is not from kotlin
2021-06-11 17:16:52.603 [DEBUG][org.jetbrains.research.kex.reanimator.collector.SetterCollector] - java/util/spi/CurrencyNameProvider is not from kotlin
2021-06-11 17:16:52.634 [DEBUG][org.jetbrains.research.kex.reanimator.collector.SetterCollector] - java/lang/StringBuilder is not from kotlin
2021-06-11 17:16:52.636 [DEBUG][org.jetbrains.research.kex.reanimator.collector.SetterCollector] - java/util/stream/LongPipeline$2$1 is not from kotlin
2021-06-11 17:16:52.638 [DEBUG][org.jetbrains.research.kex.reanimator.collector.SetterCollector] - java/util/stream/SortedOps$SizedIntSortingSink is not from kotlin
2021-06-11 17:16:52.646 [DEBUG][org.jetbrains.research.kex.reanimator.collector.SetterCollector] - java/util/Calendar$Builder is not from kotlin
2021-06-11 17:16:52.646 [INFO ][org.jetbrains.research.kex.reanimator.collector.SetterCollector] - Method java/util/Calendar$Builder::setLenient(bool): java/util/Calendar$Builder is java setter for private boolean java.util.Calendar$Builder.lenient
2021-06-11 17:16:52.647 [INFO ][org.jetbrains.research.kex.reanimator.collector.SetterCollector] - Method java/util/Calendar$Builder::setLocale(java/util/Locale): java/util/Calendar$Builder is java setter for private java.util.Locale java.util.Calendar$Builder.locale
2021-06-11 17:16:52.647 [DEBUG][org.jetbrains.research.kex.reanimator.collector.SetterCollector] - java/util/stream/SliceOps$5 is not from kotlin
2021-06-11 17:16:52.654 [DEBUG][org.jetbrains.research.kex.reanimator.collector.SetterCollector] - java/util/concurrent/ConcurrentSkipListMap$SubMap$SubMapKeyIterator is not from kotlin
2021-06-11 17:16:52.668 [DEBUG][org.jetbrains.research.kex.reanimator.collector.SetterCollector] - java/util/stream/StreamSpliterators$DelegatingSpliterator$OfPrimitive is not from kotlin
2021-06-11 17:16:52.669 [DEBUG][org.jetbrains.research.kex.reanimator.collector.SetterCollector] - java/util/zip/InflaterInputStream is not from kotlin
2021-06-11 17:16:52.670 [DEBUG][org.jetbrains.research.kex.reanimator.collector.SetterCollector] - java/util/stream/IntPipeline$3$1 is not from kotlin
2021-06-11 17:16:52.671 [DEBUG][org.jetbrains.research.kex.reanimator.collector.SetterCollector] - java/lang/StringCoding$1 is not from kotlin
2021-06-11 17:16:52.671 [DEBUG][org.jetbrains.research.kex.reanimator.collector.SetterCollector] - java/lang/ProcessEnvironment$EntryComparator is not from kotlin
2021-06-11 17:16:52.676 [DEBUG][org.jetbrains.research.kex.reanimator.collector.SetterCollector] - java/util/Collections$UnmodifiableMap$UnmodifiableEntrySet$UnmodifiableEntrySetSpliterator is not from kotlin
2021-06-11 17:16:52.678 [DEBUG][org.jetbrains.research.kex.reanimator.collector.SetterCollector] - java/lang/reflect/GenericArrayType is not from kotlin
2021-06-11 17:16:52.680 [DEBUG][org.jetbrains.research.kex.reanimator.collector.SetterCollector] - java/util/RegularEnumSet$EnumSetIterator is not from kotlin
2021-06-11 17:16:52.692 [DEBUG][org.jetbrains.research.kex.reanimator.collector.SetterCollector] - java/util/stream/StreamSpliterators$InfiniteSupplyingSpliterator$OfDouble is not from kotlin
2021-06-11 17:16:52.693 [DEBUG][org.jetbrains.research.kex.reanimator.collector.SetterCollector] - java/util/stream/SliceOps$1 is not from kotlin
2021-06-11 17:16:52.693 [DEBUG][org.jetbrains.research.kex.reanimator.collector.SetterCollector] - java/util/stream/SliceOps$2 is not from kotlin
2021-06-11 17:16:52.694 [DEBUG][org.jetbrains.research.kex.reanimator.collector.SetterCollector] - java/util/stream/SliceOps$3 is not from kotlin
2021-06-11 17:16:52.695 [DEBUG][org.jetbrains.research.kex.reanimator.collector.SetterCollector] - java/util/stream/SliceOps$4 is not from kotlin
2021-06-11 17:16:52.705 [DEBUG][org.jetbrains.research.kex.reanimator.collector.SetterCollector] - java/util/logging/LoggingProxyImpl is not from kotlin
2021-06-11 17:16:52.708 [DEBUG][org.jetbrains.research.kex.reanimator.collector.SetterCollector] - java/util/concurrent/ConcurrentHashMap$CounterCell is not from kotlin
2021-06-11 17:16:52.709 [DEBUG][org.jetbrains.research.kex.reanimator.collector.SetterCollector] - java/util/stream/Nodes$InternalNodeSpliterator$OfPrimitive is not from kotlin
2021-06-11 17:16:52.715 [DEBUG][org.jetbrains.research.kex.reanimator.collector.SetterCollector] - java/util/ArraysParallelSortHelpers$FJLong$Merger is not from kotlin
2021-06-11 17:16:52.719 [DEBUG][org.jetbrains.research.kex.reanimator.collector.SetterCollector] - java/util/concurrent/ScheduledFuture is not from kotlin
2021-06-11 17:16:52.721 [DEBUG][org.jetbrains.research.kex.reanimator.collector.SetterCollector] - java/io/ObjectInputStream$ValidationList is not from kotlin
2021-06-11 17:16:52.724 [DEBUG][org.jetbrains.research.kex.reanimator.collector.SetterCollector] - java/util/Queue is not from kotlin
2021-06-11 17:16:52.725 [DEBUG][org.jetbrains.research.kex.reanimator.collector.SetterCollector] - java/util/BitSet$1BitSetIterator is not from kotlin
2021-06-11 17:16:52.726 [DEBUG][org.jetbrains.research.kex.reanimator.collector.SetterCollector] - java/util/stream/ReduceOps$12ReducingSink is not from kotlin
2021-06-11 17:16:52.728 [DEBUG][org.jetbrains.research.kex.reanimator.collector.SetterCollector] - java/lang/management/BufferPoolMXBean is not from kotlin
2021-06-11 17:16:52.731 [DEBUG][org.jetbrains.research.kex.reanimator.collector.SetterCollector] - java/lang/annotation/ElementType is not from kotlin
2021-06-11 17:16:52.733 [DEBUG][org.jetbrains.research.kex.reanimator.collector.SetterCollector] - java/util/stream/MatchOps$MatchKind is not from kotlin
2021-06-11 17:16:52.735 [DEBUG][org.jetbrains.research.kex.reanimator.collector.SetterCollector] - java/util/stream/Collector$Characteristics is not from kotlin
2021-06-11 17:16:52.735 [DEBUG][org.jetbrains.research.kex.reanimator.collector.SetterCollector] - java/io/BufferedReader$1 is not from kotlin
2021-06-11 17:16:52.751 [DEBUG][org.jetbrains.research.kex.reanimator.collector.SetterCollector] - java/util/stream/Nodes$SpinedNodeBuilder is not from kotlin
2021-06-11 17:16:52.757 [DEBUG][org.jetbrains.research.kex.reanimator.collector.SetterCollector] - java/util/stream/StreamSpliterators$UnorderedSliceSpliterator$OfDouble is not from kotlin
2021-06-11 17:16:52.758 [DEBUG][org.jetbrains.research.kex.reanimator.collector.SetterCollector] - java/util/function/IntFunction is not from kotlin
2021-06-11 17:16:52.759 [DEBUG][org.jetbrains.research.kex.reanimator.collector.SetterCollector] - java/lang/Throwable$SentinelHolder is not from kotlin
2021-06-11 17:16:52.761 [DEBUG][org.jetbrains.research.kex.reanimator.collector.SetterCollector] - java/util/concurrent/ForkJoinPool$ForkJoinWorkerThreadFactory is not from kotlin
2021-06-11 17:16:52.761 [DEBUG][org.jetbrains.research.kex.reanimator.collector.SetterCollector] - java/lang/annotation/Annotation is not from kotlin
2021-06-11 17:16:52.763 [DEBUG][org.jetbrains.research.kex.reanimator.collector.SetterCollector] - java/lang/ThreadLocal is not from kotlin
2021-06-11 17:16:52.770 [DEBUG][org.jetbrains.research.kex.reanimator.collector.SetterCollector] - java/util/concurrent/atomic/AtomicReference is not from kotlin
2021-06-11 17:16:52.779 [DEBUG][org.jetbrains.research.kex.reanimator.collector.SetterCollector] - java/util/jar/JarOutputStream is not from kotlin
2021-06-11 17:16:52.783 [DEBUG][org.jetbrains.research.kex.reanimator.collector.SetterCollector] - java/util/concurrent/ArrayBlockingQueue$Itrs$Node is not from kotlin
2021-06-11 17:16:52.784 [DEBUG][org.jetbrains.research.kex.reanimator.collector.SetterCollector] - java/util/ResourceBundle$CacheKeyReference is not from kotlin
2021-06-11 17:16:52.791 [DEBUG][org.jetbrains.research.kex.reanimator.collector.SetterCollector] - java/util/regex/Pattern$Ctype is not from kotlin
2021-06-11 17:16:52.793 [DEBUG][org.jetbrains.research.kex.reanimator.collector.SetterCollector] - java/util/stream/LongStream$Builder is not from kotlin
2021-06-11 17:16:52.794 [DEBUG][org.jetbrains.research.kex.reanimator.collector.SetterCollector] - java/io/ObjectInputValidation is not from kotlin
2021-06-11 17:16:52.839 [DEBUG][org.jetbrains.research.kex.reanimator.collector.SetterCollector] - java/util/stream/ReferencePipeline$StatelessOp is not from kotlin
2021-06-11 17:16:52.841 [DEBUG][org.jetbrains.research.kex.reanimator.collector.SetterCollector] - java/io/LineNumberInputStream is not from kotlin
2021-06-11 17:16:52.842 [INFO ][org.jetbrains.research.kex.reanimator.collector.SetterCollector] - Method java/io/LineNumberInputStream::setLineNumber(int): void is java setter for int java.io.LineNumberInputStream.lineNumber
2021-06-11 17:16:52.897 [DEBUG][org.jetbrains.research.kex.reanimator.collector.SetterCollector] - java/util/concurrent/CompletableFuture is not from kotlin
2021-06-11 17:16:52.918 [DEBUG][org.jetbrains.research.kex.reanimator.collector.SetterCollector] - java/util/concurrent/ConcurrentNavigableMap is not from kotlin
2021-06-11 17:16:52.921 [DEBUG][org.jetbrains.research.kex.reanimator.collector.SetterCollector] - java/util/concurrent/LinkedBlockingQueue$Itr is not from kotlin
2021-06-11 17:16:52.934 [DEBUG][org.jetbrains.research.kex.reanimator.collector.SetterCollector] - java/lang/reflect/Constructor is not from kotlin
2021-06-11 17:16:52.935 [INFO ][org.jetbrains.research.kex.reanimator.collector.SetterCollector] - Method java/lang/reflect/Constructor::setConstructorAccessor(sun/reflect/ConstructorAccessor): void is java setter for private volatile sun.reflect.ConstructorAccessor java.lang.reflect.Constructor.constructorAccessor
2021-06-11 17:16:52.946 [DEBUG][org.jetbrains.research.kex.reanimator.collector.SetterCollector] - java/util/concurrent/ConcurrentHashMap$SearchEntriesTask is not from kotlin
2021-06-11 17:16:52.947 [DEBUG][org.jetbrains.research.kex.reanimator.collector.SetterCollector] - java/lang/invoke/MethodHandleImpl is not from kotlin
2021-06-11 17:16:52.948 [DEBUG][org.jetbrains.research.kex.reanimator.collector.SetterCollector] - java/lang/ProcessEnvironment$CheckedKeySet is not from kotlin
2021-06-11 17:16:52.954 [DEBUG][org.jetbrains.research.kex.reanimator.collector.SetterCollector] - java/util/concurrent/DelayQueue$Itr is not from kotlin
2021-06-11 17:16:52.956 [DEBUG][org.jetbrains.research.kex.reanimator.collector.SetterCollector] - java/lang/Throwable is not from kotlin
2021-06-11 17:16:52.957 [INFO ][org.jetbrains.research.kex.reanimator.collector.SetterCollector] - Method java/lang/Throwable::setStackTrace(java/lang/StackTraceElement[]): void is java setter for private java.lang.StackTraceElement[] java.lang.Throwable.stackTrace
2021-06-11 17:16:52.958 [DEBUG][org.jetbrains.research.kex.reanimator.collector.SetterCollector] - java/lang/SecurityManager$1 is not from kotlin
2021-06-11 17:16:52.960 [DEBUG][org.jetbrains.research.kex.reanimator.collector.SetterCollector] - java/util/TaskQueue is not from kotlin
2021-06-11 17:16:52.961 [DEBUG][org.jetbrains.research.kex.reanimator.collector.SetterCollector] - java/util/AbstractCollection is not from kotlin
2021-06-11 17:16:52.961 [DEBUG][org.jetbrains.research.kex.reanimator.collector.SetterCollector] - java/lang/SecurityManager$2 is not from kotlin
2021-06-11 17:16:52.970 [DEBUG][org.jetbrains.research.kex.reanimator.collector.SetterCollector] - java/util/concurrent/ConcurrentHashMap$MapReduceValuesToIntTask is not from kotlin
2021-06-11 17:16:52.973 [DEBUG][org.jetbrains.research.kex.reanimator.collector.SetterCollector] - java/io/DefaultFileSystem is not from kotlin
2021-06-11 17:16:52.979 [DEBUG][org.jetbrains.research.kex.reanimator.collector.SetterCollector] - java/util/concurrent/ConcurrentSkipListMap$ValueIterator is not from kotlin
2021-06-11 17:16:52.981 [DEBUG][org.jetbrains.research.kex.reanimator.collector.SetterCollector] - java/util/concurrent/Executors$PrivilegedCallableUsingCurrentClassLoader is not from kotlin
2021-06-11 17:16:52.984 [DEBUG][org.jetbrains.research.kex.reanimator.collector.SetterCollector] - java/util/stream/Collector is not from kotlin
2021-06-11 17:16:52.985 [DEBUG][org.jetbrains.research.kex.reanimator.collector.SetterCollector] - java/io/ObjectStreamClass$EntryFuture$1 is not from kotlin
2021-06-11 17:16:53.019 [DEBUG][org.jetbrains.research.kex.reanimator.collector.SetterCollector] - java/util/stream/IntPipeline$StatefulOp is not from kotlin
2021-06-11 17:16:53.020 [DEBUG][org.jetbrains.research.kex.reanimator.collector.SetterCollector] - java/util/stream/ReferencePipeline$11$1 is not from kotlin
2021-06-11 17:16:53.020 [DEBUG][org.jetbrains.research.kex.reanimator.collector.SetterCollector] - java/util/Spliterators$2Adapter is not from kotlin
2021-06-11 17:16:53.022 [DEBUG][org.jetbrains.research.kex.reanimator.collector.SetterCollector] - java/io/DataInput is not from kotlin
2021-06-11 17:16:53.024 [DEBUG][org.jetbrains.research.kex.reanimator.collector.SetterCollector] - java/util/WeakHashMap$HashIterator is not from kotlin
2021-06-11 17:16:53.030 [DEBUG][org.jetbrains.research.kex.reanimator.collector.SetterCollector] - java/util/concurrent/locks/ReentrantReadWriteLock$Sync is not from kotlin
2021-06-11 17:16:53.037 [DEBUG][org.jetbrains.research.kex.reanimator.collector.SetterCollector] - java/util/concurrent/ThreadLocalRandom$RandomDoublesSpliterator is not from kotlin
2021-06-11 17:16:53.039 [DEBUG][org.jetbrains.research.kex.reanimator.collector.SetterCollector] - java/util/concurrent/TimeoutException is not from kotlin
2021-06-11 17:16:53.041 [DEBUG][org.jetbrains.research.kex.reanimator.collector.SetterCollector] - java/util/concurrent/ThreadPoolExecutor$DiscardOldestPolicy is not from kotlin
2021-06-11 17:16:53.042 [DEBUG][org.jetbrains.research.kex.reanimator.collector.SetterCollector] - java/util/concurrent/SynchronousQueue$LifoWaitQueue is not from kotlin
2021-06-11 17:16:53.042 [DEBUG][org.jetbrains.research.kex.reanimator.collector.SetterCollector] - java/util/jar/JarVerifier$3 is not from kotlin
2021-06-11 17:16:53.043 [DEBUG][org.jetbrains.research.kex.reanimator.collector.SetterCollector] - java/util/jar/JarVerifier$4 is not from kotlin
2021-06-11 17:16:53.044 [DEBUG][org.jetbrains.research.kex.reanimator.collector.SetterCollector] - java/util/jar/JarVerifier$1 is not from kotlin
2021-06-11 17:16:53.044 [DEBUG][org.jetbrains.research.kex.reanimator.collector.SetterCollector] - java/util/jar/JarVerifier$2 is not from kotlin
2021-06-11 17:16:53.046 [DEBUG][org.jetbrains.research.kex.reanimator.collector.SetterCollector] - java/util/regex/Pattern$NotBehindS is not from kotlin
2021-06-11 17:16:53.047 [DEBUG][org.jetbrains.research.kex.reanimator.collector.SetterCollector] - java/util/zip/ZipConstants is not from kotlin
2021-06-11 17:16:53.049 [DEBUG][org.jetbrains.research.kex.reanimator.collector.SetterCollector] - java/util/concurrent/CompletionService is not from kotlin
2021-06-11 17:16:53.061 [DEBUG][org.jetbrains.research.kex.reanimator.collector.SetterCollector] - java/util/TreeMap$NavigableSubMap$DescendingSubMapEntryIterator is not from kotlin
2021-06-11 17:16:53.070 [DEBUG][org.jetbrains.research.kex.reanimator.collector.SetterCollector] - java/util/concurrent/ConcurrentHashMap$MapReduceMappingsToIntTask is not from kotlin
2021-06-11 17:16:53.071 [DEBUG][org.jetbrains.research.kex.reanimator.collector.SetterCollector] - java/util/concurrent/SynchronousQueue$FifoWaitQueue is not from kotlin
2021-06-11 17:16:53.075 [DEBUG][org.jetbrains.research.kex.reanimator.collector.SetterCollector] - java/util/concurrent/CountDownLatch$Sync is not from kotlin
2021-06-11 17:16:53.080 [DEBUG][org.jetbrains.research.kex.reanimator.collector.SetterCollector] - java/util/concurrent/LinkedBlockingDeque$AbstractItr is not from kotlin
2021-06-11 17:16:53.082 [DEBUG][org.jetbrains.research.kex.reanimator.collector.SetterCollector] - java/util/stream/DoublePipeline$5$1 is not from kotlin
2021-06-11 17:16:53.084 [DEBUG][org.jetbrains.research.kex.reanimator.collector.SetterCollector] - java/io/PipedInputStream is not from kotlin
2021-06-11 17:16:53.085 [DEBUG][org.jetbrains.research.kex.reanimator.collector.SetterCollector] - java/util/NavigableMap is not from kotlin
2021-06-11 17:16:53.088 [DEBUG][org.jetbrains.research.kex.reanimator.collector.SetterCollector] - java/util/OptionalDouble is not from kotlin
2021-06-11 17:16:53.089 [DEBUG][org.jetbrains.research.kex.reanimator.collector.SetterCollector] - java/lang/ClassCircularityError is not from kotlin
2021-06-11 17:16:53.090 [DEBUG][org.jetbrains.research.kex.reanimator.collector.SetterCollector] - java/lang/CloneNotSupportedException is not from kotlin
2021-06-11 17:16:53.091 [DEBUG][org.jetbrains.research.kex.reanimator.collector.SetterCollector] - java/util/concurrent/locks/Lock is not from kotlin
2021-06-11 17:16:53.092 [DEBUG][org.jetbrains.research.kex.reanimator.collector.SetterCollector] - java/util/function/IntUnaryOperator is not from kotlin
2021-06-11 17:16:53.096 [DEBUG][org.jetbrains.research.kex.reanimator.collector.SetterCollector] - java/util/concurrent/Exchanger$Participant is not from kotlin
2021-06-11 17:16:53.097 [DEBUG][org.jetbrains.research.kex.reanimator.collector.SetterCollector] - java/util/concurrent/ConcurrentHashMap$Node is not from kotlin
2021-06-11 17:16:53.101 [DEBUG][org.jetbrains.research.kex.reanimator.collector.SetterCollector] - java/util/Base64 is not from kotlin
2021-06-11 17:16:53.102 [DEBUG][org.jetbrains.research.kex.reanimator.collector.SetterCollector] - java/util/function/IntSupplier is not from kotlin
2021-06-11 17:16:53.104 [DEBUG][org.jetbrains.research.kex.reanimator.collector.SetterCollector] - java/util/Collections$EmptyEnumeration is not from kotlin
2021-06-11 17:16:53.131 [DEBUG][org.jetbrains.research.kex.reanimator.collector.SetterCollector] - java/lang/Class is not from kotlin
2021-06-11 17:16:53.135 [DEBUG][org.jetbrains.research.kex.reanimator.collector.SetterCollector] - java/util/zip/ZipUtils is not from kotlin
2021-06-11 17:16:53.150 [DEBUG][org.jetbrains.research.kex.reanimator.collector.SetterCollector] - java/io/ObjectStreamClass is not from kotlin
2021-06-11 17:16:53.173 [DEBUG][org.jetbrains.research.kex.reanimator.collector.SetterCollector] - java/lang/Integer is not from kotlin
2021-06-11 17:16:53.174 [DEBUG][org.jetbrains.research.kex.reanimator.collector.SetterCollector] - java/lang/IllegalMonitorStateException is not from kotlin
2021-06-11 17:16:53.176 [DEBUG][org.jetbrains.research.kex.reanimator.collector.SetterCollector] - java/util/jar/Attributes$Name is not from kotlin
2021-06-11 17:16:53.176 [DEBUG][org.jetbrains.research.kex.reanimator.collector.SetterCollector] - java/util/regex/Pattern$SliceIS is not from kotlin
2021-06-11 17:16:53.179 [DEBUG][org.jetbrains.research.kex.reanimator.collector.SetterCollector] - java/util/stream/DoublePipeline$6 is not from kotlin
2021-06-11 17:16:53.179 [DEBUG][org.jetbrains.research.kex.reanimator.collector.SetterCollector] - java/util/stream/DoublePipeline$7 is not from kotlin
2021-06-11 17:16:53.180 [DEBUG][org.jetbrains.research.kex.reanimator.collector.SetterCollector] - java/util/stream/DoublePipeline$8 is not from kotlin
2021-06-11 17:16:53.182 [DEBUG][org.jetbrains.research.kex.reanimator.collector.SetterCollector] - java/util/stream/DoublePipeline$2 is not from kotlin
2021-06-11 17:16:53.185 [DEBUG][org.jetbrains.research.kex.reanimator.collector.SetterCollector] - java/lang/Throwable$WrappedPrintStream is not from kotlin
2021-06-11 17:16:53.189 [DEBUG][org.jetbrains.research.kex.reanimator.collector.SetterCollector] - java/util/Base64$EncOutputStream is not from kotlin
2021-06-11 17:16:53.190 [DEBUG][org.jetbrains.research.kex.reanimator.collector.SetterCollector] - java/util/stream/DoublePipeline$3 is not from kotlin
2021-06-11 17:16:53.190 [DEBUG][org.jetbrains.research.kex.reanimator.collector.SetterCollector] - java/util/stream/DoublePipeline$4 is not from kotlin
2021-06-11 17:16:53.194 [DEBUG][org.jetbrains.research.kex.reanimator.collector.SetterCollector] - java/util/stream/SortedOps$RefSortingSink is not from kotlin
2021-06-11 17:16:53.195 [DEBUG][org.jetbrains.research.kex.reanimator.collector.SetterCollector] - java/util/stream/DoublePipeline$5 is not from kotlin
2021-06-11 17:16:53.207 [DEBUG][org.jetbrains.research.kex.reanimator.collector.SetterCollector] - java/util/concurrent/ConcurrentHashMap$ForEachTransformedMappingTask is not from kotlin
2021-06-11 17:16:53.209 [DEBUG][org.jetbrains.research.kex.reanimator.collector.SetterCollector] - java/math/RoundingMode is not from kotlin
2021-06-11 17:16:53.210 [DEBUG][org.jetbrains.research.kex.reanimator.collector.SetterCollector] - java/util/stream/DoublePipeline$1 is not from kotlin
2021-06-11 17:16:53.215 [DEBUG][org.jetbrains.research.kex.reanimator.collector.SetterCollector] - java/util/concurrent/ConcurrentHashMap$SearchMappingsTask is not from kotlin
2021-06-11 17:16:53.227 [DEBUG][org.jetbrains.research.kex.reanimator.collector.SetterCollector] - java/util/stream/StreamSpliterators$UnorderedSliceSpliterator$OfInt is not from kotlin
2021-06-11 17:16:53.228 [DEBUG][org.jetbrains.research.kex.reanimator.collector.SetterCollector] - java/util/AbstractList$1 is not from kotlin
2021-06-11 17:16:53.230 [DEBUG][org.jetbrains.research.kex.reanimator.collector.SetterCollector] - java/util/IllegalFormatPrecisionException is not from kotlin
2021-06-11 17:16:53.231 [DEBUG][org.jetbrains.research.kex.reanimator.collector.SetterCollector] - java/lang/management/GarbageCollectorMXBean is not from kotlin
2021-06-11 17:16:53.234 [DEBUG][org.jetbrains.research.kex.reanimator.collector.SetterCollector] - java/util/Collections$CheckedMap$CheckedEntrySet$CheckedEntry is not from kotlin
2021-06-11 17:16:53.250 [DEBUG][org.jetbrains.research.kex.reanimator.collector.SetterCollector] - java/io/ObjectInputStream is not from kotlin
2021-06-11 17:16:53.257 [DEBUG][org.jetbrains.research.kex.reanimator.collector.SetterCollector] - java/util/stream/Nodes$ToArrayTask$OfDouble is not from kotlin
2021-06-11 17:16:53.263 [DEBUG][org.jetbrains.research.kex.reanimator.collector.SetterCollector] - java/util/stream/Streams$ConcatSpliterator$OfRef is not from kotlin
2021-06-11 17:16:53.278 [DEBUG][org.jetbrains.research.kex.reanimator.collector.SetterCollector] - java/util/stream/ReferencePipeline$Head is not from kotlin
2021-06-11 17:16:53.284 [DEBUG][org.jetbrains.research.kex.reanimator.collector.SetterCollector] - java/util/logging/Logging is not from kotlin
2021-06-11 17:16:53.285 [DEBUG][org.jetbrains.research.kex.reanimator.collector.SetterCollector] - java/util/stream/ReduceOps$2ReducingSink is not from kotlin
2021-06-11 17:16:53.294 [DEBUG][org.jetbrains.research.kex.reanimator.collector.SetterCollector] - java/math/MutableBigInteger is not from kotlin
2021-06-11 17:16:53.304 [DEBUG][org.jetbrains.research.kex.reanimator.collector.SetterCollector] - java/util/stream/IntPipeline$StatelessOp is not from kotlin
2021-06-11 17:16:53.305 [DEBUG][org.jetbrains.research.kex.reanimator.collector.SetterCollector] - java/lang/ProcessEnvironment$CheckedEntry is not from kotlin
2021-06-11 17:16:53.319 [DEBUG][org.jetbrains.research.kex.reanimator.collector.SetterCollector] - java/util/Collections$CheckedMap$CheckedEntrySet is not from kotlin
2021-06-11 17:16:53.320 [DEBUG][org.jetbrains.research.kex.reanimator.collector.SetterCollector] - java/lang/invoke/MethodHandles is not from kotlin
2021-06-11 17:16:53.322 [DEBUG][org.jetbrains.research.kex.reanimator.collector.SetterCollector] - java/util/logging/Logger$SystemLoggerHelper is not from kotlin
2021-06-11 17:16:53.339 [DEBUG][org.jetbrains.research.kex.reanimator.collector.SetterCollector] - java/util/stream/StreamSpliterators$LongWrappingSpliterator is not from kotlin
2021-06-11 17:16:53.340 [DEBUG][org.jetbrains.research.kex.reanimator.collector.SetterCollector] - java/util/IllegalFormatException is not from kotlin
2021-06-11 17:16:53.364 [DEBUG][org.jetbrains.research.kex.reanimator.collector.SetterCollector] - java/util/concurrent/PriorityBlockingQueue is not from kotlin
2021-06-11 17:16:53.366 [DEBUG][org.jetbrains.research.kex.reanimator.collector.SetterCollector] - java/util/stream/ReduceOps$Box is not from kotlin
2021-06-11 17:16:53.409 [DEBUG][org.jetbrains.research.kex.reanimator.collector.SetterCollector] - java/util/Collections$CheckedNavigableMap is not from kotlin
2021-06-11 17:16:53.413 [DEBUG][org.jetbrains.research.kex.reanimator.collector.SetterCollector] - java/util/ArraysParallelSortHelpers$FJByte$Sorter is not from kotlin
2021-06-11 17:16:53.417 [DEBUG][org.jetbrains.research.kex.reanimator.collector.SetterCollector] - java/util/ArraysParallelSortHelpers$FJDouble$Sorter is not from kotlin
2021-06-11 17:16:53.421 [DEBUG][org.jetbrains.research.kex.reanimator.collector.SetterCollector] - java/util/stream/Nodes$LongArrayNode is not from kotlin
2021-06-11 17:16:53.432 [DEBUG][org.jetbrains.research.kex.reanimator.collector.SetterCollector] - java/util/concurrent/CompletableFuture$BiCompletion is not from kotlin
2021-06-11 17:16:53.433 [DEBUG][org.jetbrains.research.kex.reanimator.collector.SetterCollector] - java/util/stream/DistinctOps$1 is not from kotlin
2021-06-11 17:16:53.434 [DEBUG][org.jetbrains.research.kex.reanimator.collector.SetterCollector] - java/util/spi/LocaleNameProvider is not from kotlin
2021-06-11 17:16:53.438 [DEBUG][org.jetbrains.research.kex.reanimator.collector.SetterCollector] - java/nio/charset/Charset is not from kotlin
2021-06-11 17:16:53.439 [DEBUG][org.jetbrains.research.kex.reanimator.collector.SetterCollector] - java/lang/reflect/Proxy$1 is not from kotlin
2021-06-11 17:16:53.441 [DEBUG][org.jetbrains.research.kex.reanimator.collector.SetterCollector] - java/util/concurrent/atomic/LongAccumulator$SerializationProxy is not from kotlin
2021-06-11 17:16:53.443 [DEBUG][org.jetbrains.research.kex.reanimator.collector.SetterCollector] - java/io/ObjectOutput is not from kotlin
2021-06-11 17:16:53.455 [DEBUG][org.jetbrains.research.kex.reanimator.collector.SetterCollector] - java/util/stream/DoublePipeline$Head is not from kotlin
2021-06-11 17:16:53.457 [DEBUG][org.jetbrains.research.kex.reanimator.collector.SetterCollector] - java/lang/StackOverflowError is not from kotlin
2021-06-11 17:16:53.458 [DEBUG][org.jetbrains.research.kex.reanimator.collector.SetterCollector] - java/util/concurrent/ConcurrentSkipListMap$Index is not from kotlin
2021-06-11 17:16:53.459 [DEBUG][org.jetbrains.research.kex.reanimator.collector.SetterCollector] - java/util/zip/CheckedInputStream is not from kotlin
2021-06-11 17:16:53.489 [DEBUG][org.jetbrains.research.kex.reanimator.collector.SetterCollector] - java/util/WeakHashMap is not from kotlin
2021-06-11 17:16:53.491 [DEBUG][org.jetbrains.research.kex.reanimator.collector.SetterCollector] - java/util/OptionalLong is not from kotlin
2021-06-11 17:16:53.494 [DEBUG][org.jetbrains.research.kex.reanimator.collector.SetterCollector] - java/util/concurrent/RecursiveAction is not from kotlin
2021-06-11 17:16:53.505 [DEBUG][org.jetbrains.research.kex.reanimator.collector.SetterCollector] - java/util/jar/JarVerifier is not from kotlin
2021-06-11 17:16:53.506 [INFO ][org.jetbrains.research.kex.reanimator.collector.SetterCollector] - Method java/util/jar/JarVerifier::setEagerValidation(bool): void is java setter for boolean java.util.jar.JarVerifier.eagerValidation
2021-06-11 17:16:53.507 [DEBUG][org.jetbrains.research.kex.reanimator.collector.SetterCollector] - java/math/BigInteger$UnsafeHolder is not from kotlin
2021-06-11 17:16:53.507 [DEBUG][org.jetbrains.research.kex.reanimator.collector.SetterCollector] - java/lang/ref/Reference is not from kotlin
2021-06-11 17:16:53.517 [DEBUG][org.jetbrains.research.kex.reanimator.collector.SetterCollector] - java/util/ArraysParallelSortHelpers$FJInt$Sorter is not from kotlin
2021-06-11 17:16:53.520 [DEBUG][org.jetbrains.research.kex.reanimator.collector.SetterCollector] - java/io/ByteArrayInputStream is not from kotlin
2021-06-11 17:16:53.521 [DEBUG][org.jetbrains.research.kex.reanimator.collector.SetterCollector] - java/lang/reflect/WildcardType is not from kotlin
2021-06-11 17:16:53.522 [DEBUG][org.jetbrains.research.kex.reanimator.collector.SetterCollector] - java/util/regex/Pattern$Single is not from kotlin
2021-06-11 17:16:53.531 [DEBUG][org.jetbrains.research.kex.reanimator.collector.SetterCollector] - java/util/concurrent/ConcurrentSkipListMap$EntrySet is not from kotlin
2021-06-11 17:16:53.541 [DEBUG][org.jetbrains.research.kex.reanimator.collector.SetterCollector] - java/util/jar/JavaUtilJarAccessImpl is not from kotlin
2021-06-11 17:16:53.542 [DEBUG][org.jetbrains.research.kex.reanimator.collector.SetterCollector] - java/util/zip/ZipCoder is not from kotlin
2021-06-11 17:16:53.557 [DEBUG][org.jetbrains.research.kex.reanimator.collector.SetterCollector] - java/lang/invoke/MemberName is not from kotlin
2021-06-11 17:16:53.570 [DEBUG][org.jetbrains.research.kex.reanimator.collector.SetterCollector] - java/math/BigDecimal is not from kotlin
2021-06-11 17:16:53.578 [DEBUG][org.jetbrains.research.kex.reanimator.collector.SetterCollector] - java/util/concurrent/atomic/DoubleAccumulator$SerializationProxy is not from kotlin
2021-06-11 17:16:53.579 [DEBUG][org.jetbrains.research.kex.reanimator.collector.SetterCollector] - java/util/stream/SliceOps$3$1 is not from kotlin
2021-06-11 17:16:53.586 [DEBUG][org.jetbrains.research.kex.reanimator.collector.SetterCollector] - java/util/concurrent/ForkJoinWorkerThread$InnocuousForkJoinWorkerThread is not from kotlin
2021-06-11 17:16:53.588 [DEBUG][org.jetbrains.research.kex.reanimator.collector.SetterCollector] - java/util/logging/XMLFormatter is not from kotlin
2021-06-11 17:16:53.590 [DEBUG][org.jetbrains.research.kex.reanimator.collector.SetterCollector] - java/util/stream/Sink$ChainedDouble is not from kotlin
2021-06-11 17:16:53.590 [DEBUG][org.jetbrains.research.kex.reanimator.collector.SetterCollector] - java/util/Collections$CheckedCollection is not from kotlin
2021-06-11 17:16:53.597 [DEBUG][org.jetbrains.research.kex.reanimator.collector.SetterCollector] - java/util/Spliterators$IntIteratorSpliterator is not from kotlin
2021-06-11 17:16:53.599 [DEBUG][org.jetbrains.research.kex.reanimator.collector.SetterCollector] - java/util/function/LongSupplier is not from kotlin
2021-06-11 17:16:53.602 [DEBUG][org.jetbrains.research.kex.reanimator.collector.SetterCollector] - java/util/WeakHashMap$EntrySpliterator is not from kotlin
2021-06-11 17:16:53.605 [DEBUG][org.jetbrains.research.kex.reanimator.collector.SetterCollector] - java/io/Console$LineReader is not from kotlin
2021-06-11 17:16:53.642 [DEBUG][org.jetbrains.research.kex.reanimator.collector.SetterCollector] - java/util/Collections$UnmodifiableNavigableMap$EmptyNavigableMap is not from kotlin
2021-06-11 17:16:53.644 [DEBUG][org.jetbrains.research.kex.reanimator.collector.SetterCollector] - java/util/concurrent/LinkedTransferQueue$Itr is not from kotlin
2021-06-11 17:16:53.648 [DEBUG][org.jetbrains.research.kex.reanimator.collector.SetterCollector] - java/util/concurrent/ConcurrentHashMap$EntrySpliterator is not from kotlin
2021-06-11 17:16:53.649 [DEBUG][org.jetbrains.research.kex.reanimator.collector.SetterCollector] - java/util/Spliterator$OfDouble is not from kotlin
2021-06-11 17:16:53.651 [DEBUG][org.jetbrains.research.kex.reanimator.collector.SetterCollector] - java/util/regex/Pattern$Block is not from kotlin
2021-06-11 17:16:53.656 [DEBUG][org.jetbrains.research.kex.reanimator.collector.SetterCollector] - java/util/Hashtable$Entry is not from kotlin
2021-06-11 17:16:53.656 [INFO ][org.jetbrains.research.kex.reanimator.collector.SetterCollector] - Method java/util/Hashtable$Entry::setValue(java/lang/Object): java/lang/Object is java setter for java.lang.Object java.util.Hashtable$Entry.value
2021-06-11 17:16:53.657 [DEBUG][org.jetbrains.research.kex.reanimator.collector.SetterCollector] - java/util/stream/Sink$ChainedLong is not from kotlin
2021-06-11 17:16:53.660 [DEBUG][org.jetbrains.research.kex.reanimator.collector.SetterCollector] - java/util/concurrent/CompletionException is not from kotlin
2021-06-11 17:16:53.663 [DEBUG][org.jetbrains.research.kex.reanimator.collector.SetterCollector] - java/util/concurrent/locks/ReentrantReadWriteLock$NonfairSync is not from kotlin
2021-06-11 17:16:53.666 [DEBUG][org.jetbrains.research.kex.reanimator.collector.SetterCollector] - java/util/ArraysParallelSortHelpers$EmptyCompleter is not from kotlin
2021-06-11 17:16:53.669 [DEBUG][org.jetbrains.research.kex.reanimator.collector.SetterCollector] - java/util/regex/Pattern$SliceI is not from kotlin
2021-06-11 17:16:53.674 [DEBUG][org.jetbrains.research.kex.reanimator.collector.SetterCollector] - java/util/Locale$FilteringMode is not from kotlin
2021-06-11 17:16:53.678 [DEBUG][org.jetbrains.research.kex.reanimator.collector.SetterCollector] - java/io/ObjectStreamClass$WeakClassKey is not from kotlin
2021-06-11 17:16:53.687 [DEBUG][org.jetbrains.research.kex.reanimator.collector.SetterCollector] - java/util/concurrent/atomic/AtomicReferenceFieldUpdater$AtomicReferenceFieldUpdaterImpl is not from kotlin
2021-06-11 17:16:53.690 [DEBUG][org.jetbrains.research.kex.reanimator.collector.SetterCollector] - java/util/concurrent/ConcurrentLinkedDeque$Node is not from kotlin
2021-06-11 17:16:53.692 [DEBUG][org.jetbrains.research.kex.reanimator.collector.SetterCollector] - java/util/function/UnaryOperator is not from kotlin
2021-06-11 17:16:53.693 [DEBUG][org.jetbrains.research.kex.reanimator.collector.SetterCollector] - java/util/regex/Pattern$SliceU is not from kotlin
2021-06-11 17:16:53.694 [DEBUG][org.jetbrains.research.kex.reanimator.collector.SetterCollector] - java/lang/OutOfMemoryError is not from kotlin
2021-06-11 17:16:53.697 [DEBUG][org.jetbrains.research.kex.reanimator.collector.SetterCollector] - java/util/regex/Pattern$SliceS is not from kotlin
2021-06-11 17:16:53.704 [DEBUG][org.jetbrains.research.kex.reanimator.collector.SetterCollector] - java/util/concurrent/ConcurrentSkipListMap$SubMap$SubMapEntryIterator is not from kotlin
2021-06-11 17:16:53.705 [DEBUG][org.jetbrains.research.kex.reanimator.collector.SetterCollector] - java/lang/NumberFormatException is not from kotlin
2021-06-11 17:16:53.706 [DEBUG][org.jetbrains.research.kex.reanimator.collector.SetterCollector] - java/util/stream/SortedOps$AbstractIntSortingSink is not from kotlin
2021-06-11 17:16:53.708 [DEBUG][org.jetbrains.research.kex.reanimator.collector.SetterCollector] - java/util/Spliterators$AbstractDoubleSpliterator$HoldingDoubleConsumer is not from kotlin
2021-06-11 17:16:53.709 [DEBUG][org.jetbrains.research.kex.reanimator.collector.SetterCollector] - java/util/regex/Pattern$Dot is not from kotlin
2021-06-11 17:16:53.715 [DEBUG][org.jetbrains.research.kex.reanimator.collector.SetterCollector] - java/util/stream/Streams$ConcatSpliterator$OfInt is not from kotlin
2021-06-11 17:16:53.719 [DEBUG][org.jetbrains.research.kex.reanimator.collector.SetterCollector] - java/lang/ref/Finalizer$FinalizerThread is not from kotlin
2021-06-11 17:16:53.721 [DEBUG][org.jetbrains.research.kex.reanimator.collector.SetterCollector] - java/lang/reflect/Array is not from kotlin
2021-06-11 17:16:53.724 [DEBUG][org.jetbrains.research.kex.reanimator.collector.SetterCollector] - java/util/PropertyResourceBundle is not from kotlin
2021-06-11 17:16:53.725 [DEBUG][org.jetbrains.research.kex.reanimator.collector.SetterCollector] - java/util/stream/BaseStream is not from kotlin
2021-06-11 17:16:53.730 [DEBUG][org.jetbrains.research.kex.reanimator.collector.SetterCollector] - java/util/stream/StreamSpliterators$IntWrappingSpliterator is not from kotlin
2021-06-11 17:16:53.732 [DEBUG][org.jetbrains.research.kex.reanimator.collector.SetterCollector] - java/util/TimerTask is not from kotlin
2021-06-11 17:16:53.735 [DEBUG][org.jetbrains.research.kex.reanimator.collector.SetterCollector] - java/util/HashMap$KeyIterator is not from kotlin
2021-06-11 17:16:53.743 [DEBUG][org.jetbrains.research.kex.reanimator.collector.SetterCollector] - java/util/concurrent/LinkedBlockingQueue$LBQSpliterator is not from kotlin
2021-06-11 17:16:53.745 [DEBUG][org.jetbrains.research.kex.reanimator.collector.SetterCollector] - java/util/logging/FileHandler$MeteredStream is not from kotlin
2021-06-11 17:16:53.746 [DEBUG][org.jetbrains.research.kex.reanimator.collector.SetterCollector] - java/lang/ProcessImpl is not from kotlin
2021-06-11 17:16:53.747 [DEBUG][org.jetbrains.research.kex.reanimator.collector.SetterCollector] - java/util/stream/Nodes$CollectorTask is not from kotlin
2021-06-11 17:16:53.749 [DEBUG][org.jetbrains.research.kex.reanimator.collector.SetterCollector] - java/util/Collections$UnmodifiableMap is not from kotlin
2021-06-11 17:16:53.752 [DEBUG][org.jetbrains.research.kex.reanimator.collector.SetterCollector] - java/lang/management/PlatformComponent$MXBeanFetcher is not from kotlin
2021-06-11 17:16:53.753 [DEBUG][org.jetbrains.research.kex.reanimator.collector.SetterCollector] - java/util/AbstractMap$2$1 is not from kotlin
2021-06-11 17:16:53.753 [DEBUG][org.jetbrains.research.kex.reanimator.collector.SetterCollector] - java/util/regex/Pattern$4 is not from kotlin
2021-06-11 17:16:53.754 [DEBUG][org.jetbrains.research.kex.reanimator.collector.SetterCollector] - java/util/regex/Pattern$5 is not from kotlin
2021-06-11 17:16:53.755 [DEBUG][org.jetbrains.research.kex.reanimator.collector.SetterCollector] - java/util/regex/Pattern$6 is not from kotlin
2021-06-11 17:16:53.755 [DEBUG][org.jetbrains.research.kex.reanimator.collector.SetterCollector] - java/util/regex/Pattern$7 is not from kotlin
2021-06-11 17:16:53.773 [DEBUG][org.jetbrains.research.kex.reanimator.collector.SetterCollector] - java/util/stream/Nodes$SizedCollectorTask$OfDouble is not from kotlin
2021-06-11 17:16:53.782 [DEBUG][org.jetbrains.research.kex.reanimator.collector.SetterCollector] - java/util/stream/Nodes$SizedCollectorTask$OfLong is not from kotlin
2021-06-11 17:16:53.787 [DEBUG][org.jetbrains.research.kex.reanimator.collector.SetterCollector] - java/util/zip/GZIPOutputStream is not from kotlin
2021-06-11 17:16:53.790 [DEBUG][org.jetbrains.research.kex.reanimator.collector.SetterCollector] - java/util/IntSummaryStatistics is not from kotlin
2021-06-11 17:16:53.790 [DEBUG][org.jetbrains.research.kex.reanimator.collector.SetterCollector] - java/util/stream/AbstractTask is not from kotlin
2021-06-11 17:16:53.791 [INFO ][org.jetbrains.research.kex.reanimator.collector.SetterCollector] - Method java/util/stream/AbstractTask::setLocalResult(java/lang/Object): void is java setter for private java.lang.Object java.util.stream.AbstractTask.localResult
2021-06-11 17:16:53.791 [DEBUG][org.jetbrains.research.kex.reanimator.collector.SetterCollector] - java/util/regex/Pattern$1 is not from kotlin
2021-06-11 17:16:53.796 [DEBUG][org.jetbrains.research.kex.reanimator.collector.SetterCollector] - java/util/stream/StreamSpliterators$DoubleWrappingSpliterator is not from kotlin
2021-06-11 17:16:53.796 [DEBUG][org.jetbrains.research.kex.reanimator.collector.SetterCollector] - java/io/ObjectInput is not from kotlin
2021-06-11 17:16:53.797 [DEBUG][org.jetbrains.research.kex.reanimator.collector.SetterCollector] - java/util/Collections$CheckedList$1 is not from kotlin
2021-06-11 17:16:53.798 [DEBUG][org.jetbrains.research.kex.reanimator.collector.SetterCollector] - java/util/regex/Pattern$2 is not from kotlin
2021-06-11 17:16:53.802 [DEBUG][org.jetbrains.research.kex.reanimator.collector.SetterCollector] - java/util/regex/Pattern$3 is not from kotlin
2021-06-11 17:16:53.803 [DEBUG][org.jetbrains.research.kex.reanimator.collector.SetterCollector] - java/util/stream/SpinedBuffer$OfPrimitive is not from kotlin
2021-06-11 17:16:53.808 [DEBUG][org.jetbrains.research.kex.reanimator.collector.SetterCollector] - java/util/TreeMap$NavigableSubMap$SubMapEntryIterator is not from kotlin
2021-06-11 17:16:53.811 [DEBUG][org.jetbrains.research.kex.reanimator.collector.SetterCollector] - java/util/stream/StreamSpliterators$UnorderedSliceSpliterator$OfRef is not from kotlin
2021-06-11 17:16:53.813 [DEBUG][org.jetbrains.research.kex.reanimator.collector.SetterCollector] - java/io/InterruptedIOException is not from kotlin
2021-06-11 17:16:53.818 [DEBUG][org.jetbrains.research.kex.reanimator.collector.SetterCollector] - java/util/Spliterators$EmptySpliterator$OfRef is not from kotlin
2021-06-11 17:16:53.819 [DEBUG][org.jetbrains.research.kex.reanimator.collector.SetterCollector] - java/util/stream/ReferencePipeline$8$1 is not from kotlin
2021-06-11 17:16:53.824 [DEBUG][org.jetbrains.research.kex.reanimator.collector.SetterCollector] - java/util/stream/IntPipeline$10$1 is not from kotlin
2021-06-11 17:16:53.825 [DEBUG][org.jetbrains.research.kex.reanimator.collector.SetterCollector] - java/lang/IllegalAccessException is not from kotlin
2021-06-11 17:16:53.905 [DEBUG][org.jetbrains.research.kex.reanimator.collector.SetterCollector] - java/util/Collections$SynchronizedNavigableMap is not from kotlin
2021-06-11 17:16:53.915 [DEBUG][org.jetbrains.research.kex.reanimator.collector.SetterCollector] - jcc2/Divider is not from kotlin
2021-06-11 17:16:53.937 [DEBUG][org.jetbrains.research.kex.reanimator.collector.SetterCollector] - java/util/concurrent/ConcurrentHashMap$EntrySetView is not from kotlin
2021-06-11 17:16:53.948 [DEBUG][org.jetbrains.research.kex.reanimator.collector.SetterCollector] - java/util/Arrays$ArrayList is not from kotlin
2021-06-11 17:16:53.951 [DEBUG][org.jetbrains.research.kex.reanimator.collector.SetterCollector] - java/util/stream/Node$OfLong is not from kotlin
2021-06-11 17:16:53.952 [DEBUG][org.jetbrains.research.kex.reanimator.collector.SetterCollector] - java/util/function/IntPredicate is not from kotlin
2021-06-11 17:16:53.954 [DEBUG][org.jetbrains.research.kex.reanimator.collector.SetterCollector] - java/util/Formatter$DateTime is not from kotlin
2021-06-11 17:16:53.956 [DEBUG][org.jetbrains.research.kex.reanimator.collector.SetterCollector] - java/util/regex/Pattern$Neg is not from kotlin
2021-06-11 17:16:53.957 [DEBUG][org.jetbrains.research.kex.reanimator.collector.SetterCollector] - java/util/prefs/AbstractPreferences$EventDispatchThread is not from kotlin
2021-06-11 17:16:53.961 [DEBUG][org.jetbrains.research.kex.reanimator.collector.SetterCollector] - java/util/stream/Streams$ConcatSpliterator$OfLong is not from kotlin
2021-06-11 17:16:53.962 [DEBUG][org.jetbrains.research.kex.reanimator.collector.SetterCollector] - java/util/stream/Streams$ConcatSpliterator is not from kotlin
2021-06-11 17:16:53.963 [DEBUG][org.jetbrains.research.kex.reanimator.collector.SetterCollector] - java/util/stream/Tripwire is not from kotlin
2021-06-11 17:16:53.968 [DEBUG][org.jetbrains.research.kex.reanimator.collector.SetterCollector] - java/util/stream/StreamSpliterators$ArrayBuffer is not from kotlin
2021-06-11 17:16:53.969 [DEBUG][org.jetbrains.research.kex.reanimator.collector.SetterCollector] - java/lang/ProcessBuilder$Redirect$4 is not from kotlin
2021-06-11 17:16:53.974 [DEBUG][org.jetbrains.research.kex.reanimator.collector.SetterCollector] - java/util/concurrent/CyclicBarrier is not from kotlin
2021-06-11 17:16:53.977 [DEBUG][org.jetbrains.research.kex.reanimator.collector.SetterCollector] - java/lang/Cloneable is not from kotlin
2021-06-11 17:16:53.977 [DEBUG][org.jetbrains.research.kex.reanimator.collector.SetterCollector] - java/lang/ProcessBuilder$Redirect$5 is not from kotlin
2021-06-11 17:16:53.978 [DEBUG][org.jetbrains.research.kex.reanimator.collector.SetterCollector] - java/lang/management/PlatformComponent$11 is not from kotlin
2021-06-11 17:16:53.978 [DEBUG][org.jetbrains.research.kex.reanimator.collector.SetterCollector] - java/lang/management/PlatformComponent$12 is not from kotlin
2021-06-11 17:16:53.980 [DEBUG][org.jetbrains.research.kex.reanimator.collector.SetterCollector] - java/util/jar/JarFile$JarEntryIterator is not from kotlin
2021-06-11 17:16:53.997 [DEBUG][org.jetbrains.research.kex.reanimator.collector.SetterCollector] - java/util/concurrent/atomic/AtomicIntegerFieldUpdater$AtomicIntegerFieldUpdaterImpl is not from kotlin
2021-06-11 17:16:54.000 [DEBUG][org.jetbrains.research.kex.reanimator.collector.SetterCollector] - java/lang/management/PlatformComponent$10 is not from kotlin
2021-06-11 17:16:54.001 [DEBUG][org.jetbrains.research.kex.reanimator.collector.SetterCollector] - java/lang/management/PlatformComponent$15 is not from kotlin
2021-06-11 17:16:54.002 [DEBUG][org.jetbrains.research.kex.reanimator.collector.SetterCollector] - java/lang/management/PlatformComponent$13 is not from kotlin
2021-06-11 17:16:54.002 [DEBUG][org.jetbrains.research.kex.reanimator.collector.SetterCollector] - java/lang/management/PlatformComponent$14 is not from kotlin
2021-06-11 17:16:54.004 [DEBUG][org.jetbrains.research.kex.reanimator.collector.SetterCollector] - java/util/Formatter$FixedString is not from kotlin
2021-06-11 17:16:54.005 [DEBUG][org.jetbrains.research.kex.reanimator.collector.SetterCollector] - java/util/regex/Pattern$TreeInfo is not from kotlin
2021-06-11 17:16:54.006 [DEBUG][org.jetbrains.research.kex.reanimator.collector.SetterCollector] - java/lang/CharacterData is not from kotlin
2021-06-11 17:16:54.009 [DEBUG][org.jetbrains.research.kex.reanimator.collector.SetterCollector] - java/lang/ProcessBuilder$Redirect$2 is not from kotlin
2021-06-11 17:16:54.015 [DEBUG][org.jetbrains.research.kex.reanimator.collector.SetterCollector] - java/util/concurrent/ConcurrentHashMap$ValueSpliterator is not from kotlin
2021-06-11 17:16:54.019 [DEBUG][org.jetbrains.research.kex.reanimator.collector.SetterCollector] - java/lang/ProcessBuilder$Redirect$3 is not from kotlin
2021-06-11 17:16:54.019 [DEBUG][org.jetbrains.research.kex.reanimator.collector.SetterCollector] - java/lang/ProcessBuilder$Redirect$1 is not from kotlin
2021-06-11 17:16:54.020 [DEBUG][org.jetbrains.research.kex.reanimator.collector.SetterCollector] - java/util/AbstractMap is not from kotlin
2021-06-11 17:16:54.020 [DEBUG][org.jetbrains.research.kex.reanimator.collector.SetterCollector] - java/util/stream/Stream is not from kotlin
2021-06-11 17:16:54.036 [DEBUG][org.jetbrains.research.kex.reanimator.collector.SetterCollector] - java/util/stream/MatchOps$MatchTask is not from kotlin
2021-06-11 17:16:54.041 [DEBUG][org.jetbrains.research.kex.reanimator.collector.SetterCollector] - java/util/zip/ZipException is not from kotlin
2021-06-11 17:16:54.043 [DEBUG][org.jetbrains.research.kex.reanimator.collector.SetterCollector] - java/util/concurrent/PriorityBlockingQueue$PBQSpliterator is not from kotlin
2021-06-11 17:16:54.054 [DEBUG][org.jetbrains.research.kex.reanimator.collector.SetterCollector] - java/util/stream/FindOps$FindOp is not from kotlin
2021-06-11 17:16:54.055 [DEBUG][org.jetbrains.research.kex.reanimator.collector.SetterCollector] - java/lang/ProcessImpl$2 is not from kotlin
2021-06-11 17:16:54.056 [DEBUG][org.jetbrains.research.kex.reanimator.collector.SetterCollector] - java/lang/ProcessImpl$1 is not from kotlin
2021-06-11 17:16:54.084 [DEBUG][org.jetbrains.research.kex.reanimator.collector.SetterCollector] - java/util/EnumMap is not from kotlin
2021-06-11 17:16:54.087 [DEBUG][org.jetbrains.research.kex.reanimator.collector.SetterCollector] - java/lang/reflect/AnnotatedParameterizedType is not from kotlin
2021-06-11 17:16:54.089 [DEBUG][org.jetbrains.research.kex.reanimator.collector.SetterCollector] - java/util/concurrent/Executors$PrivilegedThreadFactory$1 is not from kotlin
2021-06-11 17:16:54.091 [DEBUG][org.jetbrains.research.kex.reanimator.collector.SetterCollector] - java/io/Closeable is not from kotlin
2021-06-11 17:16:54.091 [DEBUG][org.jetbrains.research.kex.reanimator.collector.SetterCollector] - java/io/FileInputStream$1 is not from kotlin
2021-06-11 17:16:54.096 [DEBUG][org.jetbrains.research.kex.reanimator.collector.SetterCollector] - java/lang/EnumConstantNotPresentException is not from kotlin
2021-06-11 17:16:54.096 [DEBUG][org.jetbrains.research.kex.reanimator.collector.SetterCollector] - java/util/function/ObjIntConsumer is not from kotlin
2021-06-11 17:16:54.098 [DEBUG][org.jetbrains.research.kex.reanimator.collector.SetterCollector] - java/util/regex/Pattern$Script is not from kotlin
2021-06-11 17:16:54.102 [DEBUG][org.jetbrains.research.kex.reanimator.collector.SetterCollector] - java/util/logging/LogManager$SystemLoggerContext is not from kotlin
2021-06-11 17:16:54.105 [DEBUG][org.jetbrains.research.kex.reanimator.collector.SetterCollector] - java/util/WeakHashMap$ValueIterator is not from kotlin
2021-06-11 17:16:54.110 [DEBUG][org.jetbrains.research.kex.reanimator.collector.SetterCollector] - java/util/stream/StreamSpliterators$DelegatingSpliterator$OfDouble is not from kotlin
2021-06-11 17:16:54.118 [DEBUG][org.jetbrains.research.kex.reanimator.collector.SetterCollector] - java/util/stream/StreamSpliterators$DelegatingSpliterator$OfLong is not from kotlin
2021-06-11 17:16:54.119 [DEBUG][org.jetbrains.research.kex.reanimator.collector.SetterCollector] - java/util/regex/Pattern$UnixDot is not from kotlin
2021-06-11 17:16:54.119 [DEBUG][org.jetbrains.research.kex.reanimator.collector.SetterCollector] - java/util/stream/StreamSpliterators$DelegatingSpliterator is not from kotlin
2021-06-11 17:16:54.120 [DEBUG][org.jetbrains.research.kex.reanimator.collector.SetterCollector] - java/lang/Throwable$PrintStreamOrWriter is not from kotlin
2021-06-11 17:16:54.120 [DEBUG][org.jetbrains.research.kex.reanimator.collector.SetterCollector] - java/util/function/Function is not from kotlin
2021-06-11 17:16:54.125 [DEBUG][org.jetbrains.research.kex.reanimator.collector.SetterCollector] - java/util/HashMap$KeySet is not from kotlin
2021-06-11 17:16:54.126 [DEBUG][org.jetbrains.research.kex.reanimator.collector.SetterCollector] - java/util/regex/Pattern$All is not from kotlin
2021-06-11 17:16:54.127 [DEBUG][org.jetbrains.research.kex.reanimator.collector.SetterCollector] - java/util/Properties$LineReader is not from kotlin
2021-06-11 17:16:54.134 [DEBUG][org.jetbrains.research.kex.reanimator.collector.SetterCollector] - java/util/TreeMap$EntryIterator is not from kotlin
2021-06-11 17:16:54.136 [DEBUG][org.jetbrains.research.kex.reanimator.collector.SetterCollector] - java/lang/reflect/GenericSignatureFormatError is not from kotlin
2021-06-11 17:16:54.139 [DEBUG][org.jetbrains.research.kex.reanimator.collector.SetterCollector] - java/io/FilenameFilter is not from kotlin
2021-06-11 17:16:54.140 [DEBUG][org.jetbrains.research.kex.reanimator.collector.SetterCollector] - java/util/regex/Pattern$LastMatch is not from kotlin
2021-06-11 17:16:54.140 [DEBUG][org.jetbrains.research.kex.reanimator.collector.SetterCollector] - java/util/stream/ReduceOps is not from kotlin
2021-06-11 17:16:54.141 [DEBUG][org.jetbrains.research.kex.reanimator.collector.SetterCollector] - java/lang/Compiler$1 is not from kotlin
2021-06-11 17:16:54.141 [DEBUG][org.jetbrains.research.kex.reanimator.collector.SetterCollector] - java/util/stream/LongPipeline$8$1 is not from kotlin
2021-06-11 17:16:54.142 [DEBUG][org.jetbrains.research.kex.reanimator.collector.SetterCollector] - java/util/function/DoubleConsumer is not from kotlin
2021-06-11 17:16:54.143 [DEBUG][org.jetbrains.research.kex.reanimator.collector.SetterCollector] - java/util/IdentityHashMap$IdentityHashMapIterator is not from kotlin
2021-06-11 17:16:54.144 [DEBUG][org.jetbrains.research.kex.reanimator.collector.SetterCollector] - java/util/concurrent/CompletableFuture$UniCompletion is not from kotlin
2021-06-11 17:16:54.146 [DEBUG][org.jetbrains.research.kex.reanimator.collector.SetterCollector] - java/util/zip/ZipFile is not from kotlin
2021-06-11 17:16:54.153 [DEBUG][org.jetbrains.research.kex.reanimator.collector.SetterCollector] - java/util/prefs/XmlSupport$Resolver is not from kotlin
2021-06-11 17:16:54.153 [DEBUG][org.jetbrains.research.kex.reanimator.collector.SetterCollector] - java/util/SubList$1 is not from kotlin
2021-06-11 17:16:54.157 [DEBUG][org.jetbrains.research.kex.reanimator.collector.SetterCollector] - java/util/concurrent/PriorityBlockingQueue$Itr is not from kotlin
2021-06-11 17:16:54.160 [DEBUG][org.jetbrains.research.kex.reanimator.collector.SetterCollector] - java/util/concurrent/ConcurrentHashMap$TreeNode is not from kotlin
2021-06-11 17:16:54.162 [DEBUG][org.jetbrains.research.kex.reanimator.collector.SetterCollector] - java/util/concurrent/ThreadLocalRandom$RandomIntsSpliterator is not from kotlin
2021-06-11 17:16:54.163 [DEBUG][org.jetbrains.research.kex.reanimator.collector.SetterCollector] - java/lang/invoke/ProxyClassesDumper is not from kotlin
2021-06-11 17:16:54.164 [DEBUG][org.jetbrains.research.kex.reanimator.collector.SetterCollector] - java/io/ExpiringCache$1 is not from kotlin
2021-06-11 17:16:54.166 [DEBUG][org.jetbrains.research.kex.reanimator.collector.SetterCollector] - java/util/concurrent/SynchronousQueue$TransferStack$SNode is not from kotlin
2021-06-11 17:16:54.175 [DEBUG][org.jetbrains.research.kex.reanimator.collector.SetterCollector] - java/util/stream/Nodes$CollectorTask$OfInt is not from kotlin
2021-06-11 17:16:54.177 [DEBUG][org.jetbrains.research.kex.reanimator.collector.SetterCollector] - java/util/regex/Pattern$Dollar is not from kotlin
2021-06-11 17:16:54.178 [DEBUG][org.jetbrains.research.kex.reanimator.collector.SetterCollector] - java/util/regex/Pattern$Start is not from kotlin
2021-06-11 17:16:54.183 [DEBUG][org.jetbrains.research.kex.reanimator.collector.SetterCollector] - java/util/concurrent/ConcurrentHashMap$MapReduceKeysTask is not from kotlin
2021-06-11 17:16:54.185 [DEBUG][org.jetbrains.research.kex.reanimator.collector.SetterCollector] - java/io/ObjectStreamClass$FieldReflector is not from kotlin
2021-06-11 17:16:54.187 [DEBUG][org.jetbrains.research.kex.reanimator.collector.SetterCollector] - java/util/logging/LogManager$Beans is not from kotlin
2021-06-11 17:16:54.188 [DEBUG][org.jetbrains.research.kex.reanimator.collector.SetterCollector] - java/io/ObjectInputStream$2 is not from kotlin
2021-06-11 17:16:54.190 [DEBUG][org.jetbrains.research.kex.reanimator.collector.SetterCollector] - java/util/concurrent/ConcurrentLinkedDeque$DescendingItr is not from kotlin
2021-06-11 17:16:54.197 [DEBUG][org.jetbrains.research.kex.reanimator.collector.SetterCollector] - jcc1/Multiplexer is not from kotlin
2021-06-11 17:16:54.199 [DEBUG][org.jetbrains.research.kex.reanimator.collector.SetterCollector] - java/io/ObjectInputStream$1 is not from kotlin
2021-06-11 17:16:54.201 [DEBUG][org.jetbrains.research.kex.reanimator.collector.SetterCollector] - java/util/concurrent/CompletableFuture$Completion is not from kotlin
2021-06-11 17:16:54.203 [DEBUG][org.jetbrains.research.kex.reanimator.collector.SetterCollector] - java/io/ObjectInputStream$HandleTable is not from kotlin
2021-06-11 17:16:54.227 [DEBUG][org.jetbrains.research.kex.reanimator.collector.SetterCollector] - java/util/IdentityHashMap is not from kotlin
2021-06-11 17:16:54.228 [DEBUG][org.jetbrains.research.kex.reanimator.collector.SetterCollector] - java/util/jar/JarFile$3 is not from kotlin
2021-06-11 17:16:54.228 [DEBUG][org.jetbrains.research.kex.reanimator.collector.SetterCollector] - java/util/jar/JarFile$2 is not from kotlin
2021-06-11 17:16:54.229 [DEBUG][org.jetbrains.research.kex.reanimator.collector.SetterCollector] - java/util/jar/JarFile$1 is not from kotlin
2021-06-11 17:16:54.229 [DEBUG][org.jetbrains.research.kex.reanimator.collector.SetterCollector] - java/util/concurrent/locks/ReentrantReadWriteLock$Sync$HoldCounter is not from kotlin
2021-06-11 17:16:54.246 [DEBUG][org.jetbrains.research.kex.reanimator.collector.SetterCollector] - java/util/stream/Nodes$ConcNode$OfLong is not from kotlin
2021-06-11 17:16:54.248 [DEBUG][org.jetbrains.research.kex.reanimator.collector.SetterCollector] - java/util/stream/ReferencePipeline$5$1 is not from kotlin
2021-06-11 17:16:54.251 [DEBUG][org.jetbrains.research.kex.reanimator.collector.SetterCollector] - java/rmi/RemoteException is not from kotlin
2021-06-11 17:16:54.268 [DEBUG][org.jetbrains.research.kex.reanimator.collector.SetterCollector] - java/math/BigInteger is not from kotlin
2021-06-11 17:16:54.276 [DEBUG][org.jetbrains.research.kex.reanimator.collector.SetterCollector] - java/util/SplittableRandom$RandomLongsSpliterator is not from kotlin
2021-06-11 17:16:54.279 [DEBUG][org.jetbrains.research.kex.reanimator.collector.SetterCollector] - java/util/regex/Pattern$CharPropertyNames$CharPropertyFactory is not from kotlin
2021-06-11 17:16:54.282 [DEBUG][org.jetbrains.research.kex.reanimator.collector.SetterCollector] - java/util/stream/ReduceOps$ReduceOp is not from kotlin
2021-06-11 17:16:54.290 [DEBUG][org.jetbrains.research.kex.reanimator.collector.SetterCollector] - java/util/TreeMap$EntrySet is not from kotlin
2021-06-11 17:16:54.291 [DEBUG][org.jetbrains.research.kex.reanimator.collector.SetterCollector] - java/util/stream/ReduceOps$8 is not from kotlin
2021-06-11 17:16:54.302 [DEBUG][org.jetbrains.research.kex.reanimator.collector.SetterCollector] - java/lang/invoke/MethodTypeForm is not from kotlin
2021-06-11 17:16:54.303 [DEBUG][org.jetbrains.research.kex.reanimator.collector.SetterCollector] - java/util/stream/ReduceOps$7 is not from kotlin
2021-06-11 17:16:54.313 [DEBUG][org.jetbrains.research.kex.reanimator.collector.SetterCollector] - java/lang/reflect/ReflectAccess is not from kotlin
2021-06-11 17:16:54.339 [DEBUG][org.jetbrains.research.kex.reanimator.collector.SetterCollector] - java/util/Collections$CheckedSortedSet is not from kotlin
2021-06-11 17:16:54.340 [DEBUG][org.jetbrains.research.kex.reanimator.collector.SetterCollector] - java/util/stream/ReduceOps$9 is not from kotlin
2021-06-11 17:16:54.340 [DEBUG][org.jetbrains.research.kex.reanimator.collector.SetterCollector] - java/util/stream/ReduceOps$4 is not from kotlin
2021-06-11 17:16:54.340 [DEBUG][org.jetbrains.research.kex.reanimator.collector.SetterCollector] - java/util/stream/ReduceOps$3 is not from kotlin
2021-06-11 17:16:54.340 [DEBUG][org.jetbrains.research.kex.reanimator.collector.SetterCollector] - java/util/stream/ReduceOps$6 is not from kotlin
2021-06-11 17:16:54.341 [DEBUG][org.jetbrains.research.kex.reanimator.collector.SetterCollector] - java/util/stream/ReduceOps$5 is not from kotlin
2021-06-11 17:16:54.353 [DEBUG][org.jetbrains.research.kex.reanimator.collector.SetterCollector] - java/lang/String is not from kotlin
2021-06-11 17:16:54.354 [DEBUG][org.jetbrains.research.kex.reanimator.collector.SetterCollector] - java/lang/ClassNotFoundException is not from kotlin
2021-06-11 17:16:54.355 [DEBUG][org.jetbrains.research.kex.reanimator.collector.SetterCollector] - java/util/stream/ReduceOps$2 is not from kotlin
2021-06-11 17:16:54.356 [DEBUG][org.jetbrains.research.kex.reanimator.collector.SetterCollector] - java/lang/invoke/LambdaMetafactory is not from kotlin
2021-06-11 17:16:54.358 [DEBUG][org.jetbrains.research.kex.reanimator.collector.SetterCollector] - java/util/stream/ReduceOps$1 is not from kotlin
2021-06-11 17:16:54.358 [DEBUG][org.jetbrains.research.kex.reanimator.collector.SetterCollector] - java/util/zip/GZIPInputStream$1 is not from kotlin
2021-06-11 17:16:54.360 [DEBUG][org.jetbrains.research.kex.reanimator.collector.SetterCollector] - java/util/stream/StreamShape is not from kotlin
2021-06-11 17:16:54.380 [DEBUG][org.jetbrains.research.kex.reanimator.collector.SetterCollector] - java/util/Collections$UnmodifiableSet is not from kotlin
2021-06-11 17:16:54.384 [DEBUG][org.jetbrains.research.kex.reanimator.collector.SetterCollector] - java/util/ArraysParallelSortHelpers$FJDouble is not from kotlin
2021-06-11 17:16:54.387 [DEBUG][org.jetbrains.research.kex.reanimator.collector.SetterCollector] - java/util/WeakHashMap$ValueSpliterator is not from kotlin
2021-06-11 17:16:54.391 [DEBUG][org.jetbrains.research.kex.reanimator.collector.SetterCollector] - java/lang/Runtime is not from kotlin
2021-06-11 17:16:54.391 [DEBUG][org.jetbrains.research.kex.reanimator.collector.SetterCollector] - java/lang/ref/ReferenceQueue$Lock is not from kotlin
2021-06-11 17:16:54.392 [DEBUG][org.jetbrains.research.kex.reanimator.collector.SetterCollector] - java/util/concurrent/ConcurrentHashMap$BaseIterator is not from kotlin
2021-06-11 17:16:54.393 [DEBUG][org.jetbrains.research.kex.reanimator.collector.SetterCollector] - java/lang/annotation/AnnotationTypeMismatchException is not from kotlin
2021-06-11 17:16:54.395 [DEBUG][org.jetbrains.research.kex.reanimator.collector.SetterCollector] - java/util/SplittableRandom$RandomDoublesSpliterator is not from kotlin
2021-06-11 17:16:54.396 [DEBUG][org.jetbrains.research.kex.reanimator.collector.SetterCollector] - java/util/zip/Checksum is not from kotlin
2021-06-11 17:16:54.396 [DEBUG][org.jetbrains.research.kex.reanimator.collector.SetterCollector] - java/lang/Enum is not from kotlin
2021-06-11 17:16:54.397 [DEBUG][org.jetbrains.research.kex.reanimator.collector.SetterCollector] - java/util/prefs/Base64 is not from kotlin
2021-06-11 17:16:54.402 [DEBUG][org.jetbrains.research.kex.reanimator.collector.SetterCollector] - java/util/prefs/NodeChangeListener is not from kotlin
2021-06-11 17:16:54.413 [DEBUG][org.jetbrains.research.kex.reanimator.collector.SetterCollector] - java/util/ListIterator is not from kotlin
2021-06-11 17:16:54.417 [DEBUG][org.jetbrains.research.kex.reanimator.collector.SetterCollector] - java/util/function/BiPredicate is not from kotlin
2021-06-11 17:16:54.419 [DEBUG][org.jetbrains.research.kex.reanimator.collector.SetterCollector] - java/util/concurrent/ConcurrentHashMap$TableStack is not from kotlin
2021-06-11 17:16:54.426 [DEBUG][org.jetbrains.research.kex.reanimator.collector.SetterCollector] - java/util/stream/Nodes$InternalNodeSpliterator$OfLong is not from kotlin
2021-06-11 17:16:54.436 [DEBUG][org.jetbrains.research.kex.reanimator.collector.SetterCollector] - java/util/ResourceBundle$RBClassLoader is not from kotlin
2021-06-11 17:16:54.438 [DEBUG][org.jetbrains.research.kex.reanimator.collector.SetterCollector] - java/util/zip/ZipFile$ZipFileInputStream is not from kotlin
2021-06-11 17:16:54.439 [DEBUG][org.jetbrains.research.kex.reanimator.collector.SetterCollector] - java/lang/StringCoding is not from kotlin
2021-06-11 17:16:54.444 [DEBUG][org.jetbrains.research.kex.reanimator.collector.SetterCollector] - java/util/stream/StreamOpFlag$MaskBuilder is not from kotlin
2021-06-11 17:16:54.447 [DEBUG][org.jetbrains.research.kex.reanimator.collector.SetterCollector] - java/util/prefs/AbstractPreferences$NodeRemovedEvent is not from kotlin
2021-06-11 17:16:54.449 [DEBUG][org.jetbrains.research.kex.reanimator.collector.SetterCollector] - java/lang/annotation/Inherited is not from kotlin
2021-06-11 17:16:54.450 [DEBUG][org.jetbrains.research.kex.reanimator.collector.SetterCollector] - java/io/ObjectOutputStream$Caches is not from kotlin
2021-06-11 17:16:54.451 [DEBUG][org.jetbrains.research.kex.reanimator.collector.SetterCollector] - java/util/concurrent/FutureTask$WaitNode is not from kotlin
2021-06-11 17:16:54.453 [DEBUG][org.jetbrains.research.kex.reanimator.collector.SetterCollector] - java/lang/management/LockInfo is not from kotlin
2021-06-11 17:16:54.453 [DEBUG][org.jetbrains.research.kex.reanimator.collector.SetterCollector] - java/util/stream/SpinedBuffer$1Splitr is not from kotlin
2021-06-11 17:16:54.457 [DEBUG][org.jetbrains.research.kex.reanimator.collector.SetterCollector] - java/io/FilePermission is not from kotlin
2021-06-11 17:16:54.457 [DEBUG][org.jetbrains.research.kex.reanimator.collector.SetterCollector] - java/util/Collections$UnmodifiableCollection$1 is not from kotlin
2021-06-11 17:16:54.459 [DEBUG][org.jetbrains.research.kex.reanimator.collector.SetterCollector] - java/util/PrimitiveIterator is not from kotlin
2021-06-11 17:16:54.461 [DEBUG][org.jetbrains.research.kex.reanimator.collector.SetterCollector] - java/util/function/BooleanSupplier is not from kotlin
2021-06-11 17:16:54.469 [DEBUG][org.jetbrains.research.kex.reanimator.collector.SetterCollector] - java/util/concurrent/CompletableFuture$UniApply is not from kotlin
2021-06-11 17:16:54.471 [DEBUG][org.jetbrains.research.kex.reanimator.collector.SetterCollector] - java/lang/invoke/MethodType$ConcurrentWeakInternSet$WeakEntry is not from kotlin
2021-06-11 17:16:54.472 [DEBUG][org.jetbrains.research.kex.reanimator.collector.SetterCollector] - java/util/stream/ReduceOps$3ReducingSink is not from kotlin
2021-06-11 17:16:54.473 [DEBUG][org.jetbrains.research.kex.reanimator.collector.SetterCollector] - java/util/Properties$XmlSupport is not from kotlin
2021-06-11 17:16:54.473 [DEBUG][org.jetbrains.research.kex.reanimator.collector.SetterCollector] - java/util/stream/AbstractShortCircuitTask is not from kotlin
2021-06-11 17:16:54.475 [DEBUG][org.jetbrains.research.kex.reanimator.collector.SetterCollector] - java/util/Dictionary is not from kotlin
2021-06-11 17:16:54.476 [DEBUG][org.jetbrains.research.kex.reanimator.collector.SetterCollector] - java/util/TimSort is not from kotlin
2021-06-11 17:16:54.488 [DEBUG][org.jetbrains.research.kex.reanimator.collector.SetterCollector] - java/util/stream/Nodes$CollectorTask$OfRef is not from kotlin
2021-06-11 17:16:54.491 [DEBUG][org.jetbrains.research.kex.reanimator.collector.SetterCollector] - java/io/UncheckedIOException is not from kotlin
2021-06-11 17:16:54.494 [DEBUG][org.jetbrains.research.kex.reanimator.collector.SetterCollector] - java/util/regex/Pattern$Category is not from kotlin
2021-06-11 17:16:54.507 [DEBUG][org.jetbrains.research.kex.reanimator.collector.SetterCollector] - java/io/DataOutputStream is not from kotlin
2021-06-11 17:16:54.510 [DEBUG][org.jetbrains.research.kex.reanimator.collector.SetterCollector] - java/util/concurrent/ConcurrentSkipListMap$ValueSpliterator is not from kotlin
2021-06-11 17:16:54.511 [DEBUG][org.jetbrains.research.kex.reanimator.collector.SetterCollector] - java/util/stream/Nodes$ToArrayTask is not from kotlin
2021-06-11 17:16:54.511 [DEBUG][org.jetbrains.research.kex.reanimator.collector.SetterCollector] - java/util/stream/IntPipeline is not from kotlin
2021-06-11 17:16:54.512 [DEBUG][org.jetbrains.research.kex.reanimator.collector.SetterCollector] - java/lang/ProcessEnvironment$CheckedEntrySet is not from kotlin
2021-06-11 17:16:54.515 [DEBUG][org.jetbrains.research.kex.reanimator.collector.SetterCollector] - java/lang/ref/ReferenceQueue$Null is not from kotlin
2021-06-11 17:16:54.520 [DEBUG][org.jetbrains.research.kex.reanimator.collector.SetterCollector] - java/io/FilterWriter is not from kotlin
2021-06-11 17:16:54.535 [DEBUG][org.jetbrains.research.kex.reanimator.collector.SetterCollector] - java/util/Hashtable$EntrySet is not from kotlin
2021-06-11 17:16:54.539 [DEBUG][org.jetbrains.research.kex.reanimator.collector.SetterCollector] - java/lang/CharacterDataPrivateUse is not from kotlin
2021-06-11 17:16:54.540 [DEBUG][org.jetbrains.research.kex.reanimator.collector.SetterCollector] - java/lang/invoke/Stable is not from kotlin
2021-06-11 17:16:54.540 [DEBUG][org.jetbrains.research.kex.reanimator.collector.SetterCollector] - java/util/Collections$UnmodifiableMap$UnmodifiableEntrySet$1 is not from kotlin
2021-06-11 17:16:54.541 [DEBUG][org.jetbrains.research.kex.reanimator.collector.SetterCollector] - java/util/stream/DoublePipeline$2$1 is not from kotlin
2021-06-11 17:16:54.547 [DEBUG][org.jetbrains.research.kex.reanimator.collector.SetterCollector] - java/lang/Thread$State is not from kotlin
2021-06-11 17:16:54.555 [DEBUG][org.jetbrains.research.kex.reanimator.collector.SetterCollector] - java/util/ArrayPrefixHelpers$LongCumulateTask is not from kotlin
2021-06-11 17:16:54.556 [DEBUG][org.jetbrains.research.kex.reanimator.collector.SetterCollector] - java/math/MathContext is not from kotlin
2021-06-11 17:16:54.558 [DEBUG][org.jetbrains.research.kex.reanimator.collector.SetterCollector] - java/lang/ref/Reference$ReferenceHandler is not from kotlin
2021-06-11 17:16:54.559 [DEBUG][org.jetbrains.research.kex.reanimator.collector.SetterCollector] - java/util/spi/CalendarNameProvider is not from kotlin
2021-06-11 17:16:54.561 [DEBUG][org.jetbrains.research.kex.reanimator.collector.SetterCollector] - java/util/concurrent/locks/StampedLock$WriteLockView is not from kotlin
2021-06-11 17:16:54.561 [DEBUG][org.jetbrains.research.kex.reanimator.collector.SetterCollector] - java/util/ResourceBundle$RBClassLoader$1 is not from kotlin
2021-06-11 17:16:54.571 [DEBUG][org.jetbrains.research.kex.reanimator.collector.SetterCollector] - java/util/Spliterators$DoubleArraySpliterator is not from kotlin
2021-06-11 17:16:54.572 [DEBUG][org.jetbrains.research.kex.reanimator.collector.SetterCollector] - java/lang/ThreadLocal$1 is not from kotlin
2021-06-11 17:16:54.573 [DEBUG][org.jetbrains.research.kex.reanimator.collector.SetterCollector] - java/lang/invoke/MethodHandle is not from kotlin
2021-06-11 17:16:54.576 [DEBUG][org.jetbrains.research.kex.reanimator.collector.SetterCollector] - java/util/WeakHashMap$EntryIterator is not from kotlin
2021-06-11 17:16:54.581 [DEBUG][org.jetbrains.research.kex.reanimator.collector.SetterCollector] - java/util/stream/ForEachOps$ForEachOrderedTask is not from kotlin
2021-06-11 17:16:54.592 [DEBUG][org.jetbrains.research.kex.reanimator.collector.SetterCollector] - java/util/Optional is not from kotlin
2021-06-11 17:16:54.593 [DEBUG][org.jetbrains.research.kex.reanimator.collector.SetterCollector] - java/util/stream/Streams$ConcatSpliterator$OfPrimitive is not from kotlin
2021-06-11 17:16:54.593 [DEBUG][org.jetbrains.research.kex.reanimator.collector.SetterCollector] - java/util/stream/LongPipeline$4$1 is not from kotlin
2021-06-11 17:16:54.595 [DEBUG][org.jetbrains.research.kex.reanimator.collector.SetterCollector] - java/util/concurrent/ForkJoinTask$ExceptionNode is not from kotlin
2021-06-11 17:16:54.596 [DEBUG][org.jetbrains.research.kex.reanimator.collector.SetterCollector] - java/util/stream/Nodes$ConcNode$OfPrimitive is not from kotlin
2021-06-11 17:16:54.597 [DEBUG][org.jetbrains.research.kex.reanimator.collector.SetterCollector] - java/util/TreeMap$NavigableSubMap$SubMapIterator is not from kotlin
2021-06-11 17:16:54.598 [DEBUG][org.jetbrains.research.kex.reanimator.collector.SetterCollector] - java/util/function/ToIntFunction is not from kotlin
2021-06-11 17:16:54.601 [DEBUG][org.jetbrains.research.kex.reanimator.collector.SetterCollector] - java/io/ObjectOutputStream$ReplaceTable is not from kotlin
2021-06-11 17:16:54.602 [DEBUG][org.jetbrains.research.kex.reanimator.collector.SetterCollector] - java/util/regex/ASCII is not from kotlin
2021-06-11 17:16:54.608 [DEBUG][org.jetbrains.research.kex.reanimator.collector.SetterCollector] - java/util/regex/Pattern$CharPropertyNames is not from kotlin
2021-06-11 17:16:54.613 [DEBUG][org.jetbrains.research.kex.reanimator.collector.SetterCollector] - java/util/concurrent/ConcurrentHashMap$MapEntry is not from kotlin
2021-06-11 17:16:54.616 [DEBUG][org.jetbrains.research.kex.reanimator.collector.SetterCollector] - java/lang/invoke/InfoFromMemberName is not from kotlin
2021-06-11 17:16:54.616 [DEBUG][org.jetbrains.research.kex.reanimator.collector.SetterCollector] - java/util/Collection is not from kotlin
2021-06-11 17:16:54.619 [DEBUG][org.jetbrains.research.kex.reanimator.collector.SetterCollector] - java/util/concurrent/ScheduledThreadPoolExecutor$DelayedWorkQueue$Itr is not from kotlin
2021-06-11 17:16:54.620 [DEBUG][org.jetbrains.research.kex.reanimator.collector.SetterCollector] - java/io/FileReader is not from kotlin
2021-06-11 17:16:54.621 [DEBUG][org.jetbrains.research.kex.reanimator.collector.SetterCollector] - java/io/CharConversionException is not from kotlin
2021-06-11 17:16:54.635 [DEBUG][org.jetbrains.research.kex.reanimator.collector.SetterCollector] - java/util/HashMap$EntrySet is not from kotlin
2021-06-11 17:16:54.641 [DEBUG][org.jetbrains.research.kex.reanimator.collector.SetterCollector] - java/lang/management/ThreadMXBean is not from kotlin
2021-06-11 17:16:54.642 [DEBUG][org.jetbrains.research.kex.reanimator.collector.SetterCollector] - java/util/concurrent/CancellationException is not from kotlin
2021-06-11 17:16:54.643 [DEBUG][org.jetbrains.research.kex.reanimator.collector.SetterCollector] - java/util/HashMap$HashMapSpliterator is not from kotlin
2021-06-11 17:16:54.643 [DEBUG][org.jetbrains.research.kex.reanimator.collector.SetterCollector] - java/lang/RuntimeException is not from kotlin
2021-06-11 17:16:54.649 [DEBUG][org.jetbrains.research.kex.reanimator.collector.SetterCollector] - java/lang/ref/Finalizer$3 is not from kotlin
2021-06-11 17:16:54.651 [DEBUG][org.jetbrains.research.kex.reanimator.collector.SetterCollector] - java/lang/ref/Finalizer$2 is not from kotlin
2021-06-11 17:16:54.652 [DEBUG][org.jetbrains.research.kex.reanimator.collector.SetterCollector] - java/lang/ref/Finalizer$1 is not from kotlin
2021-06-11 17:16:54.655 [DEBUG][org.jetbrains.research.kex.reanimator.collector.SetterCollector] - java/util/prefs/InvalidPreferencesFormatException is not from kotlin
2021-06-11 17:16:54.656 [DEBUG][org.jetbrains.research.kex.reanimator.collector.SetterCollector] - java/lang/UnsatisfiedLinkError is not from kotlin
2021-06-11 17:16:54.675 [DEBUG][org.jetbrains.research.kex.reanimator.collector.SetterCollector] - java/lang/StringBuffer is not from kotlin
2021-06-11 17:16:54.676 [DEBUG][org.jetbrains.research.kex.reanimator.collector.SetterCollector] - java/util/DualPivotQuicksort is not from kotlin
2021-06-11 17:16:54.677 [DEBUG][org.jetbrains.research.kex.reanimator.collector.SetterCollector] - java/util/PriorityQueue$1 is not from kotlin
2021-06-11 17:16:54.686 [DEBUG][org.jetbrains.research.kex.reanimator.collector.SetterCollector] - java/util/concurrent/ConcurrentHashMap$MapReduceMappingsToDoubleTask is not from kotlin
2021-06-11 17:16:54.692 [DEBUG][org.jetbrains.research.kex.reanimator.collector.SetterCollector] - java/util/logging/Logger is not from kotlin
2021-06-11 17:16:54.694 [INFO ][org.jetbrains.research.kex.reanimator.collector.SetterCollector] - Method java/util/logging/Logger::setFilter(java/util/logging/Filter): void is java setter for private volatile java.util.logging.Filter java.util.logging.Logger.filter
2021-06-11 17:16:54.695 [INFO ][org.jetbrains.research.kex.reanimator.collector.SetterCollector] - Method java/util/logging/Logger::setUseParentHandlers(bool): void is java setter for private volatile boolean java.util.logging.Logger.useParentHandlers
2021-06-11 17:16:54.697 [DEBUG][org.jetbrains.research.kex.reanimator.collector.SetterCollector] - java/util/Comparator is not from kotlin
2021-06-11 17:16:54.699 [DEBUG][org.jetbrains.research.kex.reanimator.collector.SetterCollector] - java/util/stream/IntPipeline$4$1 is not from kotlin
2021-06-11 17:16:54.701 [DEBUG][org.jetbrains.research.kex.reanimator.collector.SetterCollector] - java/util/stream/SpinedBuffer is not from kotlin
2021-06-11 17:16:54.702 [DEBUG][org.jetbrains.research.kex.reanimator.collector.SetterCollector] - java/math/BitSieve is not from kotlin
2021-06-11 17:16:54.704 [DEBUG][org.jetbrains.research.kex.reanimator.collector.SetterCollector] - java/util/IllegalFormatFlagsException is not from kotlin
2021-06-11 17:16:54.712 [DEBUG][org.jetbrains.research.kex.reanimator.collector.SetterCollector] - java/lang/management/PlatformComponent is not from kotlin
2021-06-11 17:16:54.715 [DEBUG][org.jetbrains.research.kex.reanimator.collector.SetterCollector] - java/lang/Thread$UncaughtExceptionHandler is not from kotlin
2021-06-11 17:16:54.716 [DEBUG][org.jetbrains.research.kex.reanimator.collector.SetterCollector] - java/util/logging/Logger$LoggerBundle is not from kotlin
2021-06-11 17:16:54.742 [DEBUG][org.jetbrains.research.kex.reanimator.collector.SetterCollector] - java/util/Collections$UnmodifiableRandomAccessList is not from kotlin
2021-06-11 17:16:54.745 [DEBUG][org.jetbrains.research.kex.reanimator.collector.SetterCollector] - java/util/Spliterators$ArraySpliterator is not from kotlin
2021-06-11 17:16:54.746 [DEBUG][org.jetbrains.research.kex.reanimator.collector.SetterCollector] - java/util/concurrent/CompletableFuture$AsynchronousCompletionTask is not from kotlin
2021-06-11 17:16:54.790 [DEBUG][org.jetbrains.research.kex.reanimator.collector.SetterCollector] - java/util/LinkedList is not from kotlin
2021-06-11 17:16:54.791 [DEBUG][org.jetbrains.research.kex.reanimator.collector.SetterCollector] - java/lang/IllegalThreadStateException is not from kotlin
2021-06-11 17:16:54.797 [DEBUG][org.jetbrains.research.kex.reanimator.collector.SetterCollector] - java/util/Formatter$FormatSpecifier is not from kotlin
2021-06-11 17:16:54.800 [DEBUG][org.jetbrains.research.kex.reanimator.collector.SetterCollector] - java/lang/invoke/MethodHandleImpl$IntrinsicMethodHandle is not from kotlin
2021-06-11 17:16:54.802 [DEBUG][org.jetbrains.research.kex.reanimator.collector.SetterCollector] - java/util/concurrent/ConcurrentSkipListMap$Node is not from kotlin
2021-06-11 17:16:54.803 [DEBUG][org.jetbrains.research.kex.reanimator.collector.SetterCollector] - java/lang/Character$Subset is not from kotlin
2021-06-11 17:16:54.824 [DEBUG][org.jetbrains.research.kex.reanimator.collector.SetterCollector] - java/util/concurrent/ConcurrentLinkedDeque is not from kotlin
2021-06-11 17:16:54.838 [DEBUG][org.jetbrains.research.kex.reanimator.collector.SetterCollector] - java/util/stream/SortedOps$OfLong is not from kotlin
2021-06-11 17:16:54.844 [DEBUG][org.jetbrains.research.kex.reanimator.collector.SetterCollector] - java/util/concurrent/ConcurrentHashMap$MapReduceValuesToDoubleTask is not from kotlin
2021-06-11 17:16:54.845 [DEBUG][org.jetbrains.research.kex.reanimator.collector.SetterCollector] - java/util/prefs/Preferences$2 is not from kotlin
2021-06-11 17:16:54.847 [DEBUG][org.jetbrains.research.kex.reanimator.collector.SetterCollector] - java/lang/invoke/CallSite is not from kotlin
2021-06-11 17:16:54.858 [DEBUG][org.jetbrains.research.kex.reanimator.collector.SetterCollector] - java/util/ArraysParallelSortHelpers$FJByte$Merger is not from kotlin
2021-06-11 17:16:54.859 [DEBUG][org.jetbrains.research.kex.reanimator.collector.SetterCollector] - java/util/prefs/Preferences$1 is not from kotlin
2021-06-11 17:16:54.860 [DEBUG][org.jetbrains.research.kex.reanimator.collector.SetterCollector] - java/util/zip/DataFormatException is not from kotlin
2021-06-11 17:16:54.869 [DEBUG][org.jetbrains.research.kex.reanimator.collector.SetterCollector] - java/util/concurrent/ConcurrentHashMap$MapReduceValuesTask is not from kotlin
2021-06-11 17:16:54.873 [DEBUG][org.jetbrains.research.kex.reanimator.collector.SetterCollector] - java/util/stream/ForEachOps$ForEachTask is not from kotlin
2021-06-11 17:16:54.877 [DEBUG][org.jetbrains.research.kex.reanimator.collector.SetterCollector] - java/nio/charset/Charset$ExtendedProviderHolder$1 is not from kotlin
2021-06-11 17:16:54.893 [DEBUG][org.jetbrains.research.kex.reanimator.collector.SetterCollector] - java/util/Collections$SingletonMap is not from kotlin
2021-06-11 17:16:54.907 [DEBUG][org.jetbrains.research.kex.reanimator.collector.SetterCollector] - java/util/stream/Nodes$FixedNodeBuilder is not from kotlin
2021-06-11 17:16:54.907 [DEBUG][org.jetbrains.research.kex.reanimator.collector.SetterCollector] - java/io/Reader is not from kotlin
2021-06-11 17:16:54.908 [DEBUG][org.jetbrains.research.kex.reanimator.collector.SetterCollector] - java/util/jar/JarEntry is not from kotlin
2021-06-11 17:16:54.911 [DEBUG][org.jetbrains.research.kex.reanimator.collector.SetterCollector] - java/util/concurrent/ArrayBlockingQueue$Itrs is not from kotlin
2021-06-11 17:16:54.911 [DEBUG][org.jetbrains.research.kex.reanimator.collector.SetterCollector] - java/util/EventListener is not from kotlin
2021-06-11 17:16:54.916 [DEBUG][org.jetbrains.research.kex.reanimator.collector.SetterCollector] - java/util/concurrent/CompletableFuture$UniExceptionally is not from kotlin
2021-06-11 17:16:54.930 [DEBUG][org.jetbrains.research.kex.reanimator.collector.SetterCollector] - java/util/stream/SortedOps$OfDouble is not from kotlin
2021-06-11 17:16:54.930 [DEBUG][org.jetbrains.research.kex.reanimator.collector.SetterCollector] - java/lang/Object is not from kotlin
2021-06-11 17:16:54.942 [DEBUG][org.jetbrains.research.kex.reanimator.collector.SetterCollector] - java/util/stream/Nodes$ConcNode is not from kotlin
2021-06-11 17:16:54.946 [DEBUG][org.jetbrains.research.kex.reanimator.collector.SetterCollector] - java/util/concurrent/atomic/AtomicStampedReference is not from kotlin
2021-06-11 17:16:54.949 [DEBUG][org.jetbrains.research.kex.reanimator.collector.SetterCollector] - java/util/Vector$Itr is not from kotlin
2021-06-11 17:16:54.950 [DEBUG][org.jetbrains.research.kex.reanimator.collector.SetterCollector] - java/util/concurrent/atomic/LongAdder$SerializationProxy is not from kotlin
2021-06-11 17:16:54.951 [DEBUG][org.jetbrains.research.kex.reanimator.collector.SetterCollector] - java/lang/reflect/ParameterizedType is not from kotlin
2021-06-11 17:16:54.952 [DEBUG][org.jetbrains.research.kex.reanimator.collector.SetterCollector] - java/util/SortedSet is not from kotlin
2021-06-11 17:16:54.953 [DEBUG][org.jetbrains.research.kex.reanimator.collector.SetterCollector] - java/util/stream/ReduceOps$10ReducingSink is not from kotlin
2021-06-11 17:16:54.954 [DEBUG][org.jetbrains.research.kex.reanimator.collector.SetterCollector] - java/util/ArraysParallelSortHelpers$FJFloat is not from kotlin
2021-06-11 17:16:54.955 [DEBUG][org.jetbrains.research.kex.reanimator.collector.SetterCollector] - java/util/stream/LongPipeline$3$1 is not from kotlin
2021-06-11 17:16:54.955 [DEBUG][org.jetbrains.research.kex.reanimator.collector.SetterCollector] - java/util/stream/SliceOps$4$1 is not from kotlin
2021-06-11 17:16:54.956 [DEBUG][org.jetbrains.research.kex.reanimator.collector.SetterCollector] - java/lang/Package$1 is not from kotlin
2021-06-11 17:16:54.963 [DEBUG][org.jetbrains.research.kex.reanimator.collector.SetterCollector] - java/util/stream/Streams$RangeLongSpliterator is not from kotlin
2021-06-11 17:16:54.967 [DEBUG][org.jetbrains.research.kex.reanimator.collector.SetterCollector] - java/lang/invoke/LambdaForm$Hidden is not from kotlin
2021-06-11 17:16:54.969 [DEBUG][org.jetbrains.research.kex.reanimator.collector.SetterCollector] - java/io/ObjectStreamClass$ExceptionInfo is not from kotlin
2021-06-11 17:16:54.973 [DEBUG][org.jetbrains.research.kex.reanimator.collector.SetterCollector] - java/util/concurrent/LinkedBlockingDeque$Itr is not from kotlin
2021-06-11 17:16:54.988 [DEBUG][org.jetbrains.research.kex.reanimator.collector.SetterCollector] - java/util/regex/Pattern$NotBehind is not from kotlin
2021-06-11 17:16:54.991 [DEBUG][org.jetbrains.research.kex.reanimator.collector.SetterCollector] - java/util/concurrent/LinkedBlockingDeque$DescendingItr is not from kotlin
2021-06-11 17:16:54.991 [DEBUG][org.jetbrains.research.kex.reanimator.collector.SetterCollector] - java/util/logging/LogManager$LoggerContext is not from kotlin
2021-06-11 17:16:54.992 [DEBUG][org.jetbrains.research.kex.reanimator.collector.SetterCollector] - java/util/function/ToDoubleFunction is not from kotlin
2021-06-11 17:16:54.993 [DEBUG][org.jetbrains.research.kex.reanimator.collector.SetterCollector] - java/util/prefs/PreferenceChangeListener is not from kotlin
2021-06-11 17:16:54.994 [DEBUG][org.jetbrains.research.kex.reanimator.collector.SetterCollector] - java/math/BigDecimal$1 is not from kotlin
2021-06-11 17:16:54.995 [DEBUG][org.jetbrains.research.kex.reanimator.collector.SetterCollector] - java/lang/instrument/ClassDefinition is not from kotlin
2021-06-11 17:16:55.038 [DEBUG][org.jetbrains.research.kex.reanimator.collector.SetterCollector] - java/lang/Long is not from kotlin
2021-06-11 17:16:55.060 [DEBUG][org.jetbrains.research.kex.reanimator.collector.SetterCollector] - java/util/concurrent/ScheduledThreadPoolExecutor is not from kotlin
2021-06-11 17:16:55.062 [DEBUG][org.jetbrains.research.kex.reanimator.collector.SetterCollector] - java/util/concurrent/CompletableFuture$ThreadPerTaskExecutor is not from kotlin
2021-06-11 17:16:55.062 [DEBUG][org.jetbrains.research.kex.reanimator.collector.SetterCollector] - java/util/stream/SpinedBuffer$OfDouble$1Splitr is not from kotlin
2021-06-11 17:16:55.062 [DEBUG][org.jetbrains.research.kex.reanimator.collector.SetterCollector] - java/util/logging/Formatter is not from kotlin
2021-06-11 17:16:55.063 [DEBUG][org.jetbrains.research.kex.reanimator.collector.SetterCollector] - java/lang/ReflectiveOperationException is not from kotlin
2021-06-11 17:16:55.063 [DEBUG][org.jetbrains.research.kex.reanimator.collector.SetterCollector] - java/io/ObjectStreamClass$ClassDataSlot is not from kotlin
2021-06-11 17:16:55.064 [DEBUG][org.jetbrains.research.kex.reanimator.collector.SetterCollector] - java/lang/CharSequence$1CharIterator is not from kotlin
2021-06-11 17:16:55.064 [DEBUG][org.jetbrains.research.kex.reanimator.collector.SetterCollector] - java/util/stream/ReduceOps$13ReducingSink is not from kotlin
2021-06-11 17:16:55.065 [DEBUG][org.jetbrains.research.kex.reanimator.collector.SetterCollector] - java/util/UnknownFormatFlagsException is not from kotlin
2021-06-11 17:16:55.066 [DEBUG][org.jetbrains.research.kex.reanimator.collector.SetterCollector] - java/lang/invoke/MethodHandleProxies is not from kotlin
2021-06-11 17:16:55.077 [DEBUG][org.jetbrains.research.kex.reanimator.collector.SetterCollector] - java/util/concurrent/Semaphore$Sync is not from kotlin
2021-06-11 17:16:55.087 [DEBUG][org.jetbrains.research.kex.reanimator.collector.SetterCollector] - java/lang/ClassValue is not from kotlin
2021-06-11 17:16:55.089 [DEBUG][org.jetbrains.research.kex.reanimator.collector.SetterCollector] - java/util/regex/Pattern$Bound is not from kotlin
2021-06-11 17:16:55.090 [DEBUG][org.jetbrains.research.kex.reanimator.collector.SetterCollector] - java/util/stream/LongStream$1 is not from kotlin
2021-06-11 17:16:55.094 [DEBUG][org.jetbrains.research.kex.reanimator.collector.SetterCollector] - java/util/concurrent/ConcurrentHashMap$MapReduceKeysToLongTask is not from kotlin
2021-06-11 17:16:55.111 [DEBUG][org.jetbrains.research.kex.reanimator.collector.SetterCollector] - java/util/IdentityHashMap$EntrySet is not from kotlin
2021-06-11 17:16:55.112 [DEBUG][org.jetbrains.research.kex.reanimator.collector.SetterCollector] - java/util/function/DoubleBinaryOperator is not from kotlin
2021-06-11 17:16:55.114 [DEBUG][org.jetbrains.research.kex.reanimator.collector.SetterCollector] - java/util/EnumMap$KeyIterator is not from kotlin
2021-06-11 17:16:55.119 [DEBUG][org.jetbrains.research.kex.reanimator.collector.SetterCollector] - java/util/concurrent/CompletableFuture$CoCompletion is not from kotlin
2021-06-11 17:16:55.120 [DEBUG][org.jetbrains.research.kex.reanimator.collector.SetterCollector] - java/util/stream/StreamSpliterators$ArrayBuffer$OfDouble is not from kotlin
2021-06-11 17:16:55.121 [DEBUG][org.jetbrains.research.kex.reanimator.collector.SetterCollector] - java/lang/invoke/WrongMethodTypeException is not from kotlin
2021-06-11 17:16:55.129 [DEBUG][org.jetbrains.research.kex.reanimator.collector.SetterCollector] - java/util/stream/Sink$OfLong is not from kotlin
2021-06-11 17:16:55.131 [DEBUG][org.jetbrains.research.kex.reanimator.collector.SetterCollector] - java/util/regex/Pattern$HorizWS is not from kotlin
2021-06-11 17:16:55.134 [DEBUG][org.jetbrains.research.kex.reanimator.collector.SetterCollector] - java/util/concurrent/CompletableFuture$OrRun is not from kotlin
2021-06-11 17:16:55.134 [DEBUG][org.jetbrains.research.kex.reanimator.collector.SetterCollector] - java/util/regex/Pattern$Node is not from kotlin
2021-06-11 17:16:55.135 [DEBUG][org.jetbrains.research.kex.reanimator.collector.SetterCollector] - java/lang/Exception is not from kotlin
2021-06-11 17:16:55.136 [DEBUG][org.jetbrains.research.kex.reanimator.collector.SetterCollector] - java/lang/ClassValue$Version is not from kotlin
2021-06-11 17:16:55.137 [DEBUG][org.jetbrains.research.kex.reanimator.collector.SetterCollector] - java/util/function/ToLongBiFunction is not from kotlin
2021-06-11 17:16:55.140 [DEBUG][org.jetbrains.research.kex.reanimator.collector.SetterCollector] - java/util/concurrent/ConcurrentSkipListMap$EntrySpliterator is not from kotlin
2021-06-11 17:16:55.142 [DEBUG][org.jetbrains.research.kex.reanimator.collector.SetterCollector] - java/util/Spliterators$EmptySpliterator$OfLong is not from kotlin
2021-06-11 17:16:55.142 [DEBUG][org.jetbrains.research.kex.reanimator.collector.SetterCollector] - java/util/logging/LoggingMXBean is not from kotlin
2021-06-11 17:16:55.148 [DEBUG][org.jetbrains.research.kex.reanimator.collector.SetterCollector] - java/lang/Class$ReflectionData is not from kotlin
2021-06-11 17:16:55.151 [DEBUG][org.jetbrains.research.kex.reanimator.collector.SetterCollector] - java/util/OptionalInt is not from kotlin
2021-06-11 17:16:55.157 [DEBUG][org.jetbrains.research.kex.reanimator.collector.SetterCollector] - java/util/stream/Nodes$ConcNode$OfDouble is not from kotlin
2021-06-11 17:16:55.158 [DEBUG][org.jetbrains.research.kex.reanimator.collector.SetterCollector] - java/util/Comparators is not from kotlin
2021-06-11 17:16:55.159 [DEBUG][org.jetbrains.research.kex.reanimator.collector.SetterCollector] - java/util/Collections$SynchronizedMap is not from kotlin
2021-06-11 17:16:55.161 [DEBUG][org.jetbrains.research.kex.reanimator.collector.SetterCollector] - java/lang/invoke/SerializedLambda is not from kotlin
2021-06-11 17:16:55.163 [DEBUG][org.jetbrains.research.kex.reanimator.collector.SetterCollector] - java/util/StringJoiner is not from kotlin
2021-06-11 17:16:55.175 [DEBUG][org.jetbrains.research.kex.reanimator.collector.SetterCollector] - java/util/concurrent/ConcurrentHashMap$MapReduceEntriesToIntTask is not from kotlin
2021-06-11 17:16:55.178 [DEBUG][org.jetbrains.research.kex.reanimator.collector.SetterCollector] - java/util/stream/Streams$RangeIntSpliterator is not from kotlin
2021-06-11 17:16:55.180 [DEBUG][org.jetbrains.research.kex.reanimator.collector.SetterCollector] - java/util/concurrent/atomic/DoubleAccumulator is not from kotlin
2021-06-11 17:16:55.184 [DEBUG][org.jetbrains.research.kex.reanimator.collector.SetterCollector] - java/io/PipedWriter is not from kotlin
2021-06-11 17:16:55.193 [DEBUG][org.jetbrains.research.kex.reanimator.collector.SetterCollector] - java/util/Formatter is not from kotlin
2021-06-11 17:16:55.194 [DEBUG][org.jetbrains.research.kex.reanimator.collector.SetterCollector] - java/lang/management/ManagementFactory$1 is not from kotlin
2021-06-11 17:16:55.196 [DEBUG][org.jetbrains.research.kex.reanimator.collector.SetterCollector] - java/util/LongSummaryStatistics is not from kotlin
2021-06-11 17:16:55.197 [DEBUG][org.jetbrains.research.kex.reanimator.collector.SetterCollector] - java/lang/management/ManagementFactory$2 is not from kotlin
2021-06-11 17:16:55.198 [DEBUG][org.jetbrains.research.kex.reanimator.collector.SetterCollector] - java/lang/management/ManagementFactory$3 is not from kotlin
2021-06-11 17:16:55.200 [DEBUG][org.jetbrains.research.kex.reanimator.collector.SetterCollector] - java/util/concurrent/ConcurrentSkipListMap$Iter is not from kotlin
2021-06-11 17:16:55.211 [DEBUG][org.jetbrains.research.kex.reanimator.collector.SetterCollector] - java/util/concurrent/ConcurrentHashMap$ReduceValuesTask is not from kotlin
2021-06-11 17:16:55.214 [DEBUG][org.jetbrains.research.kex.reanimator.collector.SetterCollector] - java/util/LinkedHashMap$LinkedValueIterator is not from kotlin
2021-06-11 17:16:55.219 [DEBUG][org.jetbrains.research.kex.reanimator.collector.SetterCollector] - java/io/CharArrayWriter is not from kotlin
2021-06-11 17:16:55.219 [DEBUG][org.jetbrains.research.kex.reanimator.collector.SetterCollector] - java/util/Spliterator$OfInt is not from kotlin
2021-06-11 17:16:55.224 [DEBUG][org.jetbrains.research.kex.reanimator.collector.SetterCollector] - java/util/ResourceBundle$Control$CandidateListCache is not from kotlin
2021-06-11 17:16:55.227 [DEBUG][org.jetbrains.research.kex.reanimator.collector.SetterCollector] - java/lang/ProcessImpl$LazyPattern is not from kotlin
2021-06-11 17:16:55.235 [DEBUG][org.jetbrains.research.kex.reanimator.collector.SetterCollector] - java/util/stream/Streams$LongStreamBuilderImpl is not from kotlin
2021-06-11 17:16:55.236 [DEBUG][org.jetbrains.research.kex.reanimator.collector.SetterCollector] - java/lang/Math is not from kotlin
2021-06-11 17:16:55.240 [DEBUG][org.jetbrains.research.kex.reanimator.collector.SetterCollector] - java/lang/ThreadLocal$ThreadLocalMap$Entry is not from kotlin
2021-06-11 17:16:55.240 [DEBUG][org.jetbrains.research.kex.reanimator.collector.SetterCollector] - java/lang/Package$1PackageInfoProxy is not from kotlin
2021-06-11 17:16:55.241 [DEBUG][org.jetbrains.research.kex.reanimator.collector.SetterCollector] - java/lang/invoke/InvokeDynamic is not from kotlin
2021-06-11 17:16:55.256 [DEBUG][org.jetbrains.research.kex.reanimator.collector.SetterCollector] - java/util/jar/Attributes is not from kotlin
2021-06-11 17:16:55.258 [DEBUG][org.jetbrains.research.kex.reanimator.collector.SetterCollector] - java/lang/ThreadDeath is not from kotlin
2021-06-11 17:16:55.260 [DEBUG][org.jetbrains.research.kex.reanimator.collector.SetterCollector] - java/util/WeakHashMap$Entry is not from kotlin
2021-06-11 17:16:55.261 [INFO ][org.jetbrains.research.kex.reanimator.collector.SetterCollector] - Method java/util/WeakHashMap$Entry::setValue(java/lang/Object): java/lang/Object is java setter for java.lang.Object java.util.WeakHashMap$Entry.value
2021-06-11 17:16:55.261 [DEBUG][org.jetbrains.research.kex.reanimator.collector.SetterCollector] - java/util/stream/ReferencePipeline$10$1 is not from kotlin
2021-06-11 17:16:55.262 [DEBUG][org.jetbrains.research.kex.reanimator.collector.SetterCollector] - java/lang/invoke/MethodHandleImpl$BindCaller is not from kotlin
2021-06-11 17:16:55.263 [DEBUG][org.jetbrains.research.kex.reanimator.collector.SetterCollector] - java/util/logging/StreamHandler is not from kotlin
2021-06-11 17:16:55.264 [DEBUG][org.jetbrains.research.kex.reanimator.collector.SetterCollector] - java/lang/ArithmeticException is not from kotlin
2021-06-11 17:16:55.276 [DEBUG][org.jetbrains.research.kex.reanimator.collector.SetterCollector] - java/util/TreeMap$Values is not from kotlin
2021-06-11 17:16:55.277 [DEBUG][org.jetbrains.research.kex.reanimator.collector.SetterCollector] - java/util/regex/Pattern$LineEnding is not from kotlin
2021-06-11 17:16:55.285 [DEBUG][org.jetbrains.research.kex.reanimator.collector.SetterCollector] - java/util/Collections$SynchronizedSortedSet is not from kotlin
2021-06-11 17:16:55.327 [DEBUG][org.jetbrains.research.kex.reanimator.collector.SetterCollector] - java/util/concurrent/ConcurrentSkipListMap is not from kotlin
2021-06-11 17:16:55.333 [DEBUG][org.jetbrains.research.kex.reanimator.collector.SetterCollector] - java/lang/Class$MethodArray is not from kotlin
2021-06-11 17:16:55.335 [DEBUG][org.jetbrains.research.kex.reanimator.collector.SetterCollector] - java/util/AbstractMap$2 is not from kotlin
2021-06-11 17:16:55.336 [DEBUG][org.jetbrains.research.kex.reanimator.collector.SetterCollector] - java/util/function/ObjLongConsumer is not from kotlin
2021-06-11 17:16:55.338 [DEBUG][org.jetbrains.research.kex.reanimator.collector.SetterCollector] - java/util/regex/Pattern$CharPropertyNames$2 is not from kotlin
2021-06-11 17:16:55.339 [DEBUG][org.jetbrains.research.kex.reanimator.collector.SetterCollector] - java/util/stream/StreamSpliterators$ArrayBuffer$OfPrimitive is not from kotlin
2021-06-11 17:16:55.340 [DEBUG][org.jetbrains.research.kex.reanimator.collector.SetterCollector] - java/lang/InstantiationError is not from kotlin
2021-06-11 17:16:55.342 [DEBUG][org.jetbrains.research.kex.reanimator.collector.SetterCollector] - java/util/SplittableRandom is not from kotlin
2021-06-11 17:16:55.343 [DEBUG][org.jetbrains.research.kex.reanimator.collector.SetterCollector] - java/util/regex/Pattern$CharPropertyNames$1 is not from kotlin
2021-06-11 17:16:55.344 [DEBUG][org.jetbrains.research.kex.reanimator.collector.SetterCollector] - java/util/AbstractMap$1 is not from kotlin
2021-06-11 17:16:55.346 [DEBUG][org.jetbrains.research.kex.reanimator.collector.SetterCollector] - java/io/SerializablePermission is not from kotlin
2021-06-11 17:16:55.358 [DEBUG][org.jetbrains.research.kex.reanimator.collector.SetterCollector] - java/util/IdentityHashMap$Values is not from kotlin
2021-06-11 17:16:55.359 [DEBUG][org.jetbrains.research.kex.reanimator.collector.SetterCollector] - java/util/Observer is not from kotlin
2021-06-11 17:16:55.360 [DEBUG][org.jetbrains.research.kex.reanimator.collector.SetterCollector] - java/util/regex/Pattern$CharPropertyNames$9 is not from kotlin
2021-06-11 17:16:55.361 [DEBUG][org.jetbrains.research.kex.reanimator.collector.SetterCollector] - java/io/BufferedOutputStream is not from kotlin
2021-06-11 17:16:55.363 [DEBUG][org.jetbrains.research.kex.reanimator.collector.SetterCollector] - java/util/regex/Pattern$BitClass is not from kotlin
2021-06-11 17:16:55.363 [DEBUG][org.jetbrains.research.kex.reanimator.collector.SetterCollector] - java/util/regex/Pattern$CharPropertyNames$8 is not from kotlin
2021-06-11 17:16:55.364 [DEBUG][org.jetbrains.research.kex.reanimator.collector.SetterCollector] - java/util/regex/Pattern$CharPropertyNames$7 is not from kotlin
2021-06-11 17:16:55.364 [DEBUG][org.jetbrains.research.kex.reanimator.collector.SetterCollector] - java/util/regex/Pattern$CharPropertyNames$6 is not from kotlin
2021-06-11 17:16:55.365 [DEBUG][org.jetbrains.research.kex.reanimator.collector.SetterCollector] - java/util/regex/Pattern$CharPropertyNames$5 is not from kotlin
2021-06-11 17:16:55.366 [DEBUG][org.jetbrains.research.kex.reanimator.collector.SetterCollector] - java/util/Arrays is not from kotlin
2021-06-11 17:16:55.367 [DEBUG][org.jetbrains.research.kex.reanimator.collector.SetterCollector] - java/util/regex/Pattern$CharPropertyNames$4 is not from kotlin
2021-06-11 17:16:55.368 [DEBUG][org.jetbrains.research.kex.reanimator.collector.SetterCollector] - java/util/regex/Pattern$CharPropertyNames$3 is not from kotlin
2021-06-11 17:16:55.368 [DEBUG][org.jetbrains.research.kex.reanimator.collector.SetterCollector] - java/lang/invoke/SerializedLambda$1 is not from kotlin
2021-06-11 17:16:55.369 [DEBUG][org.jetbrains.research.kex.reanimator.collector.SetterCollector] - java/util/Spliterators$AbstractDoubleSpliterator is not from kotlin
2021-06-11 17:16:55.375 [DEBUG][org.jetbrains.research.kex.reanimator.collector.SetterCollector] - java/util/LinkedHashMap$LinkedKeyIterator is not from kotlin
2021-06-11 17:16:55.378 [DEBUG][org.jetbrains.research.kex.reanimator.collector.SetterCollector] - java/util/PriorityQueue$PriorityQueueSpliterator is not from kotlin
2021-06-11 17:16:55.379 [DEBUG][org.jetbrains.research.kex.reanimator.collector.SetterCollector] - java/util/stream/ReduceOps$6ReducingSink is not from kotlin
2021-06-11 17:16:55.390 [DEBUG][org.jetbrains.research.kex.reanimator.collector.SetterCollector] - java/lang/invoke/MethodType is not from kotlin
2021-06-11 17:16:55.393 [INFO ][org.jetbrains.research.kex.reanimator.collector.SetterCollector] - Method java/lang/invoke/MethodType::setForm(java/lang/invoke/MethodTypeForm): void is java setter for private java.lang.invoke.MethodTypeForm java.lang.invoke.MethodType.form
2021-06-11 17:16:55.395 [DEBUG][org.jetbrains.research.kex.reanimator.collector.SetterCollector] - java/util/Map is not from kotlin
2021-06-11 17:16:55.397 [DEBUG][org.jetbrains.research.kex.reanimator.collector.SetterCollector] - java/util/WeakHashMap$WeakHashMapSpliterator is not from kotlin
2021-06-11 17:16:55.398 [DEBUG][org.jetbrains.research.kex.reanimator.collector.SetterCollector] - java/util/concurrent/ConcurrentLinkedDeque$1 is not from kotlin
2021-06-11 17:16:55.402 [DEBUG][org.jetbrains.research.kex.reanimator.collector.SetterCollector] - java/util/MissingFormatArgumentException is not from kotlin
2021-06-11 17:16:55.422 [DEBUG][org.jetbrains.research.kex.reanimator.collector.SetterCollector] - java/util/LinkedHashSet is not from kotlin
2021-06-11 17:16:55.424 [DEBUG][org.jetbrains.research.kex.reanimator.collector.SetterCollector] - java/lang/ProcessBuilder$NullOutputStream is not from kotlin
2021-06-11 17:16:55.425 [DEBUG][org.jetbrains.research.kex.reanimator.collector.SetterCollector] - java/lang/invoke/MethodHandles$1 is not from kotlin
2021-06-11 17:16:55.425 [DEBUG][org.jetbrains.research.kex.reanimator.collector.SetterCollector] - java/util/Enumeration is not from kotlin
2021-06-11 17:16:55.431 [DEBUG][org.jetbrains.research.kex.reanimator.collector.SetterCollector] - java/util/stream/IntPipeline$Head is not from kotlin
2021-06-11 17:16:55.438 [DEBUG][org.jetbrains.research.kex.reanimator.collector.SetterCollector] - java/util/stream/ReduceOps$9ReducingSink is not from kotlin
2021-06-11 17:16:55.443 [DEBUG][org.jetbrains.research.kex.reanimator.collector.SetterCollector] - java/util/Comparators$NullComparator is not from kotlin
2021-06-11 17:16:55.445 [DEBUG][org.jetbrains.research.kex.reanimator.collector.SetterCollector] - java/util/concurrent/LinkedTransferQueue$LTQSpliterator is not from kotlin
2021-06-11 17:16:55.446 [DEBUG][org.jetbrains.research.kex.reanimator.collector.SetterCollector] - java/util/concurrent/AbstractExecutorService is not from kotlin
2021-06-11 17:16:55.447 [DEBUG][org.jetbrains.research.kex.reanimator.collector.SetterCollector] - java/lang/annotation/Retention is not from kotlin
2021-06-11 17:16:55.448 [DEBUG][org.jetbrains.research.kex.reanimator.collector.SetterCollector] - java/util/concurrent/CyclicBarrier$1 is not from kotlin
2021-06-11 17:16:55.450 [DEBUG][org.jetbrains.research.kex.reanimator.collector.SetterCollector] - java/util/concurrent/locks/ReentrantLock$NonfairSync is not from kotlin
2021-06-11 17:16:55.451 [DEBUG][org.jetbrains.research.kex.reanimator.collector.SetterCollector] - java/util/regex/Pattern$End is not from kotlin
2021-06-11 17:16:55.458 [DEBUG][org.jetbrains.research.kex.reanimator.collector.SetterCollector] - java/util/stream/Nodes$EmptyNode$OfInt is not from kotlin
2021-06-11 17:16:55.460 [DEBUG][org.jetbrains.research.kex.reanimator.collector.SetterCollector] - java/util/concurrent/atomic/AtomicLongFieldUpdater$LockedUpdater$1 is not from kotlin
2021-06-11 17:16:55.461 [DEBUG][org.jetbrains.research.kex.reanimator.collector.SetterCollector] - java/lang/reflect/InvocationHandler is not from kotlin
2021-06-11 17:16:55.469 [DEBUG][org.jetbrains.research.kex.reanimator.collector.SetterCollector] - java/util/stream/ForEachOps$ForEachOp$OfLong is not from kotlin
2021-06-11 17:16:55.470 [DEBUG][org.jetbrains.research.kex.reanimator.collector.SetterCollector] - java/nio/charset/Charset$ExtendedProviderHolder is not from kotlin
2021-06-11 17:16:55.492 [DEBUG][org.jetbrains.research.kex.reanimator.collector.SetterCollector] - java/util/concurrent/LinkedBlockingQueue is not from kotlin
2021-06-11 17:16:55.500 [DEBUG][org.jetbrains.research.kex.reanimator.collector.SetterCollector] - java/util/stream/Streams$ConcatSpliterator$OfDouble is not from kotlin
2021-06-11 17:16:55.507 [DEBUG][org.jetbrains.research.kex.reanimator.collector.SetterCollector] - java/io/ObjectOutputStream$PutFieldImpl is not from kotlin
2021-06-11 17:16:55.508 [DEBUG][org.jetbrains.research.kex.reanimator.collector.SetterCollector] - java/lang/VirtualMachineError is not from kotlin
2021-06-11 17:16:55.510 [DEBUG][org.jetbrains.research.kex.reanimator.collector.SetterCollector] - java/lang/instrument/Instrumentation is not from kotlin
2021-06-11 17:16:55.512 [DEBUG][org.jetbrains.research.kex.reanimator.collector.SetterCollector] - java/util/concurrent/Semaphore is not from kotlin
2021-06-11 17:16:55.513 [DEBUG][org.jetbrains.research.kex.reanimator.collector.SetterCollector] - java/util/concurrent/SynchronousQueue$Transferer is not from kotlin
2021-06-11 17:16:55.521 [DEBUG][org.jetbrains.research.kex.reanimator.collector.SetterCollector] - java/util/zip/ZipInputStream is not from kotlin
2021-06-11 17:16:55.525 [DEBUG][org.jetbrains.research.kex.reanimator.collector.SetterCollector] - java/util/concurrent/locks/ReentrantLock$FairSync is not from kotlin
2021-06-11 17:16:55.528 [DEBUG][org.jetbrains.research.kex.reanimator.collector.SetterCollector] - java/util/TreeMap$ValueIterator is not from kotlin
2021-06-11 17:16:55.529 [DEBUG][org.jetbrains.research.kex.reanimator.collector.SetterCollector] - java/lang/reflect/MalformedParametersException is not from kotlin
2021-06-11 17:16:55.531 [DEBUG][org.jetbrains.research.kex.reanimator.collector.SetterCollector] - java/io/FileNotFoundException is not from kotlin
2021-06-11 17:16:55.531 [DEBUG][org.jetbrains.research.kex.reanimator.collector.SetterCollector] - java/lang/invoke/DirectMethodHandle$1 is not from kotlin
2021-06-11 17:16:55.533 [DEBUG][org.jetbrains.research.kex.reanimator.collector.SetterCollector] - java/util/concurrent/Executors$RunnableAdapter is not from kotlin
2021-06-11 17:16:55.533 [DEBUG][org.jetbrains.research.kex.reanimator.collector.SetterCollector] - java/lang/ref/WeakReference is not from kotlin
2021-06-11 17:16:55.534 [DEBUG][org.jetbrains.research.kex.reanimator.collector.SetterCollector] - java/util/AbstractList is not from kotlin
2021-06-11 17:16:55.538 [DEBUG][org.jetbrains.research.kex.reanimator.collector.SetterCollector] - java/lang/StackTraceElement is not from kotlin
2021-06-11 17:16:55.543 [DEBUG][org.jetbrains.research.kex.reanimator.collector.SetterCollector] - java/lang/reflect/Proxy$KeyFactory is not from kotlin
2021-06-11 17:16:55.544 [DEBUG][org.jetbrains.research.kex.reanimator.collector.SetterCollector] - java/io/StreamCorruptedException is not from kotlin
2021-06-11 17:16:55.547 [DEBUG][org.jetbrains.research.kex.reanimator.collector.SetterCollector] - java/util/ServiceLoader is not from kotlin
2021-06-11 17:16:55.550 [DEBUG][org.jetbrains.research.kex.reanimator.collector.SetterCollector] - java/lang/management/MemoryUsage is not from kotlin
2021-06-11 17:16:55.554 [DEBUG][org.jetbrains.research.kex.reanimator.collector.SetterCollector] - java/util/stream/StreamSpliterators$DelegatingSpliterator$OfInt is not from kotlin
2021-06-11 17:16:55.559 [DEBUG][org.jetbrains.research.kex.reanimator.collector.SetterCollector] - java/util/logging/Level is not from kotlin
2021-06-11 17:16:55.561 [DEBUG][org.jetbrains.research.kex.reanimator.collector.SetterCollector] - java/util/Deque is not from kotlin
2021-06-11 17:16:55.564 [DEBUG][org.jetbrains.research.kex.reanimator.collector.SetterCollector] - java/util/LinkedList$Node is not from kotlin
2021-06-11 17:16:55.592 [DEBUG][org.jetbrains.research.kex.reanimator.collector.SetterCollector] - java/util/ArrayList is not from kotlin
2021-06-11 17:16:55.595 [DEBUG][org.jetbrains.research.kex.reanimator.collector.SetterCollector] - java/lang/ThreadLocal$ThreadLocalMap is not from kotlin
2021-06-11 17:16:55.595 [INFO ][org.jetbrains.research.kex.reanimator.collector.SetterCollector] - Method java/lang/ThreadLocal$ThreadLocalMap::setThreshold(int): void is java setter for private int java.lang.ThreadLocal$ThreadLocalMap.threshold
2021-06-11 17:16:55.603 [DEBUG][org.jetbrains.research.kex.reanimator.collector.SetterCollector] - java/util/stream/StreamSpliterators$InfiniteSupplyingSpliterator$OfLong is not from kotlin
2021-06-11 17:16:55.607 [DEBUG][org.jetbrains.research.kex.reanimator.collector.SetterCollector] - java/util/PropertyPermission is not from kotlin
2021-06-11 17:16:55.610 [DEBUG][org.jetbrains.research.kex.reanimator.collector.SetterCollector] - java/util/concurrent/Executors$PrivilegedCallable is not from kotlin
2021-06-11 17:16:55.614 [DEBUG][org.jetbrains.research.kex.reanimator.collector.SetterCollector] - java/util/concurrent/ThreadLocalRandom is not from kotlin
2021-06-11 17:16:55.627 [DEBUG][org.jetbrains.research.kex.reanimator.collector.SetterCollector] - java/lang/invoke/LambdaForm is not from kotlin
2021-06-11 17:16:55.629 [DEBUG][org.jetbrains.research.kex.reanimator.collector.SetterCollector] - java/io/UnsupportedEncodingException is not from kotlin
2021-06-11 17:16:55.630 [DEBUG][org.jetbrains.research.kex.reanimator.collector.SetterCollector] - java/util/AbstractMap$1$1 is not from kotlin
2021-06-11 17:16:55.634 [DEBUG][org.jetbrains.research.kex.reanimator.collector.SetterCollector] - java/lang/management/RuntimeMXBean is not from kotlin
2021-06-11 17:16:55.650 [DEBUG][org.jetbrains.research.kex.reanimator.collector.SetterCollector] - java/lang/invoke/InvokerBytecodeGenerator is not from kotlin
2021-06-11 17:16:55.690 [DEBUG][org.jetbrains.research.kex.reanimator.collector.SetterCollector] - java/util/TreeMap is not from kotlin
2021-06-11 17:16:55.696 [DEBUG][org.jetbrains.research.kex.reanimator.collector.SetterCollector] - java/util/TreeMap$AscendingSubMap$AscendingEntrySetView is not from kotlin
2021-06-11 17:16:55.697 [DEBUG][org.jetbrains.research.kex.reanimator.collector.SetterCollector] - java/util/Collections is not from kotlin
2021-06-11 17:16:55.700 [DEBUG][org.jetbrains.research.kex.reanimator.collector.SetterCollector] - java/util/IllegalFormatCodePointException is not from kotlin
2021-06-11 17:16:55.701 [DEBUG][org.jetbrains.research.kex.reanimator.collector.SetterCollector] - java/lang/invoke/MethodHandleImpl$Lazy is not from kotlin
2021-06-11 17:16:55.701 [DEBUG][org.jetbrains.research.kex.reanimator.collector.SetterCollector] - java/util/stream/ReferencePipeline$9$1 is not from kotlin
2021-06-11 17:16:55.710 [DEBUG][org.jetbrains.research.kex.reanimator.collector.SetterCollector] - java/util/HashMap$EntrySpliterator is not from kotlin
2021-06-11 17:16:55.712 [DEBUG][org.jetbrains.research.kex.reanimator.collector.SetterCollector] - java/util/TimerThread is not from kotlin
2021-06-11 17:16:55.713 [DEBUG][org.jetbrains.research.kex.reanimator.collector.SetterCollector] - java/util/ResourceBundle$Control is not from kotlin
2021-06-11 17:16:55.713 [DEBUG][org.jetbrains.research.kex.reanimator.collector.SetterCollector] - java/util/RandomAccess is not from kotlin
2021-06-11 17:16:55.715 [DEBUG][org.jetbrains.research.kex.reanimator.collector.SetterCollector] - java/lang/CharacterDataLatin1 is not from kotlin
2021-06-11 17:16:55.716 [DEBUG][org.jetbrains.research.kex.reanimator.collector.SetterCollector] - java/util/stream/MatchOps$3MatchSink is not from kotlin
2021-06-11 17:16:55.717 [DEBUG][org.jetbrains.research.kex.reanimator.collector.SetterCollector] - java/util/stream/ReferencePipeline$11 is not from kotlin
2021-06-11 17:16:55.718 [DEBUG][org.jetbrains.research.kex.reanimator.collector.SetterCollector] - java/lang/TypeNotPresentException is not from kotlin
2021-06-11 17:16:55.718 [DEBUG][org.jetbrains.research.kex.reanimator.collector.SetterCollector] - java/util/stream/ReferencePipeline$10 is not from kotlin
2021-06-11 17:16:55.719 [DEBUG][org.jetbrains.research.kex.reanimator.collector.SetterCollector] - java/lang/Short$ShortCache is not from kotlin
2021-06-11 17:16:55.721 [DEBUG][org.jetbrains.research.kex.reanimator.collector.SetterCollector] - java/util/concurrent/atomic/AtomicLongFieldUpdater is not from kotlin
2021-06-11 17:16:55.722 [DEBUG][org.jetbrains.research.kex.reanimator.collector.SetterCollector] - java/util/concurrent/ForkJoinPool$ManagedBlocker is not from kotlin
2021-06-11 17:16:55.725 [DEBUG][org.jetbrains.research.kex.reanimator.collector.SetterCollector] - java/util/stream/IntStream$Builder is not from kotlin
2021-06-11 17:16:55.726 [DEBUG][org.jetbrains.research.kex.reanimator.collector.SetterCollector] - java/util/ResourceBundle$Control$1 is not from kotlin
2021-06-11 17:16:55.727 [DEBUG][org.jetbrains.research.kex.reanimator.collector.SetterCollector] - java/util/regex/Pattern$Begin is not from kotlin
2021-06-11 17:16:55.729 [DEBUG][org.jetbrains.research.kex.reanimator.collector.SetterCollector] - java/util/logging/Logger$SystemLoggerHelper$1 is not from kotlin
2021-06-11 17:16:55.730 [DEBUG][org.jetbrains.research.kex.reanimator.collector.SetterCollector] - java/util/concurrent/RejectedExecutionException is not from kotlin
2021-06-11 17:16:55.730 [DEBUG][org.jetbrains.research.kex.reanimator.collector.SetterCollector] - java/util/concurrent/Delayed is not from kotlin
2021-06-11 17:16:55.731 [DEBUG][org.jetbrains.research.kex.reanimator.collector.SetterCollector] - java/util/concurrent/ForkJoinPool$DefaultForkJoinWorkerThreadFactory is not from kotlin
2021-06-11 17:16:55.735 [DEBUG][org.jetbrains.research.kex.reanimator.collector.SetterCollector] - java/util/ArrayList$Itr is not from kotlin
2021-06-11 17:16:55.739 [DEBUG][org.jetbrains.research.kex.reanimator.collector.SetterCollector] - java/util/stream/Nodes$EmptyNode$OfRef is not from kotlin
2021-06-11 17:16:55.739 [DEBUG][org.jetbrains.research.kex.reanimator.collector.SetterCollector] - java/util/spi/LocaleServiceProvider is not from kotlin
2021-06-11 17:16:55.741 [DEBUG][org.jetbrains.research.kex.reanimator.collector.SetterCollector] - java/util/regex/Pattern$Prolog is not from kotlin
2021-06-11 17:16:55.748 [DEBUG][org.jetbrains.research.kex.reanimator.collector.SetterCollector] - java/util/concurrent/CompletableFuture$UniAccept is not from kotlin
2021-06-11 17:16:55.757 [DEBUG][org.jetbrains.research.kex.reanimator.collector.SetterCollector] - java/util/ArrayList$ListItr is not from kotlin
2021-06-11 17:16:55.759 [DEBUG][org.jetbrains.research.kex.reanimator.collector.SetterCollector] - java/util/concurrent/ForkJoinPool$EmptyTask is not from kotlin
2021-06-11 17:16:55.760 [DEBUG][org.jetbrains.research.kex.reanimator.collector.SetterCollector] - java/util/function/ObjDoubleConsumer is not from kotlin
2021-06-11 17:16:55.763 [DEBUG][org.jetbrains.research.kex.reanimator.collector.SetterCollector] - java/util/concurrent/CompletableFuture$BiApply is not from kotlin
2021-06-11 17:16:55.777 [DEBUG][org.jetbrains.research.kex.reanimator.collector.SetterCollector] - java/util/concurrent/locks/AbstractQueuedLongSynchronizer is not from kotlin
2021-06-11 17:16:55.778 [INFO ][org.jetbrains.research.kex.reanimator.collector.SetterCollector] - Method java/util/concurrent/locks/AbstractQueuedLongSynchronizer::setState(long): void is java setter for private volatile long java.util.concurrent.locks.AbstractQueuedLongSynchronizer.state
2021-06-11 17:16:55.778 [INFO ][org.jetbrains.research.kex.reanimator.collector.SetterCollector] - Method java/util/concurrent/locks/AbstractQueuedLongSynchronizer::setHead(java/util/concurrent/locks/AbstractQueuedLongSynchronizer$Node): void is java setter for private transient volatile java.util.concurrent.locks.AbstractQueuedLongSynchronizer$Node java.util.concurrent.locks.AbstractQueuedLongSynchronizer.head
2021-06-11 17:16:55.783 [DEBUG][org.jetbrains.research.kex.reanimator.collector.SetterCollector] - java/util/regex/Pattern$LazyLoop is not from kotlin
2021-06-11 17:16:55.789 [DEBUG][org.jetbrains.research.kex.reanimator.collector.SetterCollector] - java/util/FormatFlagsConversionMismatchException is not from kotlin
2021-06-11 17:16:55.795 [DEBUG][org.jetbrains.research.kex.reanimator.collector.SetterCollector] - java/util/TreeMap$NavigableSubMap$SubMapKeyIterator is not from kotlin
2021-06-11 17:16:55.796 [DEBUG][org.jetbrains.research.kex.reanimator.collector.SetterCollector] - java/util/regex/Pattern$BnM is not from kotlin
2021-06-11 17:16:55.797 [DEBUG][org.jetbrains.research.kex.reanimator.collector.SetterCollector] - java/util/concurrent/atomic/AtomicMarkableReference$Pair is not from kotlin
2021-06-11 17:16:55.801 [DEBUG][org.jetbrains.research.kex.reanimator.collector.SetterCollector] - java/util/AbstractList$ListItr is not from kotlin
2021-06-11 17:16:55.802 [DEBUG][org.jetbrains.research.kex.reanimator.collector.SetterCollector] - java/util/SplittableRandom$RandomIntsSpliterator is not from kotlin
2021-06-11 17:16:55.803 [DEBUG][org.jetbrains.research.kex.reanimator.collector.SetterCollector] - java/util/concurrent/ConcurrentHashMap$CollectionView is not from kotlin
2021-06-11 17:16:55.804 [DEBUG][org.jetbrains.research.kex.reanimator.collector.SetterCollector] - java/util/Scanner$1 is not from kotlin
2021-06-11 17:16:55.814 [DEBUG][org.jetbrains.research.kex.reanimator.collector.SetterCollector] - java/lang/SecurityManager is not from kotlin
2021-06-11 17:16:55.816 [DEBUG][org.jetbrains.research.kex.reanimator.collector.SetterCollector] - java/util/concurrent/ForkJoinPool$InnocuousForkJoinWorkerThreadFactory$1 is not from kotlin
2021-06-11 17:16:55.817 [DEBUG][org.jetbrains.research.kex.reanimator.collector.SetterCollector] - java/lang/invoke/InvokerBytecodeGenerator$2 is not from kotlin
2021-06-11 17:16:55.818 [DEBUG][org.jetbrains.research.kex.reanimator.collector.SetterCollector] - java/lang/invoke/InvokerBytecodeGenerator$1 is not from kotlin
2021-06-11 17:16:55.823 [DEBUG][org.jetbrains.research.kex.reanimator.collector.SetterCollector] - java/util/ArraysParallelSortHelpers$FJDouble$Merger is not from kotlin
2021-06-11 17:16:55.825 [DEBUG][org.jetbrains.research.kex.reanimator.collector.SetterCollector] - java/io/DataInputStream is not from kotlin
2021-06-11 17:16:55.831 [DEBUG][org.jetbrains.research.kex.reanimator.collector.SetterCollector] - java/lang/InstantiationException is not from kotlin
2021-06-11 17:16:55.834 [DEBUG][org.jetbrains.research.kex.reanimator.collector.SetterCollector] - java/lang/invoke/MethodHandleImpl$2 is not from kotlin
2021-06-11 17:16:55.834 [DEBUG][org.jetbrains.research.kex.reanimator.collector.SetterCollector] - java/lang/invoke/MethodHandleImpl$3 is not from kotlin
2021-06-11 17:16:55.836 [DEBUG][org.jetbrains.research.kex.reanimator.collector.SetterCollector] - java/util/stream/ReferencePipeline is not from kotlin
2021-06-11 17:16:55.837 [DEBUG][org.jetbrains.research.kex.reanimator.collector.SetterCollector] - java/lang/invoke/MethodHandleImpl$1 is not from kotlin
2021-06-11 17:16:55.838 [DEBUG][org.jetbrains.research.kex.reanimator.collector.SetterCollector] - java/lang/invoke/MethodHandleImpl$4 is not from kotlin
2021-06-11 17:16:55.838 [DEBUG][org.jetbrains.research.kex.reanimator.collector.SetterCollector] - java/util/stream/Sink$ChainedReference is not from kotlin
2021-06-11 17:16:55.839 [DEBUG][org.jetbrains.research.kex.reanimator.collector.SetterCollector] - java/util/Arrays$NaturalOrder is not from kotlin
2021-06-11 17:16:55.842 [DEBUG][org.jetbrains.research.kex.reanimator.collector.SetterCollector] - java/util/logging/LogRecord is not from kotlin
2021-06-11 17:16:55.843 [INFO ][org.jetbrains.research.kex.reanimator.collector.SetterCollector] - Method java/util/logging/LogRecord::setLoggerName(java/lang/String): void is java setter for private java.lang.String java.util.logging.LogRecord.loggerName
2021-06-11 17:16:55.843 [INFO ][org.jetbrains.research.kex.reanimator.collector.SetterCollector] - Method java/util/logging/LogRecord::setResourceBundle(java/util/ResourceBundle): void is java setter for private transient java.util.ResourceBundle java.util.logging.LogRecord.resourceBundle
2021-06-11 17:16:55.843 [INFO ][org.jetbrains.research.kex.reanimator.collector.SetterCollector] - Method java/util/logging/LogRecord::setResourceBundleName(java/lang/String): void is java setter for private java.lang.String java.util.logging.LogRecord.resourceBundleName
2021-06-11 17:16:55.844 [INFO ][org.jetbrains.research.kex.reanimator.collector.SetterCollector] - Method java/util/logging/LogRecord::setLevel(java/util/logging/Level): void is java setter for private java.util.logging.Level java.util.logging.LogRecord.level
2021-06-11 17:16:55.844 [INFO ][org.jetbrains.research.kex.reanimator.collector.SetterCollector] - Method java/util/logging/LogRecord::setSequenceNumber(long): void is java setter for private long java.util.logging.LogRecord.sequenceNumber
2021-06-11 17:16:55.844 [INFO ][org.jetbrains.research.kex.reanimator.collector.SetterCollector] - Method java/util/logging/LogRecord::setMessage(java/lang/String): void is java setter for private java.lang.String java.util.logging.LogRecord.message
2021-06-11 17:16:55.844 [INFO ][org.jetbrains.research.kex.reanimator.collector.SetterCollector] - Method java/util/logging/LogRecord::setParameters(java/lang/Object[]): void is java setter for private transient java.lang.Object[] java.util.logging.LogRecord.parameters
2021-06-11 17:16:55.844 [INFO ][org.jetbrains.research.kex.reanimator.collector.SetterCollector] - Method java/util/logging/LogRecord::setThreadID(int): void is java setter for private int java.util.logging.LogRecord.threadID
2021-06-11 17:16:55.845 [INFO ][org.jetbrains.research.kex.reanimator.collector.SetterCollector] - Method java/util/logging/LogRecord::setMillis(long): void is java setter for private long java.util.logging.LogRecord.millis
2021-06-11 17:16:55.845 [INFO ][org.jetbrains.research.kex.reanimator.collector.SetterCollector] - Method java/util/logging/LogRecord::setThrown(java/lang/Throwable): void is java setter for private java.lang.Throwable java.util.logging.LogRecord.thrown
2021-06-11 17:16:55.846 [DEBUG][org.jetbrains.research.kex.reanimator.collector.SetterCollector] - java/io/ObjectStreamClass$MemberSignature is not from kotlin
2021-06-11 17:16:55.854 [DEBUG][org.jetbrains.research.kex.reanimator.collector.SetterCollector] - java/util/EnumMap$ValueIterator is not from kotlin
2021-06-11 17:16:55.857 [DEBUG][org.jetbrains.research.kex.reanimator.collector.SetterCollector] - java/util/Formatter$Conversion is not from kotlin
2021-06-11 17:16:55.858 [DEBUG][org.jetbrains.research.kex.reanimator.collector.SetterCollector] - java/util/stream/MatchOps$2MatchSink is not from kotlin
2021-06-11 17:16:55.860 [DEBUG][org.jetbrains.research.kex.reanimator.collector.SetterCollector] - java/util/ResourceBundle$NoFallbackControl is not from kotlin
2021-06-11 17:16:55.861 [DEBUG][org.jetbrains.research.kex.reanimator.collector.SetterCollector] - java/util/function/LongPredicate is not from kotlin
2021-06-11 17:16:55.864 [DEBUG][org.jetbrains.research.kex.reanimator.collector.SetterCollector] - java/io/ObjectInputStream$FilterValues is not from kotlin
2021-06-11 17:16:55.865 [DEBUG][org.jetbrains.research.kex.reanimator.collector.SetterCollector] - java/util/TooManyListenersException is not from kotlin
2021-06-11 17:16:55.866 [DEBUG][org.jetbrains.research.kex.reanimator.collector.SetterCollector] - java/util/concurrent/ConcurrentHashMap$Traverser is not from kotlin
2021-06-11 17:16:55.867 [DEBUG][org.jetbrains.research.kex.reanimator.collector.SetterCollector] - java/util/function/DoubleFunction is not from kotlin
2021-06-11 17:16:55.867 [DEBUG][org.jetbrains.research.kex.reanimator.collector.SetterCollector] - java/util/stream/TerminalOp is not from kotlin
2021-06-11 17:16:55.886 [DEBUG][org.jetbrains.research.kex.reanimator.collector.SetterCollector] - java/util/Collections$CheckedNavigableSet is not from kotlin
2021-06-11 17:16:55.892 [DEBUG][org.jetbrains.research.kex.reanimator.collector.SetterCollector] - java/io/FilterReader is not from kotlin
2021-06-11 17:16:55.896 [DEBUG][org.jetbrains.research.kex.reanimator.collector.SetterCollector] - java/util/Spliterators$IteratorSpliterator is not from kotlin
2021-06-11 17:16:55.897 [DEBUG][org.jetbrains.research.kex.reanimator.collector.SetterCollector] - java/lang/CharSequence$1CodePointIterator is not from kotlin
2021-06-11 17:16:55.899 [DEBUG][org.jetbrains.research.kex.reanimator.collector.SetterCollector] - java/lang/Thread$Caches is not from kotlin
2021-06-11 17:16:55.908 [DEBUG][org.jetbrains.research.kex.reanimator.collector.SetterCollector] - java/util/JumboEnumSet is not from kotlin
2021-06-11 17:16:55.917 [DEBUG][org.jetbrains.research.kex.reanimator.collector.SetterCollector] - java/util/concurrent/ConcurrentHashMap$MapReduceEntriesToDoubleTask is not from kotlin
2021-06-11 17:16:55.917 [DEBUG][org.jetbrains.research.kex.reanimator.collector.SetterCollector] - java/util/stream/Nodes$ToArrayTask$OfPrimitive is not from kotlin
2021-06-11 17:16:55.920 [DEBUG][org.jetbrains.research.kex.reanimator.collector.SetterCollector] - java/util/ResourceBundle$CacheKey is not from kotlin
2021-06-11 17:16:55.920 [INFO ][org.jetbrains.research.kex.reanimator.collector.SetterCollector] - Method java/util/ResourceBundle$CacheKey::setName(java/lang/String): java/util/ResourceBundle$CacheKey is java setter for private java.lang.String java.util.ResourceBundle$CacheKey.name
2021-06-11 17:16:55.921 [INFO ][org.jetbrains.research.kex.reanimator.collector.SetterCollector] - Method java/util/ResourceBundle$CacheKey::setLocale(java/util/Locale): java/util/ResourceBundle$CacheKey is java setter for private java.util.Locale java.util.ResourceBundle$CacheKey.locale
2021-06-11 17:16:55.921 [INFO ][org.jetbrains.research.kex.reanimator.collector.SetterCollector] - Method java/util/ResourceBundle$CacheKey::setFormat(java/lang/String): void is java setter for private java.lang.String java.util.ResourceBundle$CacheKey.format
2021-06-11 17:16:55.921 [INFO ][org.jetbrains.research.kex.reanimator.collector.SetterCollector] - Method java/util/ResourceBundle$CacheKey::setCause(java/lang/Throwable): void is java setter for private java.lang.Throwable java.util.ResourceBundle$CacheKey.cause
2021-06-11 17:16:55.946 [DEBUG][org.jetbrains.research.kex.reanimator.collector.SetterCollector] - java/util/Collections$UnmodifiableNavigableSet is not from kotlin
2021-06-11 17:16:55.947 [DEBUG][org.jetbrains.research.kex.reanimator.collector.SetterCollector] - java/io/IOException is not from kotlin
2021-06-11 17:16:55.949 [DEBUG][org.jetbrains.research.kex.reanimator.collector.SetterCollector] - java/io/ObjectInputStream$ValidationList$Callback is not from kotlin
2021-06-11 17:16:55.954 [DEBUG][org.jetbrains.research.kex.reanimator.collector.SetterCollector] - java/util/regex/Pattern$BmpCharProperty is not from kotlin
2021-06-11 17:16:55.968 [DEBUG][org.jetbrains.research.kex.reanimator.collector.SetterCollector] - java/util/concurrent/ArrayBlockingQueue is not from kotlin
2021-06-11 17:16:55.975 [DEBUG][org.jetbrains.research.kex.reanimator.collector.SetterCollector] - java/util/regex/Pattern$BehindS is not from kotlin
2021-06-11 17:16:55.978 [DEBUG][org.jetbrains.research.kex.reanimator.collector.SetterCollector] - java/util/concurrent/locks/ReentrantReadWriteLock$ReadLock is not from kotlin
2021-06-11 17:16:55.981 [DEBUG][org.jetbrains.research.kex.reanimator.collector.SetterCollector] - java/lang/management/ThreadInfo is not from kotlin
2021-06-11 17:16:55.983 [DEBUG][org.jetbrains.research.kex.reanimator.collector.SetterCollector] - java/util/logging/Handler is not from kotlin
2021-06-11 17:16:55.983 [INFO ][org.jetbrains.research.kex.reanimator.collector.SetterCollector] - Method java/util/logging/Handler::setFormatter(java/util/logging/Formatter): void is java setter for private volatile java.util.logging.Formatter java.util.logging.Handler.formatter
2021-06-11 17:16:55.985 [INFO ][org.jetbrains.research.kex.reanimator.collector.SetterCollector] - Method java/util/logging/Handler::setEncoding(java/lang/String): void is java setter for private volatile java.lang.String java.util.logging.Handler.encoding
2021-06-11 17:16:55.985 [INFO ][org.jetbrains.research.kex.reanimator.collector.SetterCollector] - Method java/util/logging/Handler::setFilter(java/util/logging/Filter): void is java setter for private volatile java.util.logging.Filter java.util.logging.Handler.filter
2021-06-11 17:16:55.986 [INFO ][org.jetbrains.research.kex.reanimator.collector.SetterCollector] - Method java/util/logging/Handler::setErrorManager(java/util/logging/ErrorManager): void is java setter for private volatile java.util.logging.ErrorManager java.util.logging.Handler.errorManager
2021-06-11 17:16:55.986 [DEBUG][org.jetbrains.research.kex.reanimator.collector.SetterCollector] - java/util/Spliterators$1Adapter is not from kotlin
2021-06-11 17:16:55.987 [DEBUG][org.jetbrains.research.kex.reanimator.collector.SetterCollector] - java/util/function/BiConsumer is not from kotlin
2021-06-11 17:16:55.989 [DEBUG][org.jetbrains.research.kex.reanimator.collector.SetterCollector] - java/util/stream/ReferencePipeline$2$1 is not from kotlin
2021-06-11 17:16:55.993 [DEBUG][org.jetbrains.research.kex.reanimator.collector.SetterCollector] - java/lang/IncompatibleClassChangeError is not from kotlin
2021-06-11 17:16:55.994 [DEBUG][org.jetbrains.research.kex.reanimator.collector.SetterCollector] - java/util/Locale$1 is not from kotlin
2021-06-11 17:16:56.005 [DEBUG][org.jetbrains.research.kex.reanimator.collector.SetterCollector] - java/lang/invoke/TypeConvertingMethodAdapter is not from kotlin
2021-06-11 17:16:56.006 [DEBUG][org.jetbrains.research.kex.reanimator.collector.SetterCollector] - java/util/stream/DoublePipeline is not from kotlin
2021-06-11 17:16:56.009 [DEBUG][org.jetbrains.research.kex.reanimator.collector.SetterCollector] - java/lang/invoke/MemberName$Factory is not from kotlin
2021-06-11 17:16:56.021 [DEBUG][org.jetbrains.research.kex.reanimator.collector.SetterCollector] - java/util/stream/StreamSpliterators$SliceSpliterator$OfDouble is not from kotlin
2021-06-11 17:16:56.022 [DEBUG][org.jetbrains.research.kex.reanimator.collector.SetterCollector] - java/util/EventObject is not from kotlin
2021-06-11 17:16:56.022 [DEBUG][org.jetbrains.research.kex.reanimator.collector.SetterCollector] - java/io/Writer is not from kotlin
2021-06-11 17:16:56.023 [DEBUG][org.jetbrains.research.kex.reanimator.collector.SetterCollector] - java/io/NotSerializableException is not from kotlin
2021-06-11 17:16:56.030 [DEBUG][org.jetbrains.research.kex.reanimator.collector.SetterCollector] - java/lang/ClassValue$ClassValueMap is not from kotlin
2021-06-11 17:16:56.040 [DEBUG][org.jetbrains.research.kex.reanimator.collector.SetterCollector] - java/util/stream/SortedOps$SizedDoubleSortingSink is not from kotlin
2021-06-11 17:16:56.041 [DEBUG][org.jetbrains.research.kex.reanimator.collector.SetterCollector] - java/lang/reflect/Type is not from kotlin
2021-06-11 17:16:56.042 [DEBUG][org.jetbrains.research.kex.reanimator.collector.SetterCollector] - java/util/concurrent/ThreadPoolExecutor$AbortPolicy is not from kotlin
2021-06-11 17:16:56.043 [DEBUG][org.jetbrains.research.kex.reanimator.collector.SetterCollector] - java/util/stream/SortedOps$SizedLongSortingSink is not from kotlin
2021-06-11 17:16:56.044 [DEBUG][org.jetbrains.research.kex.reanimator.collector.SetterCollector] - java/util/concurrent/atomic/AtomicIntegerFieldUpdater$AtomicIntegerFieldUpdaterImpl$1 is not from kotlin
2021-06-11 17:16:56.050 [DEBUG][org.jetbrains.research.kex.reanimator.collector.SetterCollector] - java/util/Collections$UnmodifiableMap$UnmodifiableEntrySet is not from kotlin
2021-06-11 17:16:56.051 [DEBUG][org.jetbrains.research.kex.reanimator.collector.SetterCollector] - java/io/ObjectStreamConstants is not from kotlin
2021-06-11 17:16:56.057 [DEBUG][org.jetbrains.research.kex.reanimator.collector.SetterCollector] - java/io/ObjectStreamField is not from kotlin
2021-06-11 17:16:56.057 [INFO ][org.jetbrains.research.kex.reanimator.collector.SetterCollector] - Method java/io/ObjectStreamField::setOffset(int): void is java setter for private int java.io.ObjectStreamField.offset
2021-06-11 17:16:56.060 [DEBUG][org.jetbrains.research.kex.reanimator.collector.SetterCollector] - java/util/concurrent/ExecutorCompletionService is not from kotlin
2021-06-11 17:16:56.061 [DEBUG][org.jetbrains.research.kex.reanimator.collector.SetterCollector] - java/lang/management/PlatformComponent$8 is not from kotlin
2021-06-11 17:16:56.061 [DEBUG][org.jetbrains.research.kex.reanimator.collector.SetterCollector] - java/lang/management/PlatformComponent$9 is not from kotlin
2021-06-11 17:16:56.061 [DEBUG][org.jetbrains.research.kex.reanimator.collector.SetterCollector] - java/util/prefs/WindowsPreferences is not from kotlin
2021-06-11 17:16:56.065 [DEBUG][org.jetbrains.research.kex.reanimator.collector.SetterCollector] - java/lang/management/PlatformComponent$6 is not from kotlin
2021-06-11 17:16:56.068 [DEBUG][org.jetbrains.research.kex.reanimator.collector.SetterCollector] - java/util/regex/Pattern$UnixDollar is not from kotlin
2021-06-11 17:16:56.068 [DEBUG][org.jetbrains.research.kex.reanimator.collector.SetterCollector] - java/lang/management/PlatformComponent$7 is not from kotlin
2021-06-11 17:16:56.069 [DEBUG][org.jetbrains.research.kex.reanimator.collector.SetterCollector] - java/lang/management/PlatformComponent$4 is not from kotlin
2021-06-11 17:16:56.069 [DEBUG][org.jetbrains.research.kex.reanimator.collector.SetterCollector] - java/lang/management/PlatformComponent$5 is not from kotlin
2021-06-11 17:16:56.071 [DEBUG][org.jetbrains.research.kex.reanimator.collector.SetterCollector] - java/lang/management/PlatformComponent$2 is not from kotlin
2021-06-11 17:16:56.074 [DEBUG][org.jetbrains.research.kex.reanimator.collector.SetterCollector] - java/lang/management/PlatformComponent$3 is not from kotlin
2021-06-11 17:16:56.075 [DEBUG][org.jetbrains.research.kex.reanimator.collector.SetterCollector] - java/lang/ProcessEnvironment$1 is not from kotlin
2021-06-11 17:16:56.076 [DEBUG][org.jetbrains.research.kex.reanimator.collector.SetterCollector] - java/util/Spliterators$4Adapter is not from kotlin
2021-06-11 17:16:56.076 [DEBUG][org.jetbrains.research.kex.reanimator.collector.SetterCollector] - java/util/stream/IntPipeline$9$1 is not from kotlin
2021-06-11 17:16:56.078 [DEBUG][org.jetbrains.research.kex.reanimator.collector.SetterCollector] - java/util/concurrent/locks/StampedLock$WNode is not from kotlin
2021-06-11 17:16:56.079 [DEBUG][org.jetbrains.research.kex.reanimator.collector.SetterCollector] - java/lang/invoke/MethodHandleImpl$ArrayAccessor$1 is not from kotlin
2021-06-11 17:16:56.080 [DEBUG][org.jetbrains.research.kex.reanimator.collector.SetterCollector] - java/util/concurrent/locks/StampedLock$ReadWriteLockView is not from kotlin
2021-06-11 17:16:56.084 [DEBUG][org.jetbrains.research.kex.reanimator.collector.SetterCollector] - java/util/MissingResourceException is not from kotlin
2021-06-11 17:16:56.106 [DEBUG][org.jetbrains.research.kex.reanimator.collector.SetterCollector] - java/util/Collections$EmptyMap is not from kotlin
2021-06-11 17:16:56.108 [DEBUG][org.jetbrains.research.kex.reanimator.collector.SetterCollector] - java/util/logging/ConsoleHandler is not from kotlin
2021-06-11 17:16:56.111 [DEBUG][org.jetbrains.research.kex.reanimator.collector.SetterCollector] - java/util/ArraysParallelSortHelpers$FJShort$Sorter is not from kotlin
2021-06-11 17:16:56.112 [DEBUG][org.jetbrains.research.kex.reanimator.collector.SetterCollector] - java/io/OptionalDataException is not from kotlin
2021-06-11 17:16:56.116 [DEBUG][org.jetbrains.research.kex.reanimator.collector.SetterCollector] - java/util/stream/LongPipeline$9$1 is not from kotlin
2021-06-11 17:16:56.122 [DEBUG][org.jetbrains.research.kex.reanimator.collector.SetterCollector] - java/util/JumboEnumSet$EnumSetIterator is not from kotlin
2021-06-11 17:16:56.122 [DEBUG][org.jetbrains.research.kex.reanimator.collector.SetterCollector] - java/util/prefs/XmlSupport$1 is not from kotlin
2021-06-11 17:16:56.124 [DEBUG][org.jetbrains.research.kex.reanimator.collector.SetterCollector] - java/util/spi/TimeZoneNameProvider is not from kotlin
2021-06-11 17:16:56.124 [DEBUG][org.jetbrains.research.kex.reanimator.collector.SetterCollector] - java/util/stream/SortedOps$AbstractDoubleSortingSink is not from kotlin
2021-06-11 17:16:56.125 [DEBUG][org.jetbrains.research.kex.reanimator.collector.SetterCollector] - java/io/ObjectInputStream$ValidationList$1 is not from kotlin
2021-06-11 17:16:56.127 [DEBUG][org.jetbrains.research.kex.reanimator.collector.SetterCollector] - java/util/ArrayList$ArrayListSpliterator is not from kotlin
2021-06-11 17:16:56.127 [DEBUG][org.jetbrains.research.kex.reanimator.collector.SetterCollector] - java/util/Collections$UnmodifiableSortedSet is not from kotlin
2021-06-11 17:16:56.129 [DEBUG][org.jetbrains.research.kex.reanimator.collector.SetterCollector] - java/util/Collections$ReverseComparator2 is not from kotlin
2021-06-11 17:16:56.132 [DEBUG][org.jetbrains.research.kex.reanimator.collector.SetterCollector] - java/util/regex/Pattern$Curly is not from kotlin
2021-06-11 17:16:56.143 [DEBUG][org.jetbrains.research.kex.reanimator.collector.SetterCollector] - java/lang/invoke/LambdaForm$NamedFunction is not from kotlin
2021-06-11 17:16:56.146 [DEBUG][org.jetbrains.research.kex.reanimator.collector.SetterCollector] - java/util/concurrent/atomic/AtomicLongFieldUpdater$CASUpdater is not from kotlin
2021-06-11 17:16:56.148 [DEBUG][org.jetbrains.research.kex.reanimator.collector.SetterCollector] - java/lang/ClassValue$Entry is not from kotlin
2021-06-11 17:16:56.150 [DEBUG][org.jetbrains.research.kex.reanimator.collector.SetterCollector] - java/util/zip/Inflater is not from kotlin
2021-06-11 17:16:56.163 [DEBUG][org.jetbrains.research.kex.reanimator.collector.SetterCollector] - java/lang/Short is not from kotlin
2021-06-11 17:16:56.164 [DEBUG][org.jetbrains.research.kex.reanimator.collector.SetterCollector] - java/io/InputStream is not from kotlin
2021-06-11 17:16:56.177 [DEBUG][org.jetbrains.research.kex.reanimator.collector.SetterCollector] - java/lang/Character is not from kotlin
2021-06-11 17:16:56.192 [DEBUG][org.jetbrains.research.kex.reanimator.collector.SetterCollector] - java/util/SimpleTimeZone is not from kotlin
2021-06-11 17:16:56.192 [INFO ][org.jetbrains.research.kex.reanimator.collector.SetterCollector] - Method java/util/SimpleTimeZone::setStartYear(int): void is java setter for private int java.util.SimpleTimeZone.startYear
2021-06-11 17:16:56.193 [INFO ][org.jetbrains.research.kex.reanimator.collector.SetterCollector] - Method java/util/SimpleTimeZone::setRawOffset(int): void is java setter for private int java.util.SimpleTimeZone.rawOffset
2021-06-11 17:16:56.194 [DEBUG][org.jetbrains.research.kex.reanimator.collector.SetterCollector] - java/lang/NoSuchFieldError is not from kotlin
2021-06-11 17:16:56.198 [DEBUG][org.jetbrains.research.kex.reanimator.collector.SetterCollector] - java/lang/management/PlatformComponent$1 is not from kotlin
2021-06-11 17:16:56.211 [DEBUG][org.jetbrains.research.kex.reanimator.collector.SetterCollector] - java/lang/Byte is not from kotlin
2021-06-11 17:16:56.211 [DEBUG][org.jetbrains.research.kex.reanimator.collector.SetterCollector] - java/util/TimeZone$1 is not from kotlin
2021-06-11 17:16:56.212 [DEBUG][org.jetbrains.research.kex.reanimator.collector.SetterCollector] - java/util/function/Supplier is not from kotlin
2021-06-11 17:16:56.215 [DEBUG][org.jetbrains.research.kex.reanimator.collector.SetterCollector] - java/lang/ProcessBuilder is not from kotlin
2021-06-11 17:16:56.221 [DEBUG][org.jetbrains.research.kex.reanimator.collector.SetterCollector] - java/util/ArraysParallelSortHelpers$FJChar is not from kotlin
2021-06-11 17:16:56.221 [DEBUG][org.jetbrains.research.kex.reanimator.collector.SetterCollector] - java/util/concurrent/CompletableFuture$AltResult is not from kotlin
2021-06-11 17:16:56.234 [DEBUG][org.jetbrains.research.kex.reanimator.collector.SetterCollector] - java/util/stream/Collectors$Partition is not from kotlin
2021-06-11 17:16:56.235 [DEBUG][org.jetbrains.research.kex.reanimator.collector.SetterCollector] - java/math/BigDecimal$UnsafeHolder is not from kotlin
2021-06-11 17:16:56.235 [DEBUG][org.jetbrains.research.kex.reanimator.collector.SetterCollector] - java/lang/String$1 is not from kotlin
2021-06-11 17:16:56.236 [DEBUG][org.jetbrains.research.kex.reanimator.collector.SetterCollector] - java/util/stream/StreamSpliterators$AbstractWrappingSpliterator is not from kotlin
2021-06-11 17:16:56.241 [DEBUG][org.jetbrains.research.kex.reanimator.collector.SetterCollector] - java/util/IllegalFormatWidthException is not from kotlin
2021-06-11 17:16:56.242 [DEBUG][org.jetbrains.research.kex.reanimator.collector.SetterCollector] - java/util/concurrent/locks/AbstractQueuedSynchronizer is not from kotlin
2021-06-11 17:16:56.243 [INFO ][org.jetbrains.research.kex.reanimator.collector.SetterCollector] - Method java/util/concurrent/locks/AbstractQueuedSynchronizer::setState(int): void is java setter for private volatile int java.util.concurrent.locks.AbstractQueuedSynchronizer.state
2021-06-11 17:16:56.243 [INFO ][org.jetbrains.research.kex.reanimator.collector.SetterCollector] - Method java/util/concurrent/locks/AbstractQueuedSynchronizer::setHead(java/util/concurrent/locks/AbstractQueuedSynchronizer$Node): void is java setter for private transient volatile java.util.concurrent.locks.AbstractQueuedSynchronizer$Node java.util.concurrent.locks.AbstractQueuedSynchronizer.head
2021-06-11 17:16:56.244 [DEBUG][org.jetbrains.research.kex.reanimator.collector.SetterCollector] - java/io/Flushable is not from kotlin
2021-06-11 17:16:56.245 [DEBUG][org.jetbrains.research.kex.reanimator.collector.SetterCollector] - java/lang/annotation/RetentionPolicy is not from kotlin
2021-06-11 17:16:56.256 [DEBUG][org.jetbrains.research.kex.reanimator.collector.SetterCollector] - java/util/stream/Nodes$LongSpinedNodeBuilder is not from kotlin
2021-06-11 17:16:56.260 [DEBUG][org.jetbrains.research.kex.reanimator.collector.SetterCollector] - java/io/DataOutput is not from kotlin
2021-06-11 17:16:56.261 [DEBUG][org.jetbrains.research.kex.reanimator.collector.SetterCollector] - java/util/stream/StreamSpliterators$1 is not from kotlin
2021-06-11 17:16:56.264 [DEBUG][org.jetbrains.research.kex.reanimator.collector.SetterCollector] - java/io/WriteAbortedException is not from kotlin
2021-06-11 17:16:56.267 [DEBUG][org.jetbrains.research.kex.reanimator.collector.SetterCollector] - java/util/concurrent/Semaphore$NonfairSync is not from kotlin
2021-06-11 17:16:56.269 [DEBUG][org.jetbrains.research.kex.reanimator.collector.SetterCollector] - java/util/DoubleSummaryStatistics is not from kotlin
2021-06-11 17:16:56.271 [DEBUG][org.jetbrains.research.kex.reanimator.collector.SetterCollector] - java/util/stream/DoublePipeline$3$1 is not from kotlin
2021-06-11 17:16:56.272 [DEBUG][org.jetbrains.research.kex.reanimator.collector.SetterCollector] - java/lang/ref/Reference$Lock is not from kotlin
2021-06-11 17:16:56.272 [DEBUG][org.jetbrains.research.kex.reanimator.collector.SetterCollector] - java/util/Iterator is not from kotlin
2021-06-11 17:16:56.273 [DEBUG][org.jetbrains.research.kex.reanimator.collector.SetterCollector] - java/util/stream/Stream$Builder is not from kotlin
2021-06-11 17:16:56.276 [DEBUG][org.jetbrains.research.kex.reanimator.collector.SetterCollector] - java/util/WeakHashMap$Values is not from kotlin
2021-06-11 17:16:56.287 [DEBUG][org.jetbrains.research.kex.reanimator.collector.SetterCollector] - java/util/concurrent/CompletableFuture$UniRelay is not from kotlin
2021-06-11 17:16:56.288 [DEBUG][org.jetbrains.research.kex.reanimator.collector.SetterCollector] - java/util/EnumSet$SerializationProxy is not from kotlin
2021-06-11 17:16:56.304 [DEBUG][org.jetbrains.research.kex.reanimator.collector.SetterCollector] - java/util/RandomAccessSubList is not from kotlin
2021-06-11 17:16:56.314 [DEBUG][org.jetbrains.research.kex.reanimator.collector.SetterCollector] - java/util/concurrent/ScheduledThreadPoolExecutor$ScheduledFutureTask is not from kotlin
2021-06-11 17:16:56.315 [DEBUG][org.jetbrains.research.kex.reanimator.collector.SetterCollector] - java/io/SerialCallbackContext is not from kotlin
2021-06-11 17:16:56.331 [DEBUG][org.jetbrains.research.kex.reanimator.collector.SetterCollector] - java/util/Collections$AsLIFOQueue is not from kotlin
2021-06-11 17:16:56.334 [DEBUG][org.jetbrains.research.kex.reanimator.collector.SetterCollector] - java/io/BufferedWriter is not from kotlin
2021-06-11 17:16:56.335 [DEBUG][org.jetbrains.research.kex.reanimator.collector.SetterCollector] - java/lang/ClassLoader$ParallelLoaders is not from kotlin
2021-06-11 17:16:56.336 [DEBUG][org.jetbrains.research.kex.reanimator.collector.SetterCollector] - java/lang/ClassCastException is not from kotlin
2021-06-11 17:16:56.339 [DEBUG][org.jetbrains.research.kex.reanimator.collector.SetterCollector] - java/lang/instrument/ClassFileTransformer is not from kotlin
2021-06-11 17:16:56.345 [DEBUG][org.jetbrains.research.kex.reanimator.collector.SetterCollector] - java/lang/Boolean is not from kotlin
2021-06-11 17:16:56.351 [DEBUG][org.jetbrains.research.kex.reanimator.collector.SetterCollector] - java/util/TreeMap$NavigableSubMap$DescendingSubMapKeyIterator is not from kotlin
2021-06-11 17:16:56.352 [DEBUG][org.jetbrains.research.kex.reanimator.collector.SetterCollector] - java/io/InvalidClassException is not from kotlin
2021-06-11 17:16:56.356 [DEBUG][org.jetbrains.research.kex.reanimator.collector.SetterCollector] - java/util/concurrent/CompletableFuture$BiRun is not from kotlin
2021-06-11 17:16:56.370 [DEBUG][org.jetbrains.research.kex.reanimator.collector.SetterCollector] - java/util/Collections$SingletonList is not from kotlin
2021-06-11 17:16:56.372 [DEBUG][org.jetbrains.research.kex.reanimator.collector.SetterCollector] - java/util/ArraysParallelSortHelpers$FJObject is not from kotlin
2021-06-11 17:16:56.373 [DEBUG][org.jetbrains.research.kex.reanimator.collector.SetterCollector] - java/util/stream/Nodes$SizedCollectorTask is not from kotlin
2021-06-11 17:16:56.374 [DEBUG][org.jetbrains.research.kex.reanimator.collector.SetterCollector] - java/util/regex/Pattern$BackRef is not from kotlin
2021-06-11 17:16:56.377 [DEBUG][org.jetbrains.research.kex.reanimator.collector.SetterCollector] - java/util/stream/Collectors$CollectorImpl is not from kotlin
2021-06-11 17:16:56.397 [DEBUG][org.jetbrains.research.kex.reanimator.collector.SetterCollector] - java/util/stream/SortedOps$OfRef is not from kotlin
2021-06-11 17:16:56.398 [DEBUG][org.jetbrains.research.kex.reanimator.collector.SetterCollector] - java/lang/invoke/MethodHandleImpl$ArrayAccessor is not from kotlin
2021-06-11 17:16:56.401 [DEBUG][org.jetbrains.research.kex.reanimator.collector.SetterCollector] - java/util/ArraysParallelSortHelpers is not from kotlin
2021-06-11 17:16:56.405 [DEBUG][org.jetbrains.research.kex.reanimator.collector.SetterCollector] - java/util/Properties$XmlSupport$1 is not from kotlin
2021-06-11 17:16:56.411 [DEBUG][org.jetbrains.research.kex.reanimator.collector.SetterCollector] - java/util/concurrent/ForkJoinTask$AdaptedRunnable is not from kotlin
2021-06-11 17:16:56.412 [DEBUG][org.jetbrains.research.kex.reanimator.collector.SetterCollector] - java/util/function/ToIntBiFunction is not from kotlin
2021-06-11 17:16:56.436 [DEBUG][org.jetbrains.research.kex.reanimator.collector.SetterCollector] - java/util/Hashtable is not from kotlin
2021-06-11 17:16:56.439 [DEBUG][org.jetbrains.research.kex.reanimator.collector.SetterCollector] - java/util/concurrent/BrokenBarrierException is not from kotlin
2021-06-11 17:16:56.445 [DEBUG][org.jetbrains.research.kex.reanimator.collector.SetterCollector] - java/util/stream/ForEachOps$ForEachOp$OfDouble is not from kotlin
2021-06-11 17:16:56.447 [DEBUG][org.jetbrains.research.kex.reanimator.collector.SetterCollector] - java/lang/Number is not from kotlin
2021-06-11 17:16:56.458 [DEBUG][org.jetbrains.research.kex.reanimator.collector.SetterCollector] - java/util/concurrent/ConcurrentHashMap$KeySetView is not from kotlin
2021-06-11 17:16:56.459 [DEBUG][org.jetbrains.research.kex.reanimator.collector.SetterCollector] - java/util/stream/Node$Builder$OfDouble is not from kotlin
2021-06-11 17:16:56.461 [DEBUG][org.jetbrains.research.kex.reanimator.collector.SetterCollector] - java/lang/invoke/AbstractValidatingLambdaMetafactory is not from kotlin
2021-06-11 17:16:56.476 [DEBUG][org.jetbrains.research.kex.reanimator.collector.SetterCollector] - java/util/Collections$CopiesList is not from kotlin
2021-06-11 17:16:56.477 [DEBUG][org.jetbrains.research.kex.reanimator.collector.SetterCollector] - java/util/Collections$UnmodifiableList is not from kotlin
2021-06-11 17:16:56.479 [DEBUG][org.jetbrains.research.kex.reanimator.collector.SetterCollector] - java/util/stream/MatchOps$MatchOp is not from kotlin
2021-06-11 17:16:56.480 [DEBUG][org.jetbrains.research.kex.reanimator.collector.SetterCollector] - java/lang/ArrayStoreException is not from kotlin
2021-06-11 17:16:56.480 [DEBUG][org.jetbrains.research.kex.reanimator.collector.SetterCollector] - java/io/ObjectOutputStream$PutField is not from kotlin
2021-06-11 17:16:56.484 [DEBUG][org.jetbrains.research.kex.reanimator.collector.SetterCollector] - java/io/NotActiveException is not from kotlin
2021-06-11 17:16:56.487 [DEBUG][org.jetbrains.research.kex.reanimator.collector.SetterCollector] - java/util/concurrent/ConcurrentSkipListMap$SubMap$SubMapIter is not from kotlin
2021-06-11 17:16:56.502 [DEBUG][org.jetbrains.research.kex.reanimator.collector.SetterCollector] - java/util/concurrent/SynchronousQueue is not from kotlin
2021-06-11 17:16:56.503 [DEBUG][org.jetbrains.research.kex.reanimator.collector.SetterCollector] - java/util/regex/UnicodeProp is not from kotlin
2021-06-11 17:16:56.504 [DEBUG][org.jetbrains.research.kex.reanimator.collector.SetterCollector] - java/util/function/IntToDoubleFunction is not from kotlin
2021-06-11 17:16:56.514 [DEBUG][org.jetbrains.research.kex.reanimator.collector.SetterCollector] - java/util/Properties is not from kotlin
2021-06-11 17:16:56.516 [DEBUG][org.jetbrains.research.kex.reanimator.collector.SetterCollector] - java/util/regex/Pattern$CharPropertyNames$CloneableProperty is not from kotlin
2021-06-11 17:16:56.518 [DEBUG][org.jetbrains.research.kex.reanimator.collector.SetterCollector] - java/util/concurrent/Executors$PrivilegedThreadFactory$1$1 is not from kotlin
2021-06-11 17:16:56.520 [DEBUG][org.jetbrains.research.kex.reanimator.collector.SetterCollector] - java/util/concurrent/locks/ReentrantReadWriteLock$FairSync is not from kotlin
2021-06-11 17:16:56.524 [DEBUG][org.jetbrains.research.kex.reanimator.collector.SetterCollector] - java/util/ArraysParallelSortHelpers$FJFloat$Sorter is not from kotlin
2021-06-11 17:16:56.529 [DEBUG][org.jetbrains.research.kex.reanimator.collector.SetterCollector] - java/util/zip/Adler32 is not from kotlin
2021-06-11 17:16:56.531 [DEBUG][org.jetbrains.research.kex.reanimator.collector.SetterCollector] - java/io/InvalidObjectException is not from kotlin
2021-06-11 17:16:56.533 [DEBUG][org.jetbrains.research.kex.reanimator.collector.SetterCollector] - java/util/logging/LoggingPermission is not from kotlin
2021-06-11 17:16:56.535 [DEBUG][org.jetbrains.research.kex.reanimator.collector.SetterCollector] - java/util/stream/IntPipeline$5$1 is not from kotlin
2021-06-11 17:16:56.541 [DEBUG][org.jetbrains.research.kex.reanimator.collector.SetterCollector] - java/util/stream/Nodes$EmptyNode$OfDouble is not from kotlin
2021-06-11 17:16:56.542 [DEBUG][org.jetbrains.research.kex.reanimator.collector.SetterCollector] - java/util/TreeMap$DescendingKeyIterator is not from kotlin
2021-06-11 17:16:56.544 [DEBUG][org.jetbrains.research.kex.reanimator.collector.SetterCollector] - java/util/stream/Nodes$LongFixedNodeBuilder is not from kotlin
2021-06-11 17:16:56.552 [DEBUG][org.jetbrains.research.kex.reanimator.collector.SetterCollector] - java/util/concurrent/locks/AbstractQueuedSynchronizer$ConditionObject is not from kotlin
2021-06-11 17:16:56.555 [DEBUG][org.jetbrains.research.kex.reanimator.collector.SetterCollector] - java/rmi/Remote is not from kotlin
2021-06-11 17:16:56.557 [DEBUG][org.jetbrains.research.kex.reanimator.collector.SetterCollector] - java/lang/reflect/InvocationTargetException is not from kotlin
2021-06-11 17:16:56.557 [DEBUG][org.jetbrains.research.kex.reanimator.collector.SetterCollector] - java/lang/Void is not from kotlin
2021-06-11 17:16:56.559 [DEBUG][org.jetbrains.research.kex.reanimator.collector.SetterCollector] - java/util/stream/Nodes$InternalNodeSpliterator$OfRef is not from kotlin
2021-06-11 17:16:56.560 [DEBUG][org.jetbrains.research.kex.reanimator.collector.SetterCollector] - java/util/concurrent/TimeUnit$2 is not from kotlin
2021-06-11 17:16:56.562 [DEBUG][org.jetbrains.research.kex.reanimator.collector.SetterCollector] - java/util/concurrent/locks/ReentrantReadWriteLock is not from kotlin
2021-06-11 17:16:56.564 [DEBUG][org.jetbrains.research.kex.reanimator.collector.SetterCollector] - java/util/regex/Pattern$BnMS is not from kotlin
2021-06-11 17:16:56.564 [DEBUG][org.jetbrains.research.kex.reanimator.collector.SetterCollector] - java/util/concurrent/TimeUnit$1 is not from kotlin
2021-06-11 17:16:56.571 [DEBUG][org.jetbrains.research.kex.reanimator.collector.SetterCollector] - java/io/ExpiringCache is not from kotlin
2021-06-11 17:16:56.572 [DEBUG][org.jetbrains.research.kex.reanimator.collector.SetterCollector] - java/util/concurrent/TimeUnit$4 is not from kotlin
2021-06-11 17:16:56.575 [DEBUG][org.jetbrains.research.kex.reanimator.collector.SetterCollector] - java/lang/management/MonitorInfo is not from kotlin
2021-06-11 17:16:56.575 [DEBUG][org.jetbrains.research.kex.reanimator.collector.SetterCollector] - java/util/concurrent/TimeUnit$3 is not from kotlin
2021-06-11 17:16:56.578 [DEBUG][org.jetbrains.research.kex.reanimator.collector.SetterCollector] - java/util/Vector$VectorSpliterator is not from kotlin
2021-06-11 17:16:56.578 [DEBUG][org.jetbrains.research.kex.reanimator.collector.SetterCollector] - java/util/concurrent/TimeUnit$6 is not from kotlin
2021-06-11 17:16:56.579 [DEBUG][org.jetbrains.research.kex.reanimator.collector.SetterCollector] - java/util/concurrent/TimeUnit$5 is not from kotlin
2021-06-11 17:16:56.580 [DEBUG][org.jetbrains.research.kex.reanimator.collector.SetterCollector] - java/util/stream/SortedOps$DoubleSortingSink is not from kotlin
2021-06-11 17:16:56.581 [DEBUG][org.jetbrains.research.kex.reanimator.collector.SetterCollector] - java/util/concurrent/TimeUnit$7 is not from kotlin
2021-06-11 17:16:56.584 [DEBUG][org.jetbrains.research.kex.reanimator.collector.SetterCollector] - java/util/HashMap$Values is not from kotlin
2021-06-11 17:16:56.585 [DEBUG][org.jetbrains.research.kex.reanimator.collector.SetterCollector] - java/lang/Class$EnclosingMethodInfo is not from kotlin
2021-06-11 17:16:56.591 [DEBUG][org.jetbrains.research.kex.reanimator.collector.SetterCollector] - java/util/Vector$ListItr is not from kotlin
2021-06-11 17:16:56.600 [DEBUG][org.jetbrains.research.kex.reanimator.collector.SetterCollector] - java/lang/invoke/MethodHandles$Lookup is not from kotlin
2021-06-11 17:16:56.601 [DEBUG][org.jetbrains.research.kex.reanimator.collector.SetterCollector] - java/util/Hashtable$1 is not from kotlin
2021-06-11 17:16:56.602 [DEBUG][org.jetbrains.research.kex.reanimator.collector.SetterCollector] - java/util/stream/LongPipeline$5$1 is not from kotlin
2021-06-11 17:16:56.602 [DEBUG][org.jetbrains.research.kex.reanimator.collector.SetterCollector] - java/util/stream/Node$OfDouble is not from kotlin
2021-06-11 17:16:56.607 [DEBUG][org.jetbrains.research.kex.reanimator.collector.SetterCollector] - java/lang/invoke/LambdaForm$Name is not from kotlin
2021-06-11 17:16:56.642 [DEBUG][org.jetbrains.research.kex.reanimator.collector.SetterCollector] - java/util/HashMap is not from kotlin
2021-06-11 17:16:56.644 [DEBUG][org.jetbrains.research.kex.reanimator.collector.SetterCollector] - java/util/ServiceConfigurationError is not from kotlin
2021-06-11 17:16:56.645 [DEBUG][org.jetbrains.research.kex.reanimator.collector.SetterCollector] - java/math/BigDecimal$LongOverflow is not from kotlin
2021-06-11 17:16:56.653 [DEBUG][org.jetbrains.research.kex.reanimator.collector.SetterCollector] - java/util/ArraysParallelSortHelpers$FJInt$Merger is not from kotlin
2021-06-11 17:16:56.655 [DEBUG][org.jetbrains.research.kex.reanimator.collector.SetterCollector] - java/util/zip/ZipConstants64 is not from kotlin
2021-06-11 17:16:56.655 [DEBUG][org.jetbrains.research.kex.reanimator.collector.SetterCollector] - java/util/Collections$CheckedSet is not from kotlin
2021-06-11 17:16:56.658 [DEBUG][org.jetbrains.research.kex.reanimator.collector.SetterCollector] - java/util/function/DoubleUnaryOperator is not from kotlin
2021-06-11 17:16:56.659 [DEBUG][org.jetbrains.research.kex.reanimator.collector.SetterCollector] - java/util/stream/TerminalSink is not from kotlin
2021-06-11 17:16:56.659 [DEBUG][org.jetbrains.research.kex.reanimator.collector.SetterCollector] - java/lang/management/ThreadInfo$1 is not from kotlin
2021-06-11 17:16:56.660 [DEBUG][org.jetbrains.research.kex.reanimator.collector.SetterCollector] - java/nio/charset/Charset$3 is not from kotlin
2021-06-11 17:16:56.661 [DEBUG][org.jetbrains.research.kex.reanimator.collector.SetterCollector] - java/util/concurrent/atomic/AtomicMarkableReference is not from kotlin
2021-06-11 17:16:56.662 [DEBUG][org.jetbrains.research.kex.reanimator.collector.SetterCollector] - java/util/FormatterClosedException is not from kotlin
2021-06-11 17:16:56.663 [DEBUG][org.jetbrains.research.kex.reanimator.collector.SetterCollector] - java/util/logging/FileHandler$1 is not from kotlin
2021-06-11 17:16:56.663 [DEBUG][org.jetbrains.research.kex.reanimator.collector.SetterCollector] - java/util/stream/Collectors$1OptionalBox is not from kotlin
2021-06-11 17:16:56.665 [DEBUG][org.jetbrains.research.kex.reanimator.collector.SetterCollector] - java/lang/annotation/IncompleteAnnotationException is not from kotlin
2021-06-11 17:16:56.665 [DEBUG][org.jetbrains.research.kex.reanimator.collector.SetterCollector] - java/lang/invoke/MethodHandleStatics is not from kotlin
2021-06-11 17:16:56.666 [DEBUG][org.jetbrains.research.kex.reanimator.collector.SetterCollector] - java/util/concurrent/CyclicBarrier$Generation is not from kotlin
2021-06-11 17:16:56.677 [DEBUG][org.jetbrains.research.kex.reanimator.collector.SetterCollector] - java/util/stream/SortedOps$OfInt is not from kotlin
2021-06-11 17:16:56.677 [DEBUG][org.jetbrains.research.kex.reanimator.collector.SetterCollector] - java/lang/Shutdown$Lock is not from kotlin
2021-06-11 17:16:56.678 [DEBUG][org.jetbrains.research.kex.reanimator.collector.SetterCollector] - java/util/stream/Sink$OfInt is not from kotlin
2021-06-11 17:16:56.679 [DEBUG][org.jetbrains.research.kex.reanimator.collector.SetterCollector] - java/util/ArrayDeque$DescendingIterator is not from kotlin
2021-06-11 17:16:56.681 [DEBUG][org.jetbrains.research.kex.reanimator.collector.SetterCollector] - java/util/zip/ZipOutputStream$XEntry is not from kotlin
2021-06-11 17:16:56.682 [DEBUG][org.jetbrains.research.kex.reanimator.collector.SetterCollector] - java/lang/ref/SoftReference is not from kotlin
2021-06-11 17:16:56.683 [DEBUG][org.jetbrains.research.kex.reanimator.collector.SetterCollector] - java/nio/charset/Charset$1 is not from kotlin
2021-06-11 17:16:56.684 [DEBUG][org.jetbrains.research.kex.reanimator.collector.SetterCollector] - java/nio/charset/Charset$2 is not from kotlin
2021-06-11 17:16:56.685 [DEBUG][org.jetbrains.research.kex.reanimator.collector.SetterCollector] - java/util/stream/Streams$AbstractStreamBuilderImpl is not from kotlin
2021-06-11 17:16:56.686 [DEBUG][org.jetbrains.research.kex.reanimator.collector.SetterCollector] - java/util/stream/MatchOps$BooleanTerminalSink is not from kotlin
2021-06-11 17:16:56.688 [DEBUG][org.jetbrains.research.kex.reanimator.collector.SetterCollector] - java/util/SortedSet$1 is not from kotlin
2021-06-11 17:16:56.689 [DEBUG][org.jetbrains.research.kex.reanimator.collector.SetterCollector] - java/util/stream/LongPipeline is not from kotlin
2021-06-11 17:16:56.694 [DEBUG][org.jetbrains.research.kex.reanimator.collector.SetterCollector] - java/io/FileWriter is not from kotlin
2021-06-11 17:16:56.696 [DEBUG][org.jetbrains.research.kex.reanimator.collector.SetterCollector] - java/lang/management/ManagementPermission is not from kotlin
2021-06-11 17:16:56.702 [DEBUG][org.jetbrains.research.kex.reanimator.collector.SetterCollector] - java/util/stream/Nodes$InternalNodeSpliterator$OfInt is not from kotlin
2021-06-11 17:16:56.704 [DEBUG][org.jetbrains.research.kex.reanimator.collector.SetterCollector] - java/util/concurrent/ConcurrentSkipListMap$KeyIterator is not from kotlin
2021-06-11 17:16:56.742 [DEBUG][org.jetbrains.research.kex.reanimator.collector.SetterCollector] - java/util/concurrent/ConcurrentHashMap is not from kotlin
2021-06-11 17:16:56.744 [DEBUG][org.jetbrains.research.kex.reanimator.collector.SetterCollector] - java/lang/invoke/Invokers$Lazy is not from kotlin
2021-06-11 17:16:56.750 [DEBUG][org.jetbrains.research.kex.reanimator.collector.SetterCollector] - java/lang/reflect/Method is not from kotlin
2021-06-11 17:16:56.754 [INFO ][org.jetbrains.research.kex.reanimator.collector.SetterCollector] - Method java/lang/reflect/Method::setMethodAccessor(sun/reflect/MethodAccessor): void is java setter for private volatile sun.reflect.MethodAccessor java.lang.reflect.Method.methodAccessor
2021-06-11 17:16:56.755 [DEBUG][org.jetbrains.research.kex.reanimator.collector.SetterCollector] - java/lang/Readable is not from kotlin
2021-06-11 17:16:56.756 [DEBUG][org.jetbrains.research.kex.reanimator.collector.SetterCollector] - java/util/function/LongBinaryOperator is not from kotlin
2021-06-11 17:16:56.757 [DEBUG][org.jetbrains.research.kex.reanimator.collector.SetterCollector] - java/lang/invoke/ProxyClassesDumper$1 is not from kotlin
2021-06-11 17:16:56.761 [DEBUG][org.jetbrains.research.kex.reanimator.collector.SetterCollector] - java/util/Comparators$NaturalOrderComparator is not from kotlin
2021-06-11 17:16:56.762 [DEBUG][org.jetbrains.research.kex.reanimator.collector.SetterCollector] - java/util/TreeMap$TreeMapSpliterator is not from kotlin
2021-06-11 17:16:56.764 [DEBUG][org.jetbrains.research.kex.reanimator.collector.SetterCollector] - java/util/concurrent/CompletableFuture$Signaller is not from kotlin
2021-06-11 17:16:56.765 [DEBUG][org.jetbrains.research.kex.reanimator.collector.SetterCollector] - java/util/regex/Pattern$Ques is not from kotlin
2021-06-11 17:16:56.767 [DEBUG][org.jetbrains.research.kex.reanimator.collector.SetterCollector] - java/io/BufferedInputStream is not from kotlin
2021-06-11 17:16:56.769 [DEBUG][org.jetbrains.research.kex.reanimator.collector.SetterCollector] - java/util/TreeMap$KeyIterator is not from kotlin
2021-06-11 17:16:56.773 [DEBUG][org.jetbrains.research.kex.reanimator.collector.SetterCollector] - java/util/stream/StreamSpliterators$DistinctSpliterator is not from kotlin
2021-06-11 17:16:56.775 [DEBUG][org.jetbrains.research.kex.reanimator.collector.SetterCollector] - java/util/Arrays$LegacyMergeSort is not from kotlin
2021-06-11 17:16:56.780 [DEBUG][org.jetbrains.research.kex.reanimator.collector.SetterCollector] - java/util/concurrent/ConcurrentHashMap$ForEachMappingTask is not from kotlin
2021-06-11 17:16:56.781 [DEBUG][org.jetbrains.research.kex.reanimator.collector.SetterCollector] - java/util/prefs/BackingStoreException is not from kotlin
2021-06-11 17:16:56.785 [DEBUG][org.jetbrains.research.kex.reanimator.collector.SetterCollector] - java/util/jar/Pack200$Unpacker is not from kotlin
2021-06-11 17:16:56.788 [DEBUG][org.jetbrains.research.kex.reanimator.collector.SetterCollector] - java/util/EnumMap$EntryIterator$Entry is not from kotlin
2021-06-11 17:16:56.789 [DEBUG][org.jetbrains.research.kex.reanimator.collector.SetterCollector] - java/util/stream/ReduceOps$11ReducingSink is not from kotlin
2021-06-11 17:16:56.792 [DEBUG][org.jetbrains.research.kex.reanimator.collector.SetterCollector] - java/util/concurrent/CompletableFuture$BiRelay is not from kotlin
2021-06-11 17:16:56.800 [DEBUG][org.jetbrains.research.kex.reanimator.collector.SetterCollector] - java/util/concurrent/atomic/DoubleAdder is not from kotlin
2021-06-11 17:16:56.802 [DEBUG][org.jetbrains.research.kex.reanimator.collector.SetterCollector] - java/util/stream/Nodes is not from kotlin
2021-06-11 17:16:56.809 [DEBUG][org.jetbrains.research.kex.reanimator.collector.SetterCollector] - java/util/Date is not from kotlin
2021-06-11 17:16:56.810 [DEBUG][org.jetbrains.research.kex.reanimator.collector.SetterCollector] - java/math/BigDecimal$StringBuilderHelper is not from kotlin
2021-06-11 17:16:56.813 [DEBUG][org.jetbrains.research.kex.reanimator.collector.SetterCollector] - java/util/concurrent/locks/StampedLock is not from kotlin
2021-06-11 17:16:56.819 [DEBUG][org.jetbrains.research.kex.reanimator.collector.SetterCollector] - java/util/concurrent/ForkJoinTask is not from kotlin
2021-06-11 17:16:56.826 [DEBUG][org.jetbrains.research.kex.reanimator.collector.SetterCollector] - java/util/logging/LogManager is not from kotlin
2021-06-11 17:16:56.828 [DEBUG][org.jetbrains.research.kex.reanimator.collector.SetterCollector] - java/util/FormattableFlags is not from kotlin
2021-06-11 17:16:56.828 [DEBUG][org.jetbrains.research.kex.reanimator.collector.SetterCollector] - java/io/DeleteOnExitHook is not from kotlin
2021-06-11 17:16:56.829 [DEBUG][org.jetbrains.research.kex.reanimator.collector.SetterCollector] - java/util/stream/DistinctOps is not from kotlin
2021-06-11 17:16:56.829 [DEBUG][org.jetbrains.research.kex.reanimator.collector.SetterCollector] - java/util/stream/FindOps$FindSink is not from kotlin
2021-06-11 17:16:56.830 [DEBUG][org.jetbrains.research.kex.reanimator.collector.SetterCollector] - java/lang/NoSuchMethodError is not from kotlin
2021-06-11 17:16:56.838 [DEBUG][org.jetbrains.research.kex.reanimator.collector.SetterCollector] - java/util/stream/ForEachOps$ForEachOp$OfInt is not from kotlin
2021-06-11 17:16:56.839 [DEBUG][org.jetbrains.research.kex.reanimator.collector.SetterCollector] - java/util/stream/DoublePipeline$7$1 is not from kotlin
2021-06-11 17:16:56.842 [DEBUG][org.jetbrains.research.kex.reanimator.collector.SetterCollector] - java/util/concurrent/Executors$PrivilegedThreadFactory is not from kotlin
2021-06-11 17:16:56.845 [DEBUG][org.jetbrains.research.kex.reanimator.collector.SetterCollector] - java/io/FileSystem is not from kotlin
2021-06-11 17:16:56.848 [DEBUG][org.jetbrains.research.kex.reanimator.collector.SetterCollector] - java/util/ArraysParallelSortHelpers$FJObject$Merger is not from kotlin
2021-06-11 17:16:56.851 [DEBUG][org.jetbrains.research.kex.reanimator.collector.SetterCollector] - java/util/concurrent/SynchronousQueue$TransferQueue is not from kotlin
2021-06-11 17:16:56.851 [DEBUG][org.jetbrains.research.kex.reanimator.collector.SetterCollector] - java/util/ArrayDeque$1 is not from kotlin
2021-06-11 17:16:56.853 [DEBUG][org.jetbrains.research.kex.reanimator.collector.SetterCollector] - java/util/concurrent/ConcurrentSkipListMap$KeySpliterator is not from kotlin
2021-06-11 17:16:56.862 [DEBUG][org.jetbrains.research.kex.reanimator.collector.SetterCollector] - java/util/stream/Nodes$IntFixedNodeBuilder is not from kotlin
2021-06-11 17:16:56.868 [DEBUG][org.jetbrains.research.kex.reanimator.collector.SetterCollector] - java/util/concurrent/ConcurrentHashMap$ValueIterator is not from kotlin
2021-06-11 17:16:56.868 [DEBUG][org.jetbrains.research.kex.reanimator.collector.SetterCollector] - java/io/OutputStream is not from kotlin
2021-06-11 17:16:56.871 [DEBUG][org.jetbrains.research.kex.reanimator.collector.SetterCollector] - java/util/regex/Pattern$LastNode is not from kotlin
2021-06-11 17:16:56.872 [DEBUG][org.jetbrains.research.kex.reanimator.collector.SetterCollector] - java/io/File$PathStatus is not from kotlin
2021-06-11 17:16:56.873 [DEBUG][org.jetbrains.research.kex.reanimator.collector.SetterCollector] - java/lang/ref/Reference$1 is not from kotlin
2021-06-11 17:16:56.873 [DEBUG][org.jetbrains.research.kex.reanimator.collector.SetterCollector] - java/util/LinkedHashMap$LinkedHashIterator is not from kotlin
2021-06-11 17:16:56.891 [DEBUG][org.jetbrains.research.kex.reanimator.collector.SetterCollector] - java/util/concurrent/BlockingDeque is not from kotlin
2021-06-11 17:16:56.892 [DEBUG][org.jetbrains.research.kex.reanimator.collector.SetterCollector] - java/io/RandomAccessFile$1 is not from kotlin
2021-06-11 17:16:56.894 [DEBUG][org.jetbrains.research.kex.reanimator.collector.SetterCollector] - java/util/logging/MemoryHandler is not from kotlin
2021-06-11 17:16:56.894 [INFO ][org.jetbrains.research.kex.reanimator.collector.SetterCollector] - Method java/util/logging/MemoryHandler::setPushLevel(java/util/logging/Level): void is java setter for private volatile java.util.logging.Level java.util.logging.MemoryHandler.pushLevel
2021-06-11 17:16:56.896 [DEBUG][org.jetbrains.research.kex.reanimator.collector.SetterCollector] - java/util/HashMap$KeySpliterator is not from kotlin
2021-06-11 17:16:56.903 [DEBUG][org.jetbrains.research.kex.reanimator.collector.SetterCollector] - java/util/IdentityHashMap$ValueIterator is not from kotlin
2021-06-11 17:16:56.929 [DEBUG][org.jetbrains.research.kex.reanimator.collector.SetterCollector] - java/util/GregorianCalendar is not from kotlin
2021-06-11 17:16:56.930 [DEBUG][org.jetbrains.research.kex.reanimator.collector.SetterCollector] - java/util/concurrent/ForkJoinPool$1 is not from kotlin
2021-06-11 17:16:56.955 [DEBUG][org.jetbrains.research.kex.reanimator.collector.SetterCollector] - java/util/TreeMap$DescendingSubMap is not from kotlin
2021-06-11 17:16:56.958 [DEBUG][org.jetbrains.research.kex.reanimator.collector.SetterCollector] - java/util/ServiceLoader$LazyIterator is not from kotlin
2021-06-11 17:16:56.959 [DEBUG][org.jetbrains.research.kex.reanimator.collector.SetterCollector] - java/lang/reflect/Proxy is not from kotlin
2021-06-11 17:16:56.974 [DEBUG][org.jetbrains.research.kex.reanimator.collector.SetterCollector] - java/util/concurrent/TransferQueue is not from kotlin
2021-06-11 17:16:56.977 [DEBUG][org.jetbrains.research.kex.reanimator.collector.SetterCollector] - java/lang/ProcessEnvironment$CheckedEntrySet$1 is not from kotlin
2021-06-11 17:16:56.983 [DEBUG][org.jetbrains.research.kex.reanimator.collector.SetterCollector] - java/io/FileFilter is not from kotlin
2021-06-11 17:16:56.985 [DEBUG][org.jetbrains.research.kex.reanimator.collector.SetterCollector] - java/util/stream/IntPipeline$1$1 is not from kotlin
2021-06-11 17:16:56.987 [DEBUG][org.jetbrains.research.kex.reanimator.collector.SetterCollector] - java/util/Formatter$BigDecimalLayoutForm is not from kotlin
2021-06-11 17:16:56.992 [DEBUG][org.jetbrains.research.kex.reanimator.collector.SetterCollector] - java/util/stream/StreamSpliterators$SliceSpliterator$OfLong is not from kotlin
2021-06-11 17:16:56.994 [DEBUG][org.jetbrains.research.kex.reanimator.collector.SetterCollector] - java/util/Spliterators$LongArraySpliterator is not from kotlin
2021-06-11 17:16:56.995 [DEBUG][org.jetbrains.research.kex.reanimator.collector.SetterCollector] - java/util/concurrent/ForkJoinPool$InnocuousForkJoinWorkerThreadFactory is not from kotlin
2021-06-11 17:16:56.996 [DEBUG][org.jetbrains.research.kex.reanimator.collector.SetterCollector] - java/util/UnknownFormatConversionException is not from kotlin
2021-06-11 17:16:56.998 [DEBUG][org.jetbrains.research.kex.reanimator.collector.SetterCollector] - java/lang/invoke/VolatileCallSite is not from kotlin
2021-06-11 17:16:57.004 [DEBUG][org.jetbrains.research.kex.reanimator.collector.SetterCollector] - java/util/concurrent/ConcurrentLinkedQueue$Node is not from kotlin
2021-06-11 17:16:57.010 [DEBUG][org.jetbrains.research.kex.reanimator.collector.SetterCollector] - java/util/EnumMap$KeySet is not from kotlin
2021-06-11 17:16:57.011 [DEBUG][org.jetbrains.research.kex.reanimator.collector.SetterCollector] - java/util/stream/SpinedBuffer$OfDouble is not from kotlin
2021-06-11 17:16:57.012 [DEBUG][org.jetbrains.research.kex.reanimator.collector.SetterCollector] - java/lang/ProcessBuilder$Redirect is not from kotlin
2021-06-11 17:16:57.014 [DEBUG][org.jetbrains.research.kex.reanimator.collector.SetterCollector] - java/util/PrimitiveIterator$OfDouble is not from kotlin
2021-06-11 17:16:57.015 [DEBUG][org.jetbrains.research.kex.reanimator.collector.SetterCollector] - java/util/concurrent/locks/ReentrantReadWriteLock$WriteLock is not from kotlin
2021-06-11 17:16:57.016 [DEBUG][org.jetbrains.research.kex.reanimator.collector.SetterCollector] - java/io/ObjectStreamClass$EntryFuture is not from kotlin
2021-06-11 17:16:57.017 [DEBUG][org.jetbrains.research.kex.reanimator.collector.SetterCollector] - java/util/prefs/Preferences is not from kotlin
2021-06-11 17:16:57.020 [DEBUG][org.jetbrains.research.kex.reanimator.collector.SetterCollector] - java/util/concurrent/ConcurrentHashMap$Segment is not from kotlin
2021-06-11 17:16:57.023 [DEBUG][org.jetbrains.research.kex.reanimator.collector.SetterCollector] - java/util/function/IntBinaryOperator is not from kotlin
2021-06-11 17:16:57.024 [DEBUG][org.jetbrains.research.kex.reanimator.collector.SetterCollector] - java/util/Base64$1 is not from kotlin
2021-06-11 17:16:57.027 [DEBUG][org.jetbrains.research.kex.reanimator.collector.SetterCollector] - java/util/concurrent/ConcurrentLinkedDeque$CLDSpliterator is not from kotlin
2021-06-11 17:16:57.028 [DEBUG][org.jetbrains.research.kex.reanimator.collector.SetterCollector] - java/util/List is not from kotlin
2021-06-11 17:16:57.029 [DEBUG][org.jetbrains.research.kex.reanimator.collector.SetterCollector] - java/lang/invoke/LambdaForm$1 is not from kotlin
2021-06-11 17:16:57.035 [DEBUG][org.jetbrains.research.kex.reanimator.collector.SetterCollector] - java/util/concurrent/ConcurrentHashMap$ForEachTransformedEntryTask is not from kotlin
2021-06-11 17:16:57.038 [DEBUG][org.jetbrains.research.kex.reanimator.collector.SetterCollector] - java/io/PushbackReader is not from kotlin
2021-06-11 17:16:57.045 [DEBUG][org.jetbrains.research.kex.reanimator.collector.SetterCollector] - java/util/EnumMap$Values is not from kotlin
2021-06-11 17:16:57.046 [DEBUG][org.jetbrains.research.kex.reanimator.collector.SetterCollector] - java/io/SyncFailedException is not from kotlin
2021-06-11 17:16:57.047 [DEBUG][org.jetbrains.research.kex.reanimator.collector.SetterCollector] - java/util/logging/ErrorManager is not from kotlin
2021-06-11 17:16:57.049 [DEBUG][org.jetbrains.research.kex.reanimator.collector.SetterCollector] - java/lang/InterruptedException is not from kotlin
2021-06-11 17:16:57.051 [DEBUG][org.jetbrains.research.kex.reanimator.collector.SetterCollector] - java/lang/ApplicationShutdownHooks is not from kotlin
2021-06-11 17:16:57.051 [DEBUG][org.jetbrains.research.kex.reanimator.collector.SetterCollector] - java/util/stream/ReferencePipeline$7 is not from kotlin
2021-06-11 17:16:57.052 [DEBUG][org.jetbrains.research.kex.reanimator.collector.SetterCollector] - java/util/stream/ReferencePipeline$6 is not from kotlin
2021-06-11 17:16:57.053 [DEBUG][org.jetbrains.research.kex.reanimator.collector.SetterCollector] - java/util/stream/Nodes$IntArrayNode is not from kotlin
2021-06-11 17:16:57.054 [DEBUG][org.jetbrains.research.kex.reanimator.collector.SetterCollector] - java/util/stream/ReferencePipeline$9 is not from kotlin
2021-06-11 17:16:57.055 [DEBUG][org.jetbrains.research.kex.reanimator.collector.SetterCollector] - java/util/stream/ReferencePipeline$8 is not from kotlin
2021-06-11 17:16:57.055 [DEBUG][org.jetbrains.research.kex.reanimator.collector.SetterCollector] - java/util/stream/ReferencePipeline$3 is not from kotlin
2021-06-11 17:16:57.055 [DEBUG][org.jetbrains.research.kex.reanimator.collector.SetterCollector] - java/util/stream/ReferencePipeline$2 is not from kotlin
2021-06-11 17:16:57.057 [DEBUG][org.jetbrains.research.kex.reanimator.collector.SetterCollector] - java/util/concurrent/ConcurrentLinkedQueue$CLQSpliterator is not from kotlin
2021-06-11 17:16:57.058 [DEBUG][org.jetbrains.research.kex.reanimator.collector.SetterCollector] - java/util/stream/ReferencePipeline$5 is not from kotlin
2021-06-11 17:16:57.058 [DEBUG][org.jetbrains.research.kex.reanimator.collector.SetterCollector] - java/util/stream/ReferencePipeline$4 is not from kotlin
2021-06-11 17:16:57.071 [DEBUG][org.jetbrains.research.kex.reanimator.collector.SetterCollector] - java/util/stream/Nodes$IntSpinedNodeBuilder is not from kotlin
2021-06-11 17:16:57.072 [DEBUG][org.jetbrains.research.kex.reanimator.collector.SetterCollector] - java/util/Observable is not from kotlin
2021-06-11 17:16:57.073 [DEBUG][org.jetbrains.research.kex.reanimator.collector.SetterCollector] - java/util/Timer$1 is not from kotlin
2021-06-11 17:16:57.073 [DEBUG][org.jetbrains.research.kex.reanimator.collector.SetterCollector] - java/util/stream/ReferencePipeline$1 is not from kotlin
2021-06-11 17:16:57.074 [DEBUG][org.jetbrains.research.kex.reanimator.collector.SetterCollector] - java/util/stream/SortedOps is not from kotlin
2021-06-11 17:16:57.076 [DEBUG][org.jetbrains.research.kex.reanimator.collector.SetterCollector] - java/lang/invoke/DirectMethodHandle$EnsureInitialized is not from kotlin
2021-06-11 17:16:57.077 [DEBUG][org.jetbrains.research.kex.reanimator.collector.SetterCollector] - java/lang/invoke/BoundMethodHandle$Factory is not from kotlin
2021-06-11 17:16:57.081 [DEBUG][org.jetbrains.research.kex.reanimator.collector.SetterCollector] - java/util/Collections$UnmodifiableNavigableSet$EmptyNavigableSet is not from kotlin
2021-06-11 17:16:57.086 [DEBUG][org.jetbrains.research.kex.reanimator.collector.SetterCollector] - java/lang/management/PlatformManagedObject is not from kotlin
2021-06-11 17:16:57.088 [DEBUG][org.jetbrains.research.kex.reanimator.collector.SetterCollector] - java/lang/CharSequence is not from kotlin
2021-06-11 17:16:57.093 [DEBUG][org.jetbrains.research.kex.reanimator.collector.SetterCollector] - java/util/concurrent/CompletableFuture$UniHandle is not from kotlin
2021-06-11 17:16:57.095 [DEBUG][org.jetbrains.research.kex.reanimator.collector.SetterCollector] - java/util/stream/ReduceOps$AccumulatingSink is not from kotlin
2021-06-11 17:16:57.097 [DEBUG][org.jetbrains.research.kex.reanimator.collector.SetterCollector] - java/util/concurrent/atomic/AtomicIntegerArray is not from kotlin
2021-06-11 17:16:57.098 [DEBUG][org.jetbrains.research.kex.reanimator.collector.SetterCollector] - java/util/Currency$1 is not from kotlin
2021-06-11 17:16:57.101 [DEBUG][org.jetbrains.research.kex.reanimator.collector.SetterCollector] - java/lang/invoke/DirectMethodHandle$Accessor is not from kotlin
2021-06-11 17:16:57.102 [DEBUG][org.jetbrains.research.kex.reanimator.collector.SetterCollector] - java/util/concurrent/Executors$PrivilegedCallable$1 is not from kotlin
2021-06-11 17:16:57.108 [DEBUG][org.jetbrains.research.kex.reanimator.collector.SetterCollector] - java/util/Collections$EmptyListIterator is not from kotlin
2021-06-11 17:16:57.109 [DEBUG][org.jetbrains.research.kex.reanimator.collector.SetterCollector] - java/util/stream/SliceOps$1$1 is not from kotlin
2021-06-11 17:16:57.109 [DEBUG][org.jetbrains.research.kex.reanimator.collector.SetterCollector] - java/util/Spliterators$EmptySpliterator is not from kotlin
2021-06-11 17:16:57.110 [DEBUG][org.jetbrains.research.kex.reanimator.collector.SetterCollector] - java/util/Tripwire is not from kotlin
2021-06-11 17:16:57.113 [DEBUG][org.jetbrains.research.kex.reanimator.collector.SetterCollector] - java/lang/ThreadGroup is not from kotlin
2021-06-11 17:16:57.113 [INFO ][org.jetbrains.research.kex.reanimator.collector.SetterCollector] - Method java/lang/ThreadGroup::setDaemon(bool): void is java setter for boolean java.lang.ThreadGroup.daemon
2021-06-11 17:16:57.114 [INFO ][org.jetbrains.research.kex.reanimator.collector.SetterCollector] - Method java/lang/ThreadGroup::setMaxPriority(int): void is java setter for int java.lang.ThreadGroup.maxPriority
2021-06-11 17:16:57.115 [DEBUG][org.jetbrains.research.kex.reanimator.collector.SetterCollector] - java/lang/invoke/LambdaConversionException is not from kotlin
2021-06-11 17:16:57.119 [DEBUG][org.jetbrains.research.kex.reanimator.collector.SetterCollector] - java/util/Collections$ReverseComparator is not from kotlin
2021-06-11 17:16:57.121 [DEBUG][org.jetbrains.research.kex.reanimator.collector.SetterCollector] - java/util/LinkedList$DescendingIterator is not from kotlin
2021-06-11 17:16:57.122 [DEBUG][org.jetbrains.research.kex.reanimator.collector.SetterCollector] - java/util/Collections$CheckedCollection$1 is not from kotlin
2021-06-11 17:16:57.127 [DEBUG][org.jetbrains.research.kex.reanimator.collector.SetterCollector] - java/lang/invoke/InnerClassLambdaMetafactory$ForwardingMethodGenerator is not from kotlin
2021-06-11 17:16:57.128 [DEBUG][org.jetbrains.research.kex.reanimator.collector.SetterCollector] - java/io/OutputStreamWriter is not from kotlin
2021-06-11 17:16:57.142 [DEBUG][org.jetbrains.research.kex.reanimator.collector.SetterCollector] - java/util/concurrent/Executors$DelegatedScheduledExecutorService is not from kotlin
2021-06-11 17:16:57.153 [DEBUG][org.jetbrains.research.kex.reanimator.collector.SetterCollector] - java/util/stream/Streams$StreamBuilderImpl is not from kotlin
2021-06-11 17:16:57.156 [DEBUG][org.jetbrains.research.kex.reanimator.collector.SetterCollector] - java/util/concurrent/ConcurrentHashMap$TreeBin is not from kotlin
2021-06-11 17:16:57.159 [DEBUG][org.jetbrains.research.kex.reanimator.collector.SetterCollector] - java/util/concurrent/CompletableFuture$OrRelay is not from kotlin
2021-06-11 17:16:57.160 [DEBUG][org.jetbrains.research.kex.reanimator.collector.SetterCollector] - java/util/stream/StreamSpliterators$UnorderedSliceSpliterator$PermitStatus is not from kotlin
2021-06-11 17:16:57.160 [DEBUG][org.jetbrains.research.kex.reanimator.collector.SetterCollector] - java/util/concurrent/ThreadFactory is not from kotlin
2021-06-11 17:16:57.162 [DEBUG][org.jetbrains.research.kex.reanimator.collector.SetterCollector] - java/io/StringBufferInputStream is not from kotlin
2021-06-11 17:16:57.169 [DEBUG][org.jetbrains.research.kex.reanimator.collector.SetterCollector] - java/lang/CharacterData00 is not from kotlin
2021-06-11 17:16:57.172 [DEBUG][org.jetbrains.research.kex.reanimator.collector.SetterCollector] - java/util/regex/Pattern$Behind is not from kotlin
2021-06-11 17:16:57.173 [DEBUG][org.jetbrains.research.kex.reanimator.collector.SetterCollector] - java/util/function/ToLongFunction is not from kotlin
2021-06-11 17:16:57.174 [DEBUG][org.jetbrains.research.kex.reanimator.collector.SetterCollector] - java/util/zip/ZipEntry is not from kotlin
2021-06-11 17:16:57.174 [INFO ][org.jetbrains.research.kex.reanimator.collector.SetterCollector] - Method java/util/zip/ZipEntry::setSize(long): void is java setter for long java.util.zip.ZipEntry.size
2021-06-11 17:16:57.175 [INFO ][org.jetbrains.research.kex.reanimator.collector.SetterCollector] - Method java/util/zip/ZipEntry::setCrc(long): void is java setter for long java.util.zip.ZipEntry.crc
2021-06-11 17:16:57.175 [INFO ][org.jetbrains.research.kex.reanimator.collector.SetterCollector] - Method java/util/zip/ZipEntry::setMethod(int): void is java setter for int java.util.zip.ZipEntry.method
2021-06-11 17:16:57.175 [INFO ][org.jetbrains.research.kex.reanimator.collector.SetterCollector] - Method java/util/zip/ZipEntry::setComment(java/lang/String): void is java setter for java.lang.String java.util.zip.ZipEntry.comment
2021-06-11 17:16:57.176 [DEBUG][org.jetbrains.research.kex.reanimator.collector.SetterCollector] - java/lang/invoke/MethodHandle$PolymorphicSignature is not from kotlin
2021-06-11 17:16:57.177 [DEBUG][org.jetbrains.research.kex.reanimator.collector.SetterCollector] - java/lang/invoke/SwitchPoint is not from kotlin
2021-06-11 17:16:57.177 [DEBUG][org.jetbrains.research.kex.reanimator.collector.SetterCollector] - java/util/function/LongFunction is not from kotlin
2021-06-11 17:16:57.178 [DEBUG][org.jetbrains.research.kex.reanimator.collector.SetterCollector] - java/util/concurrent/atomic/AtomicIntegerFieldUpdater is not from kotlin
2021-06-11 17:16:57.178 [DEBUG][org.jetbrains.research.kex.reanimator.collector.SetterCollector] - java/util/stream/ReduceOps$5ReducingSink is not from kotlin
2021-06-11 17:16:57.180 [DEBUG][org.jetbrains.research.kex.reanimator.collector.SetterCollector] - java/util/stream/StreamSpliterators$ArrayBuffer$OfLong is not from kotlin
2021-06-11 17:16:57.181 [DEBUG][org.jetbrains.research.kex.reanimator.collector.SetterCollector] - java/util/NoSuchElementException is not from kotlin
2021-06-11 17:16:57.183 [DEBUG][org.jetbrains.research.kex.reanimator.collector.SetterCollector] - java/util/concurrent/ThreadPoolExecutor$CallerRunsPolicy is not from kotlin
2021-06-11 17:16:57.189 [DEBUG][org.jetbrains.research.kex.reanimator.collector.SetterCollector] - java/lang/instrument/UnmodifiableClassException is not from kotlin
2021-06-11 17:16:57.209 [DEBUG][org.jetbrains.research.kex.reanimator.collector.SetterCollector] - java/util/concurrent/LinkedBlockingDeque is not from kotlin
2021-06-11 17:16:57.213 [DEBUG][org.jetbrains.research.kex.reanimator.collector.SetterCollector] - java/util/stream/Nodes$EmptyNode$OfLong is not from kotlin
2021-06-11 17:16:57.221 [DEBUG][org.jetbrains.research.kex.reanimator.collector.SetterCollector] - java/util/LinkedHashMap$LinkedKeySet is not from kotlin
2021-06-11 17:16:57.223 [DEBUG][org.jetbrains.research.kex.reanimator.collector.SetterCollector] - java/util/concurrent/CopyOnWriteArrayList$COWSubListIterator is not from kotlin
2021-06-11 17:16:57.240 [DEBUG][org.jetbrains.research.kex.reanimator.collector.SetterCollector] - java/lang/Double is not from kotlin
2021-06-11 17:16:57.241 [DEBUG][org.jetbrains.research.kex.reanimator.collector.SetterCollector] - java/util/Calendar$CalendarAccessControlContext is not from kotlin
2021-06-11 17:16:57.242 [DEBUG][org.jetbrains.research.kex.reanimator.collector.SetterCollector] - java/lang/UnsupportedOperationException is not from kotlin
2021-06-11 17:16:57.243 [DEBUG][org.jetbrains.research.kex.reanimator.collector.SetterCollector] - java/util/function/LongUnaryOperator is not from kotlin
2021-06-11 17:16:57.243 [DEBUG][org.jetbrains.research.kex.reanimator.collector.SetterCollector] - java/util/stream/LongPipeline$9 is not from kotlin
2021-06-11 17:16:57.244 [DEBUG][org.jetbrains.research.kex.reanimator.collector.SetterCollector] - java/util/function/IntToLongFunction is not from kotlin
2021-06-11 17:16:57.244 [DEBUG][org.jetbrains.research.kex.reanimator.collector.SetterCollector] - java/util/EnumMap$EnumMapIterator is not from kotlin
2021-06-11 17:16:57.245 [DEBUG][org.jetbrains.research.kex.reanimator.collector.SetterCollector] - java/util/stream/LongPipeline$8 is not from kotlin
2021-06-11 17:16:57.255 [DEBUG][org.jetbrains.research.kex.reanimator.collector.SetterCollector] - java/nio/charset/CharsetDecoder is not from kotlin
2021-06-11 17:16:57.257 [DEBUG][org.jetbrains.research.kex.reanimator.collector.SetterCollector] - java/util/concurrent/CopyOnWriteArrayList$COWIterator is not from kotlin
2021-06-11 17:16:57.258 [DEBUG][org.jetbrains.research.kex.reanimator.collector.SetterCollector] - java/util/stream/LongPipeline$7 is not from kotlin
2021-06-11 17:16:57.259 [DEBUG][org.jetbrains.research.kex.reanimator.collector.SetterCollector] - java/util/function/LongToDoubleFunction is not from kotlin
2021-06-11 17:16:57.259 [DEBUG][org.jetbrains.research.kex.reanimator.collector.SetterCollector] - java/util/concurrent/FutureTask is not from kotlin
2021-06-11 17:16:57.263 [DEBUG][org.jetbrains.research.kex.reanimator.collector.SetterCollector] - java/util/Collections$CheckedRandomAccessList is not from kotlin
2021-06-11 17:16:57.265 [DEBUG][org.jetbrains.research.kex.reanimator.collector.SetterCollector] - java/lang/AbstractStringBuilder is not from kotlin
2021-06-11 17:16:57.270 [DEBUG][org.jetbrains.research.kex.reanimator.collector.SetterCollector] - java/util/IdentityHashMap$IdentityHashMapSpliterator is not from kotlin
2021-06-11 17:16:57.275 [DEBUG][org.jetbrains.research.kex.reanimator.collector.SetterCollector] - java/util/concurrent/CompletableFuture$OrApply is not from kotlin
2021-06-11 17:16:57.279 [DEBUG][org.jetbrains.research.kex.reanimator.collector.SetterCollector] - java/util/concurrent/ConcurrentHashMap$ReduceKeysTask is not from kotlin
2021-06-11 17:16:57.280 [DEBUG][org.jetbrains.research.kex.reanimator.collector.SetterCollector] - java/util/Spliterator$OfPrimitive is not from kotlin
2021-06-11 17:16:57.281 [DEBUG][org.jetbrains.research.kex.reanimator.collector.SetterCollector] - java/util/stream/SpinedBuffer$OfLong is not from kotlin
2021-06-11 17:16:57.282 [DEBUG][org.jetbrains.research.kex.reanimator.collector.SetterCollector] - java/lang/reflect/WeakCache$Factory is not from kotlin
2021-06-11 17:16:57.292 [DEBUG][org.jetbrains.research.kex.reanimator.collector.SetterCollector] - java/util/JapaneseImperialCalendar is not from kotlin
2021-06-11 17:16:57.295 [DEBUG][org.jetbrains.research.kex.reanimator.collector.SetterCollector] - java/util/concurrent/locks/ReentrantReadWriteLock$Sync$ThreadLocalHoldCounter is not from kotlin
2021-06-11 17:16:57.297 [DEBUG][org.jetbrains.research.kex.reanimator.collector.SetterCollector] - java/lang/CharacterData02 is not from kotlin
2021-06-11 17:16:57.302 [DEBUG][org.jetbrains.research.kex.reanimator.collector.SetterCollector] - java/lang/CharacterData01 is not from kotlin
2021-06-11 17:16:57.302 [DEBUG][org.jetbrains.research.kex.reanimator.collector.SetterCollector] - java/lang/IndexOutOfBoundsException is not from kotlin
2021-06-11 17:16:57.303 [DEBUG][org.jetbrains.research.kex.reanimator.collector.SetterCollector] - java/lang/reflect/WeakCache$Value is not from kotlin
2021-06-11 17:16:57.305 [DEBUG][org.jetbrains.research.kex.reanimator.collector.SetterCollector] - java/util/zip/ZStreamRef is not from kotlin
2021-06-11 17:16:57.305 [DEBUG][org.jetbrains.research.kex.reanimator.collector.SetterCollector] - java/util/stream/LongPipeline$2 is not from kotlin
2021-06-11 17:16:57.307 [DEBUG][org.jetbrains.research.kex.reanimator.collector.SetterCollector] - java/lang/CharacterData0E is not from kotlin
2021-06-11 17:16:57.308 [DEBUG][org.jetbrains.research.kex.reanimator.collector.SetterCollector] - java/util/stream/LongPipeline$1 is not from kotlin
2021-06-11 17:16:57.317 [DEBUG][org.jetbrains.research.kex.reanimator.collector.SetterCollector] - java/util/concurrent/ThreadPoolExecutor$Worker is not from kotlin
2021-06-11 17:16:57.318 [DEBUG][org.jetbrains.research.kex.reanimator.collector.SetterCollector] - java/util/stream/LongPipeline$6 is not from kotlin
2021-06-11 17:16:57.320 [DEBUG][org.jetbrains.research.kex.reanimator.collector.SetterCollector] - java/io/ExpiringCache$Entry is not from kotlin
2021-06-11 17:16:57.320 [INFO ][org.jetbrains.research.kex.reanimator.collector.SetterCollector] - Method java/io/ExpiringCache$Entry::setTimestamp(long): void is java setter for private long java.io.ExpiringCache$Entry.timestamp
2021-06-11 17:16:57.322 [INFO ][org.jetbrains.research.kex.reanimator.collector.SetterCollector] - Method java/io/ExpiringCache$Entry::setVal(java/lang/String): void is java setter for private java.lang.String java.io.ExpiringCache$Entry.val
2021-06-11 17:16:57.323 [DEBUG][org.jetbrains.research.kex.reanimator.collector.SetterCollector] - java/util/stream/LongPipeline$5 is not from kotlin
2021-06-11 17:16:57.323 [DEBUG][org.jetbrains.research.kex.reanimator.collector.SetterCollector] - java/util/stream/LongPipeline$4 is not from kotlin
2021-06-11 17:16:57.323 [DEBUG][org.jetbrains.research.kex.reanimator.collector.SetterCollector] - java/util/stream/LongPipeline$3 is not from kotlin
2021-06-11 17:16:57.324 [DEBUG][org.jetbrains.research.kex.reanimator.collector.SetterCollector] - java/util/stream/IntPipeline$10 is not from kotlin
2021-06-11 17:16:57.324 [DEBUG][org.jetbrains.research.kex.reanimator.collector.SetterCollector] - java/lang/ApplicationShutdownHooks$1 is not from kotlin
2021-06-11 17:16:57.326 [DEBUG][org.jetbrains.research.kex.reanimator.collector.SetterCollector] - java/util/Hashtable$Enumerator is not from kotlin
2021-06-11 17:16:57.327 [DEBUG][org.jetbrains.research.kex.reanimator.collector.SetterCollector] - java/util/concurrent/locks/StampedLock$ReadLockView is not from kotlin
2021-06-11 17:16:57.328 [DEBUG][org.jetbrains.research.kex.reanimator.collector.SetterCollector] - java/util/stream/ReferencePipeline$6$1 is not from kotlin
2021-06-11 17:16:57.332 [DEBUG][org.jetbrains.research.kex.reanimator.collector.SetterCollector] - java/lang/Deprecated is not from kotlin
2021-06-11 17:16:57.338 [DEBUG][org.jetbrains.research.kex.reanimator.collector.SetterCollector] - java/util/ArrayDeque$DeqIterator is not from kotlin
2021-06-11 17:16:57.340 [DEBUG][org.jetbrains.research.kex.reanimator.collector.SetterCollector] - java/util/TreeMap$KeySpliterator is not from kotlin
2021-06-11 17:16:57.341 [DEBUG][org.jetbrains.research.kex.reanimator.collector.SetterCollector] - java/lang/Error is not from kotlin
2021-06-11 17:16:57.342 [DEBUG][org.jetbrains.research.kex.reanimator.collector.SetterCollector] - java/io/IOError is not from kotlin
2021-06-11 17:16:57.342 [DEBUG][org.jetbrains.research.kex.reanimator.collector.SetterCollector] - java/util/regex/Pattern$1MatcherIterator is not from kotlin
2021-06-11 17:16:57.344 [DEBUG][org.jetbrains.research.kex.reanimator.collector.SetterCollector] - java/util/IdentityHashMap$KeyIterator is not from kotlin
2021-06-11 17:16:57.344 [DEBUG][org.jetbrains.research.kex.reanimator.collector.SetterCollector] - java/lang/ProcessBuilder$1 is not from kotlin
2021-06-11 17:16:57.345 [DEBUG][org.jetbrains.research.kex.reanimator.collector.SetterCollector] - java/util/regex/Pattern$VertWS is not from kotlin
2021-06-11 17:16:57.347 [DEBUG][org.jetbrains.research.kex.reanimator.collector.SetterCollector] - java/util/StringTokenizer is not from kotlin
2021-06-11 17:16:57.348 [DEBUG][org.jetbrains.research.kex.reanimator.collector.SetterCollector] - java/util/concurrent/RunnableScheduledFuture is not from kotlin
2021-06-11 17:16:57.355 [DEBUG][org.jetbrains.research.kex.reanimator.collector.SetterCollector] - java/lang/ProcessEnvironment is not from kotlin
2021-06-11 17:16:57.358 [DEBUG][org.jetbrains.research.kex.reanimator.collector.SetterCollector] - java/util/Spliterators$AbstractLongSpliterator is not from kotlin
2021-06-11 17:16:57.363 [DEBUG][org.jetbrains.research.kex.reanimator.collector.SetterCollector] - java/util/concurrent/ConcurrentHashMap$MapReduceEntriesTask is not from kotlin
2021-06-11 17:16:57.367 [DEBUG][org.jetbrains.research.kex.reanimator.collector.SetterCollector] - java/util/concurrent/ConcurrentHashMap$MapReduceMappingsToLongTask is not from kotlin
2021-06-11 17:16:57.368 [DEBUG][org.jetbrains.research.kex.reanimator.collector.SetterCollector] - java/util/ArraysParallelSortHelpers$FJShort is not from kotlin
2021-06-11 17:16:57.368 [DEBUG][org.jetbrains.research.kex.reanimator.collector.SetterCollector] - java/util/jar/Pack200 is not from kotlin
2021-06-11 17:16:57.374 [DEBUG][org.jetbrains.research.kex.reanimator.collector.SetterCollector] - java/math/SignedMutableBigInteger is not from kotlin
2021-06-11 17:16:57.376 [DEBUG][org.jetbrains.research.kex.reanimator.collector.SetterCollector] - java/lang/invoke/InnerClassLambdaMetafactory$2 is not from kotlin
2021-06-11 17:16:57.379 [DEBUG][org.jetbrains.research.kex.reanimator.collector.SetterCollector] - java/util/stream/Nodes$ToArrayTask$OfLong is not from kotlin
2021-06-11 17:16:57.379 [DEBUG][org.jetbrains.research.kex.reanimator.collector.SetterCollector] - java/lang/invoke/InnerClassLambdaMetafactory$1 is not from kotlin
2021-06-11 17:16:57.384 [DEBUG][org.jetbrains.research.kex.reanimator.collector.SetterCollector] - java/util/concurrent/CompletableFuture$UniCompose is not from kotlin
2021-06-11 17:16:57.388 [DEBUG][org.jetbrains.research.kex.reanimator.collector.SetterCollector] - java/util/concurrent/CompletableFuture$UniRun is not from kotlin
2021-06-11 17:16:57.388 [DEBUG][org.jetbrains.research.kex.reanimator.collector.SetterCollector] - java/util/stream/PipelineHelper is not from kotlin
2021-06-11 17:16:57.393 [DEBUG][org.jetbrains.research.kex.reanimator.collector.SetterCollector] - java/util/concurrent/atomic/AtomicBoolean is not from kotlin
2021-06-11 17:16:57.397 [DEBUG][org.jetbrains.research.kex.reanimator.collector.SetterCollector] - java/util/ArraysParallelSortHelpers$FJChar$Merger is not from kotlin
2021-06-11 17:16:57.401 [DEBUG][org.jetbrains.research.kex.reanimator.collector.SetterCollector] - java/util/HashMap$ValueIterator is not from kotlin
2021-06-11 17:16:57.402 [DEBUG][org.jetbrains.research.kex.reanimator.collector.SetterCollector] - java/util/regex/Pattern$GroupTail is not from kotlin
2021-06-11 17:16:57.406 [DEBUG][org.jetbrains.research.kex.reanimator.collector.SetterCollector] - java/util/stream/FindOps$FindSink$OfLong is not from kotlin
2021-06-11 17:16:57.408 [DEBUG][org.jetbrains.research.kex.reanimator.collector.SetterCollector] - java/util/concurrent/ForkJoinTask$RunnableExecuteAction is not from kotlin
2021-06-11 17:16:57.409 [DEBUG][org.jetbrains.research.kex.reanimator.collector.SetterCollector] - java/lang/invoke/BoundMethodHandle$Factory$1 is not from kotlin
2021-06-11 17:16:57.409 [DEBUG][org.jetbrains.research.kex.reanimator.collector.SetterCollector] - java/util/concurrent/atomic/AtomicReferenceFieldUpdater$AtomicReferenceFieldUpdaterImpl$1 is not from kotlin
2021-06-11 17:16:57.427 [DEBUG][org.jetbrains.research.kex.reanimator.collector.SetterCollector] - java/lang/Float is not from kotlin
2021-06-11 17:16:57.439 [DEBUG][org.jetbrains.research.kex.reanimator.collector.SetterCollector] - java/util/concurrent/ConcurrentHashMap$MapReduceEntriesToLongTask is not from kotlin
2021-06-11 17:16:57.441 [DEBUG][org.jetbrains.research.kex.reanimator.collector.SetterCollector] - java/io/ObjectInputStream$PeekInputStream is not from kotlin
2021-06-11 17:16:57.444 [DEBUG][org.jetbrains.research.kex.reanimator.collector.SetterCollector] - java/util/concurrent/atomic/LongAccumulator is not from kotlin
2021-06-11 17:16:57.445 [DEBUG][org.jetbrains.research.kex.reanimator.collector.SetterCollector] - java/lang/StringCoding$StringEncoder is not from kotlin
2021-06-11 17:16:57.445 [DEBUG][org.jetbrains.research.kex.reanimator.collector.SetterCollector] - java/util/concurrent/atomic/AtomicReferenceFieldUpdater is not from kotlin
2021-06-11 17:16:57.446 [DEBUG][org.jetbrains.research.kex.reanimator.collector.SetterCollector] - java/util/function/DoublePredicate is not from kotlin
2021-06-11 17:16:57.446 [DEBUG][org.jetbrains.research.kex.reanimator.collector.SetterCollector] - java/util/stream/AbstractSpinedBuffer is not from kotlin
2021-06-11 17:16:57.447 [DEBUG][org.jetbrains.research.kex.reanimator.collector.SetterCollector] - java/util/ArraysParallelSortHelpers$FJLong is not from kotlin
2021-06-11 17:16:57.447 [DEBUG][org.jetbrains.research.kex.reanimator.collector.SetterCollector] - java/util/regex/UnicodeProp$19 is not from kotlin
2021-06-11 17:16:57.448 [DEBUG][org.jetbrains.research.kex.reanimator.collector.SetterCollector] - java/util/regex/UnicodeProp$18 is not from kotlin
2021-06-11 17:16:57.450 [DEBUG][org.jetbrains.research.kex.reanimator.collector.SetterCollector] - java/util/NavigableSet is not from kotlin
2021-06-11 17:16:57.454 [DEBUG][org.jetbrains.research.kex.reanimator.collector.SetterCollector] - java/util/regex/UnicodeProp$17 is not from kotlin
2021-06-11 17:16:57.455 [DEBUG][org.jetbrains.research.kex.reanimator.collector.SetterCollector] - java/util/regex/UnicodeProp$16 is not from kotlin
2021-06-11 17:16:57.455 [DEBUG][org.jetbrains.research.kex.reanimator.collector.SetterCollector] - java/util/regex/UnicodeProp$15 is not from kotlin
2021-06-11 17:16:57.455 [DEBUG][org.jetbrains.research.kex.reanimator.collector.SetterCollector] - java/util/concurrent/LinkedBlockingDeque$1 is not from kotlin
2021-06-11 17:16:57.456 [DEBUG][org.jetbrains.research.kex.reanimator.collector.SetterCollector] - java/util/stream/StreamSupport is not from kotlin
2021-06-11 17:16:57.459 [DEBUG][org.jetbrains.research.kex.reanimator.collector.SetterCollector] - java/lang/management/CompilationMXBean is not from kotlin
2021-06-11 17:16:57.463 [DEBUG][org.jetbrains.research.kex.reanimator.collector.SetterCollector] - java/util/concurrent/ConcurrentHashMap$SearchValuesTask is not from kotlin
2021-06-11 17:16:57.464 [DEBUG][org.jetbrains.research.kex.reanimator.collector.SetterCollector] - java/util/concurrent/Exchanger is not from kotlin
2021-06-11 17:16:57.465 [DEBUG][org.jetbrains.research.kex.reanimator.collector.SetterCollector] - java/lang/ClassLoaderHelper is not from kotlin
2021-06-11 17:16:57.465 [DEBUG][org.jetbrains.research.kex.reanimator.collector.SetterCollector] - java/util/regex/UnicodeProp$14 is not from kotlin
2021-06-11 17:16:57.466 [DEBUG][org.jetbrains.research.kex.reanimator.collector.SetterCollector] - java/util/regex/UnicodeProp$13 is not from kotlin
2021-06-11 17:16:57.466 [DEBUG][org.jetbrains.research.kex.reanimator.collector.SetterCollector] - java/util/regex/UnicodeProp$12 is not from kotlin
2021-06-11 17:16:57.466 [DEBUG][org.jetbrains.research.kex.reanimator.collector.SetterCollector] - java/util/regex/UnicodeProp$11 is not from kotlin
2021-06-11 17:16:57.468 [DEBUG][org.jetbrains.research.kex.reanimator.collector.SetterCollector] - java/io/Console is not from kotlin
2021-06-11 17:16:57.470 [DEBUG][org.jetbrains.research.kex.reanimator.collector.SetterCollector] - java/util/IllformedLocaleException is not from kotlin
2021-06-11 17:16:57.470 [DEBUG][org.jetbrains.research.kex.reanimator.collector.SetterCollector] - java/util/regex/UnicodeProp$10 is not from kotlin
2021-06-11 17:16:57.475 [DEBUG][org.jetbrains.research.kex.reanimator.collector.SetterCollector] - java/lang/reflect/AnnotatedWildcardType is not from kotlin
2021-06-11 17:16:57.488 [DEBUG][org.jetbrains.research.kex.reanimator.collector.SetterCollector] - java/util/concurrent/DelayQueue is not from kotlin
2021-06-11 17:16:57.495 [DEBUG][org.jetbrains.research.kex.reanimator.collector.SetterCollector] - java/util/concurrent/ConcurrentHashMap$SearchKeysTask is not from kotlin
2021-06-11 17:16:57.502 [DEBUG][org.jetbrains.research.kex.reanimator.collector.SetterCollector] - java/util/WeakHashMap$KeySet is not from kotlin
2021-06-11 17:16:57.507 [DEBUG][org.jetbrains.research.kex.reanimator.collector.SetterCollector] - java/io/WinNTFileSystem is not from kotlin
2021-06-11 17:16:57.512 [DEBUG][org.jetbrains.research.kex.reanimator.collector.SetterCollector] - java/util/AbstractMap$SimpleEntry is not from kotlin
2021-06-11 17:16:57.512 [INFO ][org.jetbrains.research.kex.reanimator.collector.SetterCollector] - Method java/util/AbstractMap$SimpleEntry::setValue(java/lang/Object): java/lang/Object is java setter for private java.lang.Object java.util.AbstractMap$SimpleEntry.value
2021-06-11 17:16:57.544 [DEBUG][org.jetbrains.research.kex.reanimator.collector.SetterCollector] - java/util/Vector is not from kotlin
2021-06-11 17:16:57.546 [DEBUG][org.jetbrains.research.kex.reanimator.collector.SetterCollector] - java/io/StreamTokenizer is not from kotlin
2021-06-11 17:16:57.561 [DEBUG][org.jetbrains.research.kex.reanimator.collector.SetterCollector] - java/util/concurrent/ConcurrentSkipListSet is not from kotlin
2021-06-11 17:16:57.562 [DEBUG][org.jetbrains.research.kex.reanimator.collector.SetterCollector] - java/util/concurrent/CountedCompleter is not from kotlin
2021-06-11 17:16:57.568 [DEBUG][org.jetbrains.research.kex.reanimator.collector.SetterCollector] - java/io/RandomAccessFile is not from kotlin
2021-06-11 17:16:57.572 [DEBUG][org.jetbrains.research.kex.reanimator.collector.SetterCollector] - java/util/IdentityHashMap$EntrySpliterator is not from kotlin
2021-06-11 17:16:57.573 [DEBUG][org.jetbrains.research.kex.reanimator.collector.SetterCollector] - java/util/Collections$UnmodifiableList$1 is not from kotlin
2021-06-11 17:16:57.578 [DEBUG][org.jetbrains.research.kex.reanimator.collector.SetterCollector] - java/util/LinkedHashMap$Entry is not from kotlin
2021-06-11 17:16:57.580 [DEBUG][org.jetbrains.research.kex.reanimator.collector.SetterCollector] - java/util/concurrent/atomic/Striped64$Cell is not from kotlin
2021-06-11 17:16:57.581 [DEBUG][org.jetbrains.research.kex.reanimator.collector.SetterCollector] - java/util/function/ToDoubleBiFunction is not from kotlin
2021-06-11 17:16:57.585 [DEBUG][org.jetbrains.research.kex.reanimator.collector.SetterCollector] - java/util/Locale$LocaleKey is not from kotlin
2021-06-11 17:16:57.586 [DEBUG][org.jetbrains.research.kex.reanimator.collector.SetterCollector] - java/lang/NoClassDefFoundError is not from kotlin
2021-06-11 17:16:57.588 [DEBUG][org.jetbrains.research.kex.reanimator.collector.SetterCollector] - java/util/zip/InflaterOutputStream is not from kotlin
2021-06-11 17:16:57.589 [DEBUG][org.jetbrains.research.kex.reanimator.collector.SetterCollector] - java/io/Serializable is not from kotlin
2021-06-11 17:16:57.589 [DEBUG][org.jetbrains.research.kex.reanimator.collector.SetterCollector] - java/lang/invoke/BoundMethodHandle$SpeciesData$1 is not from kotlin
2021-06-11 17:16:57.591 [DEBUG][org.jetbrains.research.kex.reanimator.collector.SetterCollector] - java/util/Random$RandomDoublesSpliterator is not from kotlin
2021-06-11 17:16:57.614 [DEBUG][org.jetbrains.research.kex.reanimator.collector.SetterCollector] - java/util/LinkedHashMap is not from kotlin
2021-06-11 17:16:57.616 [DEBUG][org.jetbrains.research.kex.reanimator.collector.SetterCollector] - java/util/stream/ReferencePipeline$3$1 is not from kotlin
2021-06-11 17:16:57.617 [DEBUG][org.jetbrains.research.kex.reanimator.collector.SetterCollector] - java/util/concurrent/locks/AbstractOwnableSynchronizer is not from kotlin
2021-06-11 17:16:57.618 [INFO ][org.jetbrains.research.kex.reanimator.collector.SetterCollector] - Method java/util/concurrent/locks/AbstractOwnableSynchronizer::setExclusiveOwnerThread(java/lang/Thread): void is java setter for private transient java.lang.Thread java.util.concurrent.locks.AbstractOwnableSynchronizer.exclusiveOwnerThread
2021-06-11 17:16:57.619 [DEBUG][org.jetbrains.research.kex.reanimator.collector.SetterCollector] - java/lang/Class$AnnotationData is not from kotlin
2021-06-11 17:16:57.620 [DEBUG][org.jetbrains.research.kex.reanimator.collector.SetterCollector] - java/lang/invoke/MutableCallSite is not from kotlin
2021-06-11 17:16:57.621 [DEBUG][org.jetbrains.research.kex.reanimator.collector.SetterCollector] - java/lang/invoke/Invokers is not from kotlin
2021-06-11 17:16:57.624 [DEBUG][org.jetbrains.research.kex.reanimator.collector.SetterCollector] - java/util/PropertyPermissionCollection is not from kotlin
2021-06-11 17:16:57.625 [DEBUG][org.jetbrains.research.kex.reanimator.collector.SetterCollector] - java/lang/Character$CharacterCache is not from kotlin
2021-06-11 17:16:57.643 [DEBUG][org.jetbrains.research.kex.reanimator.collector.SetterCollector] - java/util/TreeSet is not from kotlin
2021-06-11 17:16:57.644 [DEBUG][org.jetbrains.research.kex.reanimator.collector.SetterCollector] - java/lang/Iterable is not from kotlin
2021-06-11 17:16:57.646 [DEBUG][org.jetbrains.research.kex.reanimator.collector.SetterCollector] - java/util/Currency$CurrencyNameGetter is not from kotlin
2021-06-11 17:16:57.650 [DEBUG][org.jetbrains.research.kex.reanimator.collector.SetterCollector] - java/util/concurrent/ConcurrentHashMap$ForEachTransformedValueTask is not from kotlin
2021-06-11 17:16:57.651 [DEBUG][org.jetbrains.research.kex.reanimator.collector.SetterCollector] - java/util/concurrent/Exchanger$Node is not from kotlin
2021-06-11 17:16:57.652 [DEBUG][org.jetbrains.research.kex.reanimator.collector.SetterCollector] - java/lang/reflect/Member is not from kotlin
2021-06-11 17:16:57.653 [DEBUG][org.jetbrains.research.kex.reanimator.collector.SetterCollector] - java/util/function/BinaryOperator is not from kotlin
2021-06-11 17:16:57.654 [DEBUG][org.jetbrains.research.kex.reanimator.collector.SetterCollector] - java/util/logging/Filter is not from kotlin
2021-06-11 17:16:57.655 [DEBUG][org.jetbrains.research.kex.reanimator.collector.SetterCollector] - java/lang/StringIndexOutOfBoundsException is not from kotlin
2021-06-11 17:16:57.659 [DEBUG][org.jetbrains.research.kex.reanimator.collector.SetterCollector] - java/util/regex/Pattern$Utype is not from kotlin
2021-06-11 17:16:57.660 [DEBUG][org.jetbrains.research.kex.reanimator.collector.SetterCollector] - java/util/Calendar$1 is not from kotlin
2021-06-11 17:16:57.663 [DEBUG][org.jetbrains.research.kex.reanimator.collector.SetterCollector] - java/util/stream/FindOps$FindSink$OfDouble is not from kotlin
2021-06-11 17:16:57.670 [DEBUG][org.jetbrains.research.kex.reanimator.collector.SetterCollector] - java/util/stream/ReduceOps$ReduceTask is not from kotlin
2021-06-11 17:16:57.673 [DEBUG][org.jetbrains.research.kex.reanimator.collector.SetterCollector] - java/util/Spliterators$AbstractSpliterator$HoldingConsumer is not from kotlin
2021-06-11 17:16:57.681 [DEBUG][org.jetbrains.research.kex.reanimator.collector.SetterCollector] - java/util/concurrent/ConcurrentHashMap$MapReduceMappingsTask is not from kotlin
2021-06-11 17:16:57.686 [DEBUG][org.jetbrains.research.kex.reanimator.collector.SetterCollector] - java/lang/NegativeArraySizeException is not from kotlin
2021-06-11 17:16:57.687 [DEBUG][org.jetbrains.research.kex.reanimator.collector.SetterCollector] - java/util/function/BiFunction is not from kotlin
2021-06-11 17:16:57.687 [DEBUG][org.jetbrains.research.kex.reanimator.collector.SetterCollector] - java/util/ArrayList$SubList$1 is not from kotlin
2021-06-11 17:16:57.695 [DEBUG][org.jetbrains.research.kex.reanimator.collector.SetterCollector] - java/util/Scanner is not from kotlin
2021-06-11 17:16:57.705 [DEBUG][org.jetbrains.research.kex.reanimator.collector.SetterCollector] - java/lang/invoke/LambdaForm$BasicType is not from kotlin
2021-06-11 17:16:57.707 [DEBUG][org.jetbrains.research.kex.reanimator.collector.SetterCollector] - java/util/prefs/NodeChangeEvent is not from kotlin
2021-06-11 17:16:57.707 [DEBUG][org.jetbrains.research.kex.reanimator.collector.SetterCollector] - java/util/concurrent/ScheduledExecutorService is not from kotlin
2021-06-11 17:16:57.709 [DEBUG][org.jetbrains.research.kex.reanimator.collector.SetterCollector] - java/lang/invoke/MethodHandleImpl$WrappedMember is not from kotlin
2021-06-11 17:16:57.727 [DEBUG][org.jetbrains.research.kex.reanimator.collector.SetterCollector] - java/util/concurrent/LinkedTransferQueue is not from kotlin
2021-06-11 17:16:57.732 [DEBUG][org.jetbrains.research.kex.reanimator.collector.SetterCollector] - java/io/ObjectOutputStream is not from kotlin
2021-06-11 17:16:57.734 [DEBUG][org.jetbrains.research.kex.reanimator.collector.SetterCollector] - java/util/zip/ZipError is not from kotlin
2021-06-11 17:16:57.735 [DEBUG][org.jetbrains.research.kex.reanimator.collector.SetterCollector] - java/util/prefs/XmlSupport is not from kotlin
2021-06-11 17:16:57.736 [DEBUG][org.jetbrains.research.kex.reanimator.collector.SetterCollector] - java/util/stream/Nodes$1 is not from kotlin
2021-06-11 17:16:57.736 [DEBUG][org.jetbrains.research.kex.reanimator.collector.SetterCollector] - java/lang/reflect/AnnotatedType is not from kotlin
2021-06-11 17:16:57.737 [DEBUG][org.jetbrains.research.kex.reanimator.collector.SetterCollector] - java/util/zip/ZipFile$ZipEntryIterator is not from kotlin
2021-06-11 17:16:57.739 [DEBUG][org.jetbrains.research.kex.reanimator.collector.SetterCollector] - java/lang/invoke/MethodHandleImpl$Intrinsic is not from kotlin
2021-06-11 17:16:57.743 [DEBUG][org.jetbrains.research.kex.reanimator.collector.SetterCollector] - java/util/function/Predicate is not from kotlin
2021-06-11 17:16:57.747 [DEBUG][org.jetbrains.research.kex.reanimator.collector.SetterCollector] - java/util/jar/JarVerifier$VerifierCodeSource is not from kotlin
2021-06-11 17:16:57.750 [DEBUG][org.jetbrains.research.kex.reanimator.collector.SetterCollector] - java/lang/instrument/IllegalClassFormatException is not from kotlin
2021-06-11 17:16:57.751 [DEBUG][org.jetbrains.research.kex.reanimator.collector.SetterCollector] - java/util/concurrent/locks/ReentrantLock is not from kotlin
2021-06-11 17:16:57.752 [DEBUG][org.jetbrains.research.kex.reanimator.collector.SetterCollector] - java/util/regex/Pattern$SingleU is not from kotlin
2021-06-11 17:16:57.754 [DEBUG][org.jetbrains.research.kex.reanimator.collector.SetterCollector] - java/util/HashMap$HashIterator is not from kotlin
2021-06-11 17:16:57.755 [DEBUG][org.jetbrains.research.kex.reanimator.collector.SetterCollector] - java/util/function/LongConsumer is not from kotlin
2021-06-11 17:16:57.756 [DEBUG][org.jetbrains.research.kex.reanimator.collector.SetterCollector] - java/util/stream/ForEachOps$ForEachOp is not from kotlin
2021-06-11 17:16:57.758 [DEBUG][org.jetbrains.research.kex.reanimator.collector.SetterCollector] - java/util/ArrayDeque$DeqSpliterator is not from kotlin
2021-06-11 17:16:57.760 [DEBUG][org.jetbrains.research.kex.reanimator.collector.SetterCollector] - java/lang/management/MemoryNotificationInfo is not from kotlin
2021-06-11 17:16:57.764 [DEBUG][org.jetbrains.research.kex.reanimator.collector.SetterCollector] - java/util/concurrent/RunnableFuture is not from kotlin
2021-06-11 17:16:57.766 [DEBUG][org.jetbrains.research.kex.reanimator.collector.SetterCollector] - java/lang/ref/FinalReference is not from kotlin
2021-06-11 17:16:57.768 [DEBUG][org.jetbrains.research.kex.reanimator.collector.SetterCollector] - java/lang/invoke/LambdaForm$Compiled is not from kotlin
2021-06-11 17:16:57.769 [DEBUG][org.jetbrains.research.kex.reanimator.collector.SetterCollector] - java/io/ObjectOutputStream$DebugTraceInfoStack is not from kotlin
2021-06-11 17:16:57.772 [DEBUG][org.jetbrains.research.kex.reanimator.collector.SetterCollector] - java/util/regex/Pattern$SingleI is not from kotlin
2021-06-11 17:16:57.777 [DEBUG][org.jetbrains.research.kex.reanimator.collector.SetterCollector] - java/util/Stack is not from kotlin
2021-06-11 17:16:57.777 [DEBUG][org.jetbrains.research.kex.reanimator.collector.SetterCollector] - java/util/stream/StreamSpliterators$InfiniteSupplyingSpliterator is not from kotlin
2021-06-11 17:16:57.778 [DEBUG][org.jetbrains.research.kex.reanimator.collector.SetterCollector] - java/lang/StringCoding$StringDecoder is not from kotlin
2021-06-11 17:16:57.779 [DEBUG][org.jetbrains.research.kex.reanimator.collector.SetterCollector] - java/util/stream/DoubleStream$Builder is not from kotlin
2021-06-11 17:16:57.787 [DEBUG][org.jetbrains.research.kex.reanimator.collector.SetterCollector] - java/io/ByteArrayOutputStream is not from kotlin
2021-06-11 17:16:57.791 [DEBUG][org.jetbrains.research.kex.reanimator.collector.SetterCollector] - java/util/concurrent/ExecutorCompletionService$QueueingFuture is not from kotlin
2021-06-11 17:16:57.792 [DEBUG][org.jetbrains.research.kex.reanimator.collector.SetterCollector] - java/util/regex/Pattern$SingleS is not from kotlin
2021-06-11 17:16:57.793 [DEBUG][org.jetbrains.research.kex.reanimator.collector.SetterCollector] - java/util/concurrent/ExecutionException is not from kotlin
2021-06-11 17:16:57.794 [DEBUG][org.jetbrains.research.kex.reanimator.collector.SetterCollector] - java/lang/ClassLoader$NativeLibrary is not from kotlin
2021-06-11 17:16:57.794 [DEBUG][org.jetbrains.research.kex.reanimator.collector.SetterCollector] - java/util/ServiceLoader$1 is not from kotlin
2021-06-11 17:16:57.795 [DEBUG][org.jetbrains.research.kex.reanimator.collector.SetterCollector] - java/util/stream/SortedOps$AbstractRefSortingSink is not from kotlin
2021-06-11 17:16:57.799 [DEBUG][org.jetbrains.research.kex.reanimator.collector.SetterCollector] - java/util/concurrent/ConcurrentHashMap$ForEachTransformedKeyTask is not from kotlin
2021-06-11 17:16:57.804 [DEBUG][org.jetbrains.research.kex.reanimator.collector.SetterCollector] - java/lang/StrictMath$RandomNumberGeneratorHolder is not from kotlin
2021-06-11 17:16:57.818 [DEBUG][org.jetbrains.research.kex.reanimator.collector.SetterCollector] - java/util/TreeMap$SubMap is not from kotlin
2021-06-11 17:16:57.819 [DEBUG][org.jetbrains.research.kex.reanimator.collector.SetterCollector] - java/util/stream/Node$Builder is not from kotlin
2021-06-11 17:16:57.820 [DEBUG][org.jetbrains.research.kex.reanimator.collector.SetterCollector] - java/util/regex/Pattern$Pos is not from kotlin
2021-06-11 17:16:57.824 [DEBUG][org.jetbrains.research.kex.reanimator.collector.SetterCollector] - java/lang/RuntimePermission is not from kotlin
2021-06-11 17:16:57.828 [DEBUG][org.jetbrains.research.kex.reanimator.collector.SetterCollector] - java/util/ArraysParallelSortHelpers$FJShort$Merger is not from kotlin
2021-06-11 17:16:57.828 [DEBUG][org.jetbrains.research.kex.reanimator.collector.SetterCollector] - java/util/Map$Entry is not from kotlin
2021-06-11 17:16:57.829 [DEBUG][org.jetbrains.research.kex.reanimator.collector.SetterCollector] - java/util/concurrent/Executor is not from kotlin
2021-06-11 17:16:57.831 [DEBUG][org.jetbrains.research.kex.reanimator.collector.SetterCollector] - java/util/concurrent/CompletableFuture$AsyncRun is not from kotlin
2021-06-11 17:16:57.834 [DEBUG][org.jetbrains.research.kex.reanimator.collector.SetterCollector] - java/lang/invoke/DontInline is not from kotlin
2021-06-11 17:16:57.835 [DEBUG][org.jetbrains.research.kex.reanimator.collector.SetterCollector] - java/lang/reflect/ReflectPermission is not from kotlin
2021-06-11 17:16:57.836 [DEBUG][org.jetbrains.research.kex.reanimator.collector.SetterCollector] - java/util/stream/Nodes$InternalNodeSpliterator is not from kotlin
2021-06-11 17:16:57.836 [DEBUG][org.jetbrains.research.kex.reanimator.collector.SetterCollector] - java/util/stream/LongPipeline$6$1 is not from kotlin
2021-06-11 17:16:57.837 [DEBUG][org.jetbrains.research.kex.reanimator.collector.SetterCollector] - java/util/Spliterator$OfLong is not from kotlin
2021-06-11 17:16:57.838 [DEBUG][org.jetbrains.research.kex.reanimator.collector.SetterCollector] - java/util/stream/MatchOps$1MatchSink is not from kotlin
2021-06-11 17:16:57.839 [DEBUG][org.jetbrains.research.kex.reanimator.collector.SetterCollector] - java/lang/Comparable is not from kotlin
2021-06-11 17:16:57.840 [DEBUG][org.jetbrains.research.kex.reanimator.collector.SetterCollector] - java/util/EventListenerProxy is not from kotlin
2021-06-11 17:16:57.858 [DEBUG][org.jetbrains.research.kex.reanimator.collector.SetterCollector] - java/util/concurrent/ScheduledThreadPoolExecutor$DelayedWorkQueue is not from kotlin
2021-06-11 17:16:57.861 [DEBUG][org.jetbrains.research.kex.reanimator.collector.SetterCollector] - java/util/TreeMap$EntrySpliterator is not from kotlin
2021-06-11 17:16:57.869 [DEBUG][org.jetbrains.research.kex.reanimator.collector.SetterCollector] - java/util/PriorityQueue$Itr is not from kotlin
2021-06-11 17:16:57.871 [DEBUG][org.jetbrains.research.kex.reanimator.collector.SetterCollector] - java/lang/invoke/InfoFromMemberName$1 is not from kotlin
2021-06-11 17:16:57.876 [DEBUG][org.jetbrains.research.kex.reanimator.collector.SetterCollector] - java/util/Collections$SingletonSet is not from kotlin
2021-06-11 17:16:57.878 [DEBUG][org.jetbrains.research.kex.reanimator.collector.SetterCollector] - java/io/StringWriter is not from kotlin
2021-06-11 17:16:57.878 [DEBUG][org.jetbrains.research.kex.reanimator.collector.SetterCollector] - java/lang/InternalError is not from kotlin
2021-06-11 17:16:57.879 [DEBUG][org.jetbrains.research.kex.reanimator.collector.SetterCollector] - java/util/jar/Pack200$Packer is not from kotlin
2021-06-11 17:16:57.880 [DEBUG][org.jetbrains.research.kex.reanimator.collector.SetterCollector] - java/util/stream/ReduceOps$4ReducingSink is not from kotlin
2021-06-11 17:16:57.882 [DEBUG][org.jetbrains.research.kex.reanimator.collector.SetterCollector] - java/util/zip/GZIPInputStream is not from kotlin
2021-06-11 17:16:57.887 [DEBUG][org.jetbrains.research.kex.reanimator.collector.SetterCollector] - java/util/ArraysParallelSortHelpers$FJByte is not from kotlin
2021-06-11 17:16:57.889 [DEBUG][org.jetbrains.research.kex.reanimator.collector.SetterCollector] - java/util/regex/Pattern$BranchConn is not from kotlin
2021-06-11 17:16:57.892 [DEBUG][org.jetbrains.research.kex.reanimator.collector.SetterCollector] - java/util/Locale$Category is not from kotlin
2021-06-11 17:16:57.895 [DEBUG][org.jetbrains.research.kex.reanimator.collector.SetterCollector] - java/lang/Package is not from kotlin
2021-06-11 17:16:57.900 [DEBUG][org.jetbrains.research.kex.reanimator.collector.SetterCollector] - java/util/concurrent/ConcurrentHashMap$MapReduceKeysToIntTask is not from kotlin
2021-06-11 17:16:57.901 [DEBUG][org.jetbrains.research.kex.reanimator.collector.SetterCollector] - java/util/concurrent/Executors$FinalizableDelegatedExecutorService is not from kotlin
2021-06-11 17:16:57.901 [DEBUG][org.jetbrains.research.kex.reanimator.collector.SetterCollector] - java/util/stream/ReduceOps$8ReducingSink is not from kotlin
2021-06-11 17:16:57.912 [DEBUG][org.jetbrains.research.kex.reanimator.collector.SetterCollector] - java/util/stream/SliceOps$SliceTask is not from kotlin
2021-06-11 17:16:57.913 [DEBUG][org.jetbrains.research.kex.reanimator.collector.SetterCollector] - java/util/stream/ReduceOps$7ReducingSink is not from kotlin
2021-06-11 17:16:57.913 [DEBUG][org.jetbrains.research.kex.reanimator.collector.SetterCollector] - java/util/stream/IntStream is not from kotlin
2021-06-11 17:16:57.915 [DEBUG][org.jetbrains.research.kex.reanimator.collector.SetterCollector] - java/util/Spliterators$AbstractLongSpliterator$HoldingLongConsumer is not from kotlin
2021-06-11 17:16:57.917 [DEBUG][org.jetbrains.research.kex.reanimator.collector.SetterCollector] - java/lang/System is not from kotlin
2021-06-11 17:16:57.919 [DEBUG][org.jetbrains.research.kex.reanimator.collector.SetterCollector] - java/util/stream/ForEachOps$ForEachOp$OfRef is not from kotlin
2021-06-11 17:16:57.921 [DEBUG][org.jetbrains.research.kex.reanimator.collector.SetterCollector] - java/util/stream/Sink$OfDouble is not from kotlin
2021-06-11 17:16:57.921 [DEBUG][org.jetbrains.research.kex.reanimator.collector.SetterCollector] - java/util/concurrent/CompletionStage is not from kotlin
2021-06-11 17:16:57.926 [DEBUG][org.jetbrains.research.kex.reanimator.collector.SetterCollector] - java/util/concurrent/Semaphore$FairSync is not from kotlin
2021-06-11 17:16:57.927 [DEBUG][org.jetbrains.research.kex.reanimator.collector.SetterCollector] - java/lang/invoke/MethodHandleNatives is not from kotlin
2021-06-11 17:16:57.933 [DEBUG][org.jetbrains.research.kex.reanimator.collector.SetterCollector] - java/util/ArrayPrefixHelpers$CumulateTask is not from kotlin
2021-06-11 17:16:57.935 [DEBUG][org.jetbrains.research.kex.reanimator.collector.SetterCollector] - java/util/InvalidPropertiesFormatException is not from kotlin
2021-06-11 17:16:57.936 [DEBUG][org.jetbrains.research.kex.reanimator.collector.SetterCollector] - java/lang/VerifyError is not from kotlin
2021-06-11 17:16:57.936 [DEBUG][org.jetbrains.research.kex.reanimator.collector.SetterCollector] - java/lang/Throwable$1 is not from kotlin
2021-06-11 17:16:57.938 [DEBUG][org.jetbrains.research.kex.reanimator.collector.SetterCollector] - java/util/concurrent/ThreadPoolExecutor$DiscardPolicy is not from kotlin
2021-06-11 17:16:57.939 [DEBUG][org.jetbrains.research.kex.reanimator.collector.SetterCollector] - java/util/jar/JarException is not from kotlin
2021-06-11 17:16:57.940 [DEBUG][org.jetbrains.research.kex.reanimator.collector.SetterCollector] - java/util/SubList is not from kotlin
2021-06-11 17:16:57.941 [DEBUG][org.jetbrains.research.kex.reanimator.collector.SetterCollector] - java/lang/reflect/AnnotatedArrayType is not from kotlin
2021-06-11 17:16:57.943 [DEBUG][org.jetbrains.research.kex.reanimator.collector.SetterCollector] - java/util/ArraysParallelSortHelpers$FJChar$Sorter is not from kotlin
2021-06-11 17:16:57.952 [DEBUG][org.jetbrains.research.kex.reanimator.collector.SetterCollector] - java/util/concurrent/ConcurrentSkipListMap$EntryIterator is not from kotlin
2021-06-11 17:16:57.954 [DEBUG][org.jetbrains.research.kex.reanimator.collector.SetterCollector] - java/util/concurrent/Phaser$QNode is not from kotlin
2021-06-11 17:16:57.955 [DEBUG][org.jetbrains.research.kex.reanimator.collector.SetterCollector] - java/lang/invoke/DirectMethodHandle is not from kotlin
2021-06-11 17:16:57.970 [DEBUG][org.jetbrains.research.kex.reanimator.collector.SetterCollector] - java/util/ArrayDeque is not from kotlin
2021-06-11 17:16:57.975 [DEBUG][org.jetbrains.research.kex.reanimator.collector.SetterCollector] - java/util/concurrent/atomic/AtomicReferenceArray is not from kotlin
2021-06-11 17:16:57.976 [DEBUG][org.jetbrains.research.kex.reanimator.collector.SetterCollector] - java/util/stream/IntPipeline$6$1 is not from kotlin
2021-06-11 17:16:57.976 [DEBUG][org.jetbrains.research.kex.reanimator.collector.SetterCollector] - java/lang/AutoCloseable is not from kotlin
2021-06-11 17:16:57.977 [DEBUG][org.jetbrains.research.kex.reanimator.collector.SetterCollector] - java/util/Base64$Decoder is not from kotlin
2021-06-11 17:16:57.979 [DEBUG][org.jetbrains.research.kex.reanimator.collector.SetterCollector] - java/util/concurrent/SynchronousQueue$TransferQueue$QNode is not from kotlin
2021-06-11 17:16:57.979 [DEBUG][org.jetbrains.research.kex.reanimator.collector.SetterCollector] - java/lang/IllegalArgumentException is not from kotlin
2021-06-11 17:16:57.980 [DEBUG][org.jetbrains.research.kex.reanimator.collector.SetterCollector] - java/util/stream/Streams is not from kotlin
2021-06-11 17:16:57.982 [DEBUG][org.jetbrains.research.kex.reanimator.collector.SetterCollector] - java/util/concurrent/CompletableFuture$BiAccept is not from kotlin
2021-06-11 17:16:57.984 [DEBUG][org.jetbrains.research.kex.reanimator.collector.SetterCollector] - java/util/concurrent/CountDownLatch is not from kotlin
2021-06-11 17:16:57.984 [DEBUG][org.jetbrains.research.kex.reanimator.collector.SetterCollector] - java/lang/Shutdown$1 is not from kotlin
2021-06-11 17:16:57.984 [DEBUG][org.jetbrains.research.kex.reanimator.collector.SetterCollector] - java/lang/reflect/GenericDeclaration is not from kotlin
2021-06-11 17:16:57.984 [DEBUG][org.jetbrains.research.kex.reanimator.collector.SetterCollector] - java/util/regex/Pattern$CharProperty is not from kotlin
2021-06-11 17:16:57.991 [DEBUG][org.jetbrains.research.kex.reanimator.collector.SetterCollector] - java/io/LineNumberReader is not from kotlin
2021-06-11 17:16:57.992 [INFO ][org.jetbrains.research.kex.reanimator.collector.SetterCollector] - Method java/io/LineNumberReader::setLineNumber(int): void is java setter for private int java.io.LineNumberReader.lineNumber
2021-06-11 17:16:57.993 [DEBUG][org.jetbrains.research.kex.reanimator.collector.SetterCollector] - java/lang/reflect/WeakCache$CacheKey is not from kotlin
2021-06-11 17:16:57.994 [DEBUG][org.jetbrains.research.kex.reanimator.collector.SetterCollector] - java/lang/ClassLoader is not from kotlin
2021-06-11 17:16:57.995 [INFO ][org.jetbrains.research.kex.reanimator.collector.SetterCollector] - Method java/lang/ClassLoader::setDefaultAssertionStatus(bool): void is java setter for private boolean java.lang.ClassLoader.defaultAssertionStatus
2021-06-11 17:16:57.995 [DEBUG][org.jetbrains.research.kex.reanimator.collector.SetterCollector] - java/util/ArrayPrefixHelpers is not from kotlin
2021-06-11 17:16:58.002 [DEBUG][org.jetbrains.research.kex.reanimator.collector.SetterCollector] - java/util/stream/LongPipeline$Head is not from kotlin
2021-06-11 17:16:58.003 [DEBUG][org.jetbrains.research.kex.reanimator.collector.SetterCollector] - java/lang/reflect/MalformedParameterizedTypeException is not from kotlin
2021-06-11 17:16:58.010 [DEBUG][org.jetbrains.research.kex.reanimator.collector.SetterCollector] - java/lang/invoke/DirectMethodHandle$Constructor is not from kotlin
2021-06-11 17:16:58.012 [DEBUG][org.jetbrains.research.kex.reanimator.collector.SetterCollector] - java/util/regex/Pattern$First is not from kotlin
2021-06-11 17:16:58.012 [DEBUG][org.jetbrains.research.kex.reanimator.collector.SetterCollector] - java/util/Calendar$AvailableCalendarTypes is not from kotlin
2021-06-11 17:16:58.014 [DEBUG][org.jetbrains.research.kex.reanimator.collector.SetterCollector] - java/io/SequenceInputStream is not from kotlin
2021-06-11 17:16:58.016 [DEBUG][org.jetbrains.research.kex.reanimator.collector.SetterCollector] - java/util/PrimitiveIterator$OfInt is not from kotlin
2021-06-11 17:16:58.017 [DEBUG][org.jetbrains.research.kex.reanimator.collector.SetterCollector] - java/util/logging/LogManager$LoggerContext$1 is not from kotlin
2021-06-11 17:16:58.019 [DEBUG][org.jetbrains.research.kex.reanimator.collector.SetterCollector] - java/util/zip/CRC32 is not from kotlin
2021-06-11 17:16:58.019 [DEBUG][org.jetbrains.research.kex.reanimator.collector.SetterCollector] - java/lang/annotation/Target is not from kotlin
2021-06-11 17:16:58.022 [DEBUG][org.jetbrains.research.kex.reanimator.collector.SetterCollector] - java/lang/invoke/DirectMethodHandle$Special is not from kotlin
2021-06-11 17:16:58.023 [DEBUG][org.jetbrains.research.kex.reanimator.collector.SetterCollector] - java/lang/annotation/Native is not from kotlin
2021-06-11 17:16:58.023 [DEBUG][org.jetbrains.research.kex.reanimator.collector.SetterCollector] - java/util/stream/Stream$1 is not from kotlin
2021-06-11 17:16:58.024 [DEBUG][org.jetbrains.research.kex.reanimator.collector.SetterCollector] - java/util/stream/ReduceOps$12 is not from kotlin
2021-06-11 17:16:58.024 [DEBUG][org.jetbrains.research.kex.reanimator.collector.SetterCollector] - java/util/stream/ReduceOps$13 is not from kotlin
2021-06-11 17:16:58.024 [DEBUG][org.jetbrains.research.kex.reanimator.collector.SetterCollector] - java/lang/ProcessEnvironment$NameComparator is not from kotlin
2021-06-11 17:16:58.030 [DEBUG][org.jetbrains.research.kex.reanimator.collector.SetterCollector] - java/util/concurrent/atomic/AtomicInteger is not from kotlin
2021-06-11 17:16:58.034 [DEBUG][org.jetbrains.research.kex.reanimator.collector.SetterCollector] - java/lang/management/PlatformLoggingMXBean is not from kotlin
2021-06-11 17:16:58.035 [DEBUG][org.jetbrains.research.kex.reanimator.collector.SetterCollector] - java/lang/management/MemoryManagerMXBean is not from kotlin
2021-06-11 17:16:58.035 [DEBUG][org.jetbrains.research.kex.reanimator.collector.SetterCollector] - java/util/stream/ReduceOps$10 is not from kotlin
2021-06-11 17:16:58.036 [DEBUG][org.jetbrains.research.kex.reanimator.collector.SetterCollector] - java/util/stream/ReduceOps$11 is not from kotlin
2021-06-11 17:16:58.036 [DEBUG][org.jetbrains.research.kex.reanimator.collector.SetterCollector] - java/util/regex/Pattern$Slice is not from kotlin
2021-06-11 17:16:58.039 [DEBUG][org.jetbrains.research.kex.reanimator.collector.SetterCollector] - java/lang/String$CaseInsensitiveComparator is not from kotlin
2021-06-11 17:16:58.040 [DEBUG][org.jetbrains.research.kex.reanimator.collector.SetterCollector] - java/util/concurrent/ThreadPoolExecutor is not from kotlin
2021-06-11 17:16:58.041 [INFO ][org.jetbrains.research.kex.reanimator.collector.SetterCollector] - Method java/util/concurrent/ThreadPoolExecutor::setThreadFactory(java/util/concurrent/ThreadFactory): void is java setter for private volatile java.util.concurrent.ThreadFactory java.util.concurrent.ThreadPoolExecutor.threadFactory
2021-06-11 17:16:58.041 [INFO ][org.jetbrains.research.kex.reanimator.collector.SetterCollector] - Method java/util/concurrent/ThreadPoolExecutor::setCorePoolSize(int): void is java setter for private volatile int java.util.concurrent.ThreadPoolExecutor.corePoolSize
2021-06-11 17:16:58.041 [INFO ][org.jetbrains.research.kex.reanimator.collector.SetterCollector] - Method java/util/concurrent/ThreadPoolExecutor::setMaximumPoolSize(int): void is java setter for private volatile int java.util.concurrent.ThreadPoolExecutor.maximumPoolSize
2021-06-11 17:16:58.043 [DEBUG][org.jetbrains.research.kex.reanimator.collector.SetterCollector] - java/lang/Character$UnicodeScript is not from kotlin
2021-06-11 17:16:58.044 [DEBUG][org.jetbrains.research.kex.reanimator.collector.SetterCollector] - java/util/jar/Manifest is not from kotlin
2021-06-11 17:16:58.045 [DEBUG][org.jetbrains.research.kex.reanimator.collector.SetterCollector] - java/util/zip/ZipFile$1 is not from kotlin
2021-06-11 17:16:58.045 [DEBUG][org.jetbrains.research.kex.reanimator.collector.SetterCollector] - java/util/Collections$SynchronizedSortedMap is not from kotlin
2021-06-11 17:16:58.051 [DEBUG][org.jetbrains.research.kex.reanimator.collector.SetterCollector] - java/util/Formattable is not from kotlin
2021-06-11 17:16:58.052 [DEBUG][org.jetbrains.research.kex.reanimator.collector.SetterCollector] - java/util/AbstractSet is not from kotlin
2021-06-11 17:16:58.052 [DEBUG][org.jetbrains.research.kex.reanimator.collector.SetterCollector] - java/util/Collections$CheckedSortedMap is not from kotlin
2021-06-11 17:16:58.055 [DEBUG][org.jetbrains.research.kex.reanimator.collector.SetterCollector] - java/util/logging/Level$KnownLevel is not from kotlin
2021-06-11 17:16:58.057 [DEBUG][org.jetbrains.research.kex.reanimator.collector.SetterCollector] - java/util/Currency is not from kotlin
2021-06-11 17:16:58.059 [DEBUG][org.jetbrains.research.kex.reanimator.collector.SetterCollector] - java/util/logging/SocketHandler is not from kotlin
2021-06-11 17:16:58.059 [DEBUG][org.jetbrains.research.kex.reanimator.collector.SetterCollector] - java/io/ObjectInputStream$GetField is not from kotlin
2021-06-11 17:16:58.062 [DEBUG][org.jetbrains.research.kex.reanimator.collector.SetterCollector] - java/io/PrintWriter is not from kotlin
2021-06-11 17:16:58.065 [DEBUG][org.jetbrains.research.kex.reanimator.collector.SetterCollector] - java/util/concurrent/CompletableFuture$AsyncSupply is not from kotlin
2021-06-11 17:16:58.077 [DEBUG][org.jetbrains.research.kex.reanimator.collector.SetterCollector] - java/util/WeakHashMap$EntrySet is not from kotlin
2021-06-11 17:16:58.078 [DEBUG][org.jetbrains.research.kex.reanimator.collector.SetterCollector] - java/util/prefs/AbstractPreferences$1 is not from kotlin
2021-06-11 17:16:58.080 [DEBUG][org.jetbrains.research.kex.reanimator.collector.SetterCollector] - java/util/Spliterators$LongIteratorSpliterator is not from kotlin
2021-06-11 17:16:58.081 [DEBUG][org.jetbrains.research.kex.reanimator.collector.SetterCollector] - java/lang/invoke/DirectMethodHandle$StaticAccessor is not from kotlin
2021-06-11 17:16:58.083 [DEBUG][org.jetbrains.research.kex.reanimator.collector.SetterCollector] - java/util/concurrent/atomic/AtomicLongFieldUpdater$LockedUpdater is not from kotlin
2021-06-11 17:16:58.085 [DEBUG][org.jetbrains.research.kex.reanimator.collector.SetterCollector] - java/util/stream/SortedOps$LongSortingSink is not from kotlin
2021-06-11 17:16:58.085 [DEBUG][org.jetbrains.research.kex.reanimator.collector.SetterCollector] - java/lang/invoke/MethodHandleProxies$2 is not from kotlin
2021-06-11 17:16:58.089 [DEBUG][org.jetbrains.research.kex.reanimator.collector.SetterCollector] - java/lang/invoke/MethodHandleProxies$1 is not from kotlin
2021-06-11 17:16:58.093 [DEBUG][org.jetbrains.research.kex.reanimator.collector.SetterCollector] - java/util/Spliterators$IntArraySpliterator is not from kotlin
2021-06-11 17:16:58.096 [DEBUG][org.jetbrains.research.kex.reanimator.collector.SetterCollector] - java/util/LinkedList$ListItr is not from kotlin
2021-06-11 17:16:58.096 [DEBUG][org.jetbrains.research.kex.reanimator.collector.SetterCollector] - java/util/concurrent/locks/Condition is not from kotlin
2021-06-11 17:16:58.098 [DEBUG][org.jetbrains.research.kex.reanimator.collector.SetterCollector] - java/util/zip/DeflaterOutputStream is not from kotlin
2021-06-11 17:16:58.100 [DEBUG][org.jetbrains.research.kex.reanimator.collector.SetterCollector] - java/lang/invoke/InvokerBytecodeGenerator$CpPatch is not from kotlin
2021-06-11 17:16:58.100 [DEBUG][org.jetbrains.research.kex.reanimator.collector.SetterCollector] - java/util/regex/Pattern$Loop is not from kotlin
2021-06-11 17:16:58.101 [DEBUG][org.jetbrains.research.kex.reanimator.collector.SetterCollector] - java/io/FileOutputStream$1 is not from kotlin
2021-06-11 17:16:58.101 [DEBUG][org.jetbrains.research.kex.reanimator.collector.SetterCollector] - java/util/concurrent/atomic/Striped64 is not from kotlin
2021-06-11 17:16:58.102 [DEBUG][org.jetbrains.research.kex.reanimator.collector.SetterCollector] - java/lang/reflect/TypeVariable is not from kotlin
2021-06-11 17:16:58.105 [DEBUG][org.jetbrains.research.kex.reanimator.collector.SetterCollector] - java/util/PrimitiveIterator$OfLong is not from kotlin
2021-06-11 17:16:58.105 [DEBUG][org.jetbrains.research.kex.reanimator.collector.SetterCollector] - java/util/ResourceBundle$1 is not from kotlin
2021-06-11 17:16:58.106 [DEBUG][org.jetbrains.research.kex.reanimator.collector.SetterCollector] - java/util/stream/Collectors is not from kotlin
2021-06-11 17:16:58.110 [DEBUG][org.jetbrains.research.kex.reanimator.collector.SetterCollector] - java/lang/ref/ReferenceQueue is not from kotlin
2021-06-11 17:16:58.112 [DEBUG][org.jetbrains.research.kex.reanimator.collector.SetterCollector] - java/util/stream/StreamSpliterators$InfiniteSupplyingSpliterator$OfRef is not from kotlin
2021-06-11 17:16:58.113 [DEBUG][org.jetbrains.research.kex.reanimator.collector.SetterCollector] - java/util/EnumMap$1 is not from kotlin
2021-06-11 17:16:58.113 [DEBUG][org.jetbrains.research.kex.reanimator.collector.SetterCollector] - java/util/stream/DoublePipeline$8$1 is not from kotlin
2021-06-11 17:16:58.115 [DEBUG][org.jetbrains.research.kex.reanimator.collector.SetterCollector] - java/util/logging/LogManager$Cleaner is not from kotlin
2021-06-11 17:16:58.123 [DEBUG][org.jetbrains.research.kex.reanimator.collector.SetterCollector] - java/util/IdentityHashMap$KeySet is not from kotlin
2021-06-11 17:16:58.124 [DEBUG][org.jetbrains.research.kex.reanimator.collector.SetterCollector] - java/util/concurrent/Executors is not from kotlin
2021-06-11 17:16:58.124 [DEBUG][org.jetbrains.research.kex.reanimator.collector.SetterCollector] - java/io/FileDescriptor$1 is not from kotlin
2021-06-11 17:16:58.125 [DEBUG][org.jetbrains.research.kex.reanimator.collector.SetterCollector] - java/util/prefs/PreferenceChangeEvent is not from kotlin
2021-06-11 17:16:58.126 [DEBUG][org.jetbrains.research.kex.reanimator.collector.SetterCollector] - java/io/ObjectStreamClass$FieldReflectorKey is not from kotlin
2021-06-11 17:16:58.133 [DEBUG][org.jetbrains.research.kex.reanimator.collector.SetterCollector] - java/util/jar/Manifest$FastInputStream is not from kotlin
2021-06-11 17:16:58.138 [DEBUG][org.jetbrains.research.kex.reanimator.collector.SetterCollector] - java/util/TreeMap$DescendingKeySpliterator is not from kotlin
2021-06-11 17:16:58.138 [DEBUG][org.jetbrains.research.kex.reanimator.collector.SetterCollector] - java/lang/IllegalStateException is not from kotlin
2021-06-11 17:16:58.140 [DEBUG][org.jetbrains.research.kex.reanimator.collector.SetterCollector] - java/util/concurrent/ConcurrentHashMap$ReservationNode is not from kotlin
2021-06-11 17:16:58.141 [DEBUG][org.jetbrains.research.kex.reanimator.collector.SetterCollector] - java/util/regex/Pattern$Conditional is not from kotlin
2021-06-11 17:16:58.144 [DEBUG][org.jetbrains.research.kex.reanimator.collector.SetterCollector] - java/util/HashMap$TreeNode is not from kotlin
2021-06-11 17:16:58.146 [DEBUG][org.jetbrains.research.kex.reanimator.collector.SetterCollector] - java/util/LinkedList$LLSpliterator is not from kotlin
2021-06-11 17:16:58.146 [DEBUG][org.jetbrains.research.kex.reanimator.collector.SetterCollector] - java/util/AbstractList$Itr is not from kotlin
2021-06-11 17:16:58.147 [DEBUG][org.jetbrains.research.kex.reanimator.collector.SetterCollector] - java/util/stream/IntStream$1 is not from kotlin
2021-06-11 17:16:58.153 [DEBUG][org.jetbrains.research.kex.reanimator.collector.SetterCollector] - java/util/Formatter$FormatSpecifier$BigDecimalLayout is not from kotlin
2021-06-11 17:16:58.159 [DEBUG][org.jetbrains.research.kex.reanimator.collector.SetterCollector] - java/util/regex/Matcher is not from kotlin
2021-06-11 17:16:58.160 [DEBUG][org.jetbrains.research.kex.reanimator.collector.SetterCollector] - java/util/stream/SpinedBuffer$OfInt$1Splitr is not from kotlin
2021-06-11 17:16:58.163 [DEBUG][org.jetbrains.research.kex.reanimator.collector.SetterCollector] - java/util/LinkedHashMap$LinkedValues is not from kotlin
2021-06-11 17:16:58.164 [DEBUG][org.jetbrains.research.kex.reanimator.collector.SetterCollector] - java/lang/reflect/Proxy$KeyX is not from kotlin
2021-06-11 17:16:58.165 [DEBUG][org.jetbrains.research.kex.reanimator.collector.SetterCollector] - java/util/concurrent/locks/AbstractQueuedLongSynchronizer$Node is not from kotlin
2021-06-11 17:16:58.171 [DEBUG][org.jetbrains.research.kex.reanimator.collector.SetterCollector] - java/util/ResourceBundle$LoaderReference is not from kotlin
2021-06-11 17:16:58.177 [DEBUG][org.jetbrains.research.kex.reanimator.collector.SetterCollector] - java/util/stream/Nodes$SizedCollectorTask$OfInt is not from kotlin
2021-06-11 17:16:58.177 [DEBUG][org.jetbrains.research.kex.reanimator.collector.SetterCollector] - java/io/ObjectInputStream$Logging is not from kotlin
2021-06-11 17:16:58.177 [DEBUG][org.jetbrains.research.kex.reanimator.collector.SetterCollector] - java/lang/reflect/AnnotatedElement is not from kotlin
2021-06-11 17:16:58.178 [DEBUG][org.jetbrains.research.kex.reanimator.collector.SetterCollector] - java/io/EOFException is not from kotlin
2021-06-11 17:16:58.178 [DEBUG][org.jetbrains.research.kex.reanimator.collector.SetterCollector] - java/util/stream/IntPipeline$2$1 is not from kotlin
2021-06-11 17:16:58.183 [DEBUG][org.jetbrains.research.kex.reanimator.collector.SetterCollector] - java/util/LinkedHashMap$LinkedEntrySet is not from kotlin
2021-06-11 17:16:58.186 [DEBUG][org.jetbrains.research.kex.reanimator.collector.SetterCollector] - java/io/ObjectOutputStream$BlockDataOutputStream is not from kotlin
2021-06-11 17:16:58.187 [DEBUG][org.jetbrains.research.kex.reanimator.collector.SetterCollector] - java/util/stream/StreamOpFlag$Type is not from kotlin
2021-06-11 17:16:58.187 [DEBUG][org.jetbrains.research.kex.reanimator.collector.SetterCollector] - java/lang/Class$4 is not from kotlin
2021-06-11 17:16:58.187 [DEBUG][org.jetbrains.research.kex.reanimator.collector.SetterCollector] - java/lang/Class$3 is not from kotlin
2021-06-11 17:16:58.188 [DEBUG][org.jetbrains.research.kex.reanimator.collector.SetterCollector] - java/lang/Class$2 is not from kotlin
2021-06-11 17:16:58.190 [DEBUG][org.jetbrains.research.kex.reanimator.collector.SetterCollector] - java/util/function/IntConsumer is not from kotlin
2021-06-11 17:16:58.190 [DEBUG][org.jetbrains.research.kex.reanimator.collector.SetterCollector] - java/lang/Class$1 is not from kotlin
2021-06-11 17:16:58.193 [DEBUG][org.jetbrains.research.kex.reanimator.collector.SetterCollector] - java/util/concurrent/TimeUnit is not from kotlin
2021-06-11 17:16:58.195 [DEBUG][org.jetbrains.research.kex.reanimator.collector.SetterCollector] - java/lang/ref/PhantomReference is not from kotlin
2021-06-11 17:16:58.196 [DEBUG][org.jetbrains.research.kex.reanimator.collector.SetterCollector] - java/lang/reflect/Proxy$Key1 is not from kotlin
2021-06-11 17:16:58.198 [DEBUG][org.jetbrains.research.kex.reanimator.collector.SetterCollector] - java/lang/reflect/Proxy$Key2 is not from kotlin
2021-06-11 17:16:58.199 [DEBUG][org.jetbrains.research.kex.reanimator.collector.SetterCollector] - java/io/Console$1 is not from kotlin
2021-06-11 17:16:58.199 [DEBUG][org.jetbrains.research.kex.reanimator.collector.SetterCollector] - java/io/Console$2 is not from kotlin
2021-06-11 17:16:58.199 [DEBUG][org.jetbrains.research.kex.reanimator.collector.SetterCollector] - java/io/Console$3 is not from kotlin
2021-06-11 17:16:58.201 [DEBUG][org.jetbrains.research.kex.reanimator.collector.SetterCollector] - java/util/Spliterators$AbstractSpliterator is not from kotlin
2021-06-11 17:16:58.201 [DEBUG][org.jetbrains.research.kex.reanimator.collector.SetterCollector] - java/util/stream/Streams$2 is not from kotlin
2021-06-11 17:16:58.201 [DEBUG][org.jetbrains.research.kex.reanimator.collector.SetterCollector] - java/util/stream/Streams$1 is not from kotlin
2021-06-11 17:16:58.202 [DEBUG][org.jetbrains.research.kex.reanimator.collector.SetterCollector] - java/lang/annotation/Documented is not from kotlin
2021-06-11 17:16:58.204 [DEBUG][org.jetbrains.research.kex.reanimator.collector.SetterCollector] - java/util/Collections$CheckedMap$CheckedEntrySet$1 is not from kotlin
2021-06-11 17:16:58.205 [DEBUG][org.jetbrains.research.kex.reanimator.collector.SetterCollector] - java/lang/Override is not from kotlin
2021-06-11 17:16:58.205 [DEBUG][org.jetbrains.research.kex.reanimator.collector.SetterCollector] - java/util/ConcurrentModificationException is not from kotlin
2021-06-11 17:16:58.208 [DEBUG][org.jetbrains.research.kex.reanimator.collector.SetterCollector] - java/util/stream/StreamSpliterators$WrappingSpliterator is not from kotlin
2021-06-11 17:16:58.214 [DEBUG][org.jetbrains.research.kex.reanimator.collector.SetterCollector] - java/util/stream/StreamSpliterators$SliceSpliterator$OfRef is not from kotlin
2021-06-11 17:16:58.218 [DEBUG][org.jetbrains.research.kex.reanimator.collector.SetterCollector] - java/util/concurrent/ThreadLocalRandom$RandomLongsSpliterator is not from kotlin
2021-06-11 17:16:58.219 [DEBUG][org.jetbrains.research.kex.reanimator.collector.SetterCollector] - java/util/Formatter$FormatString is not from kotlin
2021-06-11 17:16:58.223 [DEBUG][org.jetbrains.research.kex.reanimator.collector.SetterCollector] - java/util/ArrayPrefixHelpers$DoubleCumulateTask is not from kotlin
2021-06-11 17:16:58.225 [DEBUG][org.jetbrains.research.kex.reanimator.collector.SetterCollector] - java/util/concurrent/ForkJoinPool$WorkQueue is not from kotlin
2021-06-11 17:16:58.240 [DEBUG][org.jetbrains.research.kex.reanimator.collector.SetterCollector] - java/util/regex/Pattern is not from kotlin
2021-06-11 17:16:58.243 [DEBUG][org.jetbrains.research.kex.reanimator.collector.SetterCollector] - java/util/logging/LogManager$LoggerWeakRef is not from kotlin
2021-06-11 17:16:58.243 [INFO ][org.jetbrains.research.kex.reanimator.collector.SetterCollector] - Method java/util/logging/LogManager$LoggerWeakRef::setNode(java/util/logging/LogManager$LogNode): void is java setter for private java.util.logging.LogManager$LogNode java.util.logging.LogManager$LoggerWeakRef.node
2021-06-11 17:16:58.243 [INFO ][org.jetbrains.research.kex.reanimator.collector.SetterCollector] - Method java/util/logging/LogManager$LoggerWeakRef::setParentRef(java/lang/ref/WeakReference): void is java setter for private java.lang.ref.WeakReference java.util.logging.LogManager$LoggerWeakRef.parentRef
2021-06-11 17:16:58.245 [DEBUG][org.jetbrains.research.kex.reanimator.collector.SetterCollector] - java/lang/invoke/BoundMethodHandle$SpeciesData is not from kotlin
2021-06-11 17:16:58.249 [DEBUG][org.jetbrains.research.kex.reanimator.collector.SetterCollector] - java/util/stream/Nodes$ConcNode$OfInt is not from kotlin
2021-06-11 17:16:58.256 [DEBUG][org.jetbrains.research.kex.reanimator.collector.SetterCollector] - java/io/FilePermissionCollection is not from kotlin
2021-06-11 17:16:58.258 [DEBUG][org.jetbrains.research.kex.reanimator.collector.SetterCollector] - java/util/Collections$UnmodifiableCollection is not from kotlin
2021-06-11 17:16:58.259 [DEBUG][org.jetbrains.research.kex.reanimator.collector.SetterCollector] - java/util/concurrent/ExecutorService is not from kotlin
2021-06-11 17:16:58.261 [DEBUG][org.jetbrains.research.kex.reanimator.collector.SetterCollector] - java/util/concurrent/ConcurrentSkipListMap$SubMap$SubMapValueIterator is not from kotlin
2021-06-11 17:16:58.262 [DEBUG][org.jetbrains.research.kex.reanimator.collector.SetterCollector] - java/util/concurrent/LinkedBlockingDeque$Node is not from kotlin
2021-06-11 17:16:58.262 [DEBUG][org.jetbrains.research.kex.reanimator.collector.SetterCollector] - java/util/concurrent/LinkedBlockingQueue$Node is not from kotlin
2021-06-11 17:16:58.263 [DEBUG][org.jetbrains.research.kex.reanimator.collector.SetterCollector] - java/util/regex/PatternSyntaxException is not from kotlin
2021-06-11 17:16:58.264 [DEBUG][org.jetbrains.research.kex.reanimator.collector.SetterCollector] - java/lang/Long$LongCache is not from kotlin
2021-06-11 17:16:58.265 [DEBUG][org.jetbrains.research.kex.reanimator.collector.SetterCollector] - java/io/UTFDataFormatException is not from kotlin
2021-06-11 17:16:58.265 [DEBUG][org.jetbrains.research.kex.reanimator.collector.SetterCollector] - java/io/BufferedReader is not from kotlin
2021-06-11 17:16:58.265 [DEBUG][org.jetbrains.research.kex.reanimator.collector.SetterCollector] - java/util/logging/LogManager$6 is not from kotlin
2021-06-11 17:16:58.266 [DEBUG][org.jetbrains.research.kex.reanimator.collector.SetterCollector] - java/lang/ProcessEnvironment$CheckedValues is not from kotlin
2021-06-11 17:16:58.267 [DEBUG][org.jetbrains.research.kex.reanimator.collector.SetterCollector] - java/util/Locale$LocaleNameGetter is not from kotlin
2021-06-11 17:16:58.267 [DEBUG][org.jetbrains.research.kex.reanimator.collector.SetterCollector] - java/util/logging/LogManager$5 is not from kotlin
2021-06-11 17:16:58.267 [DEBUG][org.jetbrains.research.kex.reanimator.collector.SetterCollector] - java/util/logging/LogManager$4 is not from kotlin
2021-06-11 17:16:58.268 [DEBUG][org.jetbrains.research.kex.reanimator.collector.SetterCollector] - java/util/logging/LogManager$3 is not from kotlin
2021-06-11 17:16:58.268 [DEBUG][org.jetbrains.research.kex.reanimator.collector.SetterCollector] - java/util/logging/LogManager$7 is not from kotlin
2021-06-11 17:16:58.268 [DEBUG][org.jetbrains.research.kex.reanimator.collector.SetterCollector] - java/util/SortedMap is not from kotlin
2021-06-11 17:16:58.275 [DEBUG][org.jetbrains.research.kex.reanimator.collector.SetterCollector] - java/util/concurrent/ConcurrentHashMap$ForEachKeyTask is not from kotlin
2021-06-11 17:16:58.275 [DEBUG][org.jetbrains.research.kex.reanimator.collector.SetterCollector] - java/util/concurrent/atomic/DoubleAdder$SerializationProxy is not from kotlin
2021-06-11 17:16:58.277 [DEBUG][org.jetbrains.research.kex.reanimator.collector.SetterCollector] - java/util/logging/LogManager$2 is not from kotlin
2021-06-11 17:16:58.277 [DEBUG][org.jetbrains.research.kex.reanimator.collector.SetterCollector] - java/util/logging/LogManager$1 is not from kotlin
2021-06-11 17:16:58.279 [DEBUG][org.jetbrains.research.kex.reanimator.collector.SetterCollector] - java/lang/InheritableThreadLocal is not from kotlin
2021-06-11 17:16:58.280 [DEBUG][org.jetbrains.research.kex.reanimator.collector.SetterCollector] - java/lang/IllegalAccessError is not from kotlin
2021-06-11 17:16:58.280 [DEBUG][org.jetbrains.research.kex.reanimator.collector.SetterCollector] - java/util/ArraysParallelSortHelpers$FJInt is not from kotlin
2021-06-11 17:16:58.282 [DEBUG][org.jetbrains.research.kex.reanimator.collector.SetterCollector] - java/io/FileOutputStream is not from kotlin
2021-06-11 17:16:58.284 [DEBUG][org.jetbrains.research.kex.reanimator.collector.SetterCollector] - java/util/stream/ReferencePipeline$StatefulOp is not from kotlin
2021-06-11 17:16:58.285 [DEBUG][org.jetbrains.research.kex.reanimator.collector.SetterCollector] - java/util/stream/LongPipeline$1$1 is not from kotlin
2021-06-11 17:16:58.286 [DEBUG][org.jetbrains.research.kex.reanimator.collector.SetterCollector] - java/util/stream/SpinedBuffer$OfInt is not from kotlin
2021-06-11 17:16:58.287 [DEBUG][org.jetbrains.research.kex.reanimator.collector.SetterCollector] - java/util/concurrent/locks/AbstractQueuedLongSynchronizer$ConditionObject is not from kotlin
2021-06-11 17:16:58.289 [DEBUG][org.jetbrains.research.kex.reanimator.collector.SetterCollector] - java/util/stream/ForEachOps is not from kotlin
2021-06-11 17:16:58.290 [DEBUG][org.jetbrains.research.kex.reanimator.collector.SetterCollector] - java/lang/ref/ReferenceQueue$1 is not from kotlin
2021-06-11 17:16:58.290 [DEBUG][org.jetbrains.research.kex.reanimator.collector.SetterCollector] - java/util/ServiceLoader$LazyIterator$1 is not from kotlin
2021-06-11 17:16:58.290 [DEBUG][org.jetbrains.research.kex.reanimator.collector.SetterCollector] - java/util/ServiceLoader$LazyIterator$2 is not from kotlin
2021-06-11 17:16:58.291 [DEBUG][org.jetbrains.research.kex.reanimator.collector.SetterCollector] - java/lang/Math$RandomNumberGeneratorHolder is not from kotlin
2021-06-11 17:16:58.294 [DEBUG][org.jetbrains.research.kex.reanimator.collector.SetterCollector] - java/lang/invoke/MethodHandleNatives$Constants is not from kotlin
2021-06-11 17:16:58.297 [DEBUG][org.jetbrains.research.kex.reanimator.collector.SetterCollector] - java/lang/invoke/SimpleMethodHandle is not from kotlin
2021-06-11 17:16:58.305 [DEBUG][org.jetbrains.research.kex.reanimator.collector.SetterCollector] - java/util/stream/DoublePipeline$4$1 is not from kotlin
2021-06-11 17:16:58.318 [DEBUG][org.jetbrains.research.kex.reanimator.collector.SetterCollector] - java/util/stream/Nodes$CollectionNode is not from kotlin
2021-06-11 17:16:58.320 [DEBUG][org.jetbrains.research.kex.reanimator.collector.SetterCollector] - java/util/prefs/XmlSupport$EH is not from kotlin
2021-06-11 17:16:58.322 [DEBUG][org.jetbrains.research.kex.reanimator.collector.SetterCollector] - java/util/Vector$1 is not from kotlin
2021-06-11 17:16:58.326 [DEBUG][org.jetbrains.research.kex.reanimator.collector.SetterCollector] - java/lang/management/OperatingSystemMXBean is not from kotlin
2021-06-11 17:16:58.326 [DEBUG][org.jetbrains.research.kex.reanimator.collector.SetterCollector] - java/util/concurrent/ConcurrentLinkedDeque$AbstractItr is not from kotlin
2021-06-11 17:16:58.327 [DEBUG][org.jetbrains.research.kex.reanimator.collector.SetterCollector] - java/lang/ProcessBuilder$NullInputStream is not from kotlin
2021-06-11 17:16:58.327 [DEBUG][org.jetbrains.research.kex.reanimator.collector.SetterCollector] - java/util/zip/ZipOutputStream is not from kotlin
2021-06-11 17:16:58.327 [INFO ][org.jetbrains.research.kex.reanimator.collector.SetterCollector] - Method java/util/zip/ZipOutputStream::setMethod(int): void is java setter for private int java.util.zip.ZipOutputStream.method
2021-06-11 17:16:58.328 [DEBUG][org.jetbrains.research.kex.reanimator.collector.SetterCollector] - java/util/IdentityHashMap$1 is not from kotlin
2021-06-11 17:16:58.329 [DEBUG][org.jetbrains.research.kex.reanimator.collector.SetterCollector] - java/util/concurrent/locks/AbstractQueuedSynchronizer$Node is not from kotlin
2021-06-11 17:16:58.329 [DEBUG][org.jetbrains.research.kex.reanimator.collector.SetterCollector] - java/lang/LinkageError is not from kotlin
2021-06-11 17:16:58.333 [DEBUG][org.jetbrains.research.kex.reanimator.collector.SetterCollector] - java/util/concurrent/ConcurrentHashMap$KeySpliterator is not from kotlin
2021-06-11 17:16:58.334 [DEBUG][org.jetbrains.research.kex.reanimator.collector.SetterCollector] - java/lang/SuppressWarnings is not from kotlin
2021-06-11 17:16:58.344 [DEBUG][org.jetbrains.research.kex.reanimator.collector.SetterCollector] - java/util/Collections$CheckedQueue is not from kotlin
2021-06-11 17:16:58.348 [DEBUG][org.jetbrains.research.kex.reanimator.collector.SetterCollector] - java/util/Locale$Cache is not from kotlin
2021-06-11 17:16:58.350 [DEBUG][org.jetbrains.research.kex.reanimator.collector.SetterCollector] - java/util/jar/JarInputStream is not from kotlin
2021-06-11 17:16:58.350 [DEBUG][org.jetbrains.research.kex.reanimator.collector.SetterCollector] - java/util/LocaleISOData is not from kotlin
2021-06-11 17:16:58.361 [DEBUG][org.jetbrains.research.kex.reanimator.collector.SetterCollector] - java/util/Collections$SynchronizedNavigableSet is not from kotlin
2021-06-11 17:16:58.362 [DEBUG][org.jetbrains.research.kex.reanimator.collector.SetterCollector] - java/util/stream/Collectors$Partition$1 is not from kotlin
2021-06-11 17:16:58.362 [DEBUG][org.jetbrains.research.kex.reanimator.collector.SetterCollector] - java/util/stream/MatchOps is not from kotlin
2021-06-11 17:16:58.362 [DEBUG][org.jetbrains.research.kex.reanimator.collector.SetterCollector] - java/io/Externalizable is not from kotlin
2021-06-11 17:16:58.363 [DEBUG][org.jetbrains.research.kex.reanimator.collector.SetterCollector] - java/io/FilterOutputStream is not from kotlin
2021-06-11 17:16:58.377 [DEBUG][org.jetbrains.research.kex.reanimator.collector.SetterCollector] - java/util/stream/Nodes$CollectorTask$OfLong is not from kotlin
2021-06-11 17:16:58.382 [DEBUG][org.jetbrains.research.kex.reanimator.collector.SetterCollector] - java/util/stream/ReduceOps$1ReducingSink is not from kotlin
2021-06-11 17:16:58.385 [DEBUG][org.jetbrains.research.kex.reanimator.collector.SetterCollector] - java/io/File is not from kotlin
2021-06-11 17:16:58.392 [DEBUG][org.jetbrains.research.kex.reanimator.collector.SetterCollector] - java/io/File$TempDirectory is not from kotlin
2021-06-11 17:16:58.393 [DEBUG][org.jetbrains.research.kex.reanimator.collector.SetterCollector] - java/io/ObjectOutputStream$1 is not from kotlin
2021-06-11 17:16:58.393 [DEBUG][org.jetbrains.research.kex.reanimator.collector.SetterCollector] - java/util/EnumSet is not from kotlin
2021-06-11 17:16:58.408 [DEBUG][org.jetbrains.research.kex.reanimator.collector.SetterCollector] - java/util/ArraysParallelSortHelpers$FJObject$Sorter is not from kotlin
2021-06-11 17:16:58.420 [DEBUG][org.jetbrains.research.kex.reanimator.collector.SetterCollector] - java/util/EnumMap$EntrySet is not from kotlin
2021-06-11 17:16:58.435 [DEBUG][org.jetbrains.research.kex.reanimator.collector.SetterCollector] - java/util/Random$RandomIntsSpliterator is not from kotlin
2021-06-11 17:16:58.438 [DEBUG][org.jetbrains.research.kex.reanimator.collector.SetterCollector] - java/util/concurrent/ConcurrentHashMap$ForEachValueTask is not from kotlin
2021-06-11 17:16:58.439 [DEBUG][org.jetbrains.research.kex.reanimator.collector.SetterCollector] - java/util/concurrent/Callable is not from kotlin
2021-06-11 17:16:58.439 [DEBUG][org.jetbrains.research.kex.reanimator.collector.SetterCollector] - java/io/ObjectStreamException is not from kotlin
2021-06-11 17:16:58.440 [DEBUG][org.jetbrains.research.kex.reanimator.collector.SetterCollector] - java/util/logging/Level$1 is not from kotlin
2021-06-11 17:16:58.440 [DEBUG][org.jetbrains.research.kex.reanimator.collector.SetterCollector] - java/lang/CharacterName is not from kotlin
2021-06-11 17:16:58.444 [DEBUG][org.jetbrains.research.kex.reanimator.collector.SetterCollector] - java/util/EnumMap$EntryIterator is not from kotlin
2021-06-11 17:16:58.453 [DEBUG][org.jetbrains.research.kex.reanimator.collector.SetterCollector] - java/util/concurrent/ConcurrentHashMap$ValuesView is not from kotlin
2021-06-11 17:16:58.454 [DEBUG][org.jetbrains.research.kex.reanimator.collector.SetterCollector] - java/util/Collections$3 is not from kotlin
2021-06-11 17:16:58.457 [DEBUG][org.jetbrains.research.kex.reanimator.collector.SetterCollector] - java/util/Formatter$Flags is not from kotlin
2021-06-11 17:16:58.457 [DEBUG][org.jetbrains.research.kex.reanimator.collector.SetterCollector] - java/util/Collections$1 is not from kotlin
2021-06-11 17:16:58.459 [DEBUG][org.jetbrains.research.kex.reanimator.collector.SetterCollector] - java/lang/invoke/ConstantCallSite is not from kotlin
2021-06-11 17:16:58.459 [DEBUG][org.jetbrains.research.kex.reanimator.collector.SetterCollector] - java/util/Collections$2 is not from kotlin
2021-06-11 17:16:58.461 [DEBUG][org.jetbrains.research.kex.reanimator.collector.SetterCollector] - java/util/IllegalFormatConversionException is not from kotlin
2021-06-11 17:16:58.470 [DEBUG][org.jetbrains.research.kex.reanimator.collector.SetterCollector] - java/util/concurrent/ForkJoinPool is not from kotlin
2021-06-11 17:16:58.484 [DEBUG][org.jetbrains.research.kex.reanimator.collector.SetterCollector] - java/util/stream/ReferencePipeline$7$1 is not from kotlin
2021-06-11 17:16:58.487 [DEBUG][org.jetbrains.research.kex.reanimator.collector.SetterCollector] - java/util/LinkedList$1 is not from kotlin
2021-06-11 17:16:58.487 [DEBUG][org.jetbrains.research.kex.reanimator.collector.SetterCollector] - java/util/Collections$UnmodifiableNavigableMap is not from kotlin
2021-06-11 17:16:58.492 [DEBUG][org.jetbrains.research.kex.reanimator.collector.SetterCollector] - java/util/Locale$Builder is not from kotlin
2021-06-11 17:16:58.499 [DEBUG][org.jetbrains.research.kex.reanimator.collector.SetterCollector] - java/util/spi/CalendarDataProvider is not from kotlin
2021-06-11 17:16:58.499 [DEBUG][org.jetbrains.research.kex.reanimator.collector.SetterCollector] - java/util/TreeMap$PrivateEntryIterator is not from kotlin
2021-06-11 17:16:58.501 [DEBUG][org.jetbrains.research.kex.reanimator.collector.SetterCollector] - java/nio/charset/CharsetEncoder is not from kotlin
2021-06-11 17:16:58.507 [DEBUG][org.jetbrains.research.kex.reanimator.collector.SetterCollector] - java/util/Calendar is not from kotlin
2021-06-11 17:16:58.518 [INFO ][org.jetbrains.research.kex.reanimator.collector.SetterCollector] - Method java/util/Calendar::setLenient(bool): void is java setter for private boolean java.util.Calendar.lenient
2021-06-11 17:16:58.518 [INFO ][org.jetbrains.research.kex.reanimator.collector.SetterCollector] - Method java/util/Calendar::setFirstDayOfWeek(int): void is java setter for private int java.util.Calendar.firstDayOfWeek
2021-06-11 17:16:58.518 [INFO ][org.jetbrains.research.kex.reanimator.collector.SetterCollector] - Method java/util/Calendar::setMinimalDaysInFirstWeek(int): void is java setter for private int java.util.Calendar.minimalDaysInFirstWeek
2021-06-11 17:16:58.519 [DEBUG][org.jetbrains.research.kex.reanimator.collector.SetterCollector] - java/util/regex/MatchResult is not from kotlin
2021-06-11 17:16:58.528 [DEBUG][org.jetbrains.research.kex.reanimator.collector.SetterCollector] - java/util/stream/Nodes$ArrayNode is not from kotlin
2021-06-11 17:16:58.528 [DEBUG][org.jetbrains.research.kex.reanimator.collector.SetterCollector] - java/util/UUID$Holder is not from kotlin
2021-06-11 17:16:58.529 [DEBUG][org.jetbrains.research.kex.reanimator.collector.SetterCollector] - java/io/Bits is not from kotlin
2021-06-11 17:16:58.533 [DEBUG][org.jetbrains.research.kex.reanimator.collector.SetterCollector] - java/lang/invoke/MethodHandleImpl$AsVarargsCollector is not from kotlin
2021-06-11 17:16:58.548 [DEBUG][org.jetbrains.research.kex.reanimator.collector.SetterCollector] - java/util/concurrent/CompletableFuture$OrAccept is not from kotlin
2021-06-11 17:16:58.549 [DEBUG][org.jetbrains.research.kex.reanimator.collector.SetterCollector] - java/lang/ThreadLocal$SuppliedThreadLocal is not from kotlin
2021-06-11 17:16:58.559 [DEBUG][org.jetbrains.research.kex.reanimator.collector.SetterCollector] - java/util/stream/StreamOpFlag is not from kotlin
2021-06-11 17:16:58.560 [DEBUG][org.jetbrains.research.kex.reanimator.collector.SetterCollector] - java/util/WeakHashMap$1 is not from kotlin
2021-06-11 17:16:58.566 [DEBUG][org.jetbrains.research.kex.reanimator.collector.SetterCollector] - java/util/concurrent/CompletableFuture$UniWhenComplete is not from kotlin
2021-06-11 17:16:58.566 [DEBUG][org.jetbrains.research.kex.reanimator.collector.SetterCollector] - java/lang/ClassLoader$2 is not from kotlin
2021-06-11 17:16:58.574 [DEBUG][org.jetbrains.research.kex.reanimator.collector.SetterCollector] - java/lang/SystemClassLoaderAction is not from kotlin
2021-06-11 17:16:58.574 [DEBUG][org.jetbrains.research.kex.reanimator.collector.SetterCollector] - java/lang/ClassLoader$1 is not from kotlin
2021-06-11 17:16:58.584 [DEBUG][org.jetbrains.research.kex.reanimator.collector.SetterCollector] - java/util/stream/Streams$DoubleStreamBuilderImpl is not from kotlin
2021-06-11 17:16:58.586 [DEBUG][org.jetbrains.research.kex.reanimator.collector.SetterCollector] - java/util/ArraysParallelSortHelpers$FJLong$Sorter is not from kotlin
2021-06-11 17:16:58.587 [DEBUG][org.jetbrains.research.kex.reanimator.collector.SetterCollector] - java/lang/ClassLoader$3 is not from kotlin
2021-06-11 17:16:58.587 [DEBUG][org.jetbrains.research.kex.reanimator.collector.SetterCollector] - java/util/function/DoubleToLongFunction is not from kotlin
2021-06-11 17:16:58.588 [DEBUG][org.jetbrains.research.kex.reanimator.collector.SetterCollector] - java/util/stream/Nodes$AbstractConcNode is not from kotlin
2021-06-11 17:16:58.591 [DEBUG][org.jetbrains.research.kex.reanimator.collector.SetterCollector] - java/io/ObjectInputStream$BlockDataInputStream is not from kotlin
2021-06-11 17:16:58.605 [DEBUG][org.jetbrains.research.kex.reanimator.collector.SetterCollector] - java/util/PriorityQueue is not from kotlin
2021-06-11 17:16:58.606 [DEBUG][org.jetbrains.research.kex.reanimator.collector.SetterCollector] - java/util/stream/Node$Builder$OfInt is not from kotlin
2021-06-11 17:16:58.607 [DEBUG][org.jetbrains.research.kex.reanimator.collector.SetterCollector] - java/util/Random is not from kotlin
2021-06-11 17:16:58.608 [DEBUG][org.jetbrains.research.kex.reanimator.collector.SetterCollector] - java/util/stream/StreamSpliterators$SliceSpliterator is not from kotlin
2021-06-11 17:16:58.608 [DEBUG][org.jetbrains.research.kex.reanimator.collector.SetterCollector] - java/lang/invoke/ForceInline is not from kotlin
2021-06-11 17:16:58.611 [DEBUG][org.jetbrains.research.kex.reanimator.collector.SetterCollector] - java/util/jar/JarFile is not from kotlin
2021-06-11 17:16:58.613 [DEBUG][org.jetbrains.research.kex.reanimator.collector.SetterCollector] - java/util/IdentityHashMap$EntryIterator is not from kotlin
2021-06-11 17:16:58.615 [DEBUG][org.jetbrains.research.kex.reanimator.collector.SetterCollector] - java/util/WeakHashMap$KeyIterator is not from kotlin
2021-06-11 17:16:58.617 [DEBUG][org.jetbrains.research.kex.reanimator.collector.SetterCollector] - java/util/InputMismatchException is not from kotlin
2021-06-11 17:16:58.623 [DEBUG][org.jetbrains.research.kex.reanimator.collector.SetterCollector] - java/util/concurrent/Executors$DelegatedExecutorService is not from kotlin
2021-06-11 17:16:58.648 [DEBUG][org.jetbrains.research.kex.reanimator.collector.SetterCollector] - java/util/concurrent/ConcurrentSkipListMap$KeySet is not from kotlin
2021-06-11 17:16:58.664 [DEBUG][org.jetbrains.research.kex.reanimator.collector.SetterCollector] - java/util/concurrent/ConcurrentHashMap$ForEachEntryTask is not from kotlin
2021-06-11 17:16:58.672 [DEBUG][org.jetbrains.research.kex.reanimator.collector.SetterCollector] - java/util/concurrent/atomic/AtomicLong is not from kotlin
2021-06-11 17:16:58.706 [DEBUG][org.jetbrains.research.kex.reanimator.collector.SetterCollector] - java/util/concurrent/ConcurrentSkipListMap$SubMap is not from kotlin
2021-06-11 17:16:58.724 [DEBUG][org.jetbrains.research.kex.reanimator.collector.SetterCollector] - java/util/Locale is not from kotlin
2021-06-11 17:16:58.727 [DEBUG][org.jetbrains.research.kex.reanimator.collector.SetterCollector] - java/util/ListResourceBundle is not from kotlin
2021-06-11 17:16:58.733 [DEBUG][org.jetbrains.research.kex.reanimator.collector.SetterCollector] - java/util/function/DoubleSupplier is not from kotlin
2021-06-11 17:16:58.734 [DEBUG][org.jetbrains.research.kex.reanimator.collector.SetterCollector] - java/util/Spliterators$AbstractIntSpliterator is not from kotlin
2021-06-11 17:16:58.747 [DEBUG][org.jetbrains.research.kex.reanimator.collector.SetterCollector] - java/util/stream/SortedOps$SizedRefSortingSink is not from kotlin
2021-06-11 17:16:58.751 [DEBUG][org.jetbrains.research.kex.reanimator.collector.SetterCollector] - java/lang/management/ClassLoadingMXBean is not from kotlin
2021-06-11 17:16:58.756 [DEBUG][org.jetbrains.research.kex.reanimator.collector.SetterCollector] - java/util/zip/Deflater is not from kotlin
2021-06-11 17:16:58.757 [DEBUG][org.jetbrains.research.kex.reanimator.collector.SetterCollector] - java/util/concurrent/BlockingQueue is not from kotlin
2021-06-11 17:16:58.767 [DEBUG][org.jetbrains.research.kex.reanimator.collector.SetterCollector] - java/lang/Terminator$1 is not from kotlin
2021-06-11 17:16:58.775 [DEBUG][org.jetbrains.research.kex.reanimator.collector.SetterCollector] - java/lang/annotation/Repeatable is not from kotlin
2021-06-11 17:16:58.786 [DEBUG][org.jetbrains.research.kex.reanimator.collector.SetterCollector] - java/util/prefs/PreferencesFactory is not from kotlin
2021-06-11 17:16:58.792 [DEBUG][org.jetbrains.research.kex.reanimator.collector.SetterCollector] - java/util/BitSet is not from kotlin
2021-06-11 17:16:58.793 [DEBUG][org.jetbrains.research.kex.reanimator.collector.SetterCollector] - java/lang/AssertionError is not from kotlin
2021-06-11 17:16:58.800 [DEBUG][org.jetbrains.research.kex.reanimator.collector.SetterCollector] - java/util/stream/StreamSpliterators is not from kotlin
2021-06-11 17:16:58.800 [DEBUG][org.jetbrains.research.kex.reanimator.collector.SetterCollector] - java/util/stream/LongStream is not from kotlin
2021-06-11 17:16:58.808 [DEBUG][org.jetbrains.research.kex.reanimator.collector.SetterCollector] - java/util/stream/StreamSpliterators$InfiniteSupplyingSpliterator$OfInt is not from kotlin
2021-06-11 17:16:58.816 [DEBUG][org.jetbrains.research.kex.reanimator.collector.SetterCollector] - java/util/function/DoubleToIntFunction is not from kotlin
2021-06-11 17:16:58.817 [DEBUG][org.jetbrains.research.kex.reanimator.collector.SetterCollector] - java/util/regex/Pattern$Branch is not from kotlin
2021-06-11 17:16:58.820 [DEBUG][org.jetbrains.research.kex.reanimator.collector.SetterCollector] - java/util/ArraysParallelSortHelpers$FJFloat$Merger is not from kotlin
2021-06-11 17:16:58.821 [DEBUG][org.jetbrains.research.kex.reanimator.collector.SetterCollector] - java/util/stream/SliceOps$2$1 is not from kotlin
2021-06-11 17:16:58.824 [DEBUG][org.jetbrains.research.kex.reanimator.collector.SetterCollector] - java/util/stream/StreamSpliterators$UnorderedSliceSpliterator$OfLong is not from kotlin
2021-06-11 17:16:58.833 [DEBUG][org.jetbrains.research.kex.reanimator.collector.SetterCollector] - java/util/jar/JarVerifier$VerifierStream is not from kotlin
2021-06-11 17:16:58.852 [DEBUG][org.jetbrains.research.kex.reanimator.collector.SetterCollector] - java/util/Collections$EmptyList is not from kotlin
2021-06-11 17:16:58.861 [DEBUG][org.jetbrains.research.kex.reanimator.collector.SetterCollector] - java/lang/BootstrapMethodError is not from kotlin
2021-06-11 17:16:58.862 [DEBUG][org.jetbrains.research.kex.reanimator.collector.SetterCollector] - java/lang/NoSuchFieldException is not from kotlin
2021-06-11 17:16:58.862 [DEBUG][org.jetbrains.research.kex.reanimator.collector.SetterCollector] - java/util/stream/Node$Builder$OfLong is not from kotlin
2021-06-11 17:16:58.864 [DEBUG][org.jetbrains.research.kex.reanimator.collector.SetterCollector] - java/io/FileInputStream is not from kotlin
2021-06-11 17:16:58.865 [DEBUG][org.jetbrains.research.kex.reanimator.collector.SetterCollector] - java/lang/Throwable$WrappedPrintWriter is not from kotlin
2021-06-11 17:16:58.873 [DEBUG][org.jetbrains.research.kex.reanimator.collector.SetterCollector] - java/util/concurrent/Phaser is not from kotlin
2021-06-11 17:16:58.878 [DEBUG][org.jetbrains.research.kex.reanimator.collector.SetterCollector] - java/lang/Appendable is not from kotlin
2021-06-11 17:16:58.878 [DEBUG][org.jetbrains.research.kex.reanimator.collector.SetterCollector] - java/util/concurrent/ForkJoinWorkerThread is not from kotlin
2021-06-11 17:16:58.879 [DEBUG][org.jetbrains.research.kex.reanimator.collector.SetterCollector] - java/util/Set is not from kotlin
2021-06-11 17:16:58.879 [DEBUG][org.jetbrains.research.kex.reanimator.collector.SetterCollector] - java/util/TimeZone is not from kotlin
2021-06-11 17:16:58.881 [INFO ][org.jetbrains.research.kex.reanimator.collector.SetterCollector] - Method java/util/TimeZone::setID(java/lang/String): void is java setter for private java.lang.String java.util.TimeZone.ID
2021-06-11 17:16:58.896 [DEBUG][org.jetbrains.research.kex.reanimator.collector.SetterCollector] - java/util/stream/StreamSpliterators$SliceSpliterator$OfInt is not from kotlin
2021-06-11 17:16:58.896 [DEBUG][org.jetbrains.research.kex.reanimator.collector.SetterCollector] - java/io/FilterInputStream is not from kotlin
2021-06-11 17:16:58.898 [DEBUG][org.jetbrains.research.kex.reanimator.collector.SetterCollector] - java/lang/Thread$WeakClassKey is not from kotlin
2021-06-11 17:16:58.903 [DEBUG][org.jetbrains.research.kex.reanimator.collector.SetterCollector] - java/util/TreeMap$Entry is not from kotlin
2021-06-11 17:16:58.911 [INFO ][org.jetbrains.research.kex.reanimator.collector.SetterCollector] - Method java/util/TreeMap$Entry::setValue(java/lang/Object): java/lang/Object is java setter for java.lang.Object java.util.TreeMap$Entry.value
2021-06-11 17:16:58.914 [DEBUG][org.jetbrains.research.kex.reanimator.collector.SetterCollector] - java/lang/reflect/Proxy$ProxyClassFactory is not from kotlin
2021-06-11 17:16:58.914 [DEBUG][org.jetbrains.research.kex.reanimator.collector.SetterCollector] - java/util/Spliterators$3Adapter is not from kotlin
2021-06-11 17:16:58.922 [DEBUG][org.jetbrains.research.kex.reanimator.collector.SetterCollector] - java/lang/invoke/InnerClassLambdaMetafactory is not from kotlin
2021-06-11 17:16:58.924 [DEBUG][org.jetbrains.research.kex.reanimator.collector.SetterCollector] - java/util/regex/Pattern$StartS is not from kotlin
2021-06-11 17:16:58.924 [DEBUG][org.jetbrains.research.kex.reanimator.collector.SetterCollector] - java/util/concurrent/Executors$PrivilegedCallableUsingCurrentClassLoader$1 is not from kotlin
2021-06-11 17:16:58.925 [DEBUG][org.jetbrains.research.kex.reanimator.collector.SetterCollector] - java/util/regex/Pattern$CIBackRef is not from kotlin
2021-06-11 17:16:58.940 [DEBUG][org.jetbrains.research.kex.reanimator.collector.SetterCollector] - java/util/stream/DoublePipeline$StatelessOp is not from kotlin
2021-06-11 17:16:58.948 [DEBUG][org.jetbrains.research.kex.reanimator.collector.SetterCollector] - java/util/stream/SortedOps$IntSortingSink is not from kotlin
2021-06-11 17:16:58.958 [DEBUG][org.jetbrains.research.kex.reanimator.collector.SetterCollector] - java/util/stream/Nodes$SizedCollectorTask$OfRef is not from kotlin
2021-06-11 17:16:58.964 [DEBUG][org.jetbrains.research.kex.reanimator.collector.SetterCollector] - java/util/logging/SimpleFormatter is not from kotlin
2021-06-11 17:16:58.966 [DEBUG][org.jetbrains.research.kex.reanimator.collector.SetterCollector] - java/util/IdentityHashMap$KeySpliterator is not from kotlin
2021-06-11 17:16:59.017 [DEBUG][org.jetbrains.research.kex.asm.analysis.testgen.MethodChecker] - Checking method jcc1/Adder::<init>(): void
2021-06-11 17:16:59.019 [DEBUG][org.jetbrains.research.kex.asm.analysis.testgen.MethodChecker] - jcc1/Adder::<init>(): void
%entry0: 	//predecessors 
	goto %bb0

%bb0: 	//predecessors %entry0
	special this.<init>()
	goto %bb1

%bb1: 	//predecessors %bb0
	return
2021-06-11 17:16:59.020 [DEBUG][org.jetbrains.research.kex.asm.analysis.testgen.MethodChecker] - 
2021-06-11 17:16:59.058 [DEBUG][org.jetbrains.research.kex.asm.analysis.testgen.MethodChecker] - Checking reachability of %bb0
2021-06-11 17:16:59.132 [WARN ][org.jetbrains.research.kex.state.transformer.ReflectionInfoAdapter] - Could not load kFunction for jcc1/Adder::<init>(): void
2021-06-11 17:16:59.138 [DEBUG][org.jetbrains.research.kex.smt.Checker] - State: (
  @A this != null
)
2021-06-11 17:16:59.138 [DEBUG][org.jetbrains.research.kex.smt.Checker] - Memspacing started...
2021-06-11 17:16:59.144 [DEBUG][org.jetbrains.research.kex.smt.Checker] - Memspacing finished
2021-06-11 17:16:59.145 [DEBUG][org.jetbrains.research.kex.smt.Checker] - Slicing started...
2021-06-11 17:16:59.148 [DEBUG][org.jetbrains.research.kex.smt.Checker] - State size before slicing: 1
2021-06-11 17:16:59.152 [DEBUG][org.jetbrains.research.kex.smt.Checker] - State size after slicing: 1
2021-06-11 17:16:59.152 [DEBUG][org.jetbrains.research.kex.smt.Checker] - Slicing finished
2021-06-11 17:16:59.152 [DEBUG][org.jetbrains.research.kex.smt.Checker] - Simplified state: (
  @A this != null
)
2021-06-11 17:16:59.152 [DEBUG][org.jetbrains.research.kex.smt.Checker] - Query: (
)
2021-06-11 17:16:59.205 [DEBUG][org.jetbrains.research.kex.smt.z3.Z3Solver] - Z3 solver check
2021-06-11 17:16:59.205 [DEBUG][org.jetbrains.research.kex.smt.z3.Z3Solver] - State: (
  @A this != null
)
2021-06-11 17:16:59.205 [DEBUG][org.jetbrains.research.kex.smt.z3.Z3Solver] - Query: (
)
2021-06-11 17:16:59.228 [DEBUG][org.jetbrains.research.kex.smt.z3.Z3Solver] - Check started
2021-06-11 17:16:59.341 [DEBUG][org.jetbrains.research.kex.smt.z3.Z3Solver] - Running z3 solver
2021-06-11 17:16:59.348 [DEBUG][org.jetbrains.research.kex.smt.z3.Z3Solver] - Solver finished
2021-06-11 17:16:59.349 [DEBUG][org.jetbrains.research.kex.smt.z3.Z3Solver] - Check finished
2021-06-11 17:16:59.371 [DEBUG][org.jetbrains.research.kex.smt.Checker] - Acquired sat
2021-06-11 17:16:59.416 [WARN ][org.jetbrains.research.kex.state.transformer.ReflectionInfoAdapter] - Could not load kFunction for jcc1/Adder::<init>(): void
2021-06-11 17:16:59.417 [DEBUG][org.jetbrains.research.kex.smt.Checker] - State: (
  @A this != null
  @S this.casted0 = (this as java/lang/Object)
)
2021-06-11 17:16:59.417 [DEBUG][org.jetbrains.research.kex.smt.Checker] - Memspacing started...
2021-06-11 17:16:59.418 [DEBUG][org.jetbrains.research.kex.smt.Checker] - Memspacing finished
2021-06-11 17:16:59.418 [DEBUG][org.jetbrains.research.kex.smt.Checker] - Slicing started...
2021-06-11 17:16:59.418 [DEBUG][org.jetbrains.research.kex.smt.Checker] - State size before slicing: 2
2021-06-11 17:16:59.418 [DEBUG][org.jetbrains.research.kex.smt.Checker] - State size after slicing: 2
2021-06-11 17:16:59.418 [DEBUG][org.jetbrains.research.kex.smt.Checker] - Slicing finished
2021-06-11 17:16:59.418 [DEBUG][org.jetbrains.research.kex.smt.Checker] - Simplified state: (
  @A this != null
  @S this.casted0 = (this as java/lang/Object)
)
2021-06-11 17:16:59.418 [DEBUG][org.jetbrains.research.kex.smt.Checker] - Query: (
)
2021-06-11 17:16:59.419 [DEBUG][org.jetbrains.research.kex.smt.z3.Z3Solver] - Z3 solver check
2021-06-11 17:16:59.419 [DEBUG][org.jetbrains.research.kex.smt.z3.Z3Solver] - State: (
  @A this != null
  @S this.casted0 = (this as java/lang/Object)
)
2021-06-11 17:16:59.419 [DEBUG][org.jetbrains.research.kex.smt.z3.Z3Solver] - Query: (
)
2021-06-11 17:16:59.431 [DEBUG][org.jetbrains.research.kex.smt.z3.Z3Solver] - Check started
2021-06-11 17:16:59.473 [DEBUG][org.jetbrains.research.kex.smt.z3.Z3Solver] - Running z3 solver
2021-06-11 17:16:59.484 [DEBUG][org.jetbrains.research.kex.smt.z3.Z3Solver] - Solver finished
2021-06-11 17:16:59.484 [DEBUG][org.jetbrains.research.kex.smt.z3.Z3Solver] - Check finished
2021-06-11 17:16:59.490 [DEBUG][org.jetbrains.research.kex.smt.Checker] - Acquired sat
2021-06-11 17:16:59.493 [DEBUG][org.jetbrains.research.kex.reanimator.Reanimator] - Generated descriptors:
instance: term396 = jcc1/Adder {
}


2021-06-11 17:16:59.500 [DEBUG][org.jetbrains.research.kex.reanimator.callstack.generator.AnyGenerator] - Generating term399 = jcc1/Adder {
}

2021-06-11 17:16:59.502 [DEBUG][org.jetbrains.research.kex.reanimator.callstack.generator.AnyGenerator] - Depth 1, stack depth 0, query size 0
2021-06-11 17:16:59.502 [DEBUG][org.jetbrains.research.kex.reanimator.callstack.generator.GeneratorContext] - Executing constructor jcc1/Adder::<init>(): void for term399 = jcc1/Adder {
}

2021-06-11 17:16:59.518 [WARN ][org.jetbrains.research.kex.state.transformer.ReflectionInfoAdapter] - Could not load kFunction for jcc1/Adder::<init>(): void
2021-06-11 17:16:59.520 [DEBUG][org.jetbrains.research.kex.smt.Checker] - State: (
  @A this != null
  @S this.casted0 = (this as java/lang/Object)
  @X term400 = this instanceof jcc1/Adder
  @X term400 = true
) -> (
  @X this != null
)
2021-06-11 17:16:59.520 [DEBUG][org.jetbrains.research.kex.smt.Checker] - Memspacing started...
2021-06-11 17:16:59.521 [DEBUG][org.jetbrains.research.kex.smt.Checker] - Memspacing finished
2021-06-11 17:16:59.521 [DEBUG][org.jetbrains.research.kex.smt.Checker] - Slicing started...
2021-06-11 17:16:59.522 [DEBUG][org.jetbrains.research.kex.smt.Checker] - State size before slicing: 5
2021-06-11 17:16:59.523 [DEBUG][org.jetbrains.research.kex.smt.Checker] - State size after slicing: 5
2021-06-11 17:16:59.524 [DEBUG][org.jetbrains.research.kex.smt.Checker] - Slicing finished
2021-06-11 17:16:59.524 [DEBUG][org.jetbrains.research.kex.smt.Checker] - Simplified state: (
  @A this != null
  @S this.casted0 = (this as java/lang/Object)
  @X term400 = this instanceof jcc1/Adder
  @X term400 = true
  @X this != null
)
2021-06-11 17:16:59.527 [DEBUG][org.jetbrains.research.kex.smt.Checker] - Query: (
)
2021-06-11 17:16:59.527 [DEBUG][org.jetbrains.research.kex.smt.z3.Z3Solver] - Z3 solver check
2021-06-11 17:16:59.527 [DEBUG][org.jetbrains.research.kex.smt.z3.Z3Solver] - State: (
  @A this != null
  @S this.casted0 = (this as java/lang/Object)
  @X term400 = this instanceof jcc1/Adder
  @X term400 = true
  @X this != null
)
2021-06-11 17:16:59.527 [DEBUG][org.jetbrains.research.kex.smt.z3.Z3Solver] - Query: (
)
2021-06-11 17:16:59.535 [DEBUG][org.jetbrains.research.kex.smt.z3.Z3Solver] - Check started
2021-06-11 17:16:59.578 [DEBUG][org.jetbrains.research.kex.smt.z3.Z3Solver] - Running z3 solver
2021-06-11 17:16:59.585 [DEBUG][org.jetbrains.research.kex.smt.z3.Z3Solver] - Solver finished
2021-06-11 17:16:59.585 [DEBUG][org.jetbrains.research.kex.smt.z3.Z3Solver] - Check finished
2021-06-11 17:16:59.590 [DEBUG][org.jetbrains.research.kex.smt.Checker] - Acquired sat
2021-06-11 17:16:59.591 [DEBUG][org.jetbrains.research.kex.reanimator.callstack.generator.GeneratorContext] - Model: Model {
	this = 2
	this.casted0 = 2
	term400 = true
	(2)<1> = 0
	type(2)<1> = 1
}
2021-06-11 17:16:59.593 [DEBUG][org.jetbrains.research.kex.reanimator.callstack.generator.AnyGenerator] - Found constructor jcc1/Adder::<init>(): void for org.jetbrains.research.kex.reanimator.callstack.generator.GeneratorContext@1cf6be62, generating arguments []
2021-06-11 17:16:59.596 [DEBUG][org.jetbrains.research.kex.reanimator.Reanimator] - Generated call stacks:
instance: term396 = jcc1/Adder()


2021-06-11 17:16:59.659 [DEBUG][org.jetbrains.research.kex.asm.analysis.testgen.MethodChecker] - Block %bb0 is covered = true
2021-06-11 17:16:59.660 [DEBUG][org.jetbrains.research.kex.asm.analysis.testgen.MethodChecker] - 
2021-06-11 17:16:59.661 [DEBUG][org.jetbrains.research.kex.asm.analysis.testgen.MethodChecker] - Checking method jcc1/Adder::sum(int[]): int
2021-06-11 17:16:59.661 [DEBUG][org.jetbrains.research.kex.asm.analysis.testgen.MethodChecker] - jcc1/Adder::sum(int[]): int
%entry0: 	//predecessors 
	goto %label0

%label0: 	//predecessors %entry0
	%0 = arg$0.length
	goto %bb0

%bb0: 	//predecessors %label0
	goto %label.deroll0

%label.deroll0: 	//predecessors %bb0
	%9 = (0 >= %0)
	if (%9) goto %branch0 else %if.else.deroll0

%if.else.deroll0: 	//predecessors %label.deroll0
	%10 = arg$0[0]
	goto %label.deroll1

%label.deroll1: 	//predecessors %if.else.deroll0
	%11 = 0 + %10
	goto %label.deroll2

%label.deroll2: 	//predecessors %label.deroll1
	%12 = 1 + 0
	goto %label.deroll3

%label.deroll3: 	//predecessors %label.deroll2
	%15 = (%12 >= %0)
	if (%15) goto %if.then0 else %unreachable0

%if.then0: 	//predecessors %label.deroll3, %branch0
	return %2

%unreachable0: 	//predecessors %label.deroll3
	unreachable

%branch0: 	//predecessors %label.deroll0
	goto %if.then0
2021-06-11 17:16:59.662 [DEBUG][org.jetbrains.research.kex.asm.analysis.testgen.MethodChecker] - 
2021-06-11 17:16:59.662 [DEBUG][org.jetbrains.research.kex.asm.analysis.testgen.MethodChecker] - Checking reachability of %bb0
2021-06-11 17:16:59.673 [DEBUG][org.jetbrains.research.kex.smt.Checker] - State: (
  @A arg$0.length < 1000 = true
  @A this != null
  @A arg$0 != null
  @S %0 = arg$0.length
  @A %0 >= 0 = true
)
2021-06-11 17:16:59.673 [DEBUG][org.jetbrains.research.kex.smt.Checker] - Memspacing started...
2021-06-11 17:16:59.675 [DEBUG][org.jetbrains.research.kex.smt.Checker] - Memspacing finished
2021-06-11 17:16:59.675 [DEBUG][org.jetbrains.research.kex.smt.Checker] - Slicing started...
2021-06-11 17:16:59.694 [DEBUG][org.jetbrains.research.kex.smt.Checker] - State size before slicing: 5
2021-06-11 17:16:59.697 [DEBUG][org.jetbrains.research.kex.smt.Checker] - State size after slicing: 3
2021-06-11 17:16:59.702 [DEBUG][org.jetbrains.research.kex.smt.Checker] - Slicing finished
2021-06-11 17:16:59.702 [DEBUG][org.jetbrains.research.kex.smt.Checker] - Simplified state: (
  @A arg$0.length < 1000 = true
  @A this != null
  @A arg$0 != null
)
2021-06-11 17:16:59.702 [DEBUG][org.jetbrains.research.kex.smt.Checker] - Query: (
)
2021-06-11 17:16:59.703 [DEBUG][org.jetbrains.research.kex.smt.z3.Z3Solver] - Z3 solver check
2021-06-11 17:16:59.708 [DEBUG][org.jetbrains.research.kex.smt.z3.Z3Solver] - State: (
  @A arg$0.length < 1000 = true
  @A this != null
  @A arg$0 != null
)
2021-06-11 17:16:59.708 [DEBUG][org.jetbrains.research.kex.smt.z3.Z3Solver] - Query: (
)
2021-06-11 17:16:59.715 [DEBUG][org.jetbrains.research.kex.smt.z3.Z3Solver] - Check started
2021-06-11 17:16:59.770 [DEBUG][org.jetbrains.research.kex.smt.z3.Z3Solver] - Running z3 solver
2021-06-11 17:16:59.794 [DEBUG][org.jetbrains.research.kex.smt.z3.Z3Solver] - Solver finished
2021-06-11 17:16:59.794 [DEBUG][org.jetbrains.research.kex.smt.z3.Z3Solver] - Check finished
2021-06-11 17:16:59.799 [DEBUG][org.jetbrains.research.kex.smt.Checker] - Acquired sat
2021-06-11 17:16:59.815 [DEBUG][org.jetbrains.research.kex.smt.DescriptorReanimator$newArrayInstance$1] - Creating array of type int[] with size 0
2021-06-11 17:16:59.826 [DEBUG][org.jetbrains.research.kex.smt.Checker] - State: (
  @A arg$0.length < 1000 = true
  @A this != null
  @A arg$0 != null
  @S %0 = arg$0.length
  @A %0 >= 0 = true
)
2021-06-11 17:16:59.826 [DEBUG][org.jetbrains.research.kex.smt.Checker] - Memspacing started...
2021-06-11 17:16:59.827 [DEBUG][org.jetbrains.research.kex.smt.Checker] - Memspacing finished
2021-06-11 17:16:59.834 [DEBUG][org.jetbrains.research.kex.smt.Checker] - Slicing started...
2021-06-11 17:16:59.838 [DEBUG][org.jetbrains.research.kex.smt.Checker] - State size before slicing: 5
2021-06-11 17:16:59.839 [DEBUG][org.jetbrains.research.kex.smt.Checker] - State size after slicing: 3
2021-06-11 17:16:59.847 [DEBUG][org.jetbrains.research.kex.smt.Checker] - Slicing finished
2021-06-11 17:16:59.847 [DEBUG][org.jetbrains.research.kex.smt.Checker] - Simplified state: (
  @A arg$0.length < 1000 = true
  @A this != null
  @A arg$0 != null
)
2021-06-11 17:16:59.853 [DEBUG][org.jetbrains.research.kex.smt.Checker] - Query: (
)
2021-06-11 17:16:59.853 [DEBUG][org.jetbrains.research.kex.smt.z3.Z3Solver] - Z3 solver check
2021-06-11 17:16:59.854 [DEBUG][org.jetbrains.research.kex.smt.z3.Z3Solver] - State: (
  @A arg$0.length < 1000 = true
  @A this != null
  @A arg$0 != null
)
2021-06-11 17:16:59.854 [DEBUG][org.jetbrains.research.kex.smt.z3.Z3Solver] - Query: (
)
2021-06-11 17:16:59.856 [DEBUG][org.jetbrains.research.kex.smt.z3.Z3Solver] - Check started
2021-06-11 17:16:59.867 [DEBUG][org.jetbrains.research.kex.smt.z3.Z3Solver] - Running z3 solver
2021-06-11 17:16:59.882 [DEBUG][org.jetbrains.research.kex.smt.z3.Z3Solver] - Solver finished
2021-06-11 17:16:59.882 [DEBUG][org.jetbrains.research.kex.smt.z3.Z3Solver] - Check finished
2021-06-11 17:16:59.910 [DEBUG][org.jetbrains.research.kex.smt.Checker] - Acquired sat
2021-06-11 17:16:59.911 [DEBUG][org.jetbrains.research.kex.smt.DescriptorReanimator$newArrayInstance$1] - Creating array of type int[] with size 0
2021-06-11 17:16:59.911 [DEBUG][org.jetbrains.research.kex.reanimator.Reanimator] - Generated descriptors:
instance: term406 = jcc1/Adder {
}

args: term405 = int[0] {
}


2021-06-11 17:16:59.911 [DEBUG][org.jetbrains.research.kex.reanimator.callstack.generator.AnyGenerator] - Generating term409 = jcc1/Adder {
}

2021-06-11 17:16:59.912 [DEBUG][org.jetbrains.research.kex.reanimator.callstack.generator.AnyGenerator] - Depth 1, stack depth 0, query size 0
2021-06-11 17:16:59.912 [DEBUG][org.jetbrains.research.kex.reanimator.callstack.generator.GeneratorContext] - Executing constructor jcc1/Adder::<init>(): void for term409 = jcc1/Adder {
}

2021-06-11 17:16:59.914 [WARN ][org.jetbrains.research.kex.state.transformer.ReflectionInfoAdapter] - Could not load kFunction for jcc1/Adder::<init>(): void
2021-06-11 17:16:59.922 [DEBUG][org.jetbrains.research.kex.smt.Checker] - State: (
  @A this != null
  @S this.casted0 = (this as java/lang/Object)
  @X term410 = this instanceof jcc1/Adder
  @X term410 = true
) -> (
  @X this != null
)
2021-06-11 17:16:59.922 [DEBUG][org.jetbrains.research.kex.smt.Checker] - Memspacing started...
2021-06-11 17:16:59.923 [DEBUG][org.jetbrains.research.kex.smt.Checker] - Memspacing finished
2021-06-11 17:16:59.923 [DEBUG][org.jetbrains.research.kex.smt.Checker] - Slicing started...
2021-06-11 17:16:59.924 [DEBUG][org.jetbrains.research.kex.smt.Checker] - State size before slicing: 5
2021-06-11 17:16:59.924 [DEBUG][org.jetbrains.research.kex.smt.Checker] - State size after slicing: 5
2021-06-11 17:16:59.924 [DEBUG][org.jetbrains.research.kex.smt.Checker] - Slicing finished
2021-06-11 17:16:59.924 [DEBUG][org.jetbrains.research.kex.smt.Checker] - Simplified state: (
  @A this != null
  @S this.casted0 = (this as java/lang/Object)
  @X term410 = this instanceof jcc1/Adder
  @X term410 = true
  @X this != null
)
2021-06-11 17:16:59.924 [DEBUG][org.jetbrains.research.kex.smt.Checker] - Query: (
)
2021-06-11 17:16:59.925 [DEBUG][org.jetbrains.research.kex.smt.z3.Z3Solver] - Z3 solver check
2021-06-11 17:16:59.925 [DEBUG][org.jetbrains.research.kex.smt.z3.Z3Solver] - State: (
  @A this != null
  @S this.casted0 = (this as java/lang/Object)
  @X term410 = this instanceof jcc1/Adder
  @X term410 = true
  @X this != null
)
2021-06-11 17:16:59.925 [DEBUG][org.jetbrains.research.kex.smt.z3.Z3Solver] - Query: (
)
2021-06-11 17:16:59.926 [DEBUG][org.jetbrains.research.kex.smt.z3.Z3Solver] - Check started
2021-06-11 17:16:59.951 [DEBUG][org.jetbrains.research.kex.smt.z3.Z3Solver] - Running z3 solver
2021-06-11 17:16:59.954 [DEBUG][org.jetbrains.research.kex.smt.z3.Z3Solver] - Solver finished
2021-06-11 17:16:59.955 [DEBUG][org.jetbrains.research.kex.smt.z3.Z3Solver] - Check finished
2021-06-11 17:16:59.956 [DEBUG][org.jetbrains.research.kex.smt.Checker] - Acquired sat
2021-06-11 17:16:59.956 [DEBUG][org.jetbrains.research.kex.reanimator.callstack.generator.GeneratorContext] - Model: Model {
	this = 2
	this.casted0 = 2
	term410 = true
	(2)<1> = 0
	type(2)<1> = 1
}
2021-06-11 17:16:59.957 [DEBUG][org.jetbrains.research.kex.reanimator.callstack.generator.AnyGenerator] - Found constructor jcc1/Adder::<init>(): void for org.jetbrains.research.kex.reanimator.callstack.generator.GeneratorContext@bdf7cea, generating arguments []
2021-06-11 17:16:59.960 [DEBUG][org.jetbrains.research.kex.reanimator.Reanimator] - Generated call stacks:
instance: term406 = jcc1/Adder()

args: term405 = new int[0]


2021-06-11 17:16:59.991 [DEBUG][org.jetbrains.research.kex.asm.analysis.testgen.MethodChecker] - Block %bb0 is covered = true
2021-06-11 17:16:59.991 [DEBUG][org.jetbrains.research.kex.asm.analysis.testgen.MethodChecker] - 
2021-06-11 17:16:59.991 [DEBUG][org.jetbrains.research.kex.asm.analysis.testgen.MethodChecker] - Checking reachability of %label.deroll0
2021-06-11 17:16:59.995 [DEBUG][org.jetbrains.research.kex.smt.Checker] - State: (
  @A arg$0.length < 1000 = true
  @A this != null
  @A arg$0 != null
  @S %0 = arg$0.length
  @A %0 >= 0 = true
  @S %9 = 0 >= %0
)
2021-06-11 17:16:59.995 [DEBUG][org.jetbrains.research.kex.smt.Checker] - Memspacing started...
2021-06-11 17:16:59.996 [DEBUG][org.jetbrains.research.kex.smt.Checker] - Memspacing finished
2021-06-11 17:16:59.997 [DEBUG][org.jetbrains.research.kex.smt.Checker] - Slicing started...
2021-06-11 17:17:00.006 [DEBUG][org.jetbrains.research.kex.smt.Checker] - State size before slicing: 6
2021-06-11 17:17:00.008 [DEBUG][org.jetbrains.research.kex.smt.Checker] - State size after slicing: 3
2021-06-11 17:17:00.018 [DEBUG][org.jetbrains.research.kex.smt.Checker] - Slicing finished
2021-06-11 17:17:00.018 [DEBUG][org.jetbrains.research.kex.smt.Checker] - Simplified state: (
  @A arg$0.length < 1000 = true
  @A this != null
  @A arg$0 != null
)
2021-06-11 17:17:00.019 [DEBUG][org.jetbrains.research.kex.smt.Checker] - Query: (
)
2021-06-11 17:17:00.019 [DEBUG][org.jetbrains.research.kex.smt.z3.Z3Solver] - Z3 solver check
2021-06-11 17:17:00.019 [DEBUG][org.jetbrains.research.kex.smt.z3.Z3Solver] - State: (
  @A arg$0.length < 1000 = true
  @A this != null
  @A arg$0 != null
)
2021-06-11 17:17:00.020 [DEBUG][org.jetbrains.research.kex.smt.z3.Z3Solver] - Query: (
)
2021-06-11 17:17:00.021 [DEBUG][org.jetbrains.research.kex.smt.z3.Z3Solver] - Check started
2021-06-11 17:17:00.032 [DEBUG][org.jetbrains.research.kex.smt.z3.Z3Solver] - Running z3 solver
2021-06-11 17:17:00.055 [DEBUG][org.jetbrains.research.kex.smt.z3.Z3Solver] - Solver finished
2021-06-11 17:17:00.056 [DEBUG][org.jetbrains.research.kex.smt.z3.Z3Solver] - Check finished
2021-06-11 17:17:00.061 [DEBUG][org.jetbrains.research.kex.smt.Checker] - Acquired sat
2021-06-11 17:17:00.062 [DEBUG][org.jetbrains.research.kex.smt.DescriptorReanimator$newArrayInstance$1] - Creating array of type int[] with size 0
2021-06-11 17:17:00.069 [DEBUG][org.jetbrains.research.kex.smt.Checker] - State: (
  @A arg$0.length < 1000 = true
  @A this != null
  @A arg$0 != null
  @S %0 = arg$0.length
  @A %0 >= 0 = true
  @S %9 = 0 >= %0
)
2021-06-11 17:17:00.070 [DEBUG][org.jetbrains.research.kex.smt.Checker] - Memspacing started...
2021-06-11 17:17:00.071 [DEBUG][org.jetbrains.research.kex.smt.Checker] - Memspacing finished
2021-06-11 17:17:00.071 [DEBUG][org.jetbrains.research.kex.smt.Checker] - Slicing started...
2021-06-11 17:17:00.073 [DEBUG][org.jetbrains.research.kex.smt.Checker] - State size before slicing: 6
2021-06-11 17:17:00.074 [DEBUG][org.jetbrains.research.kex.smt.Checker] - State size after slicing: 3
2021-06-11 17:17:00.075 [DEBUG][org.jetbrains.research.kex.smt.Checker] - Slicing finished
2021-06-11 17:17:00.075 [DEBUG][org.jetbrains.research.kex.smt.Checker] - Simplified state: (
  @A arg$0.length < 1000 = true
  @A this != null
  @A arg$0 != null
)
2021-06-11 17:17:00.075 [DEBUG][org.jetbrains.research.kex.smt.Checker] - Query: (
)
2021-06-11 17:17:00.075 [DEBUG][org.jetbrains.research.kex.smt.z3.Z3Solver] - Z3 solver check
2021-06-11 17:17:00.075 [DEBUG][org.jetbrains.research.kex.smt.z3.Z3Solver] - State: (
  @A arg$0.length < 1000 = true
  @A this != null
  @A arg$0 != null
)
2021-06-11 17:17:00.075 [DEBUG][org.jetbrains.research.kex.smt.z3.Z3Solver] - Query: (
)
2021-06-11 17:17:00.076 [DEBUG][org.jetbrains.research.kex.smt.z3.Z3Solver] - Check started
2021-06-11 17:17:00.104 [DEBUG][org.jetbrains.research.kex.smt.z3.Z3Solver] - Running z3 solver
2021-06-11 17:17:00.108 [DEBUG][org.jetbrains.research.kex.smt.z3.Z3Solver] - Solver finished
2021-06-11 17:17:00.108 [DEBUG][org.jetbrains.research.kex.smt.z3.Z3Solver] - Check finished
2021-06-11 17:17:00.112 [DEBUG][org.jetbrains.research.kex.smt.Checker] - Acquired sat
2021-06-11 17:17:00.113 [DEBUG][org.jetbrains.research.kex.smt.DescriptorReanimator$newArrayInstance$1] - Creating array of type int[] with size 0
2021-06-11 17:17:00.114 [DEBUG][org.jetbrains.research.kex.reanimator.Reanimator] - Generated descriptors:
instance: term417 = jcc1/Adder {
}

args: term416 = int[0] {
}


2021-06-11 17:17:00.114 [DEBUG][org.jetbrains.research.kex.reanimator.callstack.generator.AnyGenerator] - Generating term420 = jcc1/Adder {
}

2021-06-11 17:17:00.114 [DEBUG][org.jetbrains.research.kex.reanimator.callstack.generator.AnyGenerator] - Depth 1, stack depth 0, query size 0
2021-06-11 17:17:00.114 [DEBUG][org.jetbrains.research.kex.reanimator.callstack.generator.GeneratorContext] - Executing constructor jcc1/Adder::<init>(): void for term420 = jcc1/Adder {
}

2021-06-11 17:17:00.120 [WARN ][org.jetbrains.research.kex.state.transformer.ReflectionInfoAdapter] - Could not load kFunction for jcc1/Adder::<init>(): void
2021-06-11 17:17:00.125 [DEBUG][org.jetbrains.research.kex.smt.Checker] - State: (
  @A this != null
  @S this.casted0 = (this as java/lang/Object)
  @X term421 = this instanceof jcc1/Adder
  @X term421 = true
) -> (
  @X this != null
)
2021-06-11 17:17:00.125 [DEBUG][org.jetbrains.research.kex.smt.Checker] - Memspacing started...
2021-06-11 17:17:00.127 [DEBUG][org.jetbrains.research.kex.smt.Checker] - Memspacing finished
2021-06-11 17:17:00.127 [DEBUG][org.jetbrains.research.kex.smt.Checker] - Slicing started...
2021-06-11 17:17:00.128 [DEBUG][org.jetbrains.research.kex.smt.Checker] - State size before slicing: 5
2021-06-11 17:17:00.128 [DEBUG][org.jetbrains.research.kex.smt.Checker] - State size after slicing: 5
2021-06-11 17:17:00.128 [DEBUG][org.jetbrains.research.kex.smt.Checker] - Slicing finished
2021-06-11 17:17:00.129 [DEBUG][org.jetbrains.research.kex.smt.Checker] - Simplified state: (
  @A this != null
  @S this.casted0 = (this as java/lang/Object)
  @X term421 = this instanceof jcc1/Adder
  @X term421 = true
  @X this != null
)
2021-06-11 17:17:00.129 [DEBUG][org.jetbrains.research.kex.smt.Checker] - Query: (
)
2021-06-11 17:17:00.129 [DEBUG][org.jetbrains.research.kex.smt.z3.Z3Solver] - Z3 solver check
2021-06-11 17:17:00.129 [DEBUG][org.jetbrains.research.kex.smt.z3.Z3Solver] - State: (
  @A this != null
  @S this.casted0 = (this as java/lang/Object)
  @X term421 = this instanceof jcc1/Adder
  @X term421 = true
  @X this != null
)
2021-06-11 17:17:00.129 [DEBUG][org.jetbrains.research.kex.smt.z3.Z3Solver] - Query: (
)
2021-06-11 17:17:00.132 [DEBUG][org.jetbrains.research.kex.smt.z3.Z3Solver] - Check started
2021-06-11 17:17:00.151 [DEBUG][org.jetbrains.research.kex.smt.z3.Z3Solver] - Running z3 solver
2021-06-11 17:17:00.152 [DEBUG][org.jetbrains.research.kex.smt.z3.Z3Solver] - Solver finished
2021-06-11 17:17:00.152 [DEBUG][org.jetbrains.research.kex.smt.z3.Z3Solver] - Check finished
2021-06-11 17:17:00.156 [DEBUG][org.jetbrains.research.kex.smt.Checker] - Acquired sat
2021-06-11 17:17:00.156 [DEBUG][org.jetbrains.research.kex.reanimator.callstack.generator.GeneratorContext] - Model: Model {
	this = 2
	this.casted0 = 2
	term421 = true
	(2)<1> = 0
	type(2)<1> = 1
}
2021-06-11 17:17:00.157 [DEBUG][org.jetbrains.research.kex.reanimator.callstack.generator.AnyGenerator] - Found constructor jcc1/Adder::<init>(): void for org.jetbrains.research.kex.reanimator.callstack.generator.GeneratorContext@bdf7cea, generating arguments []
2021-06-11 17:17:00.157 [DEBUG][org.jetbrains.research.kex.reanimator.Reanimator] - Generated call stacks:
instance: term417 = jcc1/Adder()

args: term416 = new int[0]


2021-06-11 17:17:00.158 [DEBUG][org.jetbrains.research.kex.asm.analysis.testgen.MethodChecker] - Block %label.deroll0 is covered = false
2021-06-11 17:17:00.158 [DEBUG][org.jetbrains.research.kex.asm.analysis.testgen.MethodChecker] - 
2021-06-11 17:17:00.158 [DEBUG][org.jetbrains.research.kex.asm.analysis.testgen.MethodChecker] - Checking reachability of %label.deroll2
2021-06-11 17:17:00.168 [DEBUG][org.jetbrains.research.kex.smt.Checker] - State: (
  @A arg$0.length < 1000 = true
  @A this != null
  @A arg$0 != null
  @S %0 = arg$0.length
  @A %0 >= 0 = true
  @S %9 = 0 >= %0
  @P %9 = false
  @A arg$0 != null
  @S %10 = *(arg$0[0])
  @S %11 = 0 + %10
  @S %12 = 1 + 0
)
2021-06-11 17:17:00.168 [DEBUG][org.jetbrains.research.kex.smt.Checker] - Memspacing started...
2021-06-11 17:17:00.173 [DEBUG][org.jetbrains.research.kex.smt.Checker] - Memspacing finished
2021-06-11 17:17:00.173 [DEBUG][org.jetbrains.research.kex.smt.Checker] - Slicing started...
2021-06-11 17:17:00.177 [DEBUG][org.jetbrains.research.kex.smt.Checker] - State size before slicing: 11
2021-06-11 17:17:00.178 [DEBUG][org.jetbrains.research.kex.smt.Checker] - State size after slicing: 8
2021-06-11 17:17:00.179 [DEBUG][org.jetbrains.research.kex.smt.Checker] - Slicing finished
2021-06-11 17:17:00.179 [DEBUG][org.jetbrains.research.kex.smt.Checker] - Simplified state: (
  @A arg$0.length < 1000 = true
  @A this != null
  @A arg$0 != null
  @S %0 = arg$0.length
  @A %0 >= 0 = true
  @S %9 = 0 >= %0
  @P %9 = false
  @A arg$0 != null
)
2021-06-11 17:17:00.179 [DEBUG][org.jetbrains.research.kex.smt.Checker] - Query: (
  @P %9 = false
)
2021-06-11 17:17:00.179 [DEBUG][org.jetbrains.research.kex.smt.z3.Z3Solver] - Z3 solver check
2021-06-11 17:17:00.179 [DEBUG][org.jetbrains.research.kex.smt.z3.Z3Solver] - State: (
  @A arg$0.length < 1000 = true
  @A this != null
  @A arg$0 != null
  @S %0 = arg$0.length
  @A %0 >= 0 = true
  @S %9 = 0 >= %0
  @P %9 = false
  @A arg$0 != null
)
2021-06-11 17:17:00.179 [DEBUG][org.jetbrains.research.kex.smt.z3.Z3Solver] - Query: (
  @P %9 = false
)
2021-06-11 17:17:00.183 [DEBUG][org.jetbrains.research.kex.smt.z3.Z3Solver] - Check started
2021-06-11 17:17:00.201 [DEBUG][org.jetbrains.research.kex.smt.z3.Z3Solver] - Running z3 solver
2021-06-11 17:17:00.202 [DEBUG][org.jetbrains.research.kex.smt.z3.Z3Solver] - Solver finished
2021-06-11 17:17:00.203 [DEBUG][org.jetbrains.research.kex.smt.z3.Z3Solver] - Check finished
2021-06-11 17:17:00.212 [DEBUG][org.jetbrains.research.kex.smt.Checker] - Acquired sat
2021-06-11 17:17:00.214 [DEBUG][org.jetbrains.research.kex.smt.DescriptorReanimator$newArrayInstance$1] - Creating array of type int[] with size 2
2021-06-11 17:17:00.226 [DEBUG][org.jetbrains.research.kex.smt.Checker] - State: (
  @A arg$0.length < 1000 = true
  @A this != null
  @A arg$0 != null
  @S %0 = arg$0.length
  @A %0 >= 0 = true
  @S %9 = 0 >= %0
  @P %9 = false
  @A arg$0 != null
  @S %10 = *(arg$0[0])
  @S %11 = 0 + %10
  @S %12 = 1 + 0
)
2021-06-11 17:17:00.226 [DEBUG][org.jetbrains.research.kex.smt.Checker] - Memspacing started...
2021-06-11 17:17:00.228 [DEBUG][org.jetbrains.research.kex.smt.Checker] - Memspacing finished
2021-06-11 17:17:00.228 [DEBUG][org.jetbrains.research.kex.smt.Checker] - Slicing started...
2021-06-11 17:17:00.232 [DEBUG][org.jetbrains.research.kex.smt.Checker] - State size before slicing: 11
2021-06-11 17:17:00.235 [DEBUG][org.jetbrains.research.kex.smt.Checker] - State size after slicing: 8
2021-06-11 17:17:00.235 [DEBUG][org.jetbrains.research.kex.smt.Checker] - Slicing finished
2021-06-11 17:17:00.237 [DEBUG][org.jetbrains.research.kex.smt.Checker] - Simplified state: (
  @A arg$0.length < 1000 = true
  @A this != null
  @A arg$0 != null
  @S %0 = arg$0.length
  @A %0 >= 0 = true
  @S %9 = 0 >= %0
  @P %9 = false
  @A arg$0 != null
)
2021-06-11 17:17:00.237 [DEBUG][org.jetbrains.research.kex.smt.Checker] - Query: (
  @P %9 = false
)
2021-06-11 17:17:00.238 [DEBUG][org.jetbrains.research.kex.smt.z3.Z3Solver] - Z3 solver check
2021-06-11 17:17:00.238 [DEBUG][org.jetbrains.research.kex.smt.z3.Z3Solver] - State: (
  @A arg$0.length < 1000 = true
  @A this != null
  @A arg$0 != null
  @S %0 = arg$0.length
  @A %0 >= 0 = true
  @S %9 = 0 >= %0
  @P %9 = false
  @A arg$0 != null
)
2021-06-11 17:17:00.238 [DEBUG][org.jetbrains.research.kex.smt.z3.Z3Solver] - Query: (
  @P %9 = false
)
2021-06-11 17:17:00.241 [DEBUG][org.jetbrains.research.kex.smt.z3.Z3Solver] - Check started
2021-06-11 17:17:00.260 [DEBUG][org.jetbrains.research.kex.smt.z3.Z3Solver] - Running z3 solver
2021-06-11 17:17:00.263 [DEBUG][org.jetbrains.research.kex.smt.z3.Z3Solver] - Solver finished
2021-06-11 17:17:00.263 [DEBUG][org.jetbrains.research.kex.smt.z3.Z3Solver] - Check finished
2021-06-11 17:17:00.273 [DEBUG][org.jetbrains.research.kex.smt.Checker] - Acquired sat
2021-06-11 17:17:00.274 [DEBUG][org.jetbrains.research.kex.smt.DescriptorReanimator$newArrayInstance$1] - Creating array of type int[] with size 2
2021-06-11 17:17:00.275 [DEBUG][org.jetbrains.research.kex.reanimator.Reanimator] - Generated descriptors:
instance: term428 = jcc1/Adder {
}

args: term427 = int[2] {
}


2021-06-11 17:17:00.275 [DEBUG][org.jetbrains.research.kex.reanimator.callstack.generator.AnyGenerator] - Generating term431 = jcc1/Adder {
}

2021-06-11 17:17:00.275 [DEBUG][org.jetbrains.research.kex.reanimator.callstack.generator.AnyGenerator] - Depth 1, stack depth 0, query size 0
2021-06-11 17:17:00.276 [DEBUG][org.jetbrains.research.kex.reanimator.callstack.generator.GeneratorContext] - Executing constructor jcc1/Adder::<init>(): void for term431 = jcc1/Adder {
}

2021-06-11 17:17:00.285 [WARN ][org.jetbrains.research.kex.state.transformer.ReflectionInfoAdapter] - Could not load kFunction for jcc1/Adder::<init>(): void
2021-06-11 17:17:00.289 [DEBUG][org.jetbrains.research.kex.smt.Checker] - State: (
  @A this != null
  @S this.casted0 = (this as java/lang/Object)
  @X term432 = this instanceof jcc1/Adder
  @X term432 = true
) -> (
  @X this != null
)
2021-06-11 17:17:00.289 [DEBUG][org.jetbrains.research.kex.smt.Checker] - Memspacing started...
2021-06-11 17:17:00.290 [DEBUG][org.jetbrains.research.kex.smt.Checker] - Memspacing finished
2021-06-11 17:17:00.290 [DEBUG][org.jetbrains.research.kex.smt.Checker] - Slicing started...
2021-06-11 17:17:00.291 [DEBUG][org.jetbrains.research.kex.smt.Checker] - State size before slicing: 5
2021-06-11 17:17:00.292 [DEBUG][org.jetbrains.research.kex.smt.Checker] - State size after slicing: 5
2021-06-11 17:17:00.292 [DEBUG][org.jetbrains.research.kex.smt.Checker] - Slicing finished
2021-06-11 17:17:00.293 [DEBUG][org.jetbrains.research.kex.smt.Checker] - Simplified state: (
  @A this != null
  @S this.casted0 = (this as java/lang/Object)
  @X term432 = this instanceof jcc1/Adder
  @X term432 = true
  @X this != null
)
2021-06-11 17:17:00.293 [DEBUG][org.jetbrains.research.kex.smt.Checker] - Query: (
)
2021-06-11 17:17:00.294 [DEBUG][org.jetbrains.research.kex.smt.z3.Z3Solver] - Z3 solver check
2021-06-11 17:17:00.294 [DEBUG][org.jetbrains.research.kex.smt.z3.Z3Solver] - State: (
  @A this != null
  @S this.casted0 = (this as java/lang/Object)
  @X term432 = this instanceof jcc1/Adder
  @X term432 = true
  @X this != null
)
2021-06-11 17:17:00.294 [DEBUG][org.jetbrains.research.kex.smt.z3.Z3Solver] - Query: (
)
2021-06-11 17:17:00.303 [DEBUG][org.jetbrains.research.kex.smt.z3.Z3Solver] - Check started
2021-06-11 17:17:00.331 [DEBUG][org.jetbrains.research.kex.smt.z3.Z3Solver] - Running z3 solver
2021-06-11 17:17:00.335 [DEBUG][org.jetbrains.research.kex.smt.z3.Z3Solver] - Solver finished
2021-06-11 17:17:00.335 [DEBUG][org.jetbrains.research.kex.smt.z3.Z3Solver] - Check finished
2021-06-11 17:17:00.349 [DEBUG][org.jetbrains.research.kex.smt.Checker] - Acquired sat
2021-06-11 17:17:00.349 [DEBUG][org.jetbrains.research.kex.reanimator.callstack.generator.GeneratorContext] - Model: Model {
	this = 2
	this.casted0 = 2
	term432 = true
	(2)<1> = 0
	type(2)<1> = 1
}
2021-06-11 17:17:00.350 [DEBUG][org.jetbrains.research.kex.reanimator.callstack.generator.AnyGenerator] - Found constructor jcc1/Adder::<init>(): void for org.jetbrains.research.kex.reanimator.callstack.generator.GeneratorContext@bdf7cea, generating arguments []
2021-06-11 17:17:00.350 [DEBUG][org.jetbrains.research.kex.reanimator.Reanimator] - Generated call stacks:
instance: term428 = jcc1/Adder()

args: term427 = new int[2]


2021-06-11 17:17:00.363 [DEBUG][org.jetbrains.research.kex.asm.analysis.testgen.MethodChecker] - Block %label.deroll2 is covered = false
2021-06-11 17:17:00.364 [DEBUG][org.jetbrains.research.kex.asm.analysis.testgen.MethodChecker] - 
2021-06-11 17:17:00.364 [DEBUG][org.jetbrains.research.kex.asm.analysis.testgen.MethodChecker] - Checking reachability of %label.deroll3
2021-06-11 17:17:00.369 [DEBUG][org.jetbrains.research.kex.smt.Checker] - State: (
  @A arg$0.length < 1000 = true
  @A this != null
  @A arg$0 != null
  @S %0 = arg$0.length
  @A %0 >= 0 = true
  @S %9 = 0 >= %0
  @P %9 = false
  @A arg$0 != null
  @S %10 = *(arg$0[0])
  @S %11 = 0 + %10
  @S %12 = 1 + 0
  @S %15 = %12 >= %0
)
2021-06-11 17:17:00.369 [DEBUG][org.jetbrains.research.kex.smt.Checker] - Memspacing started...
2021-06-11 17:17:00.370 [DEBUG][org.jetbrains.research.kex.smt.Checker] - Memspacing finished
2021-06-11 17:17:00.370 [DEBUG][org.jetbrains.research.kex.smt.Checker] - Slicing started...
2021-06-11 17:17:00.373 [DEBUG][org.jetbrains.research.kex.smt.Checker] - State size before slicing: 12
2021-06-11 17:17:00.376 [DEBUG][org.jetbrains.research.kex.smt.Checker] - State size after slicing: 8
2021-06-11 17:17:00.376 [DEBUG][org.jetbrains.research.kex.smt.Checker] - Slicing finished
2021-06-11 17:17:00.377 [DEBUG][org.jetbrains.research.kex.smt.Checker] - Simplified state: (
  @A arg$0.length < 1000 = true
  @A this != null
  @A arg$0 != null
  @S %0 = arg$0.length
  @A %0 >= 0 = true
  @S %9 = 0 >= %0
  @P %9 = false
  @A arg$0 != null
)
2021-06-11 17:17:00.377 [DEBUG][org.jetbrains.research.kex.smt.Checker] - Query: (
  @P %9 = false
)
2021-06-11 17:17:00.377 [DEBUG][org.jetbrains.research.kex.smt.z3.Z3Solver] - Z3 solver check
2021-06-11 17:17:00.377 [DEBUG][org.jetbrains.research.kex.smt.z3.Z3Solver] - State: (
  @A arg$0.length < 1000 = true
  @A this != null
  @A arg$0 != null
  @S %0 = arg$0.length
  @A %0 >= 0 = true
  @S %9 = 0 >= %0
  @P %9 = false
  @A arg$0 != null
)
2021-06-11 17:17:00.377 [DEBUG][org.jetbrains.research.kex.smt.z3.Z3Solver] - Query: (
  @P %9 = false
)
2021-06-11 17:17:00.386 [DEBUG][org.jetbrains.research.kex.smt.z3.Z3Solver] - Check started
2021-06-11 17:17:00.400 [DEBUG][org.jetbrains.research.kex.smt.z3.Z3Solver] - Running z3 solver
2021-06-11 17:17:00.403 [DEBUG][org.jetbrains.research.kex.smt.z3.Z3Solver] - Solver finished
2021-06-11 17:17:00.403 [DEBUG][org.jetbrains.research.kex.smt.z3.Z3Solver] - Check finished
2021-06-11 17:17:00.408 [DEBUG][org.jetbrains.research.kex.smt.Checker] - Acquired sat
2021-06-11 17:17:00.408 [DEBUG][org.jetbrains.research.kex.smt.DescriptorReanimator$newArrayInstance$1] - Creating array of type int[] with size 2
2021-06-11 17:17:00.422 [DEBUG][org.jetbrains.research.kex.smt.Checker] - State: (
  @A arg$0.length < 1000 = true
  @A this != null
  @A arg$0 != null
  @S %0 = arg$0.length
  @A %0 >= 0 = true
  @S %9 = 0 >= %0
  @P %9 = false
  @A arg$0 != null
  @S %10 = *(arg$0[0])
  @S %11 = 0 + %10
  @S %12 = 1 + 0
  @S %15 = %12 >= %0
)
2021-06-11 17:17:00.422 [DEBUG][org.jetbrains.research.kex.smt.Checker] - Memspacing started...
2021-06-11 17:17:00.424 [DEBUG][org.jetbrains.research.kex.smt.Checker] - Memspacing finished
2021-06-11 17:17:00.425 [DEBUG][org.jetbrains.research.kex.smt.Checker] - Slicing started...
2021-06-11 17:17:00.427 [DEBUG][org.jetbrains.research.kex.smt.Checker] - State size before slicing: 12
2021-06-11 17:17:00.428 [DEBUG][org.jetbrains.research.kex.smt.Checker] - State size after slicing: 8
2021-06-11 17:17:00.429 [DEBUG][org.jetbrains.research.kex.smt.Checker] - Slicing finished
2021-06-11 17:17:00.429 [DEBUG][org.jetbrains.research.kex.smt.Checker] - Simplified state: (
  @A arg$0.length < 1000 = true
  @A this != null
  @A arg$0 != null
  @S %0 = arg$0.length
  @A %0 >= 0 = true
  @S %9 = 0 >= %0
  @P %9 = false
  @A arg$0 != null
)
2021-06-11 17:17:00.429 [DEBUG][org.jetbrains.research.kex.smt.Checker] - Query: (
  @P %9 = false
)
2021-06-11 17:17:00.430 [DEBUG][org.jetbrains.research.kex.smt.z3.Z3Solver] - Z3 solver check
2021-06-11 17:17:00.430 [DEBUG][org.jetbrains.research.kex.smt.z3.Z3Solver] - State: (
  @A arg$0.length < 1000 = true
  @A this != null
  @A arg$0 != null
  @S %0 = arg$0.length
  @A %0 >= 0 = true
  @S %9 = 0 >= %0
  @P %9 = false
  @A arg$0 != null
)
2021-06-11 17:17:00.430 [DEBUG][org.jetbrains.research.kex.smt.z3.Z3Solver] - Query: (
  @P %9 = false
)
2021-06-11 17:17:00.434 [DEBUG][org.jetbrains.research.kex.smt.z3.Z3Solver] - Check started
2021-06-11 17:17:00.444 [DEBUG][org.jetbrains.research.kex.smt.z3.Z3Solver] - Running z3 solver
2021-06-11 17:17:00.446 [DEBUG][org.jetbrains.research.kex.smt.z3.Z3Solver] - Solver finished
2021-06-11 17:17:00.446 [DEBUG][org.jetbrains.research.kex.smt.z3.Z3Solver] - Check finished
2021-06-11 17:17:00.453 [DEBUG][org.jetbrains.research.kex.smt.Checker] - Acquired sat
2021-06-11 17:17:00.454 [DEBUG][org.jetbrains.research.kex.smt.DescriptorReanimator$newArrayInstance$1] - Creating array of type int[] with size 2
2021-06-11 17:17:00.454 [DEBUG][org.jetbrains.research.kex.reanimator.Reanimator] - Generated descriptors:
instance: term439 = jcc1/Adder {
}

args: term438 = int[2] {
}


2021-06-11 17:17:00.455 [DEBUG][org.jetbrains.research.kex.reanimator.callstack.generator.AnyGenerator] - Generating term442 = jcc1/Adder {
}

2021-06-11 17:17:00.455 [DEBUG][org.jetbrains.research.kex.reanimator.callstack.generator.AnyGenerator] - Depth 1, stack depth 0, query size 0
2021-06-11 17:17:00.455 [DEBUG][org.jetbrains.research.kex.reanimator.callstack.generator.GeneratorContext] - Executing constructor jcc1/Adder::<init>(): void for term442 = jcc1/Adder {
}

2021-06-11 17:17:00.459 [WARN ][org.jetbrains.research.kex.state.transformer.ReflectionInfoAdapter] - Could not load kFunction for jcc1/Adder::<init>(): void
2021-06-11 17:17:00.462 [DEBUG][org.jetbrains.research.kex.smt.Checker] - State: (
  @A this != null
  @S this.casted0 = (this as java/lang/Object)
  @X term443 = this instanceof jcc1/Adder
  @X term443 = true
) -> (
  @X this != null
)
2021-06-11 17:17:00.462 [DEBUG][org.jetbrains.research.kex.smt.Checker] - Memspacing started...
2021-06-11 17:17:00.462 [DEBUG][org.jetbrains.research.kex.smt.Checker] - Memspacing finished
2021-06-11 17:17:00.462 [DEBUG][org.jetbrains.research.kex.smt.Checker] - Slicing started...
2021-06-11 17:17:00.463 [DEBUG][org.jetbrains.research.kex.smt.Checker] - State size before slicing: 5
2021-06-11 17:17:00.463 [DEBUG][org.jetbrains.research.kex.smt.Checker] - State size after slicing: 5
2021-06-11 17:17:00.463 [DEBUG][org.jetbrains.research.kex.smt.Checker] - Slicing finished
2021-06-11 17:17:00.464 [DEBUG][org.jetbrains.research.kex.smt.Checker] - Simplified state: (
  @A this != null
  @S this.casted0 = (this as java/lang/Object)
  @X term443 = this instanceof jcc1/Adder
  @X term443 = true
  @X this != null
)
2021-06-11 17:17:00.464 [DEBUG][org.jetbrains.research.kex.smt.Checker] - Query: (
)
2021-06-11 17:17:00.465 [DEBUG][org.jetbrains.research.kex.smt.z3.Z3Solver] - Z3 solver check
2021-06-11 17:17:00.466 [DEBUG][org.jetbrains.research.kex.smt.z3.Z3Solver] - State: (
  @A this != null
  @S this.casted0 = (this as java/lang/Object)
  @X term443 = this instanceof jcc1/Adder
  @X term443 = true
  @X this != null
)
2021-06-11 17:17:00.466 [DEBUG][org.jetbrains.research.kex.smt.z3.Z3Solver] - Query: (
)
2021-06-11 17:17:00.468 [DEBUG][org.jetbrains.research.kex.smt.z3.Z3Solver] - Check started
2021-06-11 17:17:00.481 [DEBUG][org.jetbrains.research.kex.smt.z3.Z3Solver] - Running z3 solver
2021-06-11 17:17:00.485 [DEBUG][org.jetbrains.research.kex.smt.z3.Z3Solver] - Solver finished
2021-06-11 17:17:00.485 [DEBUG][org.jetbrains.research.kex.smt.z3.Z3Solver] - Check finished
2021-06-11 17:17:00.489 [DEBUG][org.jetbrains.research.kex.smt.Checker] - Acquired sat
2021-06-11 17:17:00.490 [DEBUG][org.jetbrains.research.kex.reanimator.callstack.generator.GeneratorContext] - Model: Model {
	this = 2
	this.casted0 = 2
	term443 = true
	(2)<1> = 0
	type(2)<1> = 1
}
2021-06-11 17:17:00.491 [DEBUG][org.jetbrains.research.kex.reanimator.callstack.generator.AnyGenerator] - Found constructor jcc1/Adder::<init>(): void for org.jetbrains.research.kex.reanimator.callstack.generator.GeneratorContext@bdf7cea, generating arguments []
2021-06-11 17:17:00.491 [DEBUG][org.jetbrains.research.kex.reanimator.Reanimator] - Generated call stacks:
instance: term439 = jcc1/Adder()

args: term438 = new int[2]


2021-06-11 17:17:00.492 [DEBUG][org.jetbrains.research.kex.asm.analysis.testgen.MethodChecker] - Block %label.deroll3 is covered = false
2021-06-11 17:17:00.492 [DEBUG][org.jetbrains.research.kex.asm.analysis.testgen.MethodChecker] - 
2021-06-11 17:17:00.493 [DEBUG][org.jetbrains.research.kex.asm.analysis.testgen.MethodChecker] - Checking method jcc1/Adder::addConst(int, int[]): void
2021-06-11 17:17:00.493 [DEBUG][org.jetbrains.research.kex.asm.analysis.testgen.MethodChecker] - jcc1/Adder::addConst(int, int[]): void
%entry0: 	//predecessors 
	goto %bb0

%bb0: 	//predecessors %entry0
	goto %label.deroll0

%label.deroll0: 	//predecessors %bb0
	%7 = arg$1.length
	goto %bb.deroll0

%bb.deroll0: 	//predecessors %label.deroll0
	%8 = (0 >= %7)
	if (%8) goto %branch0 else %if.else.deroll0

%if.else.deroll0: 	//predecessors %bb.deroll0
	%9 = arg$1[0]
	goto %bb.deroll1

%bb.deroll1: 	//predecessors %if.else.deroll0
	%10 = %9 + arg$0
	arg$1[0] = %10
	goto %bb.deroll2

%bb.deroll2: 	//predecessors %bb.deroll1
	%11 = 1 + 0
	goto %label.deroll1

%label.deroll1: 	//predecessors %bb.deroll2
	%13 = arg$1.length
	goto %bb.deroll3

%bb.deroll3: 	//predecessors %label.deroll1
	%14 = (%11 >= %13)
	if (%14) goto %if.then0 else %unreachable0

%if.then0: 	//predecessors %bb.deroll3, %branch0
	return

%unreachable0: 	//predecessors %bb.deroll3
	unreachable

%branch0: 	//predecessors %bb.deroll0
	goto %if.then0
2021-06-11 17:17:00.493 [DEBUG][org.jetbrains.research.kex.asm.analysis.testgen.MethodChecker] - 
2021-06-11 17:17:00.493 [DEBUG][org.jetbrains.research.kex.asm.analysis.testgen.MethodChecker] - Checking reachability of %label.deroll0
2021-06-11 17:17:00.500 [DEBUG][org.jetbrains.research.kex.smt.Checker] - State: (
  @A arg$1.length < 1000 = true
  @A this != null
  @A arg$1 != null
  @S %7 = arg$1.length
  @A %7 >= 0 = true
)
2021-06-11 17:17:00.501 [DEBUG][org.jetbrains.research.kex.smt.Checker] - Memspacing started...
2021-06-11 17:17:00.501 [DEBUG][org.jetbrains.research.kex.smt.Checker] - Memspacing finished
2021-06-11 17:17:00.501 [DEBUG][org.jetbrains.research.kex.smt.Checker] - Slicing started...
2021-06-11 17:17:00.502 [DEBUG][org.jetbrains.research.kex.smt.Checker] - State size before slicing: 5
2021-06-11 17:17:00.503 [DEBUG][org.jetbrains.research.kex.smt.Checker] - State size after slicing: 3
2021-06-11 17:17:00.503 [DEBUG][org.jetbrains.research.kex.smt.Checker] - Slicing finished
2021-06-11 17:17:00.504 [DEBUG][org.jetbrains.research.kex.smt.Checker] - Simplified state: (
  @A arg$1.length < 1000 = true
  @A this != null
  @A arg$1 != null
)
2021-06-11 17:17:00.504 [DEBUG][org.jetbrains.research.kex.smt.Checker] - Query: (
)
2021-06-11 17:17:00.505 [DEBUG][org.jetbrains.research.kex.smt.z3.Z3Solver] - Z3 solver check
2021-06-11 17:17:00.505 [DEBUG][org.jetbrains.research.kex.smt.z3.Z3Solver] - State: (
  @A arg$1.length < 1000 = true
  @A this != null
  @A arg$1 != null
)
2021-06-11 17:17:00.505 [DEBUG][org.jetbrains.research.kex.smt.z3.Z3Solver] - Query: (
)
2021-06-11 17:17:00.507 [DEBUG][org.jetbrains.research.kex.smt.z3.Z3Solver] - Check started
2021-06-11 17:17:00.543 [DEBUG][org.jetbrains.research.kex.smt.z3.Z3Solver] - Running z3 solver
2021-06-11 17:17:00.550 [DEBUG][org.jetbrains.research.kex.smt.z3.Z3Solver] - Solver finished
2021-06-11 17:17:00.554 [DEBUG][org.jetbrains.research.kex.smt.z3.Z3Solver] - Check finished
2021-06-11 17:17:00.555 [DEBUG][org.jetbrains.research.kex.smt.Checker] - Acquired sat
2021-06-11 17:17:00.559 [DEBUG][org.jetbrains.research.kex.smt.DescriptorReanimator$newArrayInstance$1] - Creating array of type int[] with size 0
2021-06-11 17:17:00.569 [DEBUG][org.jetbrains.research.kex.smt.Checker] - State: (
  @A arg$1.length < 1000 = true
  @A this != null
  @A arg$1 != null
  @S %7 = arg$1.length
  @A %7 >= 0 = true
)
2021-06-11 17:17:00.569 [DEBUG][org.jetbrains.research.kex.smt.Checker] - Memspacing started...
2021-06-11 17:17:00.570 [DEBUG][org.jetbrains.research.kex.smt.Checker] - Memspacing finished
2021-06-11 17:17:00.574 [DEBUG][org.jetbrains.research.kex.smt.Checker] - Slicing started...
2021-06-11 17:17:00.574 [DEBUG][org.jetbrains.research.kex.smt.Checker] - State size before slicing: 5
2021-06-11 17:17:00.577 [DEBUG][org.jetbrains.research.kex.smt.Checker] - State size after slicing: 3
2021-06-11 17:17:00.578 [DEBUG][org.jetbrains.research.kex.smt.Checker] - Slicing finished
2021-06-11 17:17:00.578 [DEBUG][org.jetbrains.research.kex.smt.Checker] - Simplified state: (
  @A arg$1.length < 1000 = true
  @A this != null
  @A arg$1 != null
)
2021-06-11 17:17:00.578 [DEBUG][org.jetbrains.research.kex.smt.Checker] - Query: (
)
2021-06-11 17:17:00.579 [DEBUG][org.jetbrains.research.kex.smt.z3.Z3Solver] - Z3 solver check
2021-06-11 17:17:00.579 [DEBUG][org.jetbrains.research.kex.smt.z3.Z3Solver] - State: (
  @A arg$1.length < 1000 = true
  @A this != null
  @A arg$1 != null
)
2021-06-11 17:17:00.579 [DEBUG][org.jetbrains.research.kex.smt.z3.Z3Solver] - Query: (
)
2021-06-11 17:17:00.586 [DEBUG][org.jetbrains.research.kex.smt.z3.Z3Solver] - Check started
2021-06-11 17:17:00.599 [DEBUG][org.jetbrains.research.kex.smt.z3.Z3Solver] - Running z3 solver
2021-06-11 17:17:00.615 [DEBUG][org.jetbrains.research.kex.smt.z3.Z3Solver] - Solver finished
2021-06-11 17:17:00.615 [DEBUG][org.jetbrains.research.kex.smt.z3.Z3Solver] - Check finished
2021-06-11 17:17:00.619 [DEBUG][org.jetbrains.research.kex.smt.Checker] - Acquired sat
2021-06-11 17:17:00.620 [DEBUG][org.jetbrains.research.kex.smt.DescriptorReanimator$newArrayInstance$1] - Creating array of type int[] with size 0
2021-06-11 17:17:00.620 [DEBUG][org.jetbrains.research.kex.reanimator.Reanimator] - Generated descriptors:
instance: term450 = jcc1/Adder {
}

args: 0
term449 = int[0] {
}


2021-06-11 17:17:00.621 [DEBUG][org.jetbrains.research.kex.reanimator.callstack.generator.AnyGenerator] - Generating term453 = jcc1/Adder {
}

2021-06-11 17:17:00.621 [DEBUG][org.jetbrains.research.kex.reanimator.callstack.generator.AnyGenerator] - Depth 1, stack depth 0, query size 0
2021-06-11 17:17:00.621 [DEBUG][org.jetbrains.research.kex.reanimator.callstack.generator.GeneratorContext] - Executing constructor jcc1/Adder::<init>(): void for term453 = jcc1/Adder {
}

2021-06-11 17:17:00.627 [WARN ][org.jetbrains.research.kex.state.transformer.ReflectionInfoAdapter] - Could not load kFunction for jcc1/Adder::<init>(): void
2021-06-11 17:17:00.630 [DEBUG][org.jetbrains.research.kex.smt.Checker] - State: (
  @A this != null
  @S this.casted0 = (this as java/lang/Object)
  @X term454 = this instanceof jcc1/Adder
  @X term454 = true
) -> (
  @X this != null
)
2021-06-11 17:17:00.631 [DEBUG][org.jetbrains.research.kex.smt.Checker] - Memspacing started...
2021-06-11 17:17:00.638 [DEBUG][org.jetbrains.research.kex.smt.Checker] - Memspacing finished
2021-06-11 17:17:00.638 [DEBUG][org.jetbrains.research.kex.smt.Checker] - Slicing started...
2021-06-11 17:17:00.639 [DEBUG][org.jetbrains.research.kex.smt.Checker] - State size before slicing: 5
2021-06-11 17:17:00.640 [DEBUG][org.jetbrains.research.kex.smt.Checker] - State size after slicing: 5
2021-06-11 17:17:00.640 [DEBUG][org.jetbrains.research.kex.smt.Checker] - Slicing finished
2021-06-11 17:17:00.640 [DEBUG][org.jetbrains.research.kex.smt.Checker] - Simplified state: (
  @A this != null
  @S this.casted0 = (this as java/lang/Object)
  @X term454 = this instanceof jcc1/Adder
  @X term454 = true
  @X this != null
)
2021-06-11 17:17:00.640 [DEBUG][org.jetbrains.research.kex.smt.Checker] - Query: (
)
2021-06-11 17:17:00.641 [DEBUG][org.jetbrains.research.kex.smt.z3.Z3Solver] - Z3 solver check
2021-06-11 17:17:00.641 [DEBUG][org.jetbrains.research.kex.smt.z3.Z3Solver] - State: (
  @A this != null
  @S this.casted0 = (this as java/lang/Object)
  @X term454 = this instanceof jcc1/Adder
  @X term454 = true
  @X this != null
)
2021-06-11 17:17:00.641 [DEBUG][org.jetbrains.research.kex.smt.z3.Z3Solver] - Query: (
)
2021-06-11 17:17:00.647 [DEBUG][org.jetbrains.research.kex.smt.z3.Z3Solver] - Check started
2021-06-11 17:17:00.673 [DEBUG][org.jetbrains.research.kex.smt.z3.Z3Solver] - Running z3 solver
2021-06-11 17:17:00.683 [DEBUG][org.jetbrains.research.kex.smt.z3.Z3Solver] - Solver finished
2021-06-11 17:17:00.683 [DEBUG][org.jetbrains.research.kex.smt.z3.Z3Solver] - Check finished
2021-06-11 17:17:00.690 [DEBUG][org.jetbrains.research.kex.smt.Checker] - Acquired sat
2021-06-11 17:17:00.690 [DEBUG][org.jetbrains.research.kex.reanimator.callstack.generator.GeneratorContext] - Model: Model {
	this = 2
	this.casted0 = 2
	term454 = true
	(2)<1> = 0
	type(2)<1> = 1
}
2021-06-11 17:17:00.691 [DEBUG][org.jetbrains.research.kex.reanimator.callstack.generator.AnyGenerator] - Found constructor jcc1/Adder::<init>(): void for org.jetbrains.research.kex.reanimator.callstack.generator.GeneratorContext@6e2eed49, generating arguments []
2021-06-11 17:17:00.694 [DEBUG][org.jetbrains.research.kex.reanimator.Reanimator] - Generated call stacks:
instance: term450 = jcc1/Adder()

args: 0
term449 = new int[0]


2021-06-11 17:17:00.695 [DEBUG][org.jetbrains.research.kex.asm.analysis.testgen.MethodChecker] - Block %label.deroll0 is covered = false
2021-06-11 17:17:00.695 [DEBUG][org.jetbrains.research.kex.asm.analysis.testgen.MethodChecker] - 
2021-06-11 17:17:00.695 [DEBUG][org.jetbrains.research.kex.asm.analysis.testgen.MethodChecker] - Checking reachability of %bb.deroll0
2021-06-11 17:17:00.697 [DEBUG][org.jetbrains.research.kex.smt.Checker] - State: (
  @A arg$1.length < 1000 = true
  @A this != null
  @A arg$1 != null
  @S %7 = arg$1.length
  @A %7 >= 0 = true
  @S %8 = 0 >= %7
)
2021-06-11 17:17:00.697 [DEBUG][org.jetbrains.research.kex.smt.Checker] - Memspacing started...
2021-06-11 17:17:00.697 [DEBUG][org.jetbrains.research.kex.smt.Checker] - Memspacing finished
2021-06-11 17:17:00.697 [DEBUG][org.jetbrains.research.kex.smt.Checker] - Slicing started...
2021-06-11 17:17:00.697 [DEBUG][org.jetbrains.research.kex.smt.Checker] - State size before slicing: 6
2021-06-11 17:17:00.697 [DEBUG][org.jetbrains.research.kex.smt.Checker] - State size after slicing: 3
2021-06-11 17:17:00.697 [DEBUG][org.jetbrains.research.kex.smt.Checker] - Slicing finished
2021-06-11 17:17:00.697 [DEBUG][org.jetbrains.research.kex.smt.Checker] - Simplified state: (
  @A arg$1.length < 1000 = true
  @A this != null
  @A arg$1 != null
)
2021-06-11 17:17:00.697 [DEBUG][org.jetbrains.research.kex.smt.Checker] - Query: (
)
2021-06-11 17:17:00.698 [DEBUG][org.jetbrains.research.kex.smt.z3.Z3Solver] - Z3 solver check
2021-06-11 17:17:00.698 [DEBUG][org.jetbrains.research.kex.smt.z3.Z3Solver] - State: (
  @A arg$1.length < 1000 = true
  @A this != null
  @A arg$1 != null
)
2021-06-11 17:17:00.698 [DEBUG][org.jetbrains.research.kex.smt.z3.Z3Solver] - Query: (
)
2021-06-11 17:17:00.698 [DEBUG][org.jetbrains.research.kex.smt.z3.Z3Solver] - Check started
2021-06-11 17:17:00.713 [DEBUG][org.jetbrains.research.kex.smt.z3.Z3Solver] - Running z3 solver
2021-06-11 17:17:00.714 [DEBUG][org.jetbrains.research.kex.smt.z3.Z3Solver] - Solver finished
2021-06-11 17:17:00.714 [DEBUG][org.jetbrains.research.kex.smt.z3.Z3Solver] - Check finished
2021-06-11 17:17:00.725 [DEBUG][org.jetbrains.research.kex.smt.Checker] - Acquired sat
2021-06-11 17:17:00.727 [DEBUG][org.jetbrains.research.kex.smt.DescriptorReanimator$newArrayInstance$1] - Creating array of type int[] with size 0
2021-06-11 17:17:00.732 [DEBUG][org.jetbrains.research.kex.smt.Checker] - State: (
  @A arg$1.length < 1000 = true
  @A this != null
  @A arg$1 != null
  @S %7 = arg$1.length
  @A %7 >= 0 = true
  @S %8 = 0 >= %7
)
2021-06-11 17:17:00.732 [DEBUG][org.jetbrains.research.kex.smt.Checker] - Memspacing started...
2021-06-11 17:17:00.734 [DEBUG][org.jetbrains.research.kex.smt.Checker] - Memspacing finished
2021-06-11 17:17:00.735 [DEBUG][org.jetbrains.research.kex.smt.Checker] - Slicing started...
2021-06-11 17:17:00.735 [DEBUG][org.jetbrains.research.kex.smt.Checker] - State size before slicing: 6
2021-06-11 17:17:00.736 [DEBUG][org.jetbrains.research.kex.smt.Checker] - State size after slicing: 3
2021-06-11 17:17:00.736 [DEBUG][org.jetbrains.research.kex.smt.Checker] - Slicing finished
2021-06-11 17:17:00.736 [DEBUG][org.jetbrains.research.kex.smt.Checker] - Simplified state: (
  @A arg$1.length < 1000 = true
  @A this != null
  @A arg$1 != null
)
2021-06-11 17:17:00.736 [DEBUG][org.jetbrains.research.kex.smt.Checker] - Query: (
)
2021-06-11 17:17:00.737 [DEBUG][org.jetbrains.research.kex.smt.z3.Z3Solver] - Z3 solver check
2021-06-11 17:17:00.737 [DEBUG][org.jetbrains.research.kex.smt.z3.Z3Solver] - State: (
  @A arg$1.length < 1000 = true
  @A this != null
  @A arg$1 != null
)
2021-06-11 17:17:00.737 [DEBUG][org.jetbrains.research.kex.smt.z3.Z3Solver] - Query: (
)
2021-06-11 17:17:00.740 [DEBUG][org.jetbrains.research.kex.smt.z3.Z3Solver] - Check started
2021-06-11 17:17:00.745 [DEBUG][org.jetbrains.research.kex.smt.z3.Z3Solver] - Running z3 solver
2021-06-11 17:17:00.751 [DEBUG][org.jetbrains.research.kex.smt.z3.Z3Solver] - Solver finished
2021-06-11 17:17:00.751 [DEBUG][org.jetbrains.research.kex.smt.z3.Z3Solver] - Check finished
2021-06-11 17:17:00.753 [DEBUG][org.jetbrains.research.kex.smt.Checker] - Acquired sat
2021-06-11 17:17:00.755 [DEBUG][org.jetbrains.research.kex.smt.DescriptorReanimator$newArrayInstance$1] - Creating array of type int[] with size 0
2021-06-11 17:17:00.755 [DEBUG][org.jetbrains.research.kex.reanimator.Reanimator] - Generated descriptors:
instance: term461 = jcc1/Adder {
}

args: 0
term460 = int[0] {
}


2021-06-11 17:17:00.756 [DEBUG][org.jetbrains.research.kex.reanimator.callstack.generator.AnyGenerator] - Generating term464 = jcc1/Adder {
}

2021-06-11 17:17:00.756 [DEBUG][org.jetbrains.research.kex.reanimator.callstack.generator.AnyGenerator] - Depth 1, stack depth 0, query size 0
2021-06-11 17:17:00.757 [DEBUG][org.jetbrains.research.kex.reanimator.callstack.generator.GeneratorContext] - Executing constructor jcc1/Adder::<init>(): void for term464 = jcc1/Adder {
}

2021-06-11 17:17:00.758 [WARN ][org.jetbrains.research.kex.state.transformer.ReflectionInfoAdapter] - Could not load kFunction for jcc1/Adder::<init>(): void
2021-06-11 17:17:00.759 [DEBUG][org.jetbrains.research.kex.smt.Checker] - State: (
  @A this != null
  @S this.casted0 = (this as java/lang/Object)
  @X term465 = this instanceof jcc1/Adder
  @X term465 = true
) -> (
  @X this != null
)
2021-06-11 17:17:00.760 [DEBUG][org.jetbrains.research.kex.smt.Checker] - Memspacing started...
2021-06-11 17:17:00.760 [DEBUG][org.jetbrains.research.kex.smt.Checker] - Memspacing finished
2021-06-11 17:17:00.760 [DEBUG][org.jetbrains.research.kex.smt.Checker] - Slicing started...
2021-06-11 17:17:00.761 [DEBUG][org.jetbrains.research.kex.smt.Checker] - State size before slicing: 5
2021-06-11 17:17:00.761 [DEBUG][org.jetbrains.research.kex.smt.Checker] - State size after slicing: 5
2021-06-11 17:17:00.762 [DEBUG][org.jetbrains.research.kex.smt.Checker] - Slicing finished
2021-06-11 17:17:00.762 [DEBUG][org.jetbrains.research.kex.smt.Checker] - Simplified state: (
  @A this != null
  @S this.casted0 = (this as java/lang/Object)
  @X term465 = this instanceof jcc1/Adder
  @X term465 = true
  @X this != null
)
2021-06-11 17:17:00.763 [DEBUG][org.jetbrains.research.kex.smt.Checker] - Query: (
)
2021-06-11 17:17:00.763 [DEBUG][org.jetbrains.research.kex.smt.z3.Z3Solver] - Z3 solver check
2021-06-11 17:17:00.763 [DEBUG][org.jetbrains.research.kex.smt.z3.Z3Solver] - State: (
  @A this != null
  @S this.casted0 = (this as java/lang/Object)
  @X term465 = this instanceof jcc1/Adder
  @X term465 = true
  @X this != null
)
2021-06-11 17:17:00.764 [DEBUG][org.jetbrains.research.kex.smt.z3.Z3Solver] - Query: (
)
2021-06-11 17:17:00.765 [DEBUG][org.jetbrains.research.kex.smt.z3.Z3Solver] - Check started
2021-06-11 17:17:00.779 [DEBUG][org.jetbrains.research.kex.smt.z3.Z3Solver] - Running z3 solver
2021-06-11 17:17:00.780 [DEBUG][org.jetbrains.research.kex.smt.z3.Z3Solver] - Solver finished
2021-06-11 17:17:00.780 [DEBUG][org.jetbrains.research.kex.smt.z3.Z3Solver] - Check finished
2021-06-11 17:17:00.782 [DEBUG][org.jetbrains.research.kex.smt.Checker] - Acquired sat
2021-06-11 17:17:00.782 [DEBUG][org.jetbrains.research.kex.reanimator.callstack.generator.GeneratorContext] - Model: Model {
	this = 2
	this.casted0 = 2
	term465 = true
	(2)<1> = 0
	type(2)<1> = 1
}
2021-06-11 17:17:00.782 [DEBUG][org.jetbrains.research.kex.reanimator.callstack.generator.AnyGenerator] - Found constructor jcc1/Adder::<init>(): void for org.jetbrains.research.kex.reanimator.callstack.generator.GeneratorContext@6e2eed49, generating arguments []
2021-06-11 17:17:00.782 [DEBUG][org.jetbrains.research.kex.reanimator.Reanimator] - Generated call stacks:
instance: term461 = jcc1/Adder()

args: 0
term460 = new int[0]


2021-06-11 17:17:00.785 [DEBUG][org.jetbrains.research.kex.asm.analysis.testgen.MethodChecker] - Block %bb.deroll0 is covered = false
2021-06-11 17:17:00.785 [DEBUG][org.jetbrains.research.kex.asm.analysis.testgen.MethodChecker] - 
2021-06-11 17:17:00.785 [DEBUG][org.jetbrains.research.kex.asm.analysis.testgen.MethodChecker] - Checking reachability of %label.deroll1
2021-06-11 17:17:00.793 [DEBUG][org.jetbrains.research.kex.smt.Checker] - State: (
  @A arg$1.length < 1000 = true
  @A this != null
  @A arg$1 != null
  @S %7 = arg$1.length
  @A %7 >= 0 = true
  @S %8 = 0 >= %7
  @P %8 = false
  @A arg$1 != null
  @S %9 = *(arg$1[0])
  @S %10 = %9 + arg$0
  @S *(arg$1[0]) = %10
  @S %11 = 1 + 0
  @S %13 = arg$1.length
  @A %13 >= 0 = true
)
2021-06-11 17:17:00.794 [DEBUG][org.jetbrains.research.kex.smt.Checker] - Memspacing started...
2021-06-11 17:17:00.796 [DEBUG][org.jetbrains.research.kex.smt.Checker] - Memspacing finished
2021-06-11 17:17:00.796 [DEBUG][org.jetbrains.research.kex.smt.Checker] - Slicing started...
2021-06-11 17:17:00.798 [DEBUG][org.jetbrains.research.kex.smt.Checker] - State size before slicing: 14
2021-06-11 17:17:00.799 [DEBUG][org.jetbrains.research.kex.smt.Checker] - State size after slicing: 11
2021-06-11 17:17:00.800 [DEBUG][org.jetbrains.research.kex.smt.Checker] - Slicing finished
2021-06-11 17:17:00.801 [DEBUG][org.jetbrains.research.kex.smt.Checker] - Simplified state: (
  @A arg$1.length < 1000 = true
  @A this != null
  @A arg$1 != null
  @S %7 = arg$1.length
  @A %7 >= 0 = true
  @S %8 = 0 >= %7
  @P %8 = false
  @A arg$1 != null
  @S %9 = *(arg$1[0])
  @S %10 = %9 + arg$0
  @S *(arg$1[0]) = %10
)
2021-06-11 17:17:00.802 [DEBUG][org.jetbrains.research.kex.smt.Checker] - Query: (
  @P %8 = false
)
2021-06-11 17:17:00.802 [DEBUG][org.jetbrains.research.kex.smt.z3.Z3Solver] - Z3 solver check
2021-06-11 17:17:00.803 [DEBUG][org.jetbrains.research.kex.smt.z3.Z3Solver] - State: (
  @A arg$1.length < 1000 = true
  @A this != null
  @A arg$1 != null
  @S %7 = arg$1.length
  @A %7 >= 0 = true
  @S %8 = 0 >= %7
  @P %8 = false
  @A arg$1 != null
  @S %9 = *(arg$1[0])
  @S %10 = %9 + arg$0
  @S *(arg$1[0]) = %10
)
2021-06-11 17:17:00.803 [DEBUG][org.jetbrains.research.kex.smt.z3.Z3Solver] - Query: (
  @P %8 = false
)
2021-06-11 17:17:00.807 [DEBUG][org.jetbrains.research.kex.smt.z3.Z3Solver] - Check started
2021-06-11 17:17:00.818 [DEBUG][org.jetbrains.research.kex.smt.z3.Z3Solver] - Running z3 solver
2021-06-11 17:17:00.820 [DEBUG][org.jetbrains.research.kex.smt.z3.Z3Solver] - Solver finished
2021-06-11 17:17:00.821 [DEBUG][org.jetbrains.research.kex.smt.z3.Z3Solver] - Check finished
2021-06-11 17:17:00.825 [DEBUG][org.jetbrains.research.kex.smt.Checker] - Acquired sat
2021-06-11 17:17:00.828 [DEBUG][org.jetbrains.research.kex.smt.DescriptorReanimator$newArrayInstance$1] - Creating array of type int[] with size 2
2021-06-11 17:17:00.842 [DEBUG][org.jetbrains.research.kex.smt.Checker] - State: (
  @A arg$1.length < 1000 = true
  @A this != null
  @A arg$1 != null
  @S %7 = arg$1.length
  @A %7 >= 0 = true
  @S %8 = 0 >= %7
  @P %8 = false
  @A arg$1 != null
  @S %9 = *(arg$1[0])
  @S %10 = %9 + arg$0
  @S *(arg$1[0]) = %10
  @S %11 = 1 + 0
  @S %13 = arg$1.length
  @A %13 >= 0 = true
)
2021-06-11 17:17:00.843 [DEBUG][org.jetbrains.research.kex.smt.Checker] - Memspacing started...
2021-06-11 17:17:00.844 [DEBUG][org.jetbrains.research.kex.smt.Checker] - Memspacing finished
2021-06-11 17:17:00.844 [DEBUG][org.jetbrains.research.kex.smt.Checker] - Slicing started...
2021-06-11 17:17:00.846 [DEBUG][org.jetbrains.research.kex.smt.Checker] - State size before slicing: 14
2021-06-11 17:17:00.851 [DEBUG][org.jetbrains.research.kex.smt.Checker] - State size after slicing: 11
2021-06-11 17:17:00.851 [DEBUG][org.jetbrains.research.kex.smt.Checker] - Slicing finished
2021-06-11 17:17:00.855 [DEBUG][org.jetbrains.research.kex.smt.Checker] - Simplified state: (
  @A arg$1.length < 1000 = true
  @A this != null
  @A arg$1 != null
  @S %7 = arg$1.length
  @A %7 >= 0 = true
  @S %8 = 0 >= %7
  @P %8 = false
  @A arg$1 != null
  @S %9 = *(arg$1[0])
  @S %10 = %9 + arg$0
  @S *(arg$1[0]) = %10
)
2021-06-11 17:17:00.857 [DEBUG][org.jetbrains.research.kex.smt.Checker] - Query: (
  @P %8 = false
)
2021-06-11 17:17:00.858 [DEBUG][org.jetbrains.research.kex.smt.z3.Z3Solver] - Z3 solver check
2021-06-11 17:17:00.858 [DEBUG][org.jetbrains.research.kex.smt.z3.Z3Solver] - State: (
  @A arg$1.length < 1000 = true
  @A this != null
  @A arg$1 != null
  @S %7 = arg$1.length
  @A %7 >= 0 = true
  @S %8 = 0 >= %7
  @P %8 = false
  @A arg$1 != null
  @S %9 = *(arg$1[0])
  @S %10 = %9 + arg$0
  @S *(arg$1[0]) = %10
)
2021-06-11 17:17:00.859 [DEBUG][org.jetbrains.research.kex.smt.z3.Z3Solver] - Query: (
  @P %8 = false
)
2021-06-11 17:17:00.861 [DEBUG][org.jetbrains.research.kex.smt.z3.Z3Solver] - Check started
2021-06-11 17:17:00.870 [DEBUG][org.jetbrains.research.kex.smt.z3.Z3Solver] - Running z3 solver
2021-06-11 17:17:00.874 [DEBUG][org.jetbrains.research.kex.smt.z3.Z3Solver] - Solver finished
2021-06-11 17:17:00.874 [DEBUG][org.jetbrains.research.kex.smt.z3.Z3Solver] - Check finished
2021-06-11 17:17:00.881 [DEBUG][org.jetbrains.research.kex.smt.Checker] - Acquired sat
2021-06-11 17:17:00.885 [DEBUG][org.jetbrains.research.kex.smt.DescriptorReanimator$newArrayInstance$1] - Creating array of type int[] with size 2
2021-06-11 17:17:00.885 [DEBUG][org.jetbrains.research.kex.reanimator.Reanimator] - Generated descriptors:
instance: term472 = jcc1/Adder {
}

args: 0
term471 = int[2] {
    0 = 0
}


2021-06-11 17:17:00.886 [DEBUG][org.jetbrains.research.kex.reanimator.callstack.generator.AnyGenerator] - Generating term475 = jcc1/Adder {
}

2021-06-11 17:17:00.886 [DEBUG][org.jetbrains.research.kex.reanimator.callstack.generator.AnyGenerator] - Depth 1, stack depth 0, query size 0
2021-06-11 17:17:00.887 [DEBUG][org.jetbrains.research.kex.reanimator.callstack.generator.GeneratorContext] - Executing constructor jcc1/Adder::<init>(): void for term475 = jcc1/Adder {
}

2021-06-11 17:17:00.889 [WARN ][org.jetbrains.research.kex.state.transformer.ReflectionInfoAdapter] - Could not load kFunction for jcc1/Adder::<init>(): void
2021-06-11 17:17:00.894 [DEBUG][org.jetbrains.research.kex.smt.Checker] - State: (
  @A this != null
  @S this.casted0 = (this as java/lang/Object)
  @X term476 = this instanceof jcc1/Adder
  @X term476 = true
) -> (
  @X this != null
)
2021-06-11 17:17:00.897 [DEBUG][org.jetbrains.research.kex.smt.Checker] - Memspacing started...
2021-06-11 17:17:00.898 [DEBUG][org.jetbrains.research.kex.smt.Checker] - Memspacing finished
2021-06-11 17:17:00.898 [DEBUG][org.jetbrains.research.kex.smt.Checker] - Slicing started...
2021-06-11 17:17:00.901 [DEBUG][org.jetbrains.research.kex.smt.Checker] - State size before slicing: 5
2021-06-11 17:17:00.901 [DEBUG][org.jetbrains.research.kex.smt.Checker] - State size after slicing: 5
2021-06-11 17:17:00.902 [DEBUG][org.jetbrains.research.kex.smt.Checker] - Slicing finished
2021-06-11 17:17:00.902 [DEBUG][org.jetbrains.research.kex.smt.Checker] - Simplified state: (
  @A this != null
  @S this.casted0 = (this as java/lang/Object)
  @X term476 = this instanceof jcc1/Adder
  @X term476 = true
  @X this != null
)
2021-06-11 17:17:00.903 [DEBUG][org.jetbrains.research.kex.smt.Checker] - Query: (
)
2021-06-11 17:17:00.905 [DEBUG][org.jetbrains.research.kex.smt.z3.Z3Solver] - Z3 solver check
2021-06-11 17:17:00.906 [DEBUG][org.jetbrains.research.kex.smt.z3.Z3Solver] - State: (
  @A this != null
  @S this.casted0 = (this as java/lang/Object)
  @X term476 = this instanceof jcc1/Adder
  @X term476 = true
  @X this != null
)
2021-06-11 17:17:00.906 [DEBUG][org.jetbrains.research.kex.smt.z3.Z3Solver] - Query: (
)
2021-06-11 17:17:00.907 [DEBUG][org.jetbrains.research.kex.smt.z3.Z3Solver] - Check started
2021-06-11 17:17:00.923 [DEBUG][org.jetbrains.research.kex.smt.z3.Z3Solver] - Running z3 solver
2021-06-11 17:17:00.925 [DEBUG][org.jetbrains.research.kex.smt.z3.Z3Solver] - Solver finished
2021-06-11 17:17:00.925 [DEBUG][org.jetbrains.research.kex.smt.z3.Z3Solver] - Check finished
2021-06-11 17:17:00.926 [DEBUG][org.jetbrains.research.kex.smt.Checker] - Acquired sat
2021-06-11 17:17:00.926 [DEBUG][org.jetbrains.research.kex.reanimator.callstack.generator.GeneratorContext] - Model: Model {
	this = 2
	this.casted0 = 2
	term476 = true
	(2)<1> = 0
	type(2)<1> = 1
}
2021-06-11 17:17:00.926 [DEBUG][org.jetbrains.research.kex.reanimator.callstack.generator.AnyGenerator] - Found constructor jcc1/Adder::<init>(): void for org.jetbrains.research.kex.reanimator.callstack.generator.GeneratorContext@6e2eed49, generating arguments []
2021-06-11 17:17:00.936 [DEBUG][org.jetbrains.research.kex.reanimator.Reanimator] - Generated call stacks:
instance: term472 = jcc1/Adder()

args: 0
term471 = new int[2]
term471[0] = 0


2021-06-11 17:17:00.942 [DEBUG][org.jetbrains.research.kex.asm.analysis.testgen.MethodChecker] - Block %label.deroll1 is covered = false
2021-06-11 17:17:00.942 [DEBUG][org.jetbrains.research.kex.asm.analysis.testgen.MethodChecker] - 
2021-06-11 17:17:00.942 [DEBUG][org.jetbrains.research.kex.asm.analysis.testgen.MethodChecker] - Checking reachability of %bb.deroll3
2021-06-11 17:17:00.948 [DEBUG][org.jetbrains.research.kex.smt.Checker] - State: (
  @A arg$1.length < 1000 = true
  @A this != null
  @A arg$1 != null
  @S %7 = arg$1.length
  @A %7 >= 0 = true
  @S %8 = 0 >= %7
  @P %8 = false
  @A arg$1 != null
  @S %9 = *(arg$1[0])
  @S %10 = %9 + arg$0
  @S *(arg$1[0]) = %10
  @S %11 = 1 + 0
  @S %13 = arg$1.length
  @A %13 >= 0 = true
  @S %14 = %11 >= %13
)
2021-06-11 17:17:00.950 [DEBUG][org.jetbrains.research.kex.smt.Checker] - Memspacing started...
2021-06-11 17:17:00.951 [DEBUG][org.jetbrains.research.kex.smt.Checker] - Memspacing finished
2021-06-11 17:17:00.951 [DEBUG][org.jetbrains.research.kex.smt.Checker] - Slicing started...
2021-06-11 17:17:00.954 [DEBUG][org.jetbrains.research.kex.smt.Checker] - State size before slicing: 15
2021-06-11 17:17:00.957 [DEBUG][org.jetbrains.research.kex.smt.Checker] - State size after slicing: 11
2021-06-11 17:17:00.958 [DEBUG][org.jetbrains.research.kex.smt.Checker] - Slicing finished
2021-06-11 17:17:00.959 [DEBUG][org.jetbrains.research.kex.smt.Checker] - Simplified state: (
  @A arg$1.length < 1000 = true
  @A this != null
  @A arg$1 != null
  @S %7 = arg$1.length
  @A %7 >= 0 = true
  @S %8 = 0 >= %7
  @P %8 = false
  @A arg$1 != null
  @S %9 = *(arg$1[0])
  @S %10 = %9 + arg$0
  @S *(arg$1[0]) = %10
)
2021-06-11 17:17:00.960 [DEBUG][org.jetbrains.research.kex.smt.Checker] - Query: (
  @P %8 = false
)
2021-06-11 17:17:00.960 [DEBUG][org.jetbrains.research.kex.smt.z3.Z3Solver] - Z3 solver check
2021-06-11 17:17:00.961 [DEBUG][org.jetbrains.research.kex.smt.z3.Z3Solver] - State: (
  @A arg$1.length < 1000 = true
  @A this != null
  @A arg$1 != null
  @S %7 = arg$1.length
  @A %7 >= 0 = true
  @S %8 = 0 >= %7
  @P %8 = false
  @A arg$1 != null
  @S %9 = *(arg$1[0])
  @S %10 = %9 + arg$0
  @S *(arg$1[0]) = %10
)
2021-06-11 17:17:00.961 [DEBUG][org.jetbrains.research.kex.smt.z3.Z3Solver] - Query: (
  @P %8 = false
)
2021-06-11 17:17:00.969 [DEBUG][org.jetbrains.research.kex.smt.z3.Z3Solver] - Check started
2021-06-11 17:17:00.990 [DEBUG][org.jetbrains.research.kex.smt.z3.Z3Solver] - Running z3 solver
2021-06-11 17:17:00.992 [DEBUG][org.jetbrains.research.kex.smt.z3.Z3Solver] - Solver finished
2021-06-11 17:17:00.993 [DEBUG][org.jetbrains.research.kex.smt.z3.Z3Solver] - Check finished
2021-06-11 17:17:01.005 [DEBUG][org.jetbrains.research.kex.smt.Checker] - Acquired sat
2021-06-11 17:17:01.006 [DEBUG][org.jetbrains.research.kex.smt.DescriptorReanimator$newArrayInstance$1] - Creating array of type int[] with size 2
2021-06-11 17:17:07.004 [DEBUG][org.jetbrains.research.kex.smt.Checker] - State: (
  @A arg$1.length < 1000 = true
  @A this != null
  @A arg$1 != null
  @S %7 = arg$1.length
  @A %7 >= 0 = true
  @S %8 = 0 >= %7
  @P %8 = false
  @A arg$1 != null
  @S %9 = *(arg$1[0])
  @S %10 = %9 + arg$0
  @S *(arg$1[0]) = %10
  @S %11 = 1 + 0
  @S %13 = arg$1.length
  @A %13 >= 0 = true
  @S %14 = %11 >= %13
)
2021-06-11 17:17:07.004 [DEBUG][org.jetbrains.research.kex.smt.Checker] - Memspacing started...
2021-06-11 17:17:07.007 [DEBUG][org.jetbrains.research.kex.smt.Checker] - Memspacing finished
2021-06-11 17:17:07.007 [DEBUG][org.jetbrains.research.kex.smt.Checker] - Slicing started...
2021-06-11 17:17:07.012 [DEBUG][org.jetbrains.research.kex.smt.Checker] - State size before slicing: 15
2021-06-11 17:17:07.012 [DEBUG][org.jetbrains.research.kex.smt.Checker] - State size after slicing: 11
2021-06-11 17:17:07.013 [DEBUG][org.jetbrains.research.kex.smt.Checker] - Slicing finished
2021-06-11 17:17:07.014 [DEBUG][org.jetbrains.research.kex.smt.Checker] - Simplified state: (
  @A arg$1.length < 1000 = true
  @A this != null
  @A arg$1 != null
  @S %7 = arg$1.length
  @A %7 >= 0 = true
  @S %8 = 0 >= %7
  @P %8 = false
  @A arg$1 != null
  @S %9 = *(arg$1[0])
  @S %10 = %9 + arg$0
  @S *(arg$1[0]) = %10
)
2021-06-11 17:17:07.014 [DEBUG][org.jetbrains.research.kex.smt.Checker] - Query: (
  @P %8 = false
)
2021-06-11 17:17:07.014 [DEBUG][org.jetbrains.research.kex.smt.z3.Z3Solver] - Z3 solver check
2021-06-11 17:17:07.014 [DEBUG][org.jetbrains.research.kex.smt.z3.Z3Solver] - State: (
  @A arg$1.length < 1000 = true
  @A this != null
  @A arg$1 != null
  @S %7 = arg$1.length
  @A %7 >= 0 = true
  @S %8 = 0 >= %7
  @P %8 = false
  @A arg$1 != null
  @S %9 = *(arg$1[0])
  @S %10 = %9 + arg$0
  @S *(arg$1[0]) = %10
)
2021-06-11 17:17:07.014 [DEBUG][org.jetbrains.research.kex.smt.z3.Z3Solver] - Query: (
  @P %8 = false
)
2021-06-11 17:17:07.015 [DEBUG][org.jetbrains.research.kex.smt.z3.Z3Solver] - Check started
2021-06-11 17:17:07.041 [DEBUG][org.jetbrains.research.kex.smt.z3.Z3Solver] - Running z3 solver
2021-06-11 17:17:07.046 [DEBUG][org.jetbrains.research.kex.smt.z3.Z3Solver] - Solver finished
2021-06-11 17:17:07.046 [DEBUG][org.jetbrains.research.kex.smt.z3.Z3Solver] - Check finished
2021-06-11 17:17:07.049 [DEBUG][org.jetbrains.research.kex.smt.Checker] - Acquired sat
2021-06-11 17:17:07.050 [DEBUG][org.jetbrains.research.kex.smt.DescriptorReanimator$newArrayInstance$1] - Creating array of type int[] with size 2
2021-06-11 17:17:07.052 [DEBUG][org.jetbrains.research.kex.reanimator.Reanimator] - Generated descriptors:
instance: term483 = jcc1/Adder {
}

args: 0
term482 = int[2] {
    0 = 0
}


2021-06-11 17:17:07.052 [DEBUG][org.jetbrains.research.kex.reanimator.callstack.generator.AnyGenerator] - Generating term486 = jcc1/Adder {
}

2021-06-11 17:17:07.052 [DEBUG][org.jetbrains.research.kex.reanimator.callstack.generator.AnyGenerator] - Depth 1, stack depth 0, query size 0
2021-06-11 17:17:07.052 [DEBUG][org.jetbrains.research.kex.reanimator.callstack.generator.GeneratorContext] - Executing constructor jcc1/Adder::<init>(): void for term486 = jcc1/Adder {
}

2021-06-11 17:17:07.060 [WARN ][org.jetbrains.research.kex.state.transformer.ReflectionInfoAdapter] - Could not load kFunction for jcc1/Adder::<init>(): void
2021-06-11 17:17:07.061 [DEBUG][org.jetbrains.research.kex.smt.Checker] - State: (
  @A this != null
  @S this.casted0 = (this as java/lang/Object)
  @X term487 = this instanceof jcc1/Adder
  @X term487 = true
) -> (
  @X this != null
)
2021-06-11 17:17:07.061 [DEBUG][org.jetbrains.research.kex.smt.Checker] - Memspacing started...
2021-06-11 17:17:07.061 [DEBUG][org.jetbrains.research.kex.smt.Checker] - Memspacing finished
2021-06-11 17:17:07.061 [DEBUG][org.jetbrains.research.kex.smt.Checker] - Slicing started...
2021-06-11 17:17:07.061 [DEBUG][org.jetbrains.research.kex.smt.Checker] - State size before slicing: 5
2021-06-11 17:17:07.061 [DEBUG][org.jetbrains.research.kex.smt.Checker] - State size after slicing: 5
2021-06-11 17:17:07.061 [DEBUG][org.jetbrains.research.kex.smt.Checker] - Slicing finished
2021-06-11 17:17:07.061 [DEBUG][org.jetbrains.research.kex.smt.Checker] - Simplified state: (
  @A this != null
  @S this.casted0 = (this as java/lang/Object)
  @X term487 = this instanceof jcc1/Adder
  @X term487 = true
  @X this != null
)
2021-06-11 17:17:07.061 [DEBUG][org.jetbrains.research.kex.smt.Checker] - Query: (
)
2021-06-11 17:17:07.062 [DEBUG][org.jetbrains.research.kex.smt.z3.Z3Solver] - Z3 solver check
2021-06-11 17:17:07.062 [DEBUG][org.jetbrains.research.kex.smt.z3.Z3Solver] - State: (
  @A this != null
  @S this.casted0 = (this as java/lang/Object)
  @X term487 = this instanceof jcc1/Adder
  @X term487 = true
  @X this != null
)
2021-06-11 17:17:07.062 [DEBUG][org.jetbrains.research.kex.smt.z3.Z3Solver] - Query: (
)
2021-06-11 17:17:07.062 [DEBUG][org.jetbrains.research.kex.smt.z3.Z3Solver] - Check started
2021-06-11 17:17:07.077 [DEBUG][org.jetbrains.research.kex.smt.z3.Z3Solver] - Running z3 solver
2021-06-11 17:17:07.078 [DEBUG][org.jetbrains.research.kex.smt.z3.Z3Solver] - Solver finished
2021-06-11 17:17:07.078 [DEBUG][org.jetbrains.research.kex.smt.z3.Z3Solver] - Check finished
2021-06-11 17:17:07.079 [DEBUG][org.jetbrains.research.kex.smt.Checker] - Acquired sat
2021-06-11 17:17:07.079 [DEBUG][org.jetbrains.research.kex.reanimator.callstack.generator.GeneratorContext] - Model: Model {
	this = 2
	this.casted0 = 2
	term487 = true
	(2)<1> = 0
	type(2)<1> = 1
}
2021-06-11 17:17:07.079 [DEBUG][org.jetbrains.research.kex.reanimator.callstack.generator.AnyGenerator] - Found constructor jcc1/Adder::<init>(): void for org.jetbrains.research.kex.reanimator.callstack.generator.GeneratorContext@6e2eed49, generating arguments []
2021-06-11 17:17:07.080 [DEBUG][org.jetbrains.research.kex.reanimator.Reanimator] - Generated call stacks:
instance: term483 = jcc1/Adder()

args: 0
term482 = new int[2]
term482[0] = 0


2021-06-11 17:17:07.089 [DEBUG][org.jetbrains.research.kex.asm.analysis.testgen.MethodChecker] - Block %bb.deroll3 is covered = false
2021-06-11 17:17:07.089 [DEBUG][org.jetbrains.research.kex.asm.analysis.testgen.MethodChecker] - 
2021-06-11 17:17:07.090 [DEBUG][org.jetbrains.research.kex.asm.analysis.testgen.MethodChecker] - Checking method jcc1/Adder::didYouCoverMe(): void
2021-06-11 17:17:07.090 [DEBUG][org.jetbrains.research.kex.asm.analysis.testgen.MethodChecker] - jcc1/Adder::didYouCoverMe(): void
%entry0: 	//predecessors 
	goto %bb0

%bb0: 	//predecessors %entry0
	%0 = System.out
	virtual %0.println("Hello, test generated by Kex, did you cover me?")
	goto %bb1

%bb1: 	//predecessors %bb0
	return
2021-06-11 17:17:07.090 [DEBUG][org.jetbrains.research.kex.asm.analysis.testgen.MethodChecker] - 
2021-06-11 17:17:07.090 [DEBUG][org.jetbrains.research.kex.asm.analysis.testgen.MethodChecker] - Checking reachability of %bb0
2021-06-11 17:17:07.145 [DEBUG][org.jetbrains.research.kex.smt.Checker] - State: (
  @S term490 = new java/lang/String
  @S term491 = new char[47]
  @A term491.length < 1000 = true
  @A term491 != null
  @S *(term491[0]) = H
  @S *(term491[1]) = e
  @S *(term491[2]) = l
  @S *(term491[3]) = l
  @S *(term491[4]) = o
  @S *(term491[5]) = ,
  @S *(term491[6]) =  
  @S *(term491[7]) = t
  @S *(term491[8]) = e
  @S *(term491[9]) = s
  @S *(term491[10]) = t
  @S *(term491[11]) =  
  @S *(term491[12]) = g
  @S *(term491[13]) = e
  @S *(term491[14]) = n
  @S *(term491[15]) = e
  @S *(term491[16]) = r
  @S *(term491[17]) = a
  @S *(term491[18]) = t
  @S *(term491[19]) = e
  @S *(term491[20]) = d
  @S *(term491[21]) =  
  @S *(term491[22]) = b
  @S *(term491[23]) = y
  @S *(term491[24]) =  
  @S *(term491[25]) = K
  @S *(term491[26]) = e
  @S *(term491[27]) = x
  @S *(term491[28]) = ,
  @S *(term491[29]) =  
  @S *(term491[30]) = d
  @S *(term491[31]) = i
  @S *(term491[32]) = d
  @S *(term491[33]) =  
  @S *(term491[34]) = y
  @S *(term491[35]) = o
  @S *(term491[36]) = u
  @S *(term491[37]) =  
  @S *(term491[38]) = c
  @S *(term491[39]) = o
  @S *(term491[40]) = v
  @S *(term491[41]) = e
  @S *(term491[42]) = r
  @S *(term491[43]) =  
  @S *(term491[44]) = m
  @S *(term491[45]) = e
  @S *(term491[46]) = ?
  @A term490 != null
  @S *(term490.value) = term491
  @A this != null
  @A java/lang/System.class != null
  @S java/lang/System.class.registerNatives()
  @S *(java/lang/System.class.security) = null
  @S *(java/lang/System.class.cons) = null
  @S %0 = *(java/lang/System.class.out)
  @A %0 != null
  @S %0.println(term490)
)
2021-06-11 17:17:07.145 [DEBUG][org.jetbrains.research.kex.smt.Checker] - Memspacing started...
2021-06-11 17:17:07.155 [DEBUG][org.jetbrains.research.kex.smt.Checker] - Memspacing finished
2021-06-11 17:17:07.155 [DEBUG][org.jetbrains.research.kex.smt.Checker] - Slicing started...
2021-06-11 17:17:07.169 [DEBUG][org.jetbrains.research.kex.smt.Checker] - State size before slicing: 61
2021-06-11 17:17:07.172 [DEBUG][org.jetbrains.research.kex.smt.Checker] - State size after slicing: 1
2021-06-11 17:17:07.172 [DEBUG][org.jetbrains.research.kex.smt.Checker] - Slicing finished
2021-06-11 17:17:07.172 [DEBUG][org.jetbrains.research.kex.smt.Checker] - Simplified state: (
  @A this != null
)
2021-06-11 17:17:07.172 [DEBUG][org.jetbrains.research.kex.smt.Checker] - Query: (
)
2021-06-11 17:17:07.173 [DEBUG][org.jetbrains.research.kex.smt.z3.Z3Solver] - Z3 solver check
2021-06-11 17:17:07.173 [DEBUG][org.jetbrains.research.kex.smt.z3.Z3Solver] - State: (
  @A this != null
)
2021-06-11 17:17:07.173 [DEBUG][org.jetbrains.research.kex.smt.z3.Z3Solver] - Query: (
)
2021-06-11 17:17:07.173 [DEBUG][org.jetbrains.research.kex.smt.z3.Z3Solver] - Check started
2021-06-11 17:17:07.187 [DEBUG][org.jetbrains.research.kex.smt.z3.Z3Solver] - Running z3 solver
2021-06-11 17:17:07.210 [DEBUG][org.jetbrains.research.kex.smt.z3.Z3Solver] - Solver finished
2021-06-11 17:17:07.210 [DEBUG][org.jetbrains.research.kex.smt.z3.Z3Solver] - Check finished
2021-06-11 17:17:07.211 [DEBUG][org.jetbrains.research.kex.smt.Checker] - Acquired sat
2021-06-11 17:17:07.233 [DEBUG][org.jetbrains.research.kex.smt.Checker] - State: (
  @S term493 = new java/lang/String
  @S term494 = new char[47]
  @A term494.length < 1000 = true
  @A term494 != null
  @S *(term494[0]) = H
  @S *(term494[1]) = e
  @S *(term494[2]) = l
  @S *(term494[3]) = l
  @S *(term494[4]) = o
  @S *(term494[5]) = ,
  @S *(term494[6]) =  
  @S *(term494[7]) = t
  @S *(term494[8]) = e
  @S *(term494[9]) = s
  @S *(term494[10]) = t
  @S *(term494[11]) =  
  @S *(term494[12]) = g
  @S *(term494[13]) = e
  @S *(term494[14]) = n
  @S *(term494[15]) = e
  @S *(term494[16]) = r
  @S *(term494[17]) = a
  @S *(term494[18]) = t
  @S *(term494[19]) = e
  @S *(term494[20]) = d
  @S *(term494[21]) =  
  @S *(term494[22]) = b
  @S *(term494[23]) = y
  @S *(term494[24]) =  
  @S *(term494[25]) = K
  @S *(term494[26]) = e
  @S *(term494[27]) = x
  @S *(term494[28]) = ,
  @S *(term494[29]) =  
  @S *(term494[30]) = d
  @S *(term494[31]) = i
  @S *(term494[32]) = d
  @S *(term494[33]) =  
  @S *(term494[34]) = y
  @S *(term494[35]) = o
  @S *(term494[36]) = u
  @S *(term494[37]) =  
  @S *(term494[38]) = c
  @S *(term494[39]) = o
  @S *(term494[40]) = v
  @S *(term494[41]) = e
  @S *(term494[42]) = r
  @S *(term494[43]) =  
  @S *(term494[44]) = m
  @S *(term494[45]) = e
  @S *(term494[46]) = ?
  @A term493 != null
  @S *(term493.value) = term494
  @A this != null
  @A java/lang/System.class != null
  @S java/lang/System.class.registerNatives()
  @S *(java/lang/System.class.security) = null
  @S *(java/lang/System.class.cons) = null
  @S %0 = *(java/lang/System.class.out)
  @A %0 != null
  @S %0.println(term493)
)
2021-06-11 17:17:07.238 [DEBUG][org.jetbrains.research.kex.smt.Checker] - Memspacing started...
2021-06-11 17:17:07.242 [DEBUG][org.jetbrains.research.kex.smt.Checker] - Memspacing finished
2021-06-11 17:17:07.243 [DEBUG][org.jetbrains.research.kex.smt.Checker] - Slicing started...
2021-06-11 17:17:07.258 [DEBUG][org.jetbrains.research.kex.smt.Checker] - State size before slicing: 61
2021-06-11 17:17:07.262 [DEBUG][org.jetbrains.research.kex.smt.Checker] - State size after slicing: 1
2021-06-11 17:17:07.263 [DEBUG][org.jetbrains.research.kex.smt.Checker] - Slicing finished
2021-06-11 17:17:07.264 [DEBUG][org.jetbrains.research.kex.smt.Checker] - Simplified state: (
  @A this != null
)
2021-06-11 17:17:07.264 [DEBUG][org.jetbrains.research.kex.smt.Checker] - Query: (
)
2021-06-11 17:17:07.264 [DEBUG][org.jetbrains.research.kex.smt.z3.Z3Solver] - Z3 solver check
2021-06-11 17:17:07.265 [DEBUG][org.jetbrains.research.kex.smt.z3.Z3Solver] - State: (
  @A this != null
)
2021-06-11 17:17:07.271 [DEBUG][org.jetbrains.research.kex.smt.z3.Z3Solver] - Query: (
)
2021-06-11 17:17:07.272 [DEBUG][org.jetbrains.research.kex.smt.z3.Z3Solver] - Check started
2021-06-11 17:17:07.281 [DEBUG][org.jetbrains.research.kex.smt.z3.Z3Solver] - Running z3 solver
2021-06-11 17:17:07.283 [DEBUG][org.jetbrains.research.kex.smt.z3.Z3Solver] - Solver finished
2021-06-11 17:17:07.283 [DEBUG][org.jetbrains.research.kex.smt.z3.Z3Solver] - Check finished
2021-06-11 17:17:07.283 [DEBUG][org.jetbrains.research.kex.smt.Checker] - Acquired sat
2021-06-11 17:17:07.284 [DEBUG][org.jetbrains.research.kex.reanimator.Reanimator] - Generated descriptors:
instance: term496 = jcc1/Adder {
}


2021-06-11 17:17:07.284 [DEBUG][org.jetbrains.research.kex.reanimator.callstack.generator.AnyGenerator] - Generating term499 = jcc1/Adder {
}

2021-06-11 17:17:07.284 [DEBUG][org.jetbrains.research.kex.reanimator.callstack.generator.AnyGenerator] - Depth 1, stack depth 0, query size 0
2021-06-11 17:17:07.285 [DEBUG][org.jetbrains.research.kex.reanimator.callstack.generator.GeneratorContext] - Executing constructor jcc1/Adder::<init>(): void for term499 = jcc1/Adder {
}

2021-06-11 17:17:07.289 [WARN ][org.jetbrains.research.kex.state.transformer.ReflectionInfoAdapter] - Could not load kFunction for jcc1/Adder::<init>(): void
2021-06-11 17:17:07.291 [DEBUG][org.jetbrains.research.kex.smt.Checker] - State: (
  @A this != null
  @S this.casted0 = (this as java/lang/Object)
  @X term500 = this instanceof jcc1/Adder
  @X term500 = true
) -> (
  @X this != null
)
2021-06-11 17:17:07.292 [DEBUG][org.jetbrains.research.kex.smt.Checker] - Memspacing started...
2021-06-11 17:17:07.293 [DEBUG][org.jetbrains.research.kex.smt.Checker] - Memspacing finished
2021-06-11 17:17:07.293 [DEBUG][org.jetbrains.research.kex.smt.Checker] - Slicing started...
2021-06-11 17:17:07.293 [DEBUG][org.jetbrains.research.kex.smt.Checker] - State size before slicing: 5
2021-06-11 17:17:07.294 [DEBUG][org.jetbrains.research.kex.smt.Checker] - State size after slicing: 5
2021-06-11 17:17:07.294 [DEBUG][org.jetbrains.research.kex.smt.Checker] - Slicing finished
2021-06-11 17:17:07.294 [DEBUG][org.jetbrains.research.kex.smt.Checker] - Simplified state: (
  @A this != null
  @S this.casted0 = (this as java/lang/Object)
  @X term500 = this instanceof jcc1/Adder
  @X term500 = true
  @X this != null
)
2021-06-11 17:17:07.295 [DEBUG][org.jetbrains.research.kex.smt.Checker] - Query: (
)
2021-06-11 17:17:07.295 [DEBUG][org.jetbrains.research.kex.smt.z3.Z3Solver] - Z3 solver check
2021-06-11 17:17:07.296 [DEBUG][org.jetbrains.research.kex.smt.z3.Z3Solver] - State: (
  @A this != null
  @S this.casted0 = (this as java/lang/Object)
  @X term500 = this instanceof jcc1/Adder
  @X term500 = true
  @X this != null
)
2021-06-11 17:17:07.296 [DEBUG][org.jetbrains.research.kex.smt.z3.Z3Solver] - Query: (
)
2021-06-11 17:17:07.298 [DEBUG][org.jetbrains.research.kex.smt.z3.Z3Solver] - Check started
2021-06-11 17:17:07.321 [DEBUG][org.jetbrains.research.kex.smt.z3.Z3Solver] - Running z3 solver
2021-06-11 17:17:07.324 [DEBUG][org.jetbrains.research.kex.smt.z3.Z3Solver] - Solver finished
2021-06-11 17:17:07.324 [DEBUG][org.jetbrains.research.kex.smt.z3.Z3Solver] - Check finished
2021-06-11 17:17:07.325 [DEBUG][org.jetbrains.research.kex.smt.Checker] - Acquired sat
2021-06-11 17:17:07.325 [DEBUG][org.jetbrains.research.kex.reanimator.callstack.generator.GeneratorContext] - Model: Model {
	this = 2
	this.casted0 = 2
	term500 = true
	(2)<1> = 0
	type(2)<1> = 1
}
2021-06-11 17:17:07.325 [DEBUG][org.jetbrains.research.kex.reanimator.callstack.generator.AnyGenerator] - Found constructor jcc1/Adder::<init>(): void for org.jetbrains.research.kex.reanimator.callstack.generator.GeneratorContext@10ab6dd3, generating arguments []
2021-06-11 17:17:07.331 [DEBUG][org.jetbrains.research.kex.reanimator.Reanimator] - Generated call stacks:
instance: term496 = jcc1/Adder()


2021-06-11 17:17:07.357 [DEBUG][org.jetbrains.research.kex.trace.runner.AbstractRunner] - Invocation output:
Hello, test generated by Kex, did you cover me?

2021-06-11 17:17:07.357 [DEBUG][org.jetbrains.research.kex.asm.analysis.testgen.MethodChecker] - Block %bb0 is covered = true
2021-06-11 17:17:07.357 [DEBUG][org.jetbrains.research.kex.asm.analysis.testgen.MethodChecker] - 
2021-06-11 17:17:07.357 [DEBUG][org.jetbrains.research.kex.asm.analysis.testgen.MethodChecker] - Checking method jcc1/Adder::introduce(): void
2021-06-11 17:17:07.357 [DEBUG][org.jetbrains.research.kex.asm.analysis.testgen.MethodChecker] - jcc1/Adder::introduce(): void
%entry0: 	//predecessors 
	goto %bb0

%bb0: 	//predecessors %entry0
	%0 = System.out
	%1 = new java/lang/Object[1]
	goto %bb1

%bb1: 	//predecessors %bb0
	%2 = virtual this.getClass()
	goto %bb2

%bb2: 	//predecessors %bb1
	%1[0] = %2
	goto %bb3

%bb3: 	//predecessors %bb2
	%3 = virtual %0.printf("Hello, I am %s.%n", %1)
	goto %label0

%label0: 	//predecessors %bb3
	return
2021-06-11 17:17:07.357 [DEBUG][org.jetbrains.research.kex.asm.analysis.testgen.MethodChecker] - 
2021-06-11 17:17:07.358 [DEBUG][org.jetbrains.research.kex.asm.analysis.testgen.MethodChecker] - Checking reachability of %bb3
2021-06-11 17:17:07.385 [DEBUG][org.jetbrains.research.kex.smt.Checker] - State: (
  @S term502 = new java/lang/String
  @S term503 = new char[17]
  @A term503.length < 1000 = true
  @A term503 != null
  @S *(term503[0]) = H
  @S *(term503[1]) = e
  @S *(term503[2]) = l
  @S *(term503[3]) = l
  @S *(term503[4]) = o
  @S *(term503[5]) = ,
  @S *(term503[6]) =  
  @S *(term503[7]) = I
  @S *(term503[8]) =  
  @S *(term503[9]) = a
  @S *(term503[10]) = m
  @S *(term503[11]) =  
  @S *(term503[12]) = %
  @S *(term503[13]) = s
  @S *(term503[14]) = .
  @S *(term503[15]) = %
  @S *(term503[16]) = n
  @A term502 != null
  @S *(term502.value) = term503
  @A this != null
  @A java/lang/System.class != null
  @S java/lang/System.class.registerNatives()
  @S *(java/lang/System.class.security) = null
  @S *(java/lang/System.class.cons) = null
  @S %0 = *(java/lang/System.class.out)
  @S %1 = new java/lang/Object[1]
  @A this != null
  @S %2 = this.getClass()
  @A %1.length < 1000 = true
  @A %1 != null
  @S *(%1[0]) = %2
  @A %0 != null
  @S %3 = %0.printf(term502, %1)
  @A %3 != null
  @A term502 = <undef>
  @A %1 = <undef>
)
2021-06-11 17:17:07.396 [DEBUG][org.jetbrains.research.kex.smt.Checker] - Memspacing started...
2021-06-11 17:17:07.401 [DEBUG][org.jetbrains.research.kex.smt.Checker] - Memspacing finished
2021-06-11 17:17:07.402 [DEBUG][org.jetbrains.research.kex.smt.Checker] - Slicing started...
2021-06-11 17:17:07.406 [DEBUG][org.jetbrains.research.kex.smt.Checker] - State size before slicing: 40
2021-06-11 17:17:07.408 [DEBUG][org.jetbrains.research.kex.smt.Checker] - State size after slicing: 28
2021-06-11 17:17:07.408 [DEBUG][org.jetbrains.research.kex.smt.Checker] - Slicing finished
2021-06-11 17:17:07.413 [DEBUG][org.jetbrains.research.kex.smt.Checker] - Simplified state: (
  @S term502 = new java/lang/String
  @S term503 = new char[17]
  @A term503.length < 1000 = true
  @A term503 != null
  @S *(term503[0]) = H
  @S *(term503[1]) = e
  @S *(term503[2]) = l
  @S *(term503[3]) = l
  @S *(term503[4]) = o
  @S *(term503[5]) = ,
  @S *(term503[6]) =  
  @S *(term503[7]) = I
  @S *(term503[8]) =  
  @S *(term503[9]) = a
  @S *(term503[10]) = m
  @S *(term503[11]) =  
  @S *(term503[12]) = %
  @S *(term503[13]) = s
  @S *(term503[14]) = .
  @S *(term503[15]) = %
  @S *(term503[16]) = n
  @A term502 != null
  @S *(term502.value) = term503
  @A this != null
  @A java/lang/System.class != null
  @S *(java/lang/System.class.security) = null
  @S *(java/lang/System.class.cons) = null
  @A this != null
)
2021-06-11 17:17:07.415 [DEBUG][org.jetbrains.research.kex.smt.Checker] - Query: (
)
2021-06-11 17:17:07.416 [DEBUG][org.jetbrains.research.kex.smt.z3.Z3Solver] - Z3 solver check
2021-06-11 17:17:07.416 [DEBUG][org.jetbrains.research.kex.smt.z3.Z3Solver] - State: (
  @S term502 = new java/lang/String
  @S term503 = new char[17]
  @A term503.length < 1000 = true
  @A term503 != null
  @S *(term503[0]) = H
  @S *(term503[1]) = e
  @S *(term503[2]) = l
  @S *(term503[3]) = l
  @S *(term503[4]) = o
  @S *(term503[5]) = ,
  @S *(term503[6]) =  
  @S *(term503[7]) = I
  @S *(term503[8]) =  
  @S *(term503[9]) = a
  @S *(term503[10]) = m
  @S *(term503[11]) =  
  @S *(term503[12]) = %
  @S *(term503[13]) = s
  @S *(term503[14]) = .
  @S *(term503[15]) = %
  @S *(term503[16]) = n
  @A term502 != null
  @S *(term502.value) = term503
  @A this != null
  @A java/lang/System.class != null
  @S *(java/lang/System.class.security) = null
  @S *(java/lang/System.class.cons) = null
  @A this != null
)
2021-06-11 17:17:07.418 [DEBUG][org.jetbrains.research.kex.smt.z3.Z3Solver] - Query: (
)
2021-06-11 17:17:07.424 [DEBUG][org.jetbrains.research.kex.smt.z3.Z3Solver] - Check started
2021-06-11 17:17:07.435 [DEBUG][org.jetbrains.research.kex.smt.z3.Z3Solver] - Running z3 solver
2021-06-11 17:17:07.446 [DEBUG][org.jetbrains.research.kex.smt.z3.Z3Solver] - Solver finished
2021-06-11 17:17:07.446 [DEBUG][org.jetbrains.research.kex.smt.z3.Z3Solver] - Check finished
2021-06-11 17:17:07.471 [DEBUG][org.jetbrains.research.kex.smt.Checker] - Acquired sat
2021-06-11 17:17:07.472 [DEBUG][org.jetbrains.research.kex.smt.DescriptorReanimator$newArrayInstance$1] - Creating array of type char[] with size 17
2021-06-11 17:17:07.503 [DEBUG][org.jetbrains.research.kex.smt.Checker] - State: (
  @S term507 = new java/lang/String
  @S term508 = new char[17]
  @A term508.length < 1000 = true
  @A term508 != null
  @S *(term508[0]) = H
  @S *(term508[1]) = e
  @S *(term508[2]) = l
  @S *(term508[3]) = l
  @S *(term508[4]) = o
  @S *(term508[5]) = ,
  @S *(term508[6]) =  
  @S *(term508[7]) = I
  @S *(term508[8]) =  
  @S *(term508[9]) = a
  @S *(term508[10]) = m
  @S *(term508[11]) =  
  @S *(term508[12]) = %
  @S *(term508[13]) = s
  @S *(term508[14]) = .
  @S *(term508[15]) = %
  @S *(term508[16]) = n
  @A term507 != null
  @S *(term507.value) = term508
  @A this != null
  @A java/lang/System.class != null
  @S java/lang/System.class.registerNatives()
  @S *(java/lang/System.class.security) = null
  @S *(java/lang/System.class.cons) = null
  @S %0 = *(java/lang/System.class.out)
  @S %1 = new java/lang/Object[1]
  @A this != null
  @S %2 = this.getClass()
  @A %1.length < 1000 = true
  @A %1 != null
  @S *(%1[0]) = %2
  @A %0 != null
  @S %3 = %0.printf(term507, %1)
  @A %3 != null
  @A term507 = <undef>
  @A %1 = <undef>
)
2021-06-11 17:17:07.503 [DEBUG][org.jetbrains.research.kex.smt.Checker] - Memspacing started...
2021-06-11 17:17:07.508 [DEBUG][org.jetbrains.research.kex.smt.Checker] - Memspacing finished
2021-06-11 17:17:07.508 [DEBUG][org.jetbrains.research.kex.smt.Checker] - Slicing started...
2021-06-11 17:17:07.519 [DEBUG][org.jetbrains.research.kex.smt.Checker] - State size before slicing: 40
2021-06-11 17:17:07.520 [DEBUG][org.jetbrains.research.kex.smt.Checker] - State size after slicing: 28
2021-06-11 17:17:07.520 [DEBUG][org.jetbrains.research.kex.smt.Checker] - Slicing finished
2021-06-11 17:17:07.521 [DEBUG][org.jetbrains.research.kex.smt.Checker] - Simplified state: (
  @S term507 = new java/lang/String
  @S term508 = new char[17]
  @A term508.length < 1000 = true
  @A term508 != null
  @S *(term508[0]) = H
  @S *(term508[1]) = e
  @S *(term508[2]) = l
  @S *(term508[3]) = l
  @S *(term508[4]) = o
  @S *(term508[5]) = ,
  @S *(term508[6]) =  
  @S *(term508[7]) = I
  @S *(term508[8]) =  
  @S *(term508[9]) = a
  @S *(term508[10]) = m
  @S *(term508[11]) =  
  @S *(term508[12]) = %
  @S *(term508[13]) = s
  @S *(term508[14]) = .
  @S *(term508[15]) = %
  @S *(term508[16]) = n
  @A term507 != null
  @S *(term507.value) = term508
  @A this != null
  @A java/lang/System.class != null
  @S *(java/lang/System.class.security) = null
  @S *(java/lang/System.class.cons) = null
  @A this != null
)
2021-06-11 17:17:07.521 [DEBUG][org.jetbrains.research.kex.smt.Checker] - Query: (
)
2021-06-11 17:17:07.521 [DEBUG][org.jetbrains.research.kex.smt.z3.Z3Solver] - Z3 solver check
2021-06-11 17:17:07.521 [DEBUG][org.jetbrains.research.kex.smt.z3.Z3Solver] - State: (
  @S term507 = new java/lang/String
  @S term508 = new char[17]
  @A term508.length < 1000 = true
  @A term508 != null
  @S *(term508[0]) = H
  @S *(term508[1]) = e
  @S *(term508[2]) = l
  @S *(term508[3]) = l
  @S *(term508[4]) = o
  @S *(term508[5]) = ,
  @S *(term508[6]) =  
  @S *(term508[7]) = I
  @S *(term508[8]) =  
  @S *(term508[9]) = a
  @S *(term508[10]) = m
  @S *(term508[11]) =  
  @S *(term508[12]) = %
  @S *(term508[13]) = s
  @S *(term508[14]) = .
  @S *(term508[15]) = %
  @S *(term508[16]) = n
  @A term507 != null
  @S *(term507.value) = term508
  @A this != null
  @A java/lang/System.class != null
  @S *(java/lang/System.class.security) = null
  @S *(java/lang/System.class.cons) = null
  @A this != null
)
2021-06-11 17:17:07.521 [DEBUG][org.jetbrains.research.kex.smt.z3.Z3Solver] - Query: (
)
2021-06-11 17:17:07.530 [DEBUG][org.jetbrains.research.kex.smt.z3.Z3Solver] - Check started
2021-06-11 17:17:07.543 [DEBUG][org.jetbrains.research.kex.smt.z3.Z3Solver] - Running z3 solver
2021-06-11 17:17:07.545 [DEBUG][org.jetbrains.research.kex.smt.z3.Z3Solver] - Solver finished
2021-06-11 17:17:07.545 [DEBUG][org.jetbrains.research.kex.smt.z3.Z3Solver] - Check finished
2021-06-11 17:17:07.558 [DEBUG][org.jetbrains.research.kex.smt.Checker] - Acquired sat
2021-06-11 17:17:07.560 [DEBUG][org.jetbrains.research.kex.smt.DescriptorReanimator$newArrayInstance$1] - Creating array of type char[] with size 17
2021-06-11 17:17:07.561 [DEBUG][org.jetbrains.research.kex.reanimator.Reanimator] - Generated descriptors:
instance: term512 = jcc1/Adder {
}

statics: java/lang/System.class = java/lang/System {
    (security, java/lang/SecurityManager) = null
    (cons, java/io/Console) = null
}


2021-06-11 17:17:07.561 [DEBUG][org.jetbrains.research.kex.reanimator.callstack.generator.AnyGenerator] - Generating term515 = jcc1/Adder {
}

2021-06-11 17:17:07.561 [DEBUG][org.jetbrains.research.kex.reanimator.callstack.generator.AnyGenerator] - Depth 1, stack depth 0, query size 0
2021-06-11 17:17:07.561 [DEBUG][org.jetbrains.research.kex.reanimator.callstack.generator.GeneratorContext] - Executing constructor jcc1/Adder::<init>(): void for term515 = jcc1/Adder {
}

2021-06-11 17:17:07.562 [WARN ][org.jetbrains.research.kex.state.transformer.ReflectionInfoAdapter] - Could not load kFunction for jcc1/Adder::<init>(): void
2021-06-11 17:17:07.565 [DEBUG][org.jetbrains.research.kex.smt.Checker] - State: (
  @A this != null
  @S this.casted0 = (this as java/lang/Object)
  @X term516 = this instanceof jcc1/Adder
  @X term516 = true
) -> (
  @X this != null
)
2021-06-11 17:17:07.565 [DEBUG][org.jetbrains.research.kex.smt.Checker] - Memspacing started...
2021-06-11 17:17:07.565 [DEBUG][org.jetbrains.research.kex.smt.Checker] - Memspacing finished
2021-06-11 17:17:07.565 [DEBUG][org.jetbrains.research.kex.smt.Checker] - Slicing started...
2021-06-11 17:17:07.566 [DEBUG][org.jetbrains.research.kex.smt.Checker] - State size before slicing: 5
2021-06-11 17:17:07.566 [DEBUG][org.jetbrains.research.kex.smt.Checker] - State size after slicing: 5
2021-06-11 17:17:07.566 [DEBUG][org.jetbrains.research.kex.smt.Checker] - Slicing finished
2021-06-11 17:17:07.567 [DEBUG][org.jetbrains.research.kex.smt.Checker] - Simplified state: (
  @A this != null
  @S this.casted0 = (this as java/lang/Object)
  @X term516 = this instanceof jcc1/Adder
  @X term516 = true
  @X this != null
)
2021-06-11 17:17:07.567 [DEBUG][org.jetbrains.research.kex.smt.Checker] - Query: (
)
2021-06-11 17:17:07.567 [DEBUG][org.jetbrains.research.kex.smt.z3.Z3Solver] - Z3 solver check
2021-06-11 17:17:07.567 [DEBUG][org.jetbrains.research.kex.smt.z3.Z3Solver] - State: (
  @A this != null
  @S this.casted0 = (this as java/lang/Object)
  @X term516 = this instanceof jcc1/Adder
  @X term516 = true
  @X this != null
)
2021-06-11 17:17:07.567 [DEBUG][org.jetbrains.research.kex.smt.z3.Z3Solver] - Query: (
)
2021-06-11 17:17:07.568 [DEBUG][org.jetbrains.research.kex.smt.z3.Z3Solver] - Check started
2021-06-11 17:17:07.575 [DEBUG][org.jetbrains.research.kex.smt.z3.Z3Solver] - Running z3 solver
2021-06-11 17:17:07.576 [DEBUG][org.jetbrains.research.kex.smt.z3.Z3Solver] - Solver finished
2021-06-11 17:17:07.576 [DEBUG][org.jetbrains.research.kex.smt.z3.Z3Solver] - Check finished
2021-06-11 17:17:07.577 [DEBUG][org.jetbrains.research.kex.smt.Checker] - Acquired sat
2021-06-11 17:17:07.577 [DEBUG][org.jetbrains.research.kex.reanimator.callstack.generator.GeneratorContext] - Model: Model {
	this = 2
	this.casted0 = 2
	term516 = true
	(2)<1> = 0
	type(2)<1> = 1
}
2021-06-11 17:17:07.577 [DEBUG][org.jetbrains.research.kex.reanimator.callstack.generator.AnyGenerator] - Found constructor jcc1/Adder::<init>(): void for org.jetbrains.research.kex.reanimator.callstack.generator.GeneratorContext@582addf3, generating arguments []
2021-06-11 17:17:07.579 [DEBUG][org.jetbrains.research.kex.reanimator.Reanimator] - Generated call stacks:
instance: term512 = jcc1/Adder()

statics: 

2021-06-11 17:17:07.587 [DEBUG][org.jetbrains.research.kex.trace.runner.AbstractRunner] - Invocation output:
[DEBUG] - Generated call stacks:
instance: term512 = jcc1/Adder()

statics: 

Hello, I am class jcc1.Adder.

2021-06-11 17:17:07.587 [DEBUG][org.jetbrains.research.kex.asm.analysis.testgen.MethodChecker] - Block %bb3 is covered = true
2021-06-11 17:17:07.587 [DEBUG][org.jetbrains.research.kex.asm.analysis.testgen.MethodChecker] - 
2021-06-11 17:17:07.588 [DEBUG][org.jetbrains.research.kex.asm.analysis.testgen.MethodChecker] - Checking method jcc1/Multiplexer::<init>(): void
2021-06-11 17:17:07.588 [DEBUG][org.jetbrains.research.kex.asm.analysis.testgen.MethodChecker] - jcc1/Multiplexer::<init>(): void
%entry0: 	//predecessors 
	goto %bb0

%bb0: 	//predecessors %entry0
	special this.<init>()
	goto %bb1

%bb1: 	//predecessors %bb0
	return
2021-06-11 17:17:07.588 [DEBUG][org.jetbrains.research.kex.asm.analysis.testgen.MethodChecker] - 
2021-06-11 17:17:07.588 [DEBUG][org.jetbrains.research.kex.asm.analysis.testgen.MethodChecker] - Checking reachability of %bb0
2021-06-11 17:17:07.591 [WARN ][org.jetbrains.research.kex.state.transformer.ReflectionInfoAdapter] - Could not load kFunction for jcc1/Multiplexer::<init>(): void
2021-06-11 17:17:07.591 [DEBUG][org.jetbrains.research.kex.smt.Checker] - State: (
  @A this != null
)
2021-06-11 17:17:07.591 [DEBUG][org.jetbrains.research.kex.smt.Checker] - Memspacing started...
2021-06-11 17:17:07.591 [DEBUG][org.jetbrains.research.kex.smt.Checker] - Memspacing finished
2021-06-11 17:17:07.591 [DEBUG][org.jetbrains.research.kex.smt.Checker] - Slicing started...
2021-06-11 17:17:07.591 [DEBUG][org.jetbrains.research.kex.smt.Checker] - State size before slicing: 1
2021-06-11 17:17:07.591 [DEBUG][org.jetbrains.research.kex.smt.Checker] - State size after slicing: 1
2021-06-11 17:17:07.591 [DEBUG][org.jetbrains.research.kex.smt.Checker] - Slicing finished
2021-06-11 17:17:07.591 [DEBUG][org.jetbrains.research.kex.smt.Checker] - Simplified state: (
  @A this != null
)
2021-06-11 17:17:07.591 [DEBUG][org.jetbrains.research.kex.smt.Checker] - Query: (
)
2021-06-11 17:17:07.591 [DEBUG][org.jetbrains.research.kex.smt.z3.Z3Solver] - Z3 solver check
2021-06-11 17:17:07.591 [DEBUG][org.jetbrains.research.kex.smt.z3.Z3Solver] - State: (
  @A this != null
)
2021-06-11 17:17:07.591 [DEBUG][org.jetbrains.research.kex.smt.z3.Z3Solver] - Query: (
)
2021-06-11 17:17:07.592 [DEBUG][org.jetbrains.research.kex.smt.z3.Z3Solver] - Check started
2021-06-11 17:17:07.596 [DEBUG][org.jetbrains.research.kex.smt.z3.Z3Solver] - Running z3 solver
2021-06-11 17:17:07.597 [DEBUG][org.jetbrains.research.kex.smt.z3.Z3Solver] - Solver finished
2021-06-11 17:17:07.597 [DEBUG][org.jetbrains.research.kex.smt.z3.Z3Solver] - Check finished
2021-06-11 17:17:07.598 [DEBUG][org.jetbrains.research.kex.smt.Checker] - Acquired sat
2021-06-11 17:17:07.601 [WARN ][org.jetbrains.research.kex.state.transformer.ReflectionInfoAdapter] - Could not load kFunction for jcc1/Multiplexer::<init>(): void
2021-06-11 17:17:07.601 [DEBUG][org.jetbrains.research.kex.smt.Checker] - State: (
  @A this != null
  @S this.casted0 = (this as java/lang/Object)
)
2021-06-11 17:17:07.601 [DEBUG][org.jetbrains.research.kex.smt.Checker] - Memspacing started...
2021-06-11 17:17:07.601 [DEBUG][org.jetbrains.research.kex.smt.Checker] - Memspacing finished
2021-06-11 17:17:07.601 [DEBUG][org.jetbrains.research.kex.smt.Checker] - Slicing started...
2021-06-11 17:17:07.601 [DEBUG][org.jetbrains.research.kex.smt.Checker] - State size before slicing: 2
2021-06-11 17:17:07.601 [DEBUG][org.jetbrains.research.kex.smt.Checker] - State size after slicing: 2
2021-06-11 17:17:07.601 [DEBUG][org.jetbrains.research.kex.smt.Checker] - Slicing finished
2021-06-11 17:17:07.601 [DEBUG][org.jetbrains.research.kex.smt.Checker] - Simplified state: (
  @A this != null
  @S this.casted0 = (this as java/lang/Object)
)
2021-06-11 17:17:07.601 [DEBUG][org.jetbrains.research.kex.smt.Checker] - Query: (
)
2021-06-11 17:17:07.602 [DEBUG][org.jetbrains.research.kex.smt.z3.Z3Solver] - Z3 solver check
2021-06-11 17:17:07.602 [DEBUG][org.jetbrains.research.kex.smt.z3.Z3Solver] - State: (
  @A this != null
  @S this.casted0 = (this as java/lang/Object)
)
2021-06-11 17:17:07.602 [DEBUG][org.jetbrains.research.kex.smt.z3.Z3Solver] - Query: (
)
2021-06-11 17:17:07.603 [DEBUG][org.jetbrains.research.kex.smt.z3.Z3Solver] - Check started
2021-06-11 17:17:07.612 [DEBUG][org.jetbrains.research.kex.smt.z3.Z3Solver] - Running z3 solver
2021-06-11 17:17:07.613 [DEBUG][org.jetbrains.research.kex.smt.z3.Z3Solver] - Solver finished
2021-06-11 17:17:07.613 [DEBUG][org.jetbrains.research.kex.smt.z3.Z3Solver] - Check finished
2021-06-11 17:17:07.614 [DEBUG][org.jetbrains.research.kex.smt.Checker] - Acquired sat
2021-06-11 17:17:07.615 [DEBUG][org.jetbrains.research.kex.reanimator.Reanimator] - Generated descriptors:
instance: term520 = jcc1/Multiplexer {
}


2021-06-11 17:17:07.616 [DEBUG][org.jetbrains.research.kex.reanimator.callstack.generator.AnyGenerator] - Generating term523 = jcc1/Multiplexer {
}

2021-06-11 17:17:07.616 [DEBUG][org.jetbrains.research.kex.reanimator.callstack.generator.AnyGenerator] - Depth 1, stack depth 0, query size 0
2021-06-11 17:17:07.616 [DEBUG][org.jetbrains.research.kex.reanimator.callstack.generator.GeneratorContext] - Executing constructor jcc1/Multiplexer::<init>(): void for term523 = jcc1/Multiplexer {
}

2021-06-11 17:17:07.620 [WARN ][org.jetbrains.research.kex.state.transformer.ReflectionInfoAdapter] - Could not load kFunction for jcc1/Multiplexer::<init>(): void
2021-06-11 17:17:07.628 [DEBUG][org.jetbrains.research.kex.smt.Checker] - State: (
  @A this != null
  @S this.casted0 = (this as java/lang/Object)
  @X term524 = this instanceof jcc1/Multiplexer
  @X term524 = true
) -> (
  @X this != null
)
2021-06-11 17:17:07.628 [DEBUG][org.jetbrains.research.kex.smt.Checker] - Memspacing started...
2021-06-11 17:17:07.629 [DEBUG][org.jetbrains.research.kex.smt.Checker] - Memspacing finished
2021-06-11 17:17:07.629 [DEBUG][org.jetbrains.research.kex.smt.Checker] - Slicing started...
2021-06-11 17:17:07.629 [DEBUG][org.jetbrains.research.kex.smt.Checker] - State size before slicing: 5
2021-06-11 17:17:07.629 [DEBUG][org.jetbrains.research.kex.smt.Checker] - State size after slicing: 5
2021-06-11 17:17:07.629 [DEBUG][org.jetbrains.research.kex.smt.Checker] - Slicing finished
2021-06-11 17:17:07.629 [DEBUG][org.jetbrains.research.kex.smt.Checker] - Simplified state: (
  @A this != null
  @S this.casted0 = (this as java/lang/Object)
  @X term524 = this instanceof jcc1/Multiplexer
  @X term524 = true
  @X this != null
)
2021-06-11 17:17:07.629 [DEBUG][org.jetbrains.research.kex.smt.Checker] - Query: (
)
2021-06-11 17:17:07.629 [DEBUG][org.jetbrains.research.kex.smt.z3.Z3Solver] - Z3 solver check
2021-06-11 17:17:07.629 [DEBUG][org.jetbrains.research.kex.smt.z3.Z3Solver] - State: (
  @A this != null
  @S this.casted0 = (this as java/lang/Object)
  @X term524 = this instanceof jcc1/Multiplexer
  @X term524 = true
  @X this != null
)
2021-06-11 17:17:07.629 [DEBUG][org.jetbrains.research.kex.smt.z3.Z3Solver] - Query: (
)
2021-06-11 17:17:07.630 [DEBUG][org.jetbrains.research.kex.smt.z3.Z3Solver] - Check started
2021-06-11 17:17:07.642 [DEBUG][org.jetbrains.research.kex.smt.z3.Z3Solver] - Running z3 solver
2021-06-11 17:17:07.648 [DEBUG][org.jetbrains.research.kex.smt.z3.Z3Solver] - Solver finished
2021-06-11 17:17:07.648 [DEBUG][org.jetbrains.research.kex.smt.z3.Z3Solver] - Check finished
2021-06-11 17:17:07.649 [DEBUG][org.jetbrains.research.kex.smt.Checker] - Acquired sat
2021-06-11 17:17:07.649 [DEBUG][org.jetbrains.research.kex.reanimator.callstack.generator.GeneratorContext] - Model: Model {
	this = 2
	this.casted0 = 2
	term524 = true
	(2)<1> = 0
	type(2)<1> = 1
}
2021-06-11 17:17:07.649 [DEBUG][org.jetbrains.research.kex.reanimator.callstack.generator.AnyGenerator] - Found constructor jcc1/Multiplexer::<init>(): void for org.jetbrains.research.kex.reanimator.callstack.generator.GeneratorContext@7cb4e7e9, generating arguments []
2021-06-11 17:17:07.650 [DEBUG][org.jetbrains.research.kex.reanimator.Reanimator] - Generated call stacks:
instance: term520 = jcc1/Multiplexer()


2021-06-11 17:17:07.651 [DEBUG][org.jetbrains.research.kex.asm.analysis.testgen.MethodChecker] - Block %bb0 is covered = true
2021-06-11 17:17:07.651 [DEBUG][org.jetbrains.research.kex.asm.analysis.testgen.MethodChecker] - 
2021-06-11 17:17:07.652 [DEBUG][org.jetbrains.research.kex.asm.analysis.testgen.MethodChecker] - Checking method jcc1/Multiplexer::multiplyElements(int[]): int
2021-06-11 17:17:07.652 [DEBUG][org.jetbrains.research.kex.asm.analysis.testgen.MethodChecker] - jcc1/Multiplexer::multiplyElements(int[]): int
%entry0: 	//predecessors 
	goto %label0

%label0: 	//predecessors %entry0
	%0 = arg$0.length
	goto %bb0

%bb0: 	//predecessors %label0
	goto %label.deroll0

%label.deroll0: 	//predecessors %bb0
	%9 = (0 >= %0)
	if (%9) goto %branch0 else %if.else.deroll0

%if.else.deroll0: 	//predecessors %label.deroll0
	%10 = arg$0[0]
	goto %label.deroll1

%label.deroll1: 	//predecessors %if.else.deroll0
	%11 = 1 * %10
	goto %label.deroll2

%label.deroll2: 	//predecessors %label.deroll1
	%12 = 1 + 0
	goto %label.deroll3

%label.deroll3: 	//predecessors %label.deroll2
	%15 = (%12 >= %0)
	if (%15) goto %if.then0 else %unreachable0

%if.then0: 	//predecessors %label.deroll3, %branch0
	return %2

%unreachable0: 	//predecessors %label.deroll3
	unreachable

%branch0: 	//predecessors %label.deroll0
	goto %if.then0
2021-06-11 17:17:07.652 [DEBUG][org.jetbrains.research.kex.asm.analysis.testgen.MethodChecker] - 
2021-06-11 17:17:07.653 [DEBUG][org.jetbrains.research.kex.asm.analysis.testgen.MethodChecker] - Checking reachability of %bb0
2021-06-11 17:17:07.656 [DEBUG][org.jetbrains.research.kex.smt.Checker] - State: (
  @A arg$0.length < 1000 = true
  @A this != null
  @A arg$0 != null
  @S %0 = arg$0.length
  @A %0 >= 0 = true
)
2021-06-11 17:17:07.656 [DEBUG][org.jetbrains.research.kex.smt.Checker] - Memspacing started...
2021-06-11 17:17:07.656 [DEBUG][org.jetbrains.research.kex.smt.Checker] - Memspacing finished
2021-06-11 17:17:07.656 [DEBUG][org.jetbrains.research.kex.smt.Checker] - Slicing started...
2021-06-11 17:17:07.656 [DEBUG][org.jetbrains.research.kex.smt.Checker] - State size before slicing: 5
2021-06-11 17:17:07.657 [DEBUG][org.jetbrains.research.kex.smt.Checker] - State size after slicing: 3
2021-06-11 17:17:07.657 [DEBUG][org.jetbrains.research.kex.smt.Checker] - Slicing finished
2021-06-11 17:17:07.657 [DEBUG][org.jetbrains.research.kex.smt.Checker] - Simplified state: (
  @A arg$0.length < 1000 = true
  @A this != null
  @A arg$0 != null
)
2021-06-11 17:17:07.657 [DEBUG][org.jetbrains.research.kex.smt.Checker] - Query: (
)
2021-06-11 17:17:07.657 [DEBUG][org.jetbrains.research.kex.smt.z3.Z3Solver] - Z3 solver check
2021-06-11 17:17:07.657 [DEBUG][org.jetbrains.research.kex.smt.z3.Z3Solver] - State: (
  @A arg$0.length < 1000 = true
  @A this != null
  @A arg$0 != null
)
2021-06-11 17:17:07.657 [DEBUG][org.jetbrains.research.kex.smt.z3.Z3Solver] - Query: (
)
2021-06-11 17:17:07.659 [DEBUG][org.jetbrains.research.kex.smt.z3.Z3Solver] - Check started
2021-06-11 17:17:07.680 [DEBUG][org.jetbrains.research.kex.smt.z3.Z3Solver] - Running z3 solver
2021-06-11 17:17:07.690 [DEBUG][org.jetbrains.research.kex.smt.z3.Z3Solver] - Solver finished
2021-06-11 17:17:07.690 [DEBUG][org.jetbrains.research.kex.smt.z3.Z3Solver] - Check finished
2021-06-11 17:17:07.693 [DEBUG][org.jetbrains.research.kex.smt.Checker] - Acquired sat
2021-06-11 17:17:07.693 [DEBUG][org.jetbrains.research.kex.smt.DescriptorReanimator$newArrayInstance$1] - Creating array of type int[] with size 0
2021-06-11 17:17:07.695 [DEBUG][org.jetbrains.research.kex.smt.Checker] - State: (
  @A arg$0.length < 1000 = true
  @A this != null
  @A arg$0 != null
  @S %0 = arg$0.length
  @A %0 >= 0 = true
)
2021-06-11 17:17:07.695 [DEBUG][org.jetbrains.research.kex.smt.Checker] - Memspacing started...
2021-06-11 17:17:07.696 [DEBUG][org.jetbrains.research.kex.smt.Checker] - Memspacing finished
2021-06-11 17:17:07.696 [DEBUG][org.jetbrains.research.kex.smt.Checker] - Slicing started...
2021-06-11 17:17:07.696 [DEBUG][org.jetbrains.research.kex.smt.Checker] - State size before slicing: 5
2021-06-11 17:17:07.696 [DEBUG][org.jetbrains.research.kex.smt.Checker] - State size after slicing: 3
2021-06-11 17:17:07.696 [DEBUG][org.jetbrains.research.kex.smt.Checker] - Slicing finished
2021-06-11 17:17:07.696 [DEBUG][org.jetbrains.research.kex.smt.Checker] - Simplified state: (
  @A arg$0.length < 1000 = true
  @A this != null
  @A arg$0 != null
)
2021-06-11 17:17:07.696 [DEBUG][org.jetbrains.research.kex.smt.Checker] - Query: (
)
2021-06-11 17:17:07.697 [DEBUG][org.jetbrains.research.kex.smt.z3.Z3Solver] - Z3 solver check
2021-06-11 17:17:07.697 [DEBUG][org.jetbrains.research.kex.smt.z3.Z3Solver] - State: (
  @A arg$0.length < 1000 = true
  @A this != null
  @A arg$0 != null
)
2021-06-11 17:17:07.697 [DEBUG][org.jetbrains.research.kex.smt.z3.Z3Solver] - Query: (
)
2021-06-11 17:17:07.698 [DEBUG][org.jetbrains.research.kex.smt.z3.Z3Solver] - Check started
2021-06-11 17:17:07.709 [DEBUG][org.jetbrains.research.kex.smt.z3.Z3Solver] - Running z3 solver
2021-06-11 17:17:07.711 [DEBUG][org.jetbrains.research.kex.smt.z3.Z3Solver] - Solver finished
2021-06-11 17:17:07.711 [DEBUG][org.jetbrains.research.kex.smt.z3.Z3Solver] - Check finished
2021-06-11 17:17:07.713 [DEBUG][org.jetbrains.research.kex.smt.Checker] - Acquired sat
2021-06-11 17:17:07.713 [DEBUG][org.jetbrains.research.kex.smt.DescriptorReanimator$newArrayInstance$1] - Creating array of type int[] with size 0
2021-06-11 17:17:07.713 [DEBUG][org.jetbrains.research.kex.reanimator.Reanimator] - Generated descriptors:
instance: term530 = jcc1/Multiplexer {
}

args: term529 = int[0] {
}


2021-06-11 17:17:07.714 [DEBUG][org.jetbrains.research.kex.reanimator.callstack.generator.AnyGenerator] - Generating term533 = jcc1/Multiplexer {
}

2021-06-11 17:17:07.714 [DEBUG][org.jetbrains.research.kex.reanimator.callstack.generator.AnyGenerator] - Depth 1, stack depth 0, query size 0
2021-06-11 17:17:07.714 [DEBUG][org.jetbrains.research.kex.reanimator.callstack.generator.GeneratorContext] - Executing constructor jcc1/Multiplexer::<init>(): void for term533 = jcc1/Multiplexer {
}

2021-06-11 17:17:07.719 [WARN ][org.jetbrains.research.kex.state.transformer.ReflectionInfoAdapter] - Could not load kFunction for jcc1/Multiplexer::<init>(): void
2021-06-11 17:17:07.720 [DEBUG][org.jetbrains.research.kex.smt.Checker] - State: (
  @A this != null
  @S this.casted0 = (this as java/lang/Object)
  @X term534 = this instanceof jcc1/Multiplexer
  @X term534 = true
) -> (
  @X this != null
)
2021-06-11 17:17:07.720 [DEBUG][org.jetbrains.research.kex.smt.Checker] - Memspacing started...
2021-06-11 17:17:07.720 [DEBUG][org.jetbrains.research.kex.smt.Checker] - Memspacing finished
2021-06-11 17:17:07.720 [DEBUG][org.jetbrains.research.kex.smt.Checker] - Slicing started...
2021-06-11 17:17:07.720 [DEBUG][org.jetbrains.research.kex.smt.Checker] - State size before slicing: 5
2021-06-11 17:17:07.720 [DEBUG][org.jetbrains.research.kex.smt.Checker] - State size after slicing: 5
2021-06-11 17:17:07.720 [DEBUG][org.jetbrains.research.kex.smt.Checker] - Slicing finished
2021-06-11 17:17:07.720 [DEBUG][org.jetbrains.research.kex.smt.Checker] - Simplified state: (
  @A this != null
  @S this.casted0 = (this as java/lang/Object)
  @X term534 = this instanceof jcc1/Multiplexer
  @X term534 = true
  @X this != null
)
2021-06-11 17:17:07.720 [DEBUG][org.jetbrains.research.kex.smt.Checker] - Query: (
)
2021-06-11 17:17:07.720 [DEBUG][org.jetbrains.research.kex.smt.z3.Z3Solver] - Z3 solver check
2021-06-11 17:17:07.720 [DEBUG][org.jetbrains.research.kex.smt.z3.Z3Solver] - State: (
  @A this != null
  @S this.casted0 = (this as java/lang/Object)
  @X term534 = this instanceof jcc1/Multiplexer
  @X term534 = true
  @X this != null
)
2021-06-11 17:17:07.720 [DEBUG][org.jetbrains.research.kex.smt.z3.Z3Solver] - Query: (
)
2021-06-11 17:17:07.723 [DEBUG][org.jetbrains.research.kex.smt.z3.Z3Solver] - Check started
2021-06-11 17:17:07.730 [DEBUG][org.jetbrains.research.kex.smt.z3.Z3Solver] - Running z3 solver
2021-06-11 17:17:07.731 [DEBUG][org.jetbrains.research.kex.smt.z3.Z3Solver] - Solver finished
2021-06-11 17:17:07.731 [DEBUG][org.jetbrains.research.kex.smt.z3.Z3Solver] - Check finished
2021-06-11 17:17:07.732 [DEBUG][org.jetbrains.research.kex.smt.Checker] - Acquired sat
2021-06-11 17:17:07.732 [DEBUG][org.jetbrains.research.kex.reanimator.callstack.generator.GeneratorContext] - Model: Model {
	this = 2
	this.casted0 = 2
	term534 = true
	(2)<1> = 0
	type(2)<1> = 1
}
2021-06-11 17:17:07.733 [DEBUG][org.jetbrains.research.kex.reanimator.callstack.generator.AnyGenerator] - Found constructor jcc1/Multiplexer::<init>(): void for org.jetbrains.research.kex.reanimator.callstack.generator.GeneratorContext@61ec2a7c, generating arguments []
2021-06-11 17:17:07.734 [DEBUG][org.jetbrains.research.kex.reanimator.Reanimator] - Generated call stacks:
instance: term530 = jcc1/Multiplexer()

args: term529 = new int[0]


2021-06-11 17:17:07.735 [DEBUG][org.jetbrains.research.kex.asm.analysis.testgen.MethodChecker] - Block %bb0 is covered = true
2021-06-11 17:17:07.735 [DEBUG][org.jetbrains.research.kex.asm.analysis.testgen.MethodChecker] - 
2021-06-11 17:17:07.735 [DEBUG][org.jetbrains.research.kex.asm.analysis.testgen.MethodChecker] - Checking reachability of %label.deroll0
2021-06-11 17:17:07.736 [DEBUG][org.jetbrains.research.kex.smt.Checker] - State: (
  @A arg$0.length < 1000 = true
  @A this != null
  @A arg$0 != null
  @S %0 = arg$0.length
  @A %0 >= 0 = true
  @S %9 = 0 >= %0
)
2021-06-11 17:17:07.736 [DEBUG][org.jetbrains.research.kex.smt.Checker] - Memspacing started...
2021-06-11 17:17:07.736 [DEBUG][org.jetbrains.research.kex.smt.Checker] - Memspacing finished
2021-06-11 17:17:07.738 [DEBUG][org.jetbrains.research.kex.smt.Checker] - Slicing started...
2021-06-11 17:17:07.738 [DEBUG][org.jetbrains.research.kex.smt.Checker] - State size before slicing: 6
2021-06-11 17:17:07.738 [DEBUG][org.jetbrains.research.kex.smt.Checker] - State size after slicing: 3
2021-06-11 17:17:07.738 [DEBUG][org.jetbrains.research.kex.smt.Checker] - Slicing finished
2021-06-11 17:17:07.738 [DEBUG][org.jetbrains.research.kex.smt.Checker] - Simplified state: (
  @A arg$0.length < 1000 = true
  @A this != null
  @A arg$0 != null
)
2021-06-11 17:17:07.738 [DEBUG][org.jetbrains.research.kex.smt.Checker] - Query: (
)
2021-06-11 17:17:07.739 [DEBUG][org.jetbrains.research.kex.smt.z3.Z3Solver] - Z3 solver check
2021-06-11 17:17:07.739 [DEBUG][org.jetbrains.research.kex.smt.z3.Z3Solver] - State: (
  @A arg$0.length < 1000 = true
  @A this != null
  @A arg$0 != null
)
2021-06-11 17:17:07.739 [DEBUG][org.jetbrains.research.kex.smt.z3.Z3Solver] - Query: (
)
2021-06-11 17:17:07.739 [DEBUG][org.jetbrains.research.kex.smt.z3.Z3Solver] - Check started
2021-06-11 17:17:07.746 [DEBUG][org.jetbrains.research.kex.smt.z3.Z3Solver] - Running z3 solver
2021-06-11 17:17:07.748 [DEBUG][org.jetbrains.research.kex.smt.z3.Z3Solver] - Solver finished
2021-06-11 17:17:07.748 [DEBUG][org.jetbrains.research.kex.smt.z3.Z3Solver] - Check finished
2021-06-11 17:17:07.751 [DEBUG][org.jetbrains.research.kex.smt.Checker] - Acquired sat
2021-06-11 17:17:07.752 [DEBUG][org.jetbrains.research.kex.smt.DescriptorReanimator$newArrayInstance$1] - Creating array of type int[] with size 0
2021-06-11 17:17:07.757 [DEBUG][org.jetbrains.research.kex.smt.Checker] - State: (
  @A arg$0.length < 1000 = true
  @A this != null
  @A arg$0 != null
  @S %0 = arg$0.length
  @A %0 >= 0 = true
  @S %9 = 0 >= %0
)
2021-06-11 17:17:07.757 [DEBUG][org.jetbrains.research.kex.smt.Checker] - Memspacing started...
2021-06-11 17:17:07.758 [DEBUG][org.jetbrains.research.kex.smt.Checker] - Memspacing finished
2021-06-11 17:17:07.758 [DEBUG][org.jetbrains.research.kex.smt.Checker] - Slicing started...
2021-06-11 17:17:07.760 [DEBUG][org.jetbrains.research.kex.smt.Checker] - State size before slicing: 6
2021-06-11 17:17:07.760 [DEBUG][org.jetbrains.research.kex.smt.Checker] - State size after slicing: 3
2021-06-11 17:17:07.760 [DEBUG][org.jetbrains.research.kex.smt.Checker] - Slicing finished
2021-06-11 17:17:07.760 [DEBUG][org.jetbrains.research.kex.smt.Checker] - Simplified state: (
  @A arg$0.length < 1000 = true
  @A this != null
  @A arg$0 != null
)
2021-06-11 17:17:07.760 [DEBUG][org.jetbrains.research.kex.smt.Checker] - Query: (
)
2021-06-11 17:17:07.760 [DEBUG][org.jetbrains.research.kex.smt.z3.Z3Solver] - Z3 solver check
2021-06-11 17:17:07.760 [DEBUG][org.jetbrains.research.kex.smt.z3.Z3Solver] - State: (
  @A arg$0.length < 1000 = true
  @A this != null
  @A arg$0 != null
)
2021-06-11 17:17:07.760 [DEBUG][org.jetbrains.research.kex.smt.z3.Z3Solver] - Query: (
)
2021-06-11 17:17:07.761 [DEBUG][org.jetbrains.research.kex.smt.z3.Z3Solver] - Check started
2021-06-11 17:17:07.773 [DEBUG][org.jetbrains.research.kex.smt.z3.Z3Solver] - Running z3 solver
2021-06-11 17:17:07.775 [DEBUG][org.jetbrains.research.kex.smt.z3.Z3Solver] - Solver finished
2021-06-11 17:17:07.775 [DEBUG][org.jetbrains.research.kex.smt.z3.Z3Solver] - Check finished
2021-06-11 17:17:07.776 [DEBUG][org.jetbrains.research.kex.smt.Checker] - Acquired sat
2021-06-11 17:17:07.777 [DEBUG][org.jetbrains.research.kex.smt.DescriptorReanimator$newArrayInstance$1] - Creating array of type int[] with size 0
2021-06-11 17:17:07.777 [DEBUG][org.jetbrains.research.kex.reanimator.Reanimator] - Generated descriptors:
instance: term541 = jcc1/Multiplexer {
}

args: term540 = int[0] {
}


2021-06-11 17:17:07.778 [DEBUG][org.jetbrains.research.kex.reanimator.callstack.generator.AnyGenerator] - Generating term544 = jcc1/Multiplexer {
}

2021-06-11 17:17:07.778 [DEBUG][org.jetbrains.research.kex.reanimator.callstack.generator.AnyGenerator] - Depth 1, stack depth 0, query size 0
2021-06-11 17:17:07.778 [DEBUG][org.jetbrains.research.kex.reanimator.callstack.generator.GeneratorContext] - Executing constructor jcc1/Multiplexer::<init>(): void for term544 = jcc1/Multiplexer {
}

2021-06-11 17:17:07.780 [WARN ][org.jetbrains.research.kex.state.transformer.ReflectionInfoAdapter] - Could not load kFunction for jcc1/Multiplexer::<init>(): void
2021-06-11 17:17:07.789 [DEBUG][org.jetbrains.research.kex.smt.Checker] - State: (
  @A this != null
  @S this.casted0 = (this as java/lang/Object)
  @X term545 = this instanceof jcc1/Multiplexer
  @X term545 = true
) -> (
  @X this != null
)
2021-06-11 17:17:07.789 [DEBUG][org.jetbrains.research.kex.smt.Checker] - Memspacing started...
2021-06-11 17:17:07.791 [DEBUG][org.jetbrains.research.kex.smt.Checker] - Memspacing finished
2021-06-11 17:17:07.791 [DEBUG][org.jetbrains.research.kex.smt.Checker] - Slicing started...
2021-06-11 17:17:07.791 [DEBUG][org.jetbrains.research.kex.smt.Checker] - State size before slicing: 5
2021-06-11 17:17:07.791 [DEBUG][org.jetbrains.research.kex.smt.Checker] - State size after slicing: 5
2021-06-11 17:17:07.792 [DEBUG][org.jetbrains.research.kex.smt.Checker] - Slicing finished
2021-06-11 17:17:07.792 [DEBUG][org.jetbrains.research.kex.smt.Checker] - Simplified state: (
  @A this != null
  @S this.casted0 = (this as java/lang/Object)
  @X term545 = this instanceof jcc1/Multiplexer
  @X term545 = true
  @X this != null
)
2021-06-11 17:17:07.792 [DEBUG][org.jetbrains.research.kex.smt.Checker] - Query: (
)
2021-06-11 17:17:07.792 [DEBUG][org.jetbrains.research.kex.smt.z3.Z3Solver] - Z3 solver check
2021-06-11 17:17:07.792 [DEBUG][org.jetbrains.research.kex.smt.z3.Z3Solver] - State: (
  @A this != null
  @S this.casted0 = (this as java/lang/Object)
  @X term545 = this instanceof jcc1/Multiplexer
  @X term545 = true
  @X this != null
)
2021-06-11 17:17:07.792 [DEBUG][org.jetbrains.research.kex.smt.z3.Z3Solver] - Query: (
)
2021-06-11 17:17:07.793 [DEBUG][org.jetbrains.research.kex.smt.z3.Z3Solver] - Check started
2021-06-11 17:17:07.801 [DEBUG][org.jetbrains.research.kex.smt.z3.Z3Solver] - Running z3 solver
2021-06-11 17:17:07.802 [DEBUG][org.jetbrains.research.kex.smt.z3.Z3Solver] - Solver finished
2021-06-11 17:17:07.802 [DEBUG][org.jetbrains.research.kex.smt.z3.Z3Solver] - Check finished
2021-06-11 17:17:07.803 [DEBUG][org.jetbrains.research.kex.smt.Checker] - Acquired sat
2021-06-11 17:17:07.803 [DEBUG][org.jetbrains.research.kex.reanimator.callstack.generator.GeneratorContext] - Model: Model {
	this = 2
	this.casted0 = 2
	term545 = true
	(2)<1> = 0
	type(2)<1> = 1
}
2021-06-11 17:17:07.803 [DEBUG][org.jetbrains.research.kex.reanimator.callstack.generator.AnyGenerator] - Found constructor jcc1/Multiplexer::<init>(): void for org.jetbrains.research.kex.reanimator.callstack.generator.GeneratorContext@61ec2a7c, generating arguments []
2021-06-11 17:17:07.805 [DEBUG][org.jetbrains.research.kex.reanimator.Reanimator] - Generated call stacks:
instance: term541 = jcc1/Multiplexer()

args: term540 = new int[0]


2021-06-11 17:17:07.807 [DEBUG][org.jetbrains.research.kex.trace.runner.AbstractRunner] - Invocation output:
[DEBUG] - Generated call stacks:
instance: term541 = jcc1/Multiplexer()

args: term540 = new int[0]



2021-06-11 17:17:07.808 [DEBUG][org.jetbrains.research.kex.asm.analysis.testgen.MethodChecker] - Block %label.deroll0 is covered = false
2021-06-11 17:17:07.808 [DEBUG][org.jetbrains.research.kex.asm.analysis.testgen.MethodChecker] - 
2021-06-11 17:17:07.808 [DEBUG][org.jetbrains.research.kex.asm.analysis.testgen.MethodChecker] - Checking reachability of %label.deroll2
2021-06-11 17:17:07.810 [DEBUG][org.jetbrains.research.kex.smt.Checker] - State: (
  @A arg$0.length < 1000 = true
  @A this != null
  @A arg$0 != null
  @S %0 = arg$0.length
  @A %0 >= 0 = true
  @S %9 = 0 >= %0
  @P %9 = false
  @A arg$0 != null
  @S %10 = *(arg$0[0])
  @S %11 = 1 * %10
  @S %12 = 1 + 0
)
2021-06-11 17:17:07.814 [DEBUG][org.jetbrains.research.kex.smt.Checker] - Memspacing started...
2021-06-11 17:17:07.815 [DEBUG][org.jetbrains.research.kex.smt.Checker] - Memspacing finished
2021-06-11 17:17:07.815 [DEBUG][org.jetbrains.research.kex.smt.Checker] - Slicing started...
2021-06-11 17:17:07.817 [DEBUG][org.jetbrains.research.kex.smt.Checker] - State size before slicing: 11
2021-06-11 17:17:07.818 [DEBUG][org.jetbrains.research.kex.smt.Checker] - State size after slicing: 8
2021-06-11 17:17:07.818 [DEBUG][org.jetbrains.research.kex.smt.Checker] - Slicing finished
2021-06-11 17:17:07.818 [DEBUG][org.jetbrains.research.kex.smt.Checker] - Simplified state: (
  @A arg$0.length < 1000 = true
  @A this != null
  @A arg$0 != null
  @S %0 = arg$0.length
  @A %0 >= 0 = true
  @S %9 = 0 >= %0
  @P %9 = false
  @A arg$0 != null
)
2021-06-11 17:17:07.818 [DEBUG][org.jetbrains.research.kex.smt.Checker] - Query: (
  @P %9 = false
)
2021-06-11 17:17:07.819 [DEBUG][org.jetbrains.research.kex.smt.z3.Z3Solver] - Z3 solver check
2021-06-11 17:17:07.819 [DEBUG][org.jetbrains.research.kex.smt.z3.Z3Solver] - State: (
  @A arg$0.length < 1000 = true
  @A this != null
  @A arg$0 != null
  @S %0 = arg$0.length
  @A %0 >= 0 = true
  @S %9 = 0 >= %0
  @P %9 = false
  @A arg$0 != null
)
2021-06-11 17:17:07.819 [DEBUG][org.jetbrains.research.kex.smt.z3.Z3Solver] - Query: (
  @P %9 = false
)
2021-06-11 17:17:07.820 [DEBUG][org.jetbrains.research.kex.smt.z3.Z3Solver] - Check started
2021-06-11 17:17:07.830 [DEBUG][org.jetbrains.research.kex.smt.z3.Z3Solver] - Running z3 solver
2021-06-11 17:17:07.831 [DEBUG][org.jetbrains.research.kex.smt.z3.Z3Solver] - Solver finished
2021-06-11 17:17:07.831 [DEBUG][org.jetbrains.research.kex.smt.z3.Z3Solver] - Check finished
2021-06-11 17:17:07.833 [DEBUG][org.jetbrains.research.kex.smt.Checker] - Acquired sat
2021-06-11 17:17:07.833 [DEBUG][org.jetbrains.research.kex.smt.DescriptorReanimator$newArrayInstance$1] - Creating array of type int[] with size 2
2021-06-11 17:17:07.845 [DEBUG][org.jetbrains.research.kex.smt.Checker] - State: (
  @A arg$0.length < 1000 = true
  @A this != null
  @A arg$0 != null
  @S %0 = arg$0.length
  @A %0 >= 0 = true
  @S %9 = 0 >= %0
  @P %9 = false
  @A arg$0 != null
  @S %10 = *(arg$0[0])
  @S %11 = 1 * %10
  @S %12 = 1 + 0
)
2021-06-11 17:17:07.845 [DEBUG][org.jetbrains.research.kex.smt.Checker] - Memspacing started...
2021-06-11 17:17:07.846 [DEBUG][org.jetbrains.research.kex.smt.Checker] - Memspacing finished
2021-06-11 17:17:07.846 [DEBUG][org.jetbrains.research.kex.smt.Checker] - Slicing started...
2021-06-11 17:17:07.847 [DEBUG][org.jetbrains.research.kex.smt.Checker] - State size before slicing: 11
2021-06-11 17:17:07.847 [DEBUG][org.jetbrains.research.kex.smt.Checker] - State size after slicing: 8
2021-06-11 17:17:07.847 [DEBUG][org.jetbrains.research.kex.smt.Checker] - Slicing finished
2021-06-11 17:17:07.847 [DEBUG][org.jetbrains.research.kex.smt.Checker] - Simplified state: (
  @A arg$0.length < 1000 = true
  @A this != null
  @A arg$0 != null
  @S %0 = arg$0.length
  @A %0 >= 0 = true
  @S %9 = 0 >= %0
  @P %9 = false
  @A arg$0 != null
)
2021-06-11 17:17:07.847 [DEBUG][org.jetbrains.research.kex.smt.Checker] - Query: (
  @P %9 = false
)
2021-06-11 17:17:07.849 [DEBUG][org.jetbrains.research.kex.smt.z3.Z3Solver] - Z3 solver check
2021-06-11 17:17:07.849 [DEBUG][org.jetbrains.research.kex.smt.z3.Z3Solver] - State: (
  @A arg$0.length < 1000 = true
  @A this != null
  @A arg$0 != null
  @S %0 = arg$0.length
  @A %0 >= 0 = true
  @S %9 = 0 >= %0
  @P %9 = false
  @A arg$0 != null
)
2021-06-11 17:17:07.850 [DEBUG][org.jetbrains.research.kex.smt.z3.Z3Solver] - Query: (
  @P %9 = false
)
2021-06-11 17:17:07.852 [DEBUG][org.jetbrains.research.kex.smt.z3.Z3Solver] - Check started
2021-06-11 17:17:07.857 [DEBUG][org.jetbrains.research.kex.smt.z3.Z3Solver] - Running z3 solver
2021-06-11 17:17:07.859 [DEBUG][org.jetbrains.research.kex.smt.z3.Z3Solver] - Solver finished
2021-06-11 17:17:07.859 [DEBUG][org.jetbrains.research.kex.smt.z3.Z3Solver] - Check finished
2021-06-11 17:17:07.860 [DEBUG][org.jetbrains.research.kex.smt.Checker] - Acquired sat
2021-06-11 17:17:07.860 [DEBUG][org.jetbrains.research.kex.smt.DescriptorReanimator$newArrayInstance$1] - Creating array of type int[] with size 2
2021-06-11 17:17:07.860 [DEBUG][org.jetbrains.research.kex.reanimator.Reanimator] - Generated descriptors:
instance: term552 = jcc1/Multiplexer {
}

args: term551 = int[2] {
}


2021-06-11 17:17:07.861 [DEBUG][org.jetbrains.research.kex.reanimator.callstack.generator.AnyGenerator] - Generating term555 = jcc1/Multiplexer {
}

2021-06-11 17:17:07.861 [DEBUG][org.jetbrains.research.kex.reanimator.callstack.generator.AnyGenerator] - Depth 1, stack depth 0, query size 0
2021-06-11 17:17:07.861 [DEBUG][org.jetbrains.research.kex.reanimator.callstack.generator.GeneratorContext] - Executing constructor jcc1/Multiplexer::<init>(): void for term555 = jcc1/Multiplexer {
}

2021-06-11 17:17:07.863 [WARN ][org.jetbrains.research.kex.state.transformer.ReflectionInfoAdapter] - Could not load kFunction for jcc1/Multiplexer::<init>(): void
2021-06-11 17:17:07.864 [DEBUG][org.jetbrains.research.kex.smt.Checker] - State: (
  @A this != null
  @S this.casted0 = (this as java/lang/Object)
  @X term556 = this instanceof jcc1/Multiplexer
  @X term556 = true
) -> (
  @X this != null
)
2021-06-11 17:17:07.864 [DEBUG][org.jetbrains.research.kex.smt.Checker] - Memspacing started...
2021-06-11 17:17:07.866 [DEBUG][org.jetbrains.research.kex.smt.Checker] - Memspacing finished
2021-06-11 17:17:07.866 [DEBUG][org.jetbrains.research.kex.smt.Checker] - Slicing started...
2021-06-11 17:17:07.866 [DEBUG][org.jetbrains.research.kex.smt.Checker] - State size before slicing: 5
2021-06-11 17:17:07.867 [DEBUG][org.jetbrains.research.kex.smt.Checker] - State size after slicing: 5
2021-06-11 17:17:07.868 [DEBUG][org.jetbrains.research.kex.smt.Checker] - Slicing finished
2021-06-11 17:17:07.869 [DEBUG][org.jetbrains.research.kex.smt.Checker] - Simplified state: (
  @A this != null
  @S this.casted0 = (this as java/lang/Object)
  @X term556 = this instanceof jcc1/Multiplexer
  @X term556 = true
  @X this != null
)
2021-06-11 17:17:07.869 [DEBUG][org.jetbrains.research.kex.smt.Checker] - Query: (
)
2021-06-11 17:17:07.870 [DEBUG][org.jetbrains.research.kex.smt.z3.Z3Solver] - Z3 solver check
2021-06-11 17:17:07.870 [DEBUG][org.jetbrains.research.kex.smt.z3.Z3Solver] - State: (
  @A this != null
  @S this.casted0 = (this as java/lang/Object)
  @X term556 = this instanceof jcc1/Multiplexer
  @X term556 = true
  @X this != null
)
2021-06-11 17:17:07.870 [DEBUG][org.jetbrains.research.kex.smt.z3.Z3Solver] - Query: (
)
2021-06-11 17:17:07.872 [DEBUG][org.jetbrains.research.kex.smt.z3.Z3Solver] - Check started
2021-06-11 17:17:07.878 [DEBUG][org.jetbrains.research.kex.smt.z3.Z3Solver] - Running z3 solver
2021-06-11 17:17:07.879 [DEBUG][org.jetbrains.research.kex.smt.z3.Z3Solver] - Solver finished
2021-06-11 17:17:07.879 [DEBUG][org.jetbrains.research.kex.smt.z3.Z3Solver] - Check finished
2021-06-11 17:17:07.880 [DEBUG][org.jetbrains.research.kex.smt.Checker] - Acquired sat
2021-06-11 17:17:07.880 [DEBUG][org.jetbrains.research.kex.reanimator.callstack.generator.GeneratorContext] - Model: Model {
	this = 2
	this.casted0 = 2
	term556 = true
	(2)<1> = 0
	type(2)<1> = 1
}
2021-06-11 17:17:07.880 [DEBUG][org.jetbrains.research.kex.reanimator.callstack.generator.AnyGenerator] - Found constructor jcc1/Multiplexer::<init>(): void for org.jetbrains.research.kex.reanimator.callstack.generator.GeneratorContext@61ec2a7c, generating arguments []
2021-06-11 17:17:07.881 [DEBUG][org.jetbrains.research.kex.reanimator.Reanimator] - Generated call stacks:
instance: term552 = jcc1/Multiplexer()

args: term551 = new int[2]


2021-06-11 17:17:07.887 [DEBUG][org.jetbrains.research.kex.asm.analysis.testgen.MethodChecker] - Block %label.deroll2 is covered = false
2021-06-11 17:17:07.887 [DEBUG][org.jetbrains.research.kex.asm.analysis.testgen.MethodChecker] - 
2021-06-11 17:17:07.887 [DEBUG][org.jetbrains.research.kex.asm.analysis.testgen.MethodChecker] - Checking reachability of %label.deroll3
2021-06-11 17:17:07.891 [DEBUG][org.jetbrains.research.kex.smt.Checker] - State: (
  @A arg$0.length < 1000 = true
  @A this != null
  @A arg$0 != null
  @S %0 = arg$0.length
  @A %0 >= 0 = true
  @S %9 = 0 >= %0
  @P %9 = false
  @A arg$0 != null
  @S %10 = *(arg$0[0])
  @S %11 = 1 * %10
  @S %12 = 1 + 0
  @S %15 = %12 >= %0
)
2021-06-11 17:17:07.891 [DEBUG][org.jetbrains.research.kex.smt.Checker] - Memspacing started...
2021-06-11 17:17:07.892 [DEBUG][org.jetbrains.research.kex.smt.Checker] - Memspacing finished
2021-06-11 17:17:07.892 [DEBUG][org.jetbrains.research.kex.smt.Checker] - Slicing started...
2021-06-11 17:17:07.894 [DEBUG][org.jetbrains.research.kex.smt.Checker] - State size before slicing: 12
2021-06-11 17:17:07.894 [DEBUG][org.jetbrains.research.kex.smt.Checker] - State size after slicing: 8
2021-06-11 17:17:07.894 [DEBUG][org.jetbrains.research.kex.smt.Checker] - Slicing finished
2021-06-11 17:17:07.894 [DEBUG][org.jetbrains.research.kex.smt.Checker] - Simplified state: (
  @A arg$0.length < 1000 = true
  @A this != null
  @A arg$0 != null
  @S %0 = arg$0.length
  @A %0 >= 0 = true
  @S %9 = 0 >= %0
  @P %9 = false
  @A arg$0 != null
)
2021-06-11 17:17:07.894 [DEBUG][org.jetbrains.research.kex.smt.Checker] - Query: (
  @P %9 = false
)
2021-06-11 17:17:07.895 [DEBUG][org.jetbrains.research.kex.smt.z3.Z3Solver] - Z3 solver check
2021-06-11 17:17:07.895 [DEBUG][org.jetbrains.research.kex.smt.z3.Z3Solver] - State: (
  @A arg$0.length < 1000 = true
  @A this != null
  @A arg$0 != null
  @S %0 = arg$0.length
  @A %0 >= 0 = true
  @S %9 = 0 >= %0
  @P %9 = false
  @A arg$0 != null
)
2021-06-11 17:17:07.895 [DEBUG][org.jetbrains.research.kex.smt.z3.Z3Solver] - Query: (
  @P %9 = false
)
2021-06-11 17:17:07.918 [DEBUG][org.jetbrains.research.kex.smt.z3.Z3Solver] - Check started
2021-06-11 17:17:07.922 [DEBUG][org.jetbrains.research.kex.smt.z3.Z3Solver] - Running z3 solver
2021-06-11 17:17:07.943 [DEBUG][org.jetbrains.research.kex.smt.z3.Z3Solver] - Solver finished
2021-06-11 17:17:07.943 [DEBUG][org.jetbrains.research.kex.smt.z3.Z3Solver] - Check finished
2021-06-11 17:17:07.945 [DEBUG][org.jetbrains.research.kex.smt.Checker] - Acquired sat
2021-06-11 17:17:07.945 [DEBUG][org.jetbrains.research.kex.smt.DescriptorReanimator$newArrayInstance$1] - Creating array of type int[] with size 2
2021-06-11 17:17:07.956 [DEBUG][org.jetbrains.research.kex.smt.Checker] - State: (
  @A arg$0.length < 1000 = true
  @A this != null
  @A arg$0 != null
  @S %0 = arg$0.length
  @A %0 >= 0 = true
  @S %9 = 0 >= %0
  @P %9 = false
  @A arg$0 != null
  @S %10 = *(arg$0[0])
  @S %11 = 1 * %10
  @S %12 = 1 + 0
  @S %15 = %12 >= %0
)
2021-06-11 17:17:07.956 [DEBUG][org.jetbrains.research.kex.smt.Checker] - Memspacing started...
2021-06-11 17:17:07.964 [DEBUG][org.jetbrains.research.kex.smt.Checker] - Memspacing finished
2021-06-11 17:17:07.964 [DEBUG][org.jetbrains.research.kex.smt.Checker] - Slicing started...
2021-06-11 17:17:07.968 [DEBUG][org.jetbrains.research.kex.smt.Checker] - State size before slicing: 12
2021-06-11 17:17:07.969 [DEBUG][org.jetbrains.research.kex.smt.Checker] - State size after slicing: 8
2021-06-11 17:17:07.969 [DEBUG][org.jetbrains.research.kex.smt.Checker] - Slicing finished
2021-06-11 17:17:07.970 [DEBUG][org.jetbrains.research.kex.smt.Checker] - Simplified state: (
  @A arg$0.length < 1000 = true
  @A this != null
  @A arg$0 != null
  @S %0 = arg$0.length
  @A %0 >= 0 = true
  @S %9 = 0 >= %0
  @P %9 = false
  @A arg$0 != null
)
2021-06-11 17:17:07.970 [DEBUG][org.jetbrains.research.kex.smt.Checker] - Query: (
  @P %9 = false
)
2021-06-11 17:17:07.970 [DEBUG][org.jetbrains.research.kex.smt.z3.Z3Solver] - Z3 solver check
2021-06-11 17:17:07.970 [DEBUG][org.jetbrains.research.kex.smt.z3.Z3Solver] - State: (
  @A arg$0.length < 1000 = true
  @A this != null
  @A arg$0 != null
  @S %0 = arg$0.length
  @A %0 >= 0 = true
  @S %9 = 0 >= %0
  @P %9 = false
  @A arg$0 != null
)
2021-06-11 17:17:07.970 [DEBUG][org.jetbrains.research.kex.smt.z3.Z3Solver] - Query: (
  @P %9 = false
)
2021-06-11 17:17:07.973 [DEBUG][org.jetbrains.research.kex.smt.z3.Z3Solver] - Check started
2021-06-11 17:17:07.991 [DEBUG][org.jetbrains.research.kex.smt.z3.Z3Solver] - Running z3 solver
2021-06-11 17:17:07.999 [DEBUG][org.jetbrains.research.kex.smt.z3.Z3Solver] - Solver finished
2021-06-11 17:17:07.999 [DEBUG][org.jetbrains.research.kex.smt.z3.Z3Solver] - Check finished
2021-06-11 17:17:08.001 [DEBUG][org.jetbrains.research.kex.smt.Checker] - Acquired sat
2021-06-11 17:17:08.002 [DEBUG][org.jetbrains.research.kex.smt.DescriptorReanimator$newArrayInstance$1] - Creating array of type int[] with size 2
2021-06-11 17:17:08.005 [DEBUG][org.jetbrains.research.kex.reanimator.Reanimator] - Generated descriptors:
instance: term563 = jcc1/Multiplexer {
}

args: term562 = int[2] {
}


2021-06-11 17:17:08.005 [DEBUG][org.jetbrains.research.kex.reanimator.callstack.generator.AnyGenerator] - Generating term566 = jcc1/Multiplexer {
}

2021-06-11 17:17:08.010 [DEBUG][org.jetbrains.research.kex.reanimator.callstack.generator.AnyGenerator] - Depth 1, stack depth 0, query size 0
2021-06-11 17:17:08.010 [DEBUG][org.jetbrains.research.kex.reanimator.callstack.generator.GeneratorContext] - Executing constructor jcc1/Multiplexer::<init>(): void for term566 = jcc1/Multiplexer {
}

2021-06-11 17:17:08.016 [WARN ][org.jetbrains.research.kex.state.transformer.ReflectionInfoAdapter] - Could not load kFunction for jcc1/Multiplexer::<init>(): void
2021-06-11 17:17:08.021 [DEBUG][org.jetbrains.research.kex.smt.Checker] - State: (
  @A this != null
  @S this.casted0 = (this as java/lang/Object)
  @X term567 = this instanceof jcc1/Multiplexer
  @X term567 = true
) -> (
  @X this != null
)
2021-06-11 17:17:08.022 [DEBUG][org.jetbrains.research.kex.smt.Checker] - Memspacing started...
2021-06-11 17:17:08.022 [DEBUG][org.jetbrains.research.kex.smt.Checker] - Memspacing finished
2021-06-11 17:17:08.022 [DEBUG][org.jetbrains.research.kex.smt.Checker] - Slicing started...
2021-06-11 17:17:08.023 [DEBUG][org.jetbrains.research.kex.smt.Checker] - State size before slicing: 5
2021-06-11 17:17:08.024 [DEBUG][org.jetbrains.research.kex.smt.Checker] - State size after slicing: 5
2021-06-11 17:17:08.025 [DEBUG][org.jetbrains.research.kex.smt.Checker] - Slicing finished
2021-06-11 17:17:08.028 [DEBUG][org.jetbrains.research.kex.smt.Checker] - Simplified state: (
  @A this != null
  @S this.casted0 = (this as java/lang/Object)
  @X term567 = this instanceof jcc1/Multiplexer
  @X term567 = true
  @X this != null
)
2021-06-11 17:17:08.028 [DEBUG][org.jetbrains.research.kex.smt.Checker] - Query: (
)
2021-06-11 17:17:08.028 [DEBUG][org.jetbrains.research.kex.smt.z3.Z3Solver] - Z3 solver check
2021-06-11 17:17:08.028 [DEBUG][org.jetbrains.research.kex.smt.z3.Z3Solver] - State: (
  @A this != null
  @S this.casted0 = (this as java/lang/Object)
  @X term567 = this instanceof jcc1/Multiplexer
  @X term567 = true
  @X this != null
)
2021-06-11 17:17:08.028 [DEBUG][org.jetbrains.research.kex.smt.z3.Z3Solver] - Query: (
)
2021-06-11 17:17:08.033 [DEBUG][org.jetbrains.research.kex.smt.z3.Z3Solver] - Check started
2021-06-11 17:17:08.040 [DEBUG][org.jetbrains.research.kex.smt.z3.Z3Solver] - Running z3 solver
2021-06-11 17:17:08.042 [DEBUG][org.jetbrains.research.kex.smt.z3.Z3Solver] - Solver finished
2021-06-11 17:17:08.042 [DEBUG][org.jetbrains.research.kex.smt.z3.Z3Solver] - Check finished
2021-06-11 17:17:08.043 [DEBUG][org.jetbrains.research.kex.smt.Checker] - Acquired sat
2021-06-11 17:17:08.043 [DEBUG][org.jetbrains.research.kex.reanimator.callstack.generator.GeneratorContext] - Model: Model {
	this = 2
	this.casted0 = 2
	term567 = true
	(2)<1> = 0
	type(2)<1> = 1
}
2021-06-11 17:17:08.043 [DEBUG][org.jetbrains.research.kex.reanimator.callstack.generator.AnyGenerator] - Found constructor jcc1/Multiplexer::<init>(): void for org.jetbrains.research.kex.reanimator.callstack.generator.GeneratorContext@61ec2a7c, generating arguments []
2021-06-11 17:17:08.043 [DEBUG][org.jetbrains.research.kex.reanimator.Reanimator] - Generated call stacks:
instance: term563 = jcc1/Multiplexer()

args: term562 = new int[2]


2021-06-11 17:17:08.053 [DEBUG][org.jetbrains.research.kex.asm.analysis.testgen.MethodChecker] - Block %label.deroll3 is covered = false
2021-06-11 17:17:08.053 [DEBUG][org.jetbrains.research.kex.asm.analysis.testgen.MethodChecker] - 
2021-06-11 17:17:08.053 [DEBUG][org.jetbrains.research.kex.asm.analysis.testgen.MethodChecker] - Checking method jcc1/Multiplexer::multiplyConst(int, int[]): void
2021-06-11 17:17:08.054 [DEBUG][org.jetbrains.research.kex.asm.analysis.testgen.MethodChecker] - jcc1/Multiplexer::multiplyConst(int, int[]): void
%entry0: 	//predecessors 
	goto %bb0

%bb0: 	//predecessors %entry0
	goto %label.deroll0

%label.deroll0: 	//predecessors %bb0
	%7 = arg$1.length
	goto %bb.deroll0

%bb.deroll0: 	//predecessors %label.deroll0
	%8 = (0 >= %7)
	if (%8) goto %branch0 else %if.else.deroll0

%if.else.deroll0: 	//predecessors %bb.deroll0
	%9 = arg$1[0]
	goto %bb.deroll1

%bb.deroll1: 	//predecessors %if.else.deroll0
	%10 = %9 * arg$0
	arg$1[0] = %10
	goto %bb.deroll2

%bb.deroll2: 	//predecessors %bb.deroll1
	%11 = 1 + 0
	goto %label.deroll1

%label.deroll1: 	//predecessors %bb.deroll2
	%13 = arg$1.length
	goto %bb.deroll3

%bb.deroll3: 	//predecessors %label.deroll1
	%14 = (%11 >= %13)
	if (%14) goto %if.then0 else %unreachable0

%if.then0: 	//predecessors %bb.deroll3, %branch0
	return

%unreachable0: 	//predecessors %bb.deroll3
	unreachable

%branch0: 	//predecessors %bb.deroll0
	goto %if.then0
2021-06-11 17:17:08.054 [DEBUG][org.jetbrains.research.kex.asm.analysis.testgen.MethodChecker] - 
2021-06-11 17:17:08.055 [DEBUG][org.jetbrains.research.kex.asm.analysis.testgen.MethodChecker] - Checking reachability of %label.deroll0
2021-06-11 17:17:08.056 [DEBUG][org.jetbrains.research.kex.smt.Checker] - State: (
  @A arg$1.length < 1000 = true
  @A this != null
  @A arg$1 != null
  @S %7 = arg$1.length
  @A %7 >= 0 = true
)
2021-06-11 17:17:08.056 [DEBUG][org.jetbrains.research.kex.smt.Checker] - Memspacing started...
2021-06-11 17:17:08.056 [DEBUG][org.jetbrains.research.kex.smt.Checker] - Memspacing finished
2021-06-11 17:17:08.056 [DEBUG][org.jetbrains.research.kex.smt.Checker] - Slicing started...
2021-06-11 17:17:08.057 [DEBUG][org.jetbrains.research.kex.smt.Checker] - State size before slicing: 5
2021-06-11 17:17:08.057 [DEBUG][org.jetbrains.research.kex.smt.Checker] - State size after slicing: 3
2021-06-11 17:17:08.057 [DEBUG][org.jetbrains.research.kex.smt.Checker] - Slicing finished
2021-06-11 17:17:08.057 [DEBUG][org.jetbrains.research.kex.smt.Checker] - Simplified state: (
  @A arg$1.length < 1000 = true
  @A this != null
  @A arg$1 != null
)
2021-06-11 17:17:08.057 [DEBUG][org.jetbrains.research.kex.smt.Checker] - Query: (
)
2021-06-11 17:17:08.057 [DEBUG][org.jetbrains.research.kex.smt.z3.Z3Solver] - Z3 solver check
2021-06-11 17:17:08.057 [DEBUG][org.jetbrains.research.kex.smt.z3.Z3Solver] - State: (
  @A arg$1.length < 1000 = true
  @A this != null
  @A arg$1 != null
)
2021-06-11 17:17:08.057 [DEBUG][org.jetbrains.research.kex.smt.z3.Z3Solver] - Query: (
)
2021-06-11 17:17:08.057 [DEBUG][org.jetbrains.research.kex.smt.z3.Z3Solver] - Check started
2021-06-11 17:17:08.063 [DEBUG][org.jetbrains.research.kex.smt.z3.Z3Solver] - Running z3 solver
2021-06-11 17:17:08.064 [DEBUG][org.jetbrains.research.kex.smt.z3.Z3Solver] - Solver finished
2021-06-11 17:17:08.064 [DEBUG][org.jetbrains.research.kex.smt.z3.Z3Solver] - Check finished
2021-06-11 17:17:08.071 [DEBUG][org.jetbrains.research.kex.smt.Checker] - Acquired sat
2021-06-11 17:17:08.071 [DEBUG][org.jetbrains.research.kex.smt.DescriptorReanimator$newArrayInstance$1] - Creating array of type int[] with size 0
2021-06-11 17:17:08.072 [DEBUG][org.jetbrains.research.kex.smt.Checker] - State: (
  @A arg$1.length < 1000 = true
  @A this != null
  @A arg$1 != null
  @S %7 = arg$1.length
  @A %7 >= 0 = true
)
2021-06-11 17:17:08.074 [DEBUG][org.jetbrains.research.kex.smt.Checker] - Memspacing started...
2021-06-11 17:17:08.075 [DEBUG][org.jetbrains.research.kex.smt.Checker] - Memspacing finished
2021-06-11 17:17:08.075 [DEBUG][org.jetbrains.research.kex.smt.Checker] - Slicing started...
2021-06-11 17:17:08.076 [DEBUG][org.jetbrains.research.kex.smt.Checker] - State size before slicing: 5
2021-06-11 17:17:08.076 [DEBUG][org.jetbrains.research.kex.smt.Checker] - State size after slicing: 3
2021-06-11 17:17:08.076 [DEBUG][org.jetbrains.research.kex.smt.Checker] - Slicing finished
2021-06-11 17:17:08.076 [DEBUG][org.jetbrains.research.kex.smt.Checker] - Simplified state: (
  @A arg$1.length < 1000 = true
  @A this != null
  @A arg$1 != null
)
2021-06-11 17:17:08.076 [DEBUG][org.jetbrains.research.kex.smt.Checker] - Query: (
)
2021-06-11 17:17:08.077 [DEBUG][org.jetbrains.research.kex.smt.z3.Z3Solver] - Z3 solver check
2021-06-11 17:17:08.077 [DEBUG][org.jetbrains.research.kex.smt.z3.Z3Solver] - State: (
  @A arg$1.length < 1000 = true
  @A this != null
  @A arg$1 != null
)
2021-06-11 17:17:08.077 [DEBUG][org.jetbrains.research.kex.smt.z3.Z3Solver] - Query: (
)
2021-06-11 17:17:08.078 [DEBUG][org.jetbrains.research.kex.smt.z3.Z3Solver] - Check started
2021-06-11 17:17:08.082 [DEBUG][org.jetbrains.research.kex.smt.z3.Z3Solver] - Running z3 solver
2021-06-11 17:17:08.083 [DEBUG][org.jetbrains.research.kex.smt.z3.Z3Solver] - Solver finished
2021-06-11 17:17:08.083 [DEBUG][org.jetbrains.research.kex.smt.z3.Z3Solver] - Check finished
2021-06-11 17:17:08.084 [DEBUG][org.jetbrains.research.kex.smt.Checker] - Acquired sat
2021-06-11 17:17:08.084 [DEBUG][org.jetbrains.research.kex.smt.DescriptorReanimator$newArrayInstance$1] - Creating array of type int[] with size 0
2021-06-11 17:17:08.084 [DEBUG][org.jetbrains.research.kex.reanimator.Reanimator] - Generated descriptors:
instance: term574 = jcc1/Multiplexer {
}

args: 0
term573 = int[0] {
}


2021-06-11 17:17:08.084 [DEBUG][org.jetbrains.research.kex.reanimator.callstack.generator.AnyGenerator] - Generating term577 = jcc1/Multiplexer {
}

2021-06-11 17:17:08.085 [DEBUG][org.jetbrains.research.kex.reanimator.callstack.generator.AnyGenerator] - Depth 1, stack depth 0, query size 0
2021-06-11 17:17:08.085 [DEBUG][org.jetbrains.research.kex.reanimator.callstack.generator.GeneratorContext] - Executing constructor jcc1/Multiplexer::<init>(): void for term577 = jcc1/Multiplexer {
}

2021-06-11 17:17:08.089 [WARN ][org.jetbrains.research.kex.state.transformer.ReflectionInfoAdapter] - Could not load kFunction for jcc1/Multiplexer::<init>(): void
2021-06-11 17:17:08.091 [DEBUG][org.jetbrains.research.kex.smt.Checker] - State: (
  @A this != null
  @S this.casted0 = (this as java/lang/Object)
  @X term578 = this instanceof jcc1/Multiplexer
  @X term578 = true
) -> (
  @X this != null
)
2021-06-11 17:17:08.091 [DEBUG][org.jetbrains.research.kex.smt.Checker] - Memspacing started...
2021-06-11 17:17:08.092 [DEBUG][org.jetbrains.research.kex.smt.Checker] - Memspacing finished
2021-06-11 17:17:08.092 [DEBUG][org.jetbrains.research.kex.smt.Checker] - Slicing started...
2021-06-11 17:17:08.092 [DEBUG][org.jetbrains.research.kex.smt.Checker] - State size before slicing: 5
2021-06-11 17:17:08.092 [DEBUG][org.jetbrains.research.kex.smt.Checker] - State size after slicing: 5
2021-06-11 17:17:08.092 [DEBUG][org.jetbrains.research.kex.smt.Checker] - Slicing finished
2021-06-11 17:17:08.093 [DEBUG][org.jetbrains.research.kex.smt.Checker] - Simplified state: (
  @A this != null
  @S this.casted0 = (this as java/lang/Object)
  @X term578 = this instanceof jcc1/Multiplexer
  @X term578 = true
  @X this != null
)
2021-06-11 17:17:08.093 [DEBUG][org.jetbrains.research.kex.smt.Checker] - Query: (
)
2021-06-11 17:17:08.093 [DEBUG][org.jetbrains.research.kex.smt.z3.Z3Solver] - Z3 solver check
2021-06-11 17:17:08.093 [DEBUG][org.jetbrains.research.kex.smt.z3.Z3Solver] - State: (
  @A this != null
  @S this.casted0 = (this as java/lang/Object)
  @X term578 = this instanceof jcc1/Multiplexer
  @X term578 = true
  @X this != null
)
2021-06-11 17:17:08.093 [DEBUG][org.jetbrains.research.kex.smt.z3.Z3Solver] - Query: (
)
2021-06-11 17:17:08.094 [DEBUG][org.jetbrains.research.kex.smt.z3.Z3Solver] - Check started
2021-06-11 17:17:08.098 [DEBUG][org.jetbrains.research.kex.smt.z3.Z3Solver] - Running z3 solver
2021-06-11 17:17:08.100 [DEBUG][org.jetbrains.research.kex.smt.z3.Z3Solver] - Solver finished
2021-06-11 17:17:08.101 [DEBUG][org.jetbrains.research.kex.smt.z3.Z3Solver] - Check finished
2021-06-11 17:17:08.102 [DEBUG][org.jetbrains.research.kex.smt.Checker] - Acquired sat
2021-06-11 17:17:08.102 [DEBUG][org.jetbrains.research.kex.reanimator.callstack.generator.GeneratorContext] - Model: Model {
	this = 2
	this.casted0 = 2
	term578 = true
	(2)<1> = 0
	type(2)<1> = 1
}
2021-06-11 17:17:08.103 [DEBUG][org.jetbrains.research.kex.reanimator.callstack.generator.AnyGenerator] - Found constructor jcc1/Multiplexer::<init>(): void for org.jetbrains.research.kex.reanimator.callstack.generator.GeneratorContext@60446c33, generating arguments []
2021-06-11 17:17:08.103 [DEBUG][org.jetbrains.research.kex.reanimator.Reanimator] - Generated call stacks:
instance: term574 = jcc1/Multiplexer()

args: 0
term573 = new int[0]


2021-06-11 17:17:08.110 [DEBUG][org.jetbrains.research.kex.asm.analysis.testgen.MethodChecker] - Block %label.deroll0 is covered = false
2021-06-11 17:17:08.110 [DEBUG][org.jetbrains.research.kex.asm.analysis.testgen.MethodChecker] - 
2021-06-11 17:17:08.110 [DEBUG][org.jetbrains.research.kex.asm.analysis.testgen.MethodChecker] - Checking reachability of %bb.deroll0
2021-06-11 17:17:08.113 [DEBUG][org.jetbrains.research.kex.smt.Checker] - State: (
  @A arg$1.length < 1000 = true
  @A this != null
  @A arg$1 != null
  @S %7 = arg$1.length
  @A %7 >= 0 = true
  @S %8 = 0 >= %7
)
2021-06-11 17:17:08.113 [DEBUG][org.jetbrains.research.kex.smt.Checker] - Memspacing started...
2021-06-11 17:17:08.113 [DEBUG][org.jetbrains.research.kex.smt.Checker] - Memspacing finished
2021-06-11 17:17:08.113 [DEBUG][org.jetbrains.research.kex.smt.Checker] - Slicing started...
2021-06-11 17:17:08.114 [DEBUG][org.jetbrains.research.kex.smt.Checker] - State size before slicing: 6
2021-06-11 17:17:08.114 [DEBUG][org.jetbrains.research.kex.smt.Checker] - State size after slicing: 3
2021-06-11 17:17:08.114 [DEBUG][org.jetbrains.research.kex.smt.Checker] - Slicing finished
2021-06-11 17:17:08.114 [DEBUG][org.jetbrains.research.kex.smt.Checker] - Simplified state: (
  @A arg$1.length < 1000 = true
  @A this != null
  @A arg$1 != null
)
2021-06-11 17:17:08.114 [DEBUG][org.jetbrains.research.kex.smt.Checker] - Query: (
)
2021-06-11 17:17:08.115 [DEBUG][org.jetbrains.research.kex.smt.z3.Z3Solver] - Z3 solver check
2021-06-11 17:17:08.115 [DEBUG][org.jetbrains.research.kex.smt.z3.Z3Solver] - State: (
  @A arg$1.length < 1000 = true
  @A this != null
  @A arg$1 != null
)
2021-06-11 17:17:08.115 [DEBUG][org.jetbrains.research.kex.smt.z3.Z3Solver] - Query: (
)
2021-06-11 17:17:08.117 [DEBUG][org.jetbrains.research.kex.smt.z3.Z3Solver] - Check started
2021-06-11 17:17:08.124 [DEBUG][org.jetbrains.research.kex.smt.z3.Z3Solver] - Running z3 solver
2021-06-11 17:17:08.125 [DEBUG][org.jetbrains.research.kex.smt.z3.Z3Solver] - Solver finished
2021-06-11 17:17:08.125 [DEBUG][org.jetbrains.research.kex.smt.z3.Z3Solver] - Check finished
2021-06-11 17:17:08.129 [DEBUG][org.jetbrains.research.kex.smt.Checker] - Acquired sat
2021-06-11 17:17:08.129 [DEBUG][org.jetbrains.research.kex.smt.DescriptorReanimator$newArrayInstance$1] - Creating array of type int[] with size 0
2021-06-11 17:17:08.134 [DEBUG][org.jetbrains.research.kex.smt.Checker] - State: (
  @A arg$1.length < 1000 = true
  @A this != null
  @A arg$1 != null
  @S %7 = arg$1.length
  @A %7 >= 0 = true
  @S %8 = 0 >= %7
)
2021-06-11 17:17:08.134 [DEBUG][org.jetbrains.research.kex.smt.Checker] - Memspacing started...
2021-06-11 17:17:08.135 [DEBUG][org.jetbrains.research.kex.smt.Checker] - Memspacing finished
2021-06-11 17:17:08.135 [DEBUG][org.jetbrains.research.kex.smt.Checker] - Slicing started...
2021-06-11 17:17:08.135 [DEBUG][org.jetbrains.research.kex.smt.Checker] - State size before slicing: 6
2021-06-11 17:17:08.135 [DEBUG][org.jetbrains.research.kex.smt.Checker] - State size after slicing: 3
2021-06-11 17:17:08.135 [DEBUG][org.jetbrains.research.kex.smt.Checker] - Slicing finished
2021-06-11 17:17:08.135 [DEBUG][org.jetbrains.research.kex.smt.Checker] - Simplified state: (
  @A arg$1.length < 1000 = true
  @A this != null
  @A arg$1 != null
)
2021-06-11 17:17:08.135 [DEBUG][org.jetbrains.research.kex.smt.Checker] - Query: (
)
2021-06-11 17:17:08.136 [DEBUG][org.jetbrains.research.kex.smt.z3.Z3Solver] - Z3 solver check
2021-06-11 17:17:08.136 [DEBUG][org.jetbrains.research.kex.smt.z3.Z3Solver] - State: (
  @A arg$1.length < 1000 = true
  @A this != null
  @A arg$1 != null
)
2021-06-11 17:17:08.136 [DEBUG][org.jetbrains.research.kex.smt.z3.Z3Solver] - Query: (
)
2021-06-11 17:17:08.136 [DEBUG][org.jetbrains.research.kex.smt.z3.Z3Solver] - Check started
2021-06-11 17:17:08.142 [DEBUG][org.jetbrains.research.kex.smt.z3.Z3Solver] - Running z3 solver
2021-06-11 17:17:08.143 [DEBUG][org.jetbrains.research.kex.smt.z3.Z3Solver] - Solver finished
2021-06-11 17:17:08.143 [DEBUG][org.jetbrains.research.kex.smt.z3.Z3Solver] - Check finished
2021-06-11 17:17:08.144 [DEBUG][org.jetbrains.research.kex.smt.Checker] - Acquired sat
2021-06-11 17:17:08.145 [DEBUG][org.jetbrains.research.kex.smt.DescriptorReanimator$newArrayInstance$1] - Creating array of type int[] with size 0
2021-06-11 17:17:08.145 [DEBUG][org.jetbrains.research.kex.reanimator.Reanimator] - Generated descriptors:
instance: term585 = jcc1/Multiplexer {
}

args: 0
term584 = int[0] {
}


2021-06-11 17:17:08.145 [DEBUG][org.jetbrains.research.kex.reanimator.callstack.generator.AnyGenerator] - Generating term588 = jcc1/Multiplexer {
}

2021-06-11 17:17:08.145 [DEBUG][org.jetbrains.research.kex.reanimator.callstack.generator.AnyGenerator] - Depth 1, stack depth 0, query size 0
2021-06-11 17:17:08.145 [DEBUG][org.jetbrains.research.kex.reanimator.callstack.generator.GeneratorContext] - Executing constructor jcc1/Multiplexer::<init>(): void for term588 = jcc1/Multiplexer {
}

2021-06-11 17:17:08.157 [WARN ][org.jetbrains.research.kex.state.transformer.ReflectionInfoAdapter] - Could not load kFunction for jcc1/Multiplexer::<init>(): void
2021-06-11 17:17:08.158 [DEBUG][org.jetbrains.research.kex.smt.Checker] - State: (
  @A this != null
  @S this.casted0 = (this as java/lang/Object)
  @X term589 = this instanceof jcc1/Multiplexer
  @X term589 = true
) -> (
  @X this != null
)
2021-06-11 17:17:08.158 [DEBUG][org.jetbrains.research.kex.smt.Checker] - Memspacing started...
2021-06-11 17:17:08.158 [DEBUG][org.jetbrains.research.kex.smt.Checker] - Memspacing finished
2021-06-11 17:17:08.158 [DEBUG][org.jetbrains.research.kex.smt.Checker] - Slicing started...
2021-06-11 17:17:08.158 [DEBUG][org.jetbrains.research.kex.smt.Checker] - State size before slicing: 5
2021-06-11 17:17:08.159 [DEBUG][org.jetbrains.research.kex.smt.Checker] - State size after slicing: 5
2021-06-11 17:17:08.159 [DEBUG][org.jetbrains.research.kex.smt.Checker] - Slicing finished
2021-06-11 17:17:08.159 [DEBUG][org.jetbrains.research.kex.smt.Checker] - Simplified state: (
  @A this != null
  @S this.casted0 = (this as java/lang/Object)
  @X term589 = this instanceof jcc1/Multiplexer
  @X term589 = true
  @X this != null
)
2021-06-11 17:17:08.159 [DEBUG][org.jetbrains.research.kex.smt.Checker] - Query: (
)
2021-06-11 17:17:08.159 [DEBUG][org.jetbrains.research.kex.smt.z3.Z3Solver] - Z3 solver check
2021-06-11 17:17:08.159 [DEBUG][org.jetbrains.research.kex.smt.z3.Z3Solver] - State: (
  @A this != null
  @S this.casted0 = (this as java/lang/Object)
  @X term589 = this instanceof jcc1/Multiplexer
  @X term589 = true
  @X this != null
)
2021-06-11 17:17:08.159 [DEBUG][org.jetbrains.research.kex.smt.z3.Z3Solver] - Query: (
)
2021-06-11 17:17:08.160 [DEBUG][org.jetbrains.research.kex.smt.z3.Z3Solver] - Check started
2021-06-11 17:17:08.166 [DEBUG][org.jetbrains.research.kex.smt.z3.Z3Solver] - Running z3 solver
2021-06-11 17:17:08.167 [DEBUG][org.jetbrains.research.kex.smt.z3.Z3Solver] - Solver finished
2021-06-11 17:17:08.167 [DEBUG][org.jetbrains.research.kex.smt.z3.Z3Solver] - Check finished
2021-06-11 17:17:08.172 [DEBUG][org.jetbrains.research.kex.smt.Checker] - Acquired sat
2021-06-11 17:17:08.172 [DEBUG][org.jetbrains.research.kex.reanimator.callstack.generator.GeneratorContext] - Model: Model {
	this = 2
	this.casted0 = 2
	term589 = true
	(2)<1> = 0
	type(2)<1> = 1
}
2021-06-11 17:17:08.173 [DEBUG][org.jetbrains.research.kex.reanimator.callstack.generator.AnyGenerator] - Found constructor jcc1/Multiplexer::<init>(): void for org.jetbrains.research.kex.reanimator.callstack.generator.GeneratorContext@60446c33, generating arguments []
2021-06-11 17:17:08.173 [DEBUG][org.jetbrains.research.kex.reanimator.Reanimator] - Generated call stacks:
instance: term585 = jcc1/Multiplexer()

args: 0
term584 = new int[0]


2021-06-11 17:17:08.174 [DEBUG][org.jetbrains.research.kex.asm.analysis.testgen.MethodChecker] - Block %bb.deroll0 is covered = false
2021-06-11 17:17:08.174 [DEBUG][org.jetbrains.research.kex.asm.analysis.testgen.MethodChecker] - 
2021-06-11 17:17:08.174 [DEBUG][org.jetbrains.research.kex.asm.analysis.testgen.MethodChecker] - Checking reachability of %label.deroll1
2021-06-11 17:17:08.177 [DEBUG][org.jetbrains.research.kex.smt.Checker] - State: (
  @A arg$1.length < 1000 = true
  @A this != null
  @A arg$1 != null
  @S %7 = arg$1.length
  @A %7 >= 0 = true
  @S %8 = 0 >= %7
  @P %8 = false
  @A arg$1 != null
  @S %9 = *(arg$1[0])
  @S %10 = %9 * arg$0
  @S *(arg$1[0]) = %10
  @S %11 = 1 + 0
  @S %13 = arg$1.length
  @A %13 >= 0 = true
)
2021-06-11 17:17:08.177 [DEBUG][org.jetbrains.research.kex.smt.Checker] - Memspacing started...
2021-06-11 17:17:08.178 [DEBUG][org.jetbrains.research.kex.smt.Checker] - Memspacing finished
2021-06-11 17:17:08.178 [DEBUG][org.jetbrains.research.kex.smt.Checker] - Slicing started...
2021-06-11 17:17:08.178 [DEBUG][org.jetbrains.research.kex.smt.Checker] - State size before slicing: 14
2021-06-11 17:17:08.179 [DEBUG][org.jetbrains.research.kex.smt.Checker] - State size after slicing: 11
2021-06-11 17:17:08.179 [DEBUG][org.jetbrains.research.kex.smt.Checker] - Slicing finished
2021-06-11 17:17:08.179 [DEBUG][org.jetbrains.research.kex.smt.Checker] - Simplified state: (
  @A arg$1.length < 1000 = true
  @A this != null
  @A arg$1 != null
  @S %7 = arg$1.length
  @A %7 >= 0 = true
  @S %8 = 0 >= %7
  @P %8 = false
  @A arg$1 != null
  @S %9 = *(arg$1[0])
  @S %10 = %9 * arg$0
  @S *(arg$1[0]) = %10
)
2021-06-11 17:17:08.179 [DEBUG][org.jetbrains.research.kex.smt.Checker] - Query: (
  @P %8 = false
)
2021-06-11 17:17:08.179 [DEBUG][org.jetbrains.research.kex.smt.z3.Z3Solver] - Z3 solver check
2021-06-11 17:17:08.179 [DEBUG][org.jetbrains.research.kex.smt.z3.Z3Solver] - State: (
  @A arg$1.length < 1000 = true
  @A this != null
  @A arg$1 != null
  @S %7 = arg$1.length
  @A %7 >= 0 = true
  @S %8 = 0 >= %7
  @P %8 = false
  @A arg$1 != null
  @S %9 = *(arg$1[0])
  @S %10 = %9 * arg$0
  @S *(arg$1[0]) = %10
)
2021-06-11 17:17:08.179 [DEBUG][org.jetbrains.research.kex.smt.z3.Z3Solver] - Query: (
  @P %8 = false
)
2021-06-11 17:17:08.181 [DEBUG][org.jetbrains.research.kex.smt.z3.Z3Solver] - Check started
2021-06-11 17:17:08.187 [DEBUG][org.jetbrains.research.kex.smt.z3.Z3Solver] - Running z3 solver
2021-06-11 17:17:08.191 [DEBUG][org.jetbrains.research.kex.smt.z3.Z3Solver] - Solver finished
2021-06-11 17:17:08.192 [DEBUG][org.jetbrains.research.kex.smt.z3.Z3Solver] - Check finished
2021-06-11 17:17:08.195 [DEBUG][org.jetbrains.research.kex.smt.Checker] - Acquired sat
2021-06-11 17:17:08.196 [DEBUG][org.jetbrains.research.kex.smt.DescriptorReanimator$newArrayInstance$1] - Creating array of type int[] with size 2
2021-06-11 17:17:08.199 [DEBUG][org.jetbrains.research.kex.smt.Checker] - State: (
  @A arg$1.length < 1000 = true
  @A this != null
  @A arg$1 != null
  @S %7 = arg$1.length
  @A %7 >= 0 = true
  @S %8 = 0 >= %7
  @P %8 = false
  @A arg$1 != null
  @S %9 = *(arg$1[0])
  @S %10 = %9 * arg$0
  @S *(arg$1[0]) = %10
  @S %11 = 1 + 0
  @S %13 = arg$1.length
  @A %13 >= 0 = true
)
2021-06-11 17:17:08.199 [DEBUG][org.jetbrains.research.kex.smt.Checker] - Memspacing started...
2021-06-11 17:17:08.200 [DEBUG][org.jetbrains.research.kex.smt.Checker] - Memspacing finished
2021-06-11 17:17:08.200 [DEBUG][org.jetbrains.research.kex.smt.Checker] - Slicing started...
2021-06-11 17:17:08.200 [DEBUG][org.jetbrains.research.kex.smt.Checker] - State size before slicing: 14
2021-06-11 17:17:08.201 [DEBUG][org.jetbrains.research.kex.smt.Checker] - State size after slicing: 11
2021-06-11 17:17:08.201 [DEBUG][org.jetbrains.research.kex.smt.Checker] - Slicing finished
2021-06-11 17:17:08.201 [DEBUG][org.jetbrains.research.kex.smt.Checker] - Simplified state: (
  @A arg$1.length < 1000 = true
  @A this != null
  @A arg$1 != null
  @S %7 = arg$1.length
  @A %7 >= 0 = true
  @S %8 = 0 >= %7
  @P %8 = false
  @A arg$1 != null
  @S %9 = *(arg$1[0])
  @S %10 = %9 * arg$0
  @S *(arg$1[0]) = %10
)
2021-06-11 17:17:08.201 [DEBUG][org.jetbrains.research.kex.smt.Checker] - Query: (
  @P %8 = false
)
2021-06-11 17:17:08.201 [DEBUG][org.jetbrains.research.kex.smt.z3.Z3Solver] - Z3 solver check
2021-06-11 17:17:08.201 [DEBUG][org.jetbrains.research.kex.smt.z3.Z3Solver] - State: (
  @A arg$1.length < 1000 = true
  @A this != null
  @A arg$1 != null
  @S %7 = arg$1.length
  @A %7 >= 0 = true
  @S %8 = 0 >= %7
  @P %8 = false
  @A arg$1 != null
  @S %9 = *(arg$1[0])
  @S %10 = %9 * arg$0
  @S *(arg$1[0]) = %10
)
2021-06-11 17:17:08.201 [DEBUG][org.jetbrains.research.kex.smt.z3.Z3Solver] - Query: (
  @P %8 = false
)
2021-06-11 17:17:08.202 [DEBUG][org.jetbrains.research.kex.smt.z3.Z3Solver] - Check started
2021-06-11 17:17:08.207 [DEBUG][org.jetbrains.research.kex.smt.z3.Z3Solver] - Running z3 solver
2021-06-11 17:17:08.208 [DEBUG][org.jetbrains.research.kex.smt.z3.Z3Solver] - Solver finished
2021-06-11 17:17:08.209 [DEBUG][org.jetbrains.research.kex.smt.z3.Z3Solver] - Check finished
2021-06-11 17:17:08.213 [DEBUG][org.jetbrains.research.kex.smt.Checker] - Acquired sat
2021-06-11 17:17:08.214 [DEBUG][org.jetbrains.research.kex.smt.DescriptorReanimator$newArrayInstance$1] - Creating array of type int[] with size 2
2021-06-11 17:17:08.215 [DEBUG][org.jetbrains.research.kex.reanimator.Reanimator] - Generated descriptors:
instance: term596 = jcc1/Multiplexer {
}

args: 0
term595 = int[2] {
    0 = 0
}


2021-06-11 17:17:08.215 [DEBUG][org.jetbrains.research.kex.reanimator.callstack.generator.AnyGenerator] - Generating term599 = jcc1/Multiplexer {
}

2021-06-11 17:17:08.215 [DEBUG][org.jetbrains.research.kex.reanimator.callstack.generator.AnyGenerator] - Depth 1, stack depth 0, query size 0
2021-06-11 17:17:08.215 [DEBUG][org.jetbrains.research.kex.reanimator.callstack.generator.GeneratorContext] - Executing constructor jcc1/Multiplexer::<init>(): void for term599 = jcc1/Multiplexer {
}

2021-06-11 17:17:08.217 [WARN ][org.jetbrains.research.kex.state.transformer.ReflectionInfoAdapter] - Could not load kFunction for jcc1/Multiplexer::<init>(): void
2021-06-11 17:17:08.218 [DEBUG][org.jetbrains.research.kex.smt.Checker] - State: (
  @A this != null
  @S this.casted0 = (this as java/lang/Object)
  @X term600 = this instanceof jcc1/Multiplexer
  @X term600 = true
) -> (
  @X this != null
)
2021-06-11 17:17:08.218 [DEBUG][org.jetbrains.research.kex.smt.Checker] - Memspacing started...
2021-06-11 17:17:08.218 [DEBUG][org.jetbrains.research.kex.smt.Checker] - Memspacing finished
2021-06-11 17:17:08.218 [DEBUG][org.jetbrains.research.kex.smt.Checker] - Slicing started...
2021-06-11 17:17:08.220 [DEBUG][org.jetbrains.research.kex.smt.Checker] - State size before slicing: 5
2021-06-11 17:17:08.220 [DEBUG][org.jetbrains.research.kex.smt.Checker] - State size after slicing: 5
2021-06-11 17:17:08.220 [DEBUG][org.jetbrains.research.kex.smt.Checker] - Slicing finished
2021-06-11 17:17:08.220 [DEBUG][org.jetbrains.research.kex.smt.Checker] - Simplified state: (
  @A this != null
  @S this.casted0 = (this as java/lang/Object)
  @X term600 = this instanceof jcc1/Multiplexer
  @X term600 = true
  @X this != null
)
2021-06-11 17:17:08.220 [DEBUG][org.jetbrains.research.kex.smt.Checker] - Query: (
)
2021-06-11 17:17:08.221 [DEBUG][org.jetbrains.research.kex.smt.z3.Z3Solver] - Z3 solver check
2021-06-11 17:17:08.221 [DEBUG][org.jetbrains.research.kex.smt.z3.Z3Solver] - State: (
  @A this != null
  @S this.casted0 = (this as java/lang/Object)
  @X term600 = this instanceof jcc1/Multiplexer
  @X term600 = true
  @X this != null
)
2021-06-11 17:17:08.221 [DEBUG][org.jetbrains.research.kex.smt.z3.Z3Solver] - Query: (
)
2021-06-11 17:17:08.222 [DEBUG][org.jetbrains.research.kex.smt.z3.Z3Solver] - Check started
2021-06-11 17:17:08.226 [DEBUG][org.jetbrains.research.kex.smt.z3.Z3Solver] - Running z3 solver
2021-06-11 17:17:08.227 [DEBUG][org.jetbrains.research.kex.smt.z3.Z3Solver] - Solver finished
2021-06-11 17:17:08.227 [DEBUG][org.jetbrains.research.kex.smt.z3.Z3Solver] - Check finished
2021-06-11 17:17:08.228 [DEBUG][org.jetbrains.research.kex.smt.Checker] - Acquired sat
2021-06-11 17:17:08.228 [DEBUG][org.jetbrains.research.kex.reanimator.callstack.generator.GeneratorContext] - Model: Model {
	this = 2
	this.casted0 = 2
	term600 = true
	(2)<1> = 0
	type(2)<1> = 1
}
2021-06-11 17:17:08.229 [DEBUG][org.jetbrains.research.kex.reanimator.callstack.generator.AnyGenerator] - Found constructor jcc1/Multiplexer::<init>(): void for org.jetbrains.research.kex.reanimator.callstack.generator.GeneratorContext@60446c33, generating arguments []
2021-06-11 17:17:08.229 [DEBUG][org.jetbrains.research.kex.reanimator.Reanimator] - Generated call stacks:
instance: term596 = jcc1/Multiplexer()

args: 0
term595 = new int[2]
term595[0] = 0


2021-06-11 17:17:08.241 [DEBUG][org.jetbrains.research.kex.trace.runner.AbstractRunner] - Invocation output:
[DEBUG] - Found constructor jcc1/Multiplexer::<init>(): void for org.jetbrains.research.kex.reanimator.callstack.generator.GeneratorContext@60446c33, generating arguments []
[DEBUG] - Generated call stacks:
instance: term596 = jcc1/Multiplexer()

args: 0
term595 = new int[2]
term595[0] = 0



2021-06-11 17:17:08.241 [DEBUG][org.jetbrains.research.kex.asm.analysis.testgen.MethodChecker] - Block %label.deroll1 is covered = false
2021-06-11 17:17:08.241 [DEBUG][org.jetbrains.research.kex.asm.analysis.testgen.MethodChecker] - 
2021-06-11 17:17:08.241 [DEBUG][org.jetbrains.research.kex.asm.analysis.testgen.MethodChecker] - Checking reachability of %bb.deroll3
2021-06-11 17:17:08.244 [DEBUG][org.jetbrains.research.kex.smt.Checker] - State: (
  @A arg$1.length < 1000 = true
  @A this != null
  @A arg$1 != null
  @S %7 = arg$1.length
  @A %7 >= 0 = true
  @S %8 = 0 >= %7
  @P %8 = false
  @A arg$1 != null
  @S %9 = *(arg$1[0])
  @S %10 = %9 * arg$0
  @S *(arg$1[0]) = %10
  @S %11 = 1 + 0
  @S %13 = arg$1.length
  @A %13 >= 0 = true
  @S %14 = %11 >= %13
)
2021-06-11 17:17:08.244 [DEBUG][org.jetbrains.research.kex.smt.Checker] - Memspacing started...
2021-06-11 17:17:08.244 [DEBUG][org.jetbrains.research.kex.smt.Checker] - Memspacing finished
2021-06-11 17:17:08.244 [DEBUG][org.jetbrains.research.kex.smt.Checker] - Slicing started...
2021-06-11 17:17:08.245 [DEBUG][org.jetbrains.research.kex.smt.Checker] - State size before slicing: 15
2021-06-11 17:17:08.245 [DEBUG][org.jetbrains.research.kex.smt.Checker] - State size after slicing: 11
2021-06-11 17:17:08.245 [DEBUG][org.jetbrains.research.kex.smt.Checker] - Slicing finished
2021-06-11 17:17:08.245 [DEBUG][org.jetbrains.research.kex.smt.Checker] - Simplified state: (
  @A arg$1.length < 1000 = true
  @A this != null
  @A arg$1 != null
  @S %7 = arg$1.length
  @A %7 >= 0 = true
  @S %8 = 0 >= %7
  @P %8 = false
  @A arg$1 != null
  @S %9 = *(arg$1[0])
  @S %10 = %9 * arg$0
  @S *(arg$1[0]) = %10
)
2021-06-11 17:17:08.245 [DEBUG][org.jetbrains.research.kex.smt.Checker] - Query: (
  @P %8 = false
)
2021-06-11 17:17:08.245 [DEBUG][org.jetbrains.research.kex.smt.z3.Z3Solver] - Z3 solver check
2021-06-11 17:17:08.245 [DEBUG][org.jetbrains.research.kex.smt.z3.Z3Solver] - State: (
  @A arg$1.length < 1000 = true
  @A this != null
  @A arg$1 != null
  @S %7 = arg$1.length
  @A %7 >= 0 = true
  @S %8 = 0 >= %7
  @P %8 = false
  @A arg$1 != null
  @S %9 = *(arg$1[0])
  @S %10 = %9 * arg$0
  @S *(arg$1[0]) = %10
)
2021-06-11 17:17:08.245 [DEBUG][org.jetbrains.research.kex.smt.z3.Z3Solver] - Query: (
  @P %8 = false
)
2021-06-11 17:17:08.247 [DEBUG][org.jetbrains.research.kex.smt.z3.Z3Solver] - Check started
2021-06-11 17:17:08.258 [DEBUG][org.jetbrains.research.kex.smt.z3.Z3Solver] - Running z3 solver
2021-06-11 17:17:08.260 [DEBUG][org.jetbrains.research.kex.smt.z3.Z3Solver] - Solver finished
2021-06-11 17:17:08.260 [DEBUG][org.jetbrains.research.kex.smt.z3.Z3Solver] - Check finished
2021-06-11 17:17:08.262 [DEBUG][org.jetbrains.research.kex.smt.Checker] - Acquired sat
2021-06-11 17:17:08.262 [DEBUG][org.jetbrains.research.kex.smt.DescriptorReanimator$newArrayInstance$1] - Creating array of type int[] with size 2
2021-06-11 17:17:08.270 [DEBUG][org.jetbrains.research.kex.smt.Checker] - State: (
  @A arg$1.length < 1000 = true
  @A this != null
  @A arg$1 != null
  @S %7 = arg$1.length
  @A %7 >= 0 = true
  @S %8 = 0 >= %7
  @P %8 = false
  @A arg$1 != null
  @S %9 = *(arg$1[0])
  @S %10 = %9 * arg$0
  @S *(arg$1[0]) = %10
  @S %11 = 1 + 0
  @S %13 = arg$1.length
  @A %13 >= 0 = true
  @S %14 = %11 >= %13
)
2021-06-11 17:17:08.270 [DEBUG][org.jetbrains.research.kex.smt.Checker] - Memspacing started...
2021-06-11 17:17:08.273 [DEBUG][org.jetbrains.research.kex.smt.Checker] - Memspacing finished
2021-06-11 17:17:08.273 [DEBUG][org.jetbrains.research.kex.smt.Checker] - Slicing started...
2021-06-11 17:17:08.276 [DEBUG][org.jetbrains.research.kex.smt.Checker] - State size before slicing: 15
2021-06-11 17:17:08.277 [DEBUG][org.jetbrains.research.kex.smt.Checker] - State size after slicing: 11
2021-06-11 17:17:08.277 [DEBUG][org.jetbrains.research.kex.smt.Checker] - Slicing finished
2021-06-11 17:17:08.277 [DEBUG][org.jetbrains.research.kex.smt.Checker] - Simplified state: (
  @A arg$1.length < 1000 = true
  @A this != null
  @A arg$1 != null
  @S %7 = arg$1.length
  @A %7 >= 0 = true
  @S %8 = 0 >= %7
  @P %8 = false
  @A arg$1 != null
  @S %9 = *(arg$1[0])
  @S %10 = %9 * arg$0
  @S *(arg$1[0]) = %10
)
2021-06-11 17:17:08.277 [DEBUG][org.jetbrains.research.kex.smt.Checker] - Query: (
  @P %8 = false
)
2021-06-11 17:17:08.278 [DEBUG][org.jetbrains.research.kex.smt.z3.Z3Solver] - Z3 solver check
2021-06-11 17:17:08.278 [DEBUG][org.jetbrains.research.kex.smt.z3.Z3Solver] - State: (
  @A arg$1.length < 1000 = true
  @A this != null
  @A arg$1 != null
  @S %7 = arg$1.length
  @A %7 >= 0 = true
  @S %8 = 0 >= %7
  @P %8 = false
  @A arg$1 != null
  @S %9 = *(arg$1[0])
  @S %10 = %9 * arg$0
  @S *(arg$1[0]) = %10
)
2021-06-11 17:17:08.278 [DEBUG][org.jetbrains.research.kex.smt.z3.Z3Solver] - Query: (
  @P %8 = false
)
2021-06-11 17:17:08.279 [DEBUG][org.jetbrains.research.kex.smt.z3.Z3Solver] - Check started
2021-06-11 17:17:08.283 [DEBUG][org.jetbrains.research.kex.smt.z3.Z3Solver] - Running z3 solver
2021-06-11 17:17:08.285 [DEBUG][org.jetbrains.research.kex.smt.z3.Z3Solver] - Solver finished
2021-06-11 17:17:08.285 [DEBUG][org.jetbrains.research.kex.smt.z3.Z3Solver] - Check finished
2021-06-11 17:17:08.287 [DEBUG][org.jetbrains.research.kex.smt.Checker] - Acquired sat
2021-06-11 17:17:08.287 [DEBUG][org.jetbrains.research.kex.smt.DescriptorReanimator$newArrayInstance$1] - Creating array of type int[] with size 2
2021-06-11 17:17:08.288 [DEBUG][org.jetbrains.research.kex.reanimator.Reanimator] - Generated descriptors:
instance: term607 = jcc1/Multiplexer {
}

args: 0
term606 = int[2] {
    0 = 0
}


2021-06-11 17:17:08.288 [DEBUG][org.jetbrains.research.kex.reanimator.callstack.generator.AnyGenerator] - Generating term610 = jcc1/Multiplexer {
}

2021-06-11 17:17:08.288 [DEBUG][org.jetbrains.research.kex.reanimator.callstack.generator.AnyGenerator] - Depth 1, stack depth 0, query size 0
2021-06-11 17:17:08.288 [DEBUG][org.jetbrains.research.kex.reanimator.callstack.generator.GeneratorContext] - Executing constructor jcc1/Multiplexer::<init>(): void for term610 = jcc1/Multiplexer {
}

2021-06-11 17:17:08.289 [WARN ][org.jetbrains.research.kex.state.transformer.ReflectionInfoAdapter] - Could not load kFunction for jcc1/Multiplexer::<init>(): void
2021-06-11 17:17:08.290 [DEBUG][org.jetbrains.research.kex.smt.Checker] - State: (
  @A this != null
  @S this.casted0 = (this as java/lang/Object)
  @X term611 = this instanceof jcc1/Multiplexer
  @X term611 = true
) -> (
  @X this != null
)
2021-06-11 17:17:08.290 [DEBUG][org.jetbrains.research.kex.smt.Checker] - Memspacing started...
2021-06-11 17:17:08.290 [DEBUG][org.jetbrains.research.kex.smt.Checker] - Memspacing finished
2021-06-11 17:17:08.290 [DEBUG][org.jetbrains.research.kex.smt.Checker] - Slicing started...
2021-06-11 17:17:08.290 [DEBUG][org.jetbrains.research.kex.smt.Checker] - State size before slicing: 5
2021-06-11 17:17:08.291 [DEBUG][org.jetbrains.research.kex.smt.Checker] - State size after slicing: 5
2021-06-11 17:17:08.291 [DEBUG][org.jetbrains.research.kex.smt.Checker] - Slicing finished
2021-06-11 17:17:08.291 [DEBUG][org.jetbrains.research.kex.smt.Checker] - Simplified state: (
  @A this != null
  @S this.casted0 = (this as java/lang/Object)
  @X term611 = this instanceof jcc1/Multiplexer
  @X term611 = true
  @X this != null
)
2021-06-11 17:17:08.291 [DEBUG][org.jetbrains.research.kex.smt.Checker] - Query: (
)
2021-06-11 17:17:08.291 [DEBUG][org.jetbrains.research.kex.smt.z3.Z3Solver] - Z3 solver check
2021-06-11 17:17:08.291 [DEBUG][org.jetbrains.research.kex.smt.z3.Z3Solver] - State: (
  @A this != null
  @S this.casted0 = (this as java/lang/Object)
  @X term611 = this instanceof jcc1/Multiplexer
  @X term611 = true
  @X this != null
)
2021-06-11 17:17:08.291 [DEBUG][org.jetbrains.research.kex.smt.z3.Z3Solver] - Query: (
)
2021-06-11 17:17:08.294 [DEBUG][org.jetbrains.research.kex.smt.z3.Z3Solver] - Check started
2021-06-11 17:17:08.301 [DEBUG][org.jetbrains.research.kex.smt.z3.Z3Solver] - Running z3 solver
2021-06-11 17:17:08.303 [DEBUG][org.jetbrains.research.kex.smt.z3.Z3Solver] - Solver finished
2021-06-11 17:17:08.303 [DEBUG][org.jetbrains.research.kex.smt.z3.Z3Solver] - Check finished
2021-06-11 17:17:08.304 [DEBUG][org.jetbrains.research.kex.smt.Checker] - Acquired sat
2021-06-11 17:17:08.305 [DEBUG][org.jetbrains.research.kex.reanimator.callstack.generator.GeneratorContext] - Model: Model {
	this = 2
	this.casted0 = 2
	term611 = true
	(2)<1> = 0
	type(2)<1> = 1
}
2021-06-11 17:17:08.305 [DEBUG][org.jetbrains.research.kex.reanimator.callstack.generator.AnyGenerator] - Found constructor jcc1/Multiplexer::<init>(): void for org.jetbrains.research.kex.reanimator.callstack.generator.GeneratorContext@60446c33, generating arguments []
2021-06-11 17:17:08.306 [DEBUG][org.jetbrains.research.kex.reanimator.Reanimator] - Generated call stacks:
instance: term607 = jcc1/Multiplexer()

args: 0
term606 = new int[2]
term606[0] = 0


2021-06-11 17:17:08.316 [DEBUG][org.jetbrains.research.kex.trace.runner.AbstractRunner] - Invocation output:
[DEBUG] - Found constructor jcc1/Multiplexer::<init>(): void for org.jetbrains.research.kex.reanimator.callstack.generator.GeneratorContext@60446c33, generating arguments []
[DEBUG] - Generated call stacks:
instance: term607 = jcc1/Multiplexer()

args: 0
term606 = new int[2]
term606[0] = 0



2021-06-11 17:17:08.316 [DEBUG][org.jetbrains.research.kex.asm.analysis.testgen.MethodChecker] - Block %bb.deroll3 is covered = false
2021-06-11 17:17:08.316 [DEBUG][org.jetbrains.research.kex.asm.analysis.testgen.MethodChecker] - 
2021-06-11 17:17:08.317 [DEBUG][org.jetbrains.research.kex.asm.analysis.testgen.MethodChecker] - Checking method jcc1/Multiplexer::introduce(): void
2021-06-11 17:17:08.317 [DEBUG][org.jetbrains.research.kex.asm.analysis.testgen.MethodChecker] - jcc1/Multiplexer::introduce(): void
%entry0: 	//predecessors 
	goto %bb0

%bb0: 	//predecessors %entry0
	%0 = System.out
	%1 = new java/lang/Object[1]
	goto %bb1

%bb1: 	//predecessors %bb0
	%2 = virtual this.getClass()
	goto %bb2

%bb2: 	//predecessors %bb1
	%1[0] = %2
	goto %bb3

%bb3: 	//predecessors %bb2
	%3 = virtual %0.printf("Hello, I am %s.%n", %1)
	goto %label0

%label0: 	//predecessors %bb3
	return
2021-06-11 17:17:08.317 [DEBUG][org.jetbrains.research.kex.asm.analysis.testgen.MethodChecker] - 
2021-06-11 17:17:08.317 [DEBUG][org.jetbrains.research.kex.asm.analysis.testgen.MethodChecker] - Checking reachability of %bb3
2021-06-11 17:17:08.327 [DEBUG][org.jetbrains.research.kex.smt.Checker] - State: (
  @S term614 = new java/lang/String
  @S term615 = new char[17]
  @A term615.length < 1000 = true
  @A term615 != null
  @S *(term615[0]) = H
  @S *(term615[1]) = e
  @S *(term615[2]) = l
  @S *(term615[3]) = l
  @S *(term615[4]) = o
  @S *(term615[5]) = ,
  @S *(term615[6]) =  
  @S *(term615[7]) = I
  @S *(term615[8]) =  
  @S *(term615[9]) = a
  @S *(term615[10]) = m
  @S *(term615[11]) =  
  @S *(term615[12]) = %
  @S *(term615[13]) = s
  @S *(term615[14]) = .
  @S *(term615[15]) = %
  @S *(term615[16]) = n
  @A term614 != null
  @S *(term614.value) = term615
  @A this != null
  @A java/lang/System.class != null
  @S java/lang/System.class.registerNatives()
  @S *(java/lang/System.class.security) = null
  @S *(java/lang/System.class.cons) = null
  @S %0 = *(java/lang/System.class.out)
  @S %1 = new java/lang/Object[1]
  @A this != null
  @S %2 = this.getClass()
  @A %1.length < 1000 = true
  @A %1 != null
  @S *(%1[0]) = %2
  @A %0 != null
  @S %3 = %0.printf(term614, %1)
  @A %3 != null
  @A term614 = <undef>
  @A %1 = <undef>
)
2021-06-11 17:17:08.327 [DEBUG][org.jetbrains.research.kex.smt.Checker] - Memspacing started...
2021-06-11 17:17:08.328 [DEBUG][org.jetbrains.research.kex.smt.Checker] - Memspacing finished
2021-06-11 17:17:08.328 [DEBUG][org.jetbrains.research.kex.smt.Checker] - Slicing started...
2021-06-11 17:17:08.330 [DEBUG][org.jetbrains.research.kex.smt.Checker] - State size before slicing: 40
2021-06-11 17:17:08.332 [DEBUG][org.jetbrains.research.kex.smt.Checker] - State size after slicing: 28
2021-06-11 17:17:08.332 [DEBUG][org.jetbrains.research.kex.smt.Checker] - Slicing finished
2021-06-11 17:17:08.337 [DEBUG][org.jetbrains.research.kex.smt.Checker] - Simplified state: (
  @S term614 = new java/lang/String
  @S term615 = new char[17]
  @A term615.length < 1000 = true
  @A term615 != null
  @S *(term615[0]) = H
  @S *(term615[1]) = e
  @S *(term615[2]) = l
  @S *(term615[3]) = l
  @S *(term615[4]) = o
  @S *(term615[5]) = ,
  @S *(term615[6]) =  
  @S *(term615[7]) = I
  @S *(term615[8]) =  
  @S *(term615[9]) = a
  @S *(term615[10]) = m
  @S *(term615[11]) =  
  @S *(term615[12]) = %
  @S *(term615[13]) = s
  @S *(term615[14]) = .
  @S *(term615[15]) = %
  @S *(term615[16]) = n
  @A term614 != null
  @S *(term614.value) = term615
  @A this != null
  @A java/lang/System.class != null
  @S *(java/lang/System.class.security) = null
  @S *(java/lang/System.class.cons) = null
  @A this != null
)
2021-06-11 17:17:08.337 [DEBUG][org.jetbrains.research.kex.smt.Checker] - Query: (
)
2021-06-11 17:17:08.340 [DEBUG][org.jetbrains.research.kex.smt.z3.Z3Solver] - Z3 solver check
2021-06-11 17:17:08.340 [DEBUG][org.jetbrains.research.kex.smt.z3.Z3Solver] - State: (
  @S term614 = new java/lang/String
  @S term615 = new char[17]
  @A term615.length < 1000 = true
  @A term615 != null
  @S *(term615[0]) = H
  @S *(term615[1]) = e
  @S *(term615[2]) = l
  @S *(term615[3]) = l
  @S *(term615[4]) = o
  @S *(term615[5]) = ,
  @S *(term615[6]) =  
  @S *(term615[7]) = I
  @S *(term615[8]) =  
  @S *(term615[9]) = a
  @S *(term615[10]) = m
  @S *(term615[11]) =  
  @S *(term615[12]) = %
  @S *(term615[13]) = s
  @S *(term615[14]) = .
  @S *(term615[15]) = %
  @S *(term615[16]) = n
  @A term614 != null
  @S *(term614.value) = term615
  @A this != null
  @A java/lang/System.class != null
  @S *(java/lang/System.class.security) = null
  @S *(java/lang/System.class.cons) = null
  @A this != null
)
2021-06-11 17:17:08.340 [DEBUG][org.jetbrains.research.kex.smt.z3.Z3Solver] - Query: (
)
2021-06-11 17:17:08.346 [DEBUG][org.jetbrains.research.kex.smt.z3.Z3Solver] - Check started
2021-06-11 17:17:08.358 [DEBUG][org.jetbrains.research.kex.smt.z3.Z3Solver] - Running z3 solver
2021-06-11 17:17:08.360 [DEBUG][org.jetbrains.research.kex.smt.z3.Z3Solver] - Solver finished
2021-06-11 17:17:08.360 [DEBUG][org.jetbrains.research.kex.smt.z3.Z3Solver] - Check finished
2021-06-11 17:17:08.370 [DEBUG][org.jetbrains.research.kex.smt.Checker] - Acquired sat
2021-06-11 17:17:08.377 [DEBUG][org.jetbrains.research.kex.smt.DescriptorReanimator$newArrayInstance$1] - Creating array of type char[] with size 17
2021-06-11 17:17:08.404 [DEBUG][org.jetbrains.research.kex.smt.Checker] - State: (
  @S term619 = new java/lang/String
  @S term620 = new char[17]
  @A term620.length < 1000 = true
  @A term620 != null
  @S *(term620[0]) = H
  @S *(term620[1]) = e
  @S *(term620[2]) = l
  @S *(term620[3]) = l
  @S *(term620[4]) = o
  @S *(term620[5]) = ,
  @S *(term620[6]) =  
  @S *(term620[7]) = I
  @S *(term620[8]) =  
  @S *(term620[9]) = a
  @S *(term620[10]) = m
  @S *(term620[11]) =  
  @S *(term620[12]) = %
  @S *(term620[13]) = s
  @S *(term620[14]) = .
  @S *(term620[15]) = %
  @S *(term620[16]) = n
  @A term619 != null
  @S *(term619.value) = term620
  @A this != null
  @A java/lang/System.class != null
  @S java/lang/System.class.registerNatives()
  @S *(java/lang/System.class.security) = null
  @S *(java/lang/System.class.cons) = null
  @S %0 = *(java/lang/System.class.out)
  @S %1 = new java/lang/Object[1]
  @A this != null
  @S %2 = this.getClass()
  @A %1.length < 1000 = true
  @A %1 != null
  @S *(%1[0]) = %2
  @A %0 != null
  @S %3 = %0.printf(term619, %1)
  @A %3 != null
  @A term619 = <undef>
  @A %1 = <undef>
)
2021-06-11 17:17:08.404 [DEBUG][org.jetbrains.research.kex.smt.Checker] - Memspacing started...
2021-06-11 17:17:08.408 [DEBUG][org.jetbrains.research.kex.smt.Checker] - Memspacing finished
2021-06-11 17:17:08.409 [DEBUG][org.jetbrains.research.kex.smt.Checker] - Slicing started...
2021-06-11 17:17:08.414 [DEBUG][org.jetbrains.research.kex.smt.Checker] - State size before slicing: 40
2021-06-11 17:17:08.420 [DEBUG][org.jetbrains.research.kex.smt.Checker] - State size after slicing: 28
2021-06-11 17:17:08.420 [DEBUG][org.jetbrains.research.kex.smt.Checker] - Slicing finished
2021-06-11 17:17:08.421 [DEBUG][org.jetbrains.research.kex.smt.Checker] - Simplified state: (
  @S term619 = new java/lang/String
  @S term620 = new char[17]
  @A term620.length < 1000 = true
  @A term620 != null
  @S *(term620[0]) = H
  @S *(term620[1]) = e
  @S *(term620[2]) = l
  @S *(term620[3]) = l
  @S *(term620[4]) = o
  @S *(term620[5]) = ,
  @S *(term620[6]) =  
  @S *(term620[7]) = I
  @S *(term620[8]) =  
  @S *(term620[9]) = a
  @S *(term620[10]) = m
  @S *(term620[11]) =  
  @S *(term620[12]) = %
  @S *(term620[13]) = s
  @S *(term620[14]) = .
  @S *(term620[15]) = %
  @S *(term620[16]) = n
  @A term619 != null
  @S *(term619.value) = term620
  @A this != null
  @A java/lang/System.class != null
  @S *(java/lang/System.class.security) = null
  @S *(java/lang/System.class.cons) = null
  @A this != null
)
2021-06-11 17:17:08.421 [DEBUG][org.jetbrains.research.kex.smt.Checker] - Query: (
)
2021-06-11 17:17:08.423 [DEBUG][org.jetbrains.research.kex.smt.z3.Z3Solver] - Z3 solver check
2021-06-11 17:17:08.424 [DEBUG][org.jetbrains.research.kex.smt.z3.Z3Solver] - State: (
  @S term619 = new java/lang/String
  @S term620 = new char[17]
  @A term620.length < 1000 = true
  @A term620 != null
  @S *(term620[0]) = H
  @S *(term620[1]) = e
  @S *(term620[2]) = l
  @S *(term620[3]) = l
  @S *(term620[4]) = o
  @S *(term620[5]) = ,
  @S *(term620[6]) =  
  @S *(term620[7]) = I
  @S *(term620[8]) =  
  @S *(term620[9]) = a
  @S *(term620[10]) = m
  @S *(term620[11]) =  
  @S *(term620[12]) = %
  @S *(term620[13]) = s
  @S *(term620[14]) = .
  @S *(term620[15]) = %
  @S *(term620[16]) = n
  @A term619 != null
  @S *(term619.value) = term620
  @A this != null
  @A java/lang/System.class != null
  @S *(java/lang/System.class.security) = null
  @S *(java/lang/System.class.cons) = null
  @A this != null
)
2021-06-11 17:17:08.424 [DEBUG][org.jetbrains.research.kex.smt.z3.Z3Solver] - Query: (
)
2021-06-11 17:17:08.444 [DEBUG][org.jetbrains.research.kex.smt.z3.Z3Solver] - Check started
2021-06-11 17:17:08.457 [DEBUG][org.jetbrains.research.kex.smt.z3.Z3Solver] - Running z3 solver
2021-06-11 17:17:08.463 [DEBUG][org.jetbrains.research.kex.smt.z3.Z3Solver] - Solver finished
2021-06-11 17:17:08.464 [DEBUG][org.jetbrains.research.kex.smt.z3.Z3Solver] - Check finished
2021-06-11 17:17:08.491 [DEBUG][org.jetbrains.research.kex.smt.Checker] - Acquired sat
2021-06-11 17:17:08.495 [DEBUG][org.jetbrains.research.kex.smt.DescriptorReanimator$newArrayInstance$1] - Creating array of type char[] with size 17
2021-06-11 17:17:08.496 [DEBUG][org.jetbrains.research.kex.reanimator.Reanimator] - Generated descriptors:
instance: term624 = jcc1/Multiplexer {
}

statics: java/lang/System.class = java/lang/System {
    (security, java/lang/SecurityManager) = null
    (cons, java/io/Console) = null
}


2021-06-11 17:17:08.496 [DEBUG][org.jetbrains.research.kex.reanimator.callstack.generator.AnyGenerator] - Generating term627 = jcc1/Multiplexer {
}

2021-06-11 17:17:08.497 [DEBUG][org.jetbrains.research.kex.reanimator.callstack.generator.AnyGenerator] - Depth 1, stack depth 0, query size 0
2021-06-11 17:17:08.497 [DEBUG][org.jetbrains.research.kex.reanimator.callstack.generator.GeneratorContext] - Executing constructor jcc1/Multiplexer::<init>(): void for term627 = jcc1/Multiplexer {
}

2021-06-11 17:17:08.499 [WARN ][org.jetbrains.research.kex.state.transformer.ReflectionInfoAdapter] - Could not load kFunction for jcc1/Multiplexer::<init>(): void
2021-06-11 17:17:08.501 [DEBUG][org.jetbrains.research.kex.smt.Checker] - State: (
  @A this != null
  @S this.casted0 = (this as java/lang/Object)
  @X term628 = this instanceof jcc1/Multiplexer
  @X term628 = true
) -> (
  @X this != null
)
2021-06-11 17:17:08.502 [DEBUG][org.jetbrains.research.kex.smt.Checker] - Memspacing started...
2021-06-11 17:17:08.503 [DEBUG][org.jetbrains.research.kex.smt.Checker] - Memspacing finished
2021-06-11 17:17:08.503 [DEBUG][org.jetbrains.research.kex.smt.Checker] - Slicing started...
2021-06-11 17:17:08.504 [DEBUG][org.jetbrains.research.kex.smt.Checker] - State size before slicing: 5
2021-06-11 17:17:08.505 [DEBUG][org.jetbrains.research.kex.smt.Checker] - State size after slicing: 5
2021-06-11 17:17:08.506 [DEBUG][org.jetbrains.research.kex.smt.Checker] - Slicing finished
2021-06-11 17:17:08.506 [DEBUG][org.jetbrains.research.kex.smt.Checker] - Simplified state: (
  @A this != null
  @S this.casted0 = (this as java/lang/Object)
  @X term628 = this instanceof jcc1/Multiplexer
  @X term628 = true
  @X this != null
)
2021-06-11 17:17:08.507 [DEBUG][org.jetbrains.research.kex.smt.Checker] - Query: (
)
2021-06-11 17:17:08.508 [DEBUG][org.jetbrains.research.kex.smt.z3.Z3Solver] - Z3 solver check
2021-06-11 17:17:08.508 [DEBUG][org.jetbrains.research.kex.smt.z3.Z3Solver] - State: (
  @A this != null
  @S this.casted0 = (this as java/lang/Object)
  @X term628 = this instanceof jcc1/Multiplexer
  @X term628 = true
  @X this != null
)
2021-06-11 17:17:08.508 [DEBUG][org.jetbrains.research.kex.smt.z3.Z3Solver] - Query: (
)
2021-06-11 17:17:08.513 [DEBUG][org.jetbrains.research.kex.smt.z3.Z3Solver] - Check started
2021-06-11 17:17:08.521 [DEBUG][org.jetbrains.research.kex.smt.z3.Z3Solver] - Running z3 solver
2021-06-11 17:17:08.523 [DEBUG][org.jetbrains.research.kex.smt.z3.Z3Solver] - Solver finished
2021-06-11 17:17:08.523 [DEBUG][org.jetbrains.research.kex.smt.z3.Z3Solver] - Check finished
2021-06-11 17:17:08.524 [DEBUG][org.jetbrains.research.kex.smt.Checker] - Acquired sat
2021-06-11 17:17:08.524 [DEBUG][org.jetbrains.research.kex.reanimator.callstack.generator.GeneratorContext] - Model: Model {
	this = 2
	this.casted0 = 2
	term628 = true
	(2)<1> = 0
	type(2)<1> = 1
}
2021-06-11 17:17:08.525 [DEBUG][org.jetbrains.research.kex.reanimator.callstack.generator.AnyGenerator] - Found constructor jcc1/Multiplexer::<init>(): void for org.jetbrains.research.kex.reanimator.callstack.generator.GeneratorContext@6d9f4cfb, generating arguments []
2021-06-11 17:17:08.526 [DEBUG][org.jetbrains.research.kex.reanimator.Reanimator] - Generated call stacks:
instance: term624 = jcc1/Multiplexer()

statics: 

2021-06-11 17:17:08.532 [DEBUG][org.jetbrains.research.kex.trace.runner.AbstractRunner] - Invocation output:
Hello, I am class jcc1.Multiplexer.

2021-06-11 17:17:08.533 [DEBUG][org.jetbrains.research.kex.asm.analysis.testgen.MethodChecker] - Block %bb3 is covered = true
2021-06-11 17:17:08.533 [DEBUG][org.jetbrains.research.kex.asm.analysis.testgen.MethodChecker] - 
2021-06-11 17:17:08.535 [INFO ][org.jetbrains.research.kex.asm.manager.CoverageCounter] - Method jcc1/Adder::<init>(): void coverage: body = 100.00; full = 100.00
2021-06-11 17:17:08.536 [INFO ][org.jetbrains.research.kex.asm.manager.CoverageCounter] - Method jcc1/Adder::sum(int[]): int coverage: body = 40.00; full = 40.00
2021-06-11 17:17:08.537 [INFO ][org.jetbrains.research.kex.asm.manager.CoverageCounter] - Method jcc1/Adder::addConst(int, int[]): void coverage: body = 27.27; full = 27.27
2021-06-11 17:17:08.538 [INFO ][org.jetbrains.research.kex.asm.manager.CoverageCounter] - Method jcc1/Adder::didYouCoverMe(): void coverage: body = 100.00; full = 100.00
2021-06-11 17:17:08.538 [INFO ][org.jetbrains.research.kex.asm.manager.CoverageCounter] - Method jcc1/Adder::introduce(): void coverage: body = 100.00; full = 100.00
2021-06-11 17:17:08.539 [INFO ][org.jetbrains.research.kex.asm.manager.CoverageCounter] - Method jcc1/Multiplexer::<init>(): void coverage: body = 100.00; full = 100.00
2021-06-11 17:17:08.539 [INFO ][org.jetbrains.research.kex.asm.manager.CoverageCounter] - Method jcc1/Multiplexer::multiplyElements(int[]): int coverage: body = 40.00; full = 40.00
2021-06-11 17:17:08.540 [INFO ][org.jetbrains.research.kex.asm.manager.CoverageCounter] - Method jcc1/Multiplexer::multiplyConst(int, int[]): void coverage: body = 27.27; full = 27.27
2021-06-11 17:17:08.540 [INFO ][org.jetbrains.research.kex.asm.manager.CoverageCounter] - Method jcc1/Multiplexer::introduce(): void coverage: body = 100.00; full = 100.00
2021-06-11 17:17:08.541 [INFO ][org.jetbrains.research.kex.Kex] - Overall summary for 9 methods:
body coverage: 70.51%
full coverage: 70.51%
2021-06-11 17:17:08.541 [INFO ][org.jetbrains.research.kex.reanimator.descriptor.DescriptorStatistics] - Descriptor generation: 100.00%
2021-06-11 17:17:08.542 [INFO ][org.jetbrains.research.kex.reanimator.descriptor.DescriptorStatistics] - Non-trivial descriptor generation: 100.00%
2021-06-11 17:17:08.543 [INFO ][org.jetbrains.research.kex.reanimator.descriptor.DescriptorStatistics] - Average descriptor depth: 1.09
2021-06-11 17:17:08.543 [INFO ][org.jetbrains.research.kex.reanimator.descriptor.DescriptorStatistics] - Average non-trivial descriptor depth: 2.00
2021-06-11 17:17:08.543 [INFO ][org.jetbrains.research.kex.reanimator.descriptor.DescriptorStatistics] - Average time per successful descriptor generation: 16.64
2021-06-11 17:17:08.543 [INFO ][org.jetbrains.research.kex.reanimator.descriptor.DescriptorStatistics] - Average time per failed descriptor generation: 0.00
2021-06-11 17:17:08.544 [INFO ][org.jetbrains.research.kex.reanimator.descriptor.DescriptorStatistics] - Average time per descriptor generation: 16.64
2021-06-11 17:17:08.544 [INFO ][org.jetbrains.research.kex.reanimator.descriptor.DescriptorStatistics] - Average time per non-trivial descriptor generation: 2.25
2021-06-11 17:17:08.545 [INFO ][org.jetbrains.research.kex.Kex] - ---------------------------------JaCoCo---------------------------------
2021-06-11 17:17:08.545 [INFO ][org.jetbrains.research.kex.Kex] - analysisLevel = PACKAGE(pkg=jcc1)
2021-06-11 17:17:09.405 [INFO ][org.jetbrains.research.kex.Kex] - Coverage of package jcc1:

Coverage of class jcc1/Adder:
59 of 59 instructions covered
4 of 4 branches covered
11 of 11 lines covered
5 of 5 methods covered
7 of 7 complexity covered
1 of 1 class covered

Coverage of class jcc1/Multiplexer:
55 of 55 instructions covered
4 of 4 branches covered
10 of 10 lines covered
4 of 4 methods covered
6 of 6 complexity covered
1 of 1 class covered


